env CDS_WORKAREA is set to /home/ykaraagac/cadence-bitirme/Flows/NanGate45/biriscv_2mul_vs_hybrid/scripts/cadence
             0V	    VSS
           1.1V	    VDD
Using Power View WC_VIEW
.
Load RC corner of view WC_VIEW

Begin Power Analysis

             0V	    VSS
           1.1V	    VDD

Begin Processing Timing Library for Power Calculation

Ended Processing Timing Library for Power Calculation: (cpu=0:00:00, real=0:00:00, mem(process/total/peak)=2804.51MB/9712.52MB/2804.51MB)



Begin Processing Power Net/Grid for Power Calculation

Ended Processing Power Net/Grid for Power Calculation: (cpu=0:00:00, real=0:00:00, mem(process/total/peak)=2804.51MB/9712.52MB/2804.51MB)

Begin Processing Timing Window Data for Power Calculation

clk(100MHz) CK: assigning clock clk to net clk_i
Ended Processing Timing Window Data for Power Calculation: (cpu=0:00:00, real=0:00:00, mem(process/total/peak)=2804.51MB/9712.52MB/2804.51MB)

Begin Processing User Attributes

Ended Processing User Attributes: (cpu=0:00:00, real=0:00:00, mem(process/total/peak)=2804.51MB/9712.52MB/2804.51MB)

Begin Processing Signal Activity


Starting Activity Propagation
2026-Jun-08 21:53:54 (2026-Jun-08 21:53:54 GMT)
2026-Jun-08 21:53:55 (2026-Jun-08 21:53:55 GMT): 10%
2026-Jun-08 21:53:55 (2026-Jun-08 21:53:55 GMT): 20%

Finished Activity Propagation
2026-Jun-08 21:53:55 (2026-Jun-08 21:53:55 GMT)

Activity annotation summary:
        Primary Inputs : 180/180 = 100%
          Flop outputs : 1909/10414 = 18.3311%
  Memory/Macro outputs : 0/0 = 0%
      Tristate outputs : 0/0 = 0%
            Total Nets : 3867/35059 = 11.03%

Ended Processing Signal Activity: (cpu=0:00:00, real=0:00:00, mem(process/total/peak)=2804.51MB/9712.52MB/2804.51MB)

Begin Power Computation

      ----------------------------------------------------------
      # of cell(s) missing both power/leakage table: 0
      # of cell(s) missing power table: 0
      # of cell(s) missing leakage table: 0
      ----------------------------------------------------------



Starting Calculating power
2026-Jun-08 21:53:55 (2026-Jun-08 21:53:55 GMT)
 ... Calculating switching power
2026-Jun-08 21:53:55 (2026-Jun-08 21:53:55 GMT): 10%
2026-Jun-08 21:53:55 (2026-Jun-08 21:53:55 GMT): 20%
2026-Jun-08 21:53:55 (2026-Jun-08 21:53:55 GMT): 30%
2026-Jun-08 21:53:55 (2026-Jun-08 21:53:55 GMT): 40%
2026-Jun-08 21:53:55 (2026-Jun-08 21:53:55 GMT): 50%
 ... Calculating internal and leakage power
2026-Jun-08 21:53:56 (2026-Jun-08 21:53:56 GMT): 60%
2026-Jun-08 21:53:56 (2026-Jun-08 21:53:56 GMT): 70%
2026-Jun-08 21:53:58 (2026-Jun-08 21:53:58 GMT): 80%
2026-Jun-08 21:53:58 (2026-Jun-08 21:53:58 GMT): 90%

Finished Calculating power
2026-Jun-08 21:53:58 (2026-Jun-08 21:53:58 GMT)
      # of MSMV cell(s) missing power_level: 0
Ended Power Computation: (cpu=0:00:03, real=0:00:03, mem(process/total/peak)=2804.51MB/9712.52MB/2804.51MB)

Begin Processing User Attributes

Begin Processing set_power
Ended Processing set_power: (cpu=0:00:00, real=0:00:00,
mem(process/total/peak)=2804.51MB/9712.52MB/2804.51MB)
Ended Processing User Attributes: (cpu=0:00:00, real=0:00:00, mem(process/total/peak)=2804.51MB/9712.52MB/2804.51MB)

Ended Power Analysis: (cpu=0:00:04, real=0:00:04, mem(process/total/peak)=2804.51MB/9712.52MB/2804.51MB)

Begin Boundary Leakage Calculation
Ended Boundary Leakage Calculation: (cpu=0:00:00, real=0:00:00,
mem(process/total/peak)=2804.51MB/9712.52MB/2804.51MB)
Begin Static Power Report Generation
*----------------------------------------------------------------------------------------
*	Innovus 25.12-s079_1 (64bit) 11/18/2025 12:56 (Linux 4.18.0-305.el8.x86_64)
*	
*
* 	Date & Time:	2026-Jun-08 21:53:58 (2026-Jun-08 21:53:58 GMT)
*
*----------------------------------------------------------------------------------------
*
*	Design: riscv_core
*
*	Liberty Libraries used:
*	        /home/ykaraagac/cadence-bitirme/Enablements/NanGate45/lib/NangateOpenCellLibrary_typical.lib
*
*	Parasitic Files used:
*
*       Dynamic View: WC_VIEW
*
*       Leakage View: WC_VIEW
*
*       User-Defined Activity : N.A.
*
*	Switching Activity File used:
*	        /home/ykaraagac/cadence-bitirme/Flows/NanGate45/biriscv_2mul_vs_hybrid/scripts/cadence/outputs/job6_selective_runs/estrin_2level_selective_latency_hidden_mule/vcd/core_hybrid.vcd
*                  Vcd Window used(Start Time, Stop Time):  
*                Vcd Scale Factor: 1
*
*       Hierarchical Global Activity: N.A.
*
*       Global Activity: N.A.
*
*       Sequential Element Activity: 0.200000
*
*       Primary Input Activity: 0.200000
*
*       Default icg ratio: N.A.
*
*       Global Comb ClockGate Ratio: N.A.
*
*	Power Units = 1mW
*
*	Time Units = 1e-09 secs
*
*       report_power -hierarchy all
*
-----------------------------------------------------------------------------------------
*



Total Power
-----------------------------------------------------------------------------------------
Total Internal Power:        4.51071034 	   52.9539%
Total Switching Power:       2.82051894 	   33.1117%
Total Leakage Power:         1.18695712 	   13.9344%
Total Power:                 8.51818640
-----------------------------------------------------------------------------------------


Group                           Internal   Switching     Leakage       Total  Percentage 
                                Power      Power         Power         Power  (%)        
-----------------------------------------------------------------------------------------
Sequential                          2.88       0.397      0.4996       3.776       44.33
Macro                                  0           0           0           0           0
IO                                     0           0           0           0           0
Combinational                      1.155       1.443      0.6733       3.271        38.4
Clock (Combinational)             0.4766      0.9803     0.01403       1.471       17.27
Clock (Sequential)                     0           0           0           0           0
-----------------------------------------------------------------------------------------
Total                              4.511       2.821       1.187       8.518         100
-----------------------------------------------------------------------------------------


Clock                           Internal   Switching     Leakage       Total  Percentage 
                                Power      Power         Power         Power  (%)        
-----------------------------------------------------------------------------------------
clk                               0.4766      0.9803     0.01403       1.471       17.27
-----------------------------------------------------------------------------------------
Total                             0.4766      0.9803     0.01403       1.471       17.27
-----------------------------------------------------------------------------------------
Clock: clk
Clock Period: 0.010000 usec 
Clock Toggle Rate:   200.0000 Mhz 
Clock Static Probability:  0.5000
  


Rail                  Voltage   Internal   Switching     Leakage       Total  Percentage 
                                Power      Power         Power         Power  (%)        
-----------------------------------------------------------------------------------------
VDD                       1.1      4.511       2.821       1.187       8.518         100


Hierarchy                       Internal   Switching     Leakage       Total  Percentage 
                                Power      Power         Power         Power  (%)        
-----------------------------------------------------------------------------------------
u_csr                             0.1937     0.02675     0.06068      0.2811         3.3 
u_div                             0.1395     0.02937      0.0456      0.2145       2.518 
u_exec0                           0.1154      0.1068     0.04251      0.2647       3.107 
u_exec1                          0.08915     0.07531     0.04144      0.2059       2.417 
u_frontend                         1.844      0.8109       0.462       3.117       36.59 
u_issue                            1.282      0.9349      0.3763       2.594       30.45 
u_lsu                            0.09541     0.03631     0.02801      0.1597       1.875 
u_mul                             0.4948      0.4372     0.08594       1.018       11.95 
u_mule                               0.1     0.04495     0.03953      0.1845       2.166 
u_csr/u_csrfile                   0.1337     0.01079     0.04434      0.1888       2.216 
u_frontend/u_decode               0.1388     0.04583      0.0303      0.2149       2.523 
u_frontend/u_fetch                0.1074     0.02602     0.02777      0.1611       1.892 
u_frontend/u_npc                   1.563      0.6702      0.4027       2.636       30.94 
u_issue/u_pipe0_ctrl              0.1795     0.04279     0.04228      0.2645       3.106 
u_issue/u_pipe1_ctrl              0.1045     0.02981     0.02776      0.1621       1.903 
u_issue/u_regfile                 0.8581      0.5618      0.2377       1.658       19.46 
u_lsu/u_lsu_request              0.03676    0.003018    0.009403     0.04918      0.5774 
u_exec0/u_alu                    0.05369     0.06916     0.02067      0.1435       1.685 
u_exec1/u_alu                    0.02714      0.0369     0.02028     0.08433        0.99 
u_frontend/u_decode/genblk1.u_fifo
                                  0.1352     0.04247     0.02532       0.203       2.384 
u_frontend/u_npc/BRANCH_PREDICTION.u_lru
                                 0.01106    0.001706    0.001927     0.01469      0.1725 
u_frontend/u_decode/genblk1.u_dec0
                               0.0006741   0.0007033    0.001697    0.003074     0.03609 
u_frontend/u_decode/genblk1.u_dec1
                                0.001187    0.001503    0.001703    0.004394     0.05159 
 
 
-----------------------------------------------------------------------------------------
*	Power Distribution Summary: 
*              Highest Average Power:            u_issue/g31226 (AND2_X2):         0.004352
*              Highest Leakage Power:            u_issue/g33248 (AND4_X4):        0.0001893
*                Total Cap:      2.19821e-10 F
*                Total instances in design: 28954
*                Total instances in design with no power:     0
*                Total instances in design with no activty:     0

*                Total Fillers and Decap:     0
-----------------------------------------------------------------------------------------
 
** INFO:  (VOLTUS_POWR-3465): There are 0 decaps and 0 fillers in the design

Ended Static Power Report Generation: (cpu=0:00:00, real=0:00:00,
mem(process/total/peak)=2804.51MB/9712.52MB/2804.51MB)

