

Working Directory = /home/ziyx/cadence-bitirme/Flows/ASAP7/biriscv_cbm/scripts/cadence
QoS Summary for riscv_core
================================================================================
Metric                          generic         map             final          
================================================================================
Slack (ps):                       456               2               0
  R2R (ps):                       671             137              10
  I2R (ps):                       456               2               0
  R2O (ps):                     1,112             829             670
  I2O (ps):                       898             664             652
  CG  (ps):                  no_value        no_value        no_value
TNS (ps):                           0               0               0
  R2R (ps):                         0               0               0
  I2R (ps):                         0               0               0
  R2O (ps):                         0               0               0
  I2O (ps):                         0               0               0
  CG  (ps):                  no_value        no_value        no_value
Failing Paths:                      0               0               0
Cell Area:                      6,974           4,460           4,396
Total Cell Area:                6,974           4,460           4,396
Leaf Instances:                68,286          32,831          31,755
Total Instances:               68,286          32,831          31,755
Utilization (%):                 0.00            0.00            0.00
Tot. Net Length (um):        no_value        no_value        no_value
Avg. Net Length (um):        no_value        no_value        no_value
Route Overflow H (%):        no_value        no_value        no_value
Route Overflow V (%):        no_value        no_value        no_value
MBCI(%) (bits/gate) :            0.00            0.00            0.00
Norm Cong Hotspot Area:
  Max Cong:                  no_value        no_value        no_value
  Tot Cong:                  no_value        no_value        no_value
================================================================================
CPU  Runtime (h:m:s):        00:08:39        00:06:41        00:00:48
Real Runtime (h:m:s):        03:00:35        00:03:09        00:00:32
CPU  Elapsed (h:m:s):        00:08:46        00:15:25        00:16:10
Real Elapsed (h:m:s):        03:00:37        03:03:45        03:04:17
Memory (MB):                  2384.11         2374.15         2421.99
================================================================================
================================================================================
Flow Settings:
================================================================================
Total Runtime (h:m:s): 03:04:17
Total Memory (MB):     2421.99
Executable Version:    23.13-s073_1
================================================================================
Total Cell Area =  Cell Area + Physical Cell Area
Total Instances =  Leaf Instances + Physical Instances


