============================================================
  Generated by:           Genus(TM) Synthesis Solution 23.13-s073_1
  Generated on:           Dec 17 2025  09:47:31 am
  Module:                 riscv_core
  Technology libraries:   sram_asap7_64x256_1rw 1.0
                          asap7sc7p5t_OA_RVT_FF_nldm_201020 1.0
                          asap7sc7p5t_SEQ_RVT_FF_nldm_201020 1.0
                          sram_asap7_16x256_1rw 1.0
                          sram_asap7_64x64_1rw 1.0
                          asap7sc7p5t_AO_RVT_FF_nldm_201020 1.0
                          asap7sc7p5t_INVBUF_RVT_FF_nldm_201020 1.0
                          asap7sc7p5t_SIMPLE_RVT_FF_nldm_201020 1.0
                          sram_asap7_32x256_1rw 1.0
  Operating conditions:   tt_1.0_25.0 (balanced_tree)
  Wireload mode:          enclosed
  Area mode:              timing library
============================================================

Timing
--------

Clock Period 
-------------
clk   2000.0 


  Cost    Critical         Violating 
 Group   Path Slack  TNS     Paths   
-------------------------------------
clk             0.1   0.0          0 
default    No paths   0.0            
-------------------------------------
Total                 0.0          0 

Instance Count
--------------
Leaf Instance Count             31755 
Physical Instance count             0 
Sequential Instance Count        5356 
Combinational Instance Count    26399 
Hierarchical Instance Count        24 

Area
----
Cell Area                          4396.220
Physical Cell Area                 0.000
Total Cell Area (Cell+Physical)    4396.220
Net Area                           0.000
Total Area (Cell+Physical+Net)     4396.220

Runtime                            114.500028 seconds
Elapsed Runtime                    11061 seconds
Genus peak memory usage            2421.99 
Innovus peak memory usage          no_value 
Hostname                           eda-bitirme
