============================================================
  Generated by:           Genus(TM) Synthesis Solution 23.13-s073_1
  Generated on:           Dec 17 2025  09:47:30 am
  Module:                 riscv_core
  Technology libraries:   sram_asap7_64x256_1rw 1.0
                          asap7sc7p5t_OA_RVT_FF_nldm_201020 1.0
                          asap7sc7p5t_SEQ_RVT_FF_nldm_201020 1.0
                          sram_asap7_16x256_1rw 1.0
                          sram_asap7_64x64_1rw 1.0
                          asap7sc7p5t_AO_RVT_FF_nldm_201020 1.0
                          asap7sc7p5t_INVBUF_RVT_FF_nldm_201020 1.0
                          asap7sc7p5t_SIMPLE_RVT_FF_nldm_201020 1.0
                          sram_asap7_32x256_1rw 1.0
  Operating conditions:   tt_1.0_25.0 (balanced_tree)
  Wireload mode:          enclosed
  Area mode:              timing library
============================================================

           Instance                                                                                                                                 Module                                                                                                                        Cell-Count  Cell-Area  Net-Area   Total-Area   Wireload  
-------------------------------------------------------------------------------------------------------------------------------------------------------------------------------------------------------------------------------------------------------------------------------------------------------------------------------------------
riscv_core                    NA                                                                                                                                                                                                                                                       31755   4396.220     0.000     4396.220 <none> (D)  
  u_cbm                       column_bypass_multiplier                                                                                                                                                                                                                                   716    100.719     0.000      100.719 <none> (D)  
  u_csr                       biriscv_csr_SUPPORT_MULDIV1_SUPPORT_SUPER0                                                                                                                                                                                                                1552    248.910     0.000      248.910 <none> (D)  
    u_csrfile                 biriscv_csr_regfile_SUPPORT_MTIMECMP1_SUPPORT_SUPER0                                                                                                                                                                                                      1238    189.773     0.000      189.773 <none> (D)  
  u_div                       biriscv_divider                                                                                                                                                                                                                                           1218    188.928     0.000      188.928 <none> (D)  
  u_exec0                     biriscv_exec                                                                                                                                                                                                                                              1610    165.731     0.000      165.731 <none> (D)  
    u_alu                     biriscv_alu                                                                                                                                                                                                                                                833     73.060     0.000       73.060 <none> (D)  
  u_exec1                     biriscv_exec_2877                                                                                                                                                                                                                                         1594    165.629     0.000      165.629 <none> (D)  
    u_alu                     biriscv_alu_2875                                                                                                                                                                                                                                           835     73.673     0.000       73.673 <none> (D)  
  u_frontend                  biriscv_frontend_SUPPORT_BRANCH_PREDICTION1_SUPPORT_MULDIV1_SUPPORT_MMU0_EXTRA_DECODE_STAGE0_NUM_BTB_ENTRIES32_NUM_BTB_ENTRIES_W5_NUM_BHT_ENTRIES512_NUM_BHT_ENTRIES_W9_RAS_ENABLE1_GSHARE_ENABLE0_BHT_ENABLE1_NUM_RAS_ENTRIES8_NUM_RAS_ENTRIES_W3       11135   1678.610     0.000     1678.610 <none> (D)  
    u_decode                  biriscv_decode_SUPPORT_MULDIV1_EXTRA_DECODE_STAGE0                                                                                                                                                                                                         767    123.668     0.000      123.668 <none> (D)  
      genblk1.u_dec0          biriscv_decoder                                                                                                                                                                                                                                             78      5.584     0.000        5.584 <none> (D)  
      genblk1.u_dec1          biriscv_decoder_5850                                                                                                                                                                                                                                        73      5.293     0.000        5.293 <none> (D)  
      genblk1.u_fifo          fetch_fifo_OPC_INFO_W2                                                                                                                                                                                                                                     551    107.148     0.000      107.148 <none> (D)  
    u_fetch                   biriscv_fetch_SUPPORT_MMU0                                                                                                                                                                                                                                 580    112.193     0.000      112.193 <none> (D)  
    u_npc                     biriscv_npc_SUPPORT_BRANCH_PREDICTION1_NUM_BTB_ENTRIES32_NUM_BTB_ENTRIES_W5_NUM_BHT_ENTRIES512_NUM_BHT_ENTRIES_W9_RAS_ENABLE1_GSHARE_ENABLE0_BHT_ENABLE1_NUM_RAS_ENTRIES8_NUM_RAS_ENTRIES_W3                                                              9788   1442.749     0.000     1442.749 <none> (D)  
      BRANCH_PREDICTION.u_lru biriscv_npc_lfsr_DEPTH32_ADDR_W5                                                                                                                                                                                                                            38      7.844     0.000        7.844 <none> (D)  
  u_issue                     biriscv_issue_SUPPORT_MULDIV1_SUPPORT_DUAL_ISSUE1_SUPPORT_LOAD_BYPASS1_SUPPORT_MUL_BYPASS1_SUPPORT_REGFILE_XILINX0                                                                                                                                        8878   1224.166     0.000     1224.166 <none> (D)  
    u_pipe0_ctrl              biriscv_pipe_ctrl_SUPPORT_LOAD_BYPASS1_SUPPORT_MUL_BYPASS1                                                                                                                                                                                                 907    177.832     0.000      177.832 <none> (D)  
    u_pipe1_ctrl              biriscv_pipe_ctrl_SUPPORT_LOAD_BYPASS1_SUPPORT_MUL_BYPASS1_1                                                                                                                                                                                               600    109.831     0.000      109.831 <none> (D)  
    u_regfile                 biriscv_regfile_SUPPORT_REGFILE_XILINX0_SUPPORT_DUAL_ISSUE1                                                                                                                                                                                               4898    696.618     0.000      696.618 <none> (D)  
  u_lsu                       biriscv_lsu_MEM_CACHE_ADDR_MIN32h80000000_MEM_CACHE_ADDR_MAX32h8fffffff                                                                                                                                                                                    748    113.797     0.000      113.797 <none> (D)  
    u_lsu_request             biriscv_lsu_fifo_WIDTH36_DEPTH2_ADDR_W1                                                                                                                                                                                                                    206     41.320     0.000       41.320 <none> (D)  
  u_mul                       biriscv_multiplier                                                                                                                                                                                                                                        3174    355.869     0.000      355.869 <none> (D)  
  u_mule                      biriscv_multiplier_efficient                                                                                                                                                                                                                              1129    153.790     0.000      153.790 <none> (D)  
  (D) = wireload is default in technology library
