============================================================
  Generated by:           Genus(TM) Synthesis Solution 25.12-s067_1
  Generated on:           Mar 23 2026  09:15:22 pm
  Module:                 biriscv_multiplier
  Technology library:     NangateOpenCellLibrary revision 1.0
  Operating conditions:   typical (balanced_tree)
  Wireload mode:          enclosed
  Area mode:              timing library
============================================================

Timing
--------

Clock  Period 
--------------
clk   10000.0 


  Cost    Critical         Violating 
 Group   Path Slack  TNS     Paths   
-------------------------------------
clk          5302.5   0.0          0 
default    No paths   0.0            
-------------------------------------
Total                 0.0          0 

Instance Count
--------------
Leaf Instance Count             2302 
Physical Instance count            0 
Sequential Instance Count         99 
Combinational Instance Count    2203 
Hierarchical Instance Count        0 

Area
----
Cell Area                          4514.552
Physical Cell Area                 0.000
Total Cell Area (Cell+Physical)    4514.552
Net Area                           0.000
Total Area (Cell+Physical+Net)     4514.552

Runtime                            0.0 seconds
Elapsed Runtime                    69 seconds
Genus peak memory usage            2095.62 
Innovus peak memory usage          no_value 
Hostname                           dockereda-rocky8
