

Working Directory = /home/ykaraagac/cadence-bitirme/Flows/NanGate45/biriscv_mul_mule_power/scripts/cadence
QoS Summary for biriscv_multiplier
================================================================================
Metric                          generic         map             final          
================================================================================
Slack (ps):                     4,768           5,203           5,302
  R2R (ps):                     4,768           5,203           5,302
  I2R (ps):                     8,964           9,186           9,186
  R2O (ps):                     9,612           9,646           9,646
  I2O (ps):                  no_value        no_value        no_value
  CG  (ps):                  no_value        no_value        no_value
TNS (ps):                           0               0               0
  R2R (ps):                         0               0               0
  I2R (ps):                         0               0               0
  R2O (ps):                         0               0               0
  I2O (ps):                  no_value        no_value        no_value
  CG  (ps):                  no_value        no_value        no_value
Failing Paths:                      0               0               0
Cell Area:                     15,440           4,606           4,515
Total Cell Area:               15,440           4,606           4,515
Leaf Instances:                 9,439           2,396           2,302
Total Instances:                9,439           2,396           2,302
Utilization (%):                 0.00            0.00            0.00
Tot. Net Length (um):        no_value        no_value        no_value
Avg. Net Length (um):        no_value        no_value        no_value
Route Overflow H (%):        no_value        no_value        no_value
Route Overflow V (%):        no_value        no_value        no_value
MBCI(%) (bits/gate) :            0.00            0.00            0.00
Norm Cong Hotspot Area:
  Max Cong:                  no_value        no_value        no_value
  Tot Cong:                  no_value        no_value        no_value
================================================================================
CPU  Runtime (h:m:s):        00:00:36        00:00:40        00:00:03
Real Runtime (h:m:s):        00:00:33        00:00:23        00:00:02
CPU  Elapsed (h:m:s):        00:00:40        00:01:20        00:01:22
Real Elapsed (h:m:s):        00:00:33        00:00:57        00:00:59
Memory (MB):                  2189.59         2191.66         2191.66
================================================================================
================================================================================
Flow Settings:
================================================================================
Total Runtime (h:m:s): 00:00:59
Total Memory (MB):     2199.67
Executable Version:    25.12-s067_1
================================================================================
Total Cell Area =  Cell Area + Physical Cell Area
Total Instances =  Leaf Instances + Physical Instances


