============================================================
  Generated by:           Genus(TM) Synthesis Solution 25.12-s067_1
  Generated on:           Mar 23 2026  09:15:23 pm
  Technology library:     NangateOpenCellLibrary revision 1.0
  Operating conditions:   typical (balanced_tree)
  Wireload mode:          enclosed
  Area mode:              timing library
============================================================

                                Leakage                         
   Gate    Instances   Area   Power (nW)         Library        
----------------------------------------------------------------
AND2_X1           15   15.960    395.649 NangateOpenCellLibrary 
AND2_X2           32   42.560   1654.735 NangateOpenCellLibrary 
AND4_X4            1    3.458     96.874 NangateOpenCellLibrary 
AOI21_X1          29   30.856    645.017 NangateOpenCellLibrary 
AOI221_X1        325  518.700   6803.516 NangateOpenCellLibrary 
AOI222_X1         42   89.376   1372.060 NangateOpenCellLibrary 
AOI22_X1          94  125.020   2253.445 NangateOpenCellLibrary 
DFFR_X1           91  484.120   7938.639 NangateOpenCellLibrary 
DFFR_X2            8   46.816   1022.738 NangateOpenCellLibrary 
FA_X1            370 1574.720  23303.566 NangateOpenCellLibrary 
INV_X1           213  113.316   3305.490 NangateOpenCellLibrary 
INV_X2            10    7.980    220.426 NangateOpenCellLibrary 
INV_X4             5    6.650    350.828 NangateOpenCellLibrary 
NAND2_X1          77   61.446   1181.767 NangateOpenCellLibrary 
NAND3_X1          13   13.832    636.935 NangateOpenCellLibrary 
NAND4_X1          20   26.600    201.083 NangateOpenCellLibrary 
NOR2_X1           57   45.486   1329.313 NangateOpenCellLibrary 
NOR3_X1            2    2.128     50.631 NangateOpenCellLibrary 
NOR4_X1            5    6.650    163.005 NangateOpenCellLibrary 
OAI211_X1         22   29.260   1362.473 NangateOpenCellLibrary 
OAI21_X1          44   46.816   1013.578 NangateOpenCellLibrary 
OAI221_X1         10   15.960    657.823 NangateOpenCellLibrary 
OAI222_X1          1    2.128     79.703 NangateOpenCellLibrary 
OAI22_X1         334  444.220  17717.165 NangateOpenCellLibrary 
OAI33_X1          10   18.620    488.862 NangateOpenCellLibrary 
OR2_X1            20   21.280    467.898 NangateOpenCellLibrary 
OR2_X2             1    1.330     42.070 NangateOpenCellLibrary 
OR3_X1             2    2.660     48.034 NangateOpenCellLibrary 
OR3_X2             1    1.596     44.079 NangateOpenCellLibrary 
XNOR2_X1         422  673.512  15620.963 NangateOpenCellLibrary 
XOR2_X1           26   41.496    921.696 NangateOpenCellLibrary 
----------------------------------------------------------------
total           2302 4514.552  91390.063                        
                                           Leakage  Leakage 
     Type      Instances   Area   Area % Power (nW) Power % 
------------------------------------------------------------
sequential            99  530.936   11.8   8961.377     9.8 
inverter             228  127.946    2.8   3876.744     4.2 
logic               1975 3855.670   85.4  78551.942    86.0 
physical_cells         0    0.000    0.0      0.000     0.0 
------------------------------------------------------------
total               2302 4514.552  100.0  91390.063   100.0 
