============================================================
  Generated by:           Genus(TM) Synthesis Solution 25.12-s067_1
  Generated on:           Mar 23 2026  09:14:56 pm
  Module:                 biriscv_multiplier
  Technology library:     NangateOpenCellLibrary revision 1.0
  Operating conditions:   typical (balanced_tree)
  Wireload mode:          enclosed
  Area mode:              timing library
============================================================

Timing
--------

Clock  Period 
--------------
clk   10000.0 


  Cost    Critical         Violating 
 Group   Path Slack  TNS     Paths   
-------------------------------------
clk          4768.5   0.0          0 
default    No paths   0.0            
-------------------------------------
Total                 0.0          0 

Instance Count
--------------
Leaf Instance Count             9439 
Physical Instance count            0 
Sequential Instance Count         99 
Combinational Instance Count    9340 
Hierarchical Instance Count        1 

Area
----
Cell Area                          15440.453
Physical Cell Area                 0.000
Total Cell Area (Cell+Physical)    15440.453
Net Area                           0.000
Total Area (Cell+Physical+Net)     15440.453

Runtime                            0.0 seconds
Elapsed Runtime                    43 seconds
Genus peak memory usage            2093.54 
Innovus peak memory usage          no_value 
Hostname                           dockereda-rocky8
