============================================================
  Generated by:           Genus(TM) Synthesis Solution 25.12-s067_1
  Generated on:           Mar 23 2026  09:15:20 pm
  Technology library:     NangateOpenCellLibrary revision 1.0
  Operating conditions:   typical (balanced_tree)
  Wireload mode:          enclosed
  Area mode:              timing library
============================================================

                                Leakage                         
   Gate    Instances   Area   Power (nW)         Library        
----------------------------------------------------------------
AND2_X1           15   15.960    395.427 NangateOpenCellLibrary 
AND2_X2           32   42.560   1654.735 NangateOpenCellLibrary 
AND4_X4            1    3.458     96.874 NangateOpenCellLibrary 
AOI21_X1          29   30.856    645.140 NangateOpenCellLibrary 
AOI221_X1        325  518.700   6803.575 NangateOpenCellLibrary 
AOI222_X1         42   89.376   1371.720 NangateOpenCellLibrary 
AOI22_X1          94  125.020   2253.445 NangateOpenCellLibrary 
BUF_X4             1    1.862     92.496 NangateOpenCellLibrary 
DFFR_X1           87  462.840   7591.439 NangateOpenCellLibrary 
DFFR_X2           12   70.224   1534.107 NangateOpenCellLibrary 
FA_X1            379 1613.024  23870.806 NangateOpenCellLibrary 
INV_X1           285  151.620   4083.921 NangateOpenCellLibrary 
INV_X2            21   16.758    606.337 NangateOpenCellLibrary 
INV_X4             4    5.320    280.662 NangateOpenCellLibrary 
NAND2_X1          77   61.446   1183.563 NangateOpenCellLibrary 
NAND3_X1          13   13.832    636.945 NangateOpenCellLibrary 
NAND4_X1          20   26.600    201.083 NangateOpenCellLibrary 
NOR2_X1           57   45.486   1329.631 NangateOpenCellLibrary 
NOR3_X1            2    2.128     50.632 NangateOpenCellLibrary 
NOR4_X1            5    6.650    162.973 NangateOpenCellLibrary 
OAI211_X1         22   29.260   1362.473 NangateOpenCellLibrary 
OAI21_X1          44   46.816   1011.603 NangateOpenCellLibrary 
OAI221_X1         10   15.960    657.094 NangateOpenCellLibrary 
OAI222_X1          1    2.128     79.703 NangateOpenCellLibrary 
OAI22_X1         334  444.220  17717.165 NangateOpenCellLibrary 
OAI33_X1          10   18.620    488.862 NangateOpenCellLibrary 
OR2_X1            20   21.280    467.974 NangateOpenCellLibrary 
OR2_X2             1    1.330     42.070 NangateOpenCellLibrary 
OR3_X1             2    2.660     48.015 NangateOpenCellLibrary 
OR3_X2             1    1.596     44.079 NangateOpenCellLibrary 
XNOR2_X1         424  676.704  15702.219 NangateOpenCellLibrary 
XOR2_X1           26   41.496    921.696 NangateOpenCellLibrary 
----------------------------------------------------------------
total           2396 4605.790  93388.463                        
                                           Leakage  Leakage 
     Type      Instances   Area   Area % Power (nW) Power % 
------------------------------------------------------------
sequential            99  533.064   11.6   9125.546     9.8 
inverter             310  173.698    3.8   4970.920     5.3 
buffer                 1    1.862    0.0     92.496     0.1 
logic               1986 3897.166   84.6  79199.501    84.8 
physical_cells         0    0.000    0.0      0.000     0.0 
------------------------------------------------------------
total               2396 4605.790  100.0  93388.463   100.0 
