============================================================
  Generated by:           Genus(TM) Synthesis Solution 25.12-s067_1
  Generated on:           Mar 23 2026  09:15:23 pm
  Technology library:     NangateOpenCellLibrary revision 1.0
  Operating conditions:   typical (balanced_tree)
  Wireload mode:          enclosed
  Area mode:              timing library
============================================================

                                                     
   Gate    Instances   Area           Library        
-----------------------------------------------------
AND2_X1           15   15.960 NangateOpenCellLibrary 
AND2_X2           32   42.560 NangateOpenCellLibrary 
AND4_X4            1    3.458 NangateOpenCellLibrary 
AOI21_X1          29   30.856 NangateOpenCellLibrary 
AOI221_X1        325  518.700 NangateOpenCellLibrary 
AOI222_X1         42   89.376 NangateOpenCellLibrary 
AOI22_X1          94  125.020 NangateOpenCellLibrary 
DFFR_X1           91  484.120 NangateOpenCellLibrary 
DFFR_X2            8   46.816 NangateOpenCellLibrary 
FA_X1            370 1574.720 NangateOpenCellLibrary 
INV_X1           213  113.316 NangateOpenCellLibrary 
INV_X2            10    7.980 NangateOpenCellLibrary 
INV_X4             5    6.650 NangateOpenCellLibrary 
NAND2_X1          77   61.446 NangateOpenCellLibrary 
NAND3_X1          13   13.832 NangateOpenCellLibrary 
NAND4_X1          20   26.600 NangateOpenCellLibrary 
NOR2_X1           57   45.486 NangateOpenCellLibrary 
NOR3_X1            2    2.128 NangateOpenCellLibrary 
NOR4_X1            5    6.650 NangateOpenCellLibrary 
OAI211_X1         22   29.260 NangateOpenCellLibrary 
OAI21_X1          44   46.816 NangateOpenCellLibrary 
OAI221_X1         10   15.960 NangateOpenCellLibrary 
OAI222_X1          1    2.128 NangateOpenCellLibrary 
OAI22_X1         334  444.220 NangateOpenCellLibrary 
OAI33_X1          10   18.620 NangateOpenCellLibrary 
OR2_X1            20   21.280 NangateOpenCellLibrary 
OR2_X2             1    1.330 NangateOpenCellLibrary 
OR3_X1             2    2.660 NangateOpenCellLibrary 
OR3_X2             1    1.596 NangateOpenCellLibrary 
XNOR2_X1         422  673.512 NangateOpenCellLibrary 
XOR2_X1           26   41.496 NangateOpenCellLibrary 
-----------------------------------------------------
total           2302 4514.552                        
                                         
     Type      Instances   Area   Area % 
-----------------------------------------
sequential            99  530.936   11.8 
inverter             228  127.946    2.8 
logic               1975 3855.670   85.4 
physical_cells         0    0.000    0.0 
-----------------------------------------
total               2302 4514.552  100.0 
