env CDS_WORKAREA is set to /home/ykaraagac/cadence-bitirme/Flows/NanGate45/biriscv_2mul_vs_hybrid/scripts/cadence
             0V	    VSS
           1.1V	    VDD
Using Power View WC_VIEW
.
Load RC corner of view WC_VIEW

Begin Power Analysis

             0V	    VSS
           1.1V	    VDD

Begin Processing Timing Library for Power Calculation

Ended Processing Timing Library for Power Calculation: (cpu=0:00:00, real=0:00:00, mem(process/total/peak)=3148.11MB/13004.92MB/5185.34MB)



Begin Processing Power Net/Grid for Power Calculation

Ended Processing Power Net/Grid for Power Calculation: (cpu=0:00:00, real=0:00:00, mem(process/total/peak)=3148.11MB/13004.92MB/5185.34MB)

Begin Processing Timing Window Data for Power Calculation

clk(100MHz) CK: assigning clock clk to net clk_i
Ended Processing Timing Window Data for Power Calculation: (cpu=0:00:00, real=0:00:00, mem(process/total/peak)=3148.11MB/13004.92MB/5185.34MB)

Begin Processing User Attributes

Ended Processing User Attributes: (cpu=0:00:00, real=0:00:00, mem(process/total/peak)=3148.11MB/13004.92MB/5185.34MB)

Begin Processing Signal Activity


Starting Activity Propagation
2026-Jun-29 12:49:20 (2026-Jun-29 12:49:20 GMT)
2026-Jun-29 12:49:21 (2026-Jun-29 12:49:21 GMT): 10%

Finished Activity Propagation
2026-Jun-29 12:49:22 (2026-Jun-29 12:49:22 GMT)

Activity annotation summary:
        Primary Inputs : 180/180 = 100%
          Flop outputs : 3874/14346 = 27.004%
  Memory/Macro outputs : 0/0 = 0%
      Tristate outputs : 0/0 = 0%
            Total Nets : 19975/72373 = 27.6001%

Ended Processing Signal Activity: (cpu=0:00:01, real=0:00:01, mem(process/total/peak)=3148.11MB/13004.92MB/5185.34MB)

Begin Power Computation

      ----------------------------------------------------------
      # of cell(s) missing both power/leakage table: 0
      # of cell(s) missing power table: 0
      # of cell(s) missing leakage table: 0
      ----------------------------------------------------------



Starting Calculating power
2026-Jun-29 12:49:22 (2026-Jun-29 12:49:22 GMT)
 ... Calculating switching power
2026-Jun-29 12:49:22 (2026-Jun-29 12:49:22 GMT): 10%
2026-Jun-29 12:49:22 (2026-Jun-29 12:49:22 GMT): 20%
2026-Jun-29 12:49:22 (2026-Jun-29 12:49:22 GMT): 30%
2026-Jun-29 12:49:22 (2026-Jun-29 12:49:22 GMT): 40%
2026-Jun-29 12:49:22 (2026-Jun-29 12:49:22 GMT): 50%
 ... Calculating internal and leakage power
2026-Jun-29 12:49:23 (2026-Jun-29 12:49:23 GMT): 60%
2026-Jun-29 12:49:24 (2026-Jun-29 12:49:24 GMT): 70%
2026-Jun-29 12:49:25 (2026-Jun-29 12:49:25 GMT): 80%
2026-Jun-29 12:49:26 (2026-Jun-29 12:49:26 GMT): 90%

Finished Calculating power
2026-Jun-29 12:49:27 (2026-Jun-29 12:49:27 GMT)
      # of MSMV cell(s) missing power_level: 0
Ended Power Computation: (cpu=0:00:04, real=0:00:05, mem(process/total/peak)=3148.11MB/13004.92MB/5185.34MB)

Begin Processing User Attributes

Begin Processing set_power
Ended Processing set_power: (cpu=0:00:00, real=0:00:00,
mem(process/total/peak)=3148.11MB/13004.92MB/5185.34MB)
Ended Processing User Attributes: (cpu=0:00:00, real=0:00:00, mem(process/total/peak)=3148.11MB/13004.92MB/5185.34MB)

Ended Power Analysis: (cpu=0:00:07, real=0:00:07, mem(process/total/peak)=3148.11MB/13004.92MB/5185.34MB)

Begin Boundary Leakage Calculation
Ended Boundary Leakage Calculation: (cpu=0:00:00, real=0:00:00,
mem(process/total/peak)=3148.11MB/13004.92MB/5185.34MB)
Begin Static Power Report Generation
*----------------------------------------------------------------------------------------
*	Innovus 25.12-s079_1 (64bit) 11/18/2025 12:56 (Linux 4.18.0-305.el8.x86_64)
*	
*
* 	Date & Time:	2026-Jun-29 12:49:27 (2026-Jun-29 12:49:27 GMT)
*
*----------------------------------------------------------------------------------------
*
*	Design: riscv_core
*
*	Liberty Libraries used:
*	        /home/ykaraagac/cadence-bitirme/Enablements/NanGate45/lib/NangateOpenCellLibrary_typical.lib
*
*	Parasitic Files used:
*
*       Dynamic View: WC_VIEW
*
*       Leakage View: WC_VIEW
*
*       User-Defined Activity : N.A.
*
*	Switching Activity File used:
*	        /home/ykaraagac/cadence-bitirme/Flows/NanGate45/biriscv_2mul_vs_hybrid/scripts/cadence/outputs/mul_update_full_hide_power_vcds_a04bb61/mule3n_th4/multi_accumulator_selective_latency_hidden_mule3n/vcd/core_hybrid.vcd
*                  Vcd Window used(Start Time, Stop Time):  
*                Vcd Scale Factor: 1
*
*       Hierarchical Global Activity: N.A.
*
*       Global Activity: N.A.
*
*       Sequential Element Activity: 0.200000
*
*       Primary Input Activity: 0.200000
*
*       Default icg ratio: N.A.
*
*       Global Comb ClockGate Ratio: N.A.
*
*	Power Units = 1mW
*
*	Time Units = 1e-09 secs
*
*       report_power -hierarchy all
*
-----------------------------------------------------------------------------------------
*



Total Power
-----------------------------------------------------------------------------------------
Total Internal Power:        6.00829020 	   49.9919%
Total Switching Power:       3.82435259 	   31.8205%
Total Leakage Power:         2.18589129 	   18.1877%
Total Power:                12.01853407
-----------------------------------------------------------------------------------------


Group                           Internal   Switching     Leakage       Total  Percentage 
                                Power      Power         Power         Power  (%)        
-----------------------------------------------------------------------------------------
Sequential                         3.736      0.4605      0.6648       4.862       40.45
Macro                                  0           0           0           0           0
IO                                     0           0           0           0           0
Combinational                      1.608       2.008       1.502       5.117       42.58
Clock (Combinational)             0.6642       1.356     0.01956        2.04       16.97
Clock (Sequential)                     0           0           0           0           0
-----------------------------------------------------------------------------------------
Total                              6.008       3.824       2.186       12.02         100
-----------------------------------------------------------------------------------------


Clock                           Internal   Switching     Leakage       Total  Percentage 
                                Power      Power         Power         Power  (%)        
-----------------------------------------------------------------------------------------
clk                               0.6642       1.356     0.01956        2.04       16.97
-----------------------------------------------------------------------------------------
Total                             0.6642       1.356     0.01956        2.04       16.97
-----------------------------------------------------------------------------------------
Clock: clk
Clock Period: 0.010000 usec 
Clock Toggle Rate:   200.0000 Mhz 
Clock Static Probability:  0.5000
  


Rail                  Voltage   Internal   Switching     Leakage       Total  Percentage 
                                Power      Power         Power         Power  (%)        
-----------------------------------------------------------------------------------------
VDD                       1.1      6.008       3.824       2.186       12.02         100


Hierarchy                       Internal   Switching     Leakage       Total  Percentage 
                                Power      Power         Power         Power  (%)        
-----------------------------------------------------------------------------------------
u_cbm                              0.132      0.0764     0.04141      0.2498       2.079 
u_csr                             0.1939     0.03031     0.06158      0.2857       2.378 
u_div                             0.1408     0.03512     0.04967      0.2256       1.877 
u_exec0                          0.08177     0.06519      0.0432      0.1902       1.582 
u_exec1                          0.08994     0.07505     0.04357      0.2086       1.735 
u_frontend                         1.822      0.7916      0.4566        3.07       25.55 
u_issue                            1.393       1.148      0.5313       3.072       25.56 
u_lsu                              0.102     0.04799     0.03217      0.1822       1.516 
u_mul                             0.5103      0.4491     0.08669       1.046       8.703 
u_mul_array                         0.22      0.1426     0.04609      0.4087         3.4 
u_mul_bw                         0.04421     0.02021     0.04116      0.1056      0.8785 
u_mul_wallace                    0.04655     0.02187     0.04421      0.1126      0.9371 
u_mulc                            0.0853     0.01578     0.02599      0.1271       1.057 
u_mule                           0.06853      0.0114     0.03816      0.1181      0.9826 
u_mule2                          0.08587      0.0252     0.07425      0.1853       1.542 
u_mule2n                         0.08523      0.0246     0.07428      0.1841       1.532 
u_mule3                          0.09256     0.03464     0.07371      0.2009       1.672 
u_mule3n                          0.1007     0.04781     0.07432      0.2228       1.854 
u_mule5                           0.1137     0.04513     0.08118        0.24       1.997 
u_mule5n                          0.1092     0.03827     0.08089      0.2284         1.9 
u_mulen                          0.06847      0.0138     0.03822      0.1205       1.003 
u_mulp                           0.04414     0.02038     0.04117      0.1057      0.8794 
u_mulr                           0.09789     0.07322     0.09708      0.2682       2.231 
u_cbm/u_cbm_core                  0.1319     0.07632     0.04122      0.2494       2.075 
u_csr/u_csrfile                    0.136     0.01641     0.04428      0.1967       1.636 
u_frontend/u_decode               0.1385     0.04586     0.03287      0.2172       1.807 
u_frontend/u_fetch                0.1019     0.02405     0.02801       0.154       1.281 
u_frontend/u_npc                   1.564      0.6826      0.3949       2.642       21.98 
u_issue/u_pipe0_ctrl              0.1733     0.03571     0.05906      0.2681       2.231 
u_issue/u_pipe1_ctrl               0.101     0.01275     0.03421       0.148       1.231 
u_issue/u_regfile                 0.8123      0.4911      0.2408       1.544       12.85 
u_lsu/u_lsu_request              0.03867    0.005572    0.009853     0.05409      0.4501 
u_exec0/u_alu                    0.02392      0.0336     0.02158     0.07911      0.6582 
u_exec1/u_alu                    0.03045     0.04343     0.02106     0.09494      0.7899 
u_mul_bw/g_array_reduce[1].u_csa
                                0.001006    0.000497    0.001446    0.002949     0.02454 
u_mul_bw/g_array_reduce[2].u_csa
                                 0.00124   0.0007173    0.001514     0.00347     0.02888 
u_mul_bw/g_array_reduce[3].u_csa
                                0.001503   0.0009136    0.001476    0.003893     0.03239 
u_mul_bw/g_array_reduce[4].u_csa
                                0.001697    0.001039    0.001437    0.004173     0.03472 
u_mul_bw/g_array_reduce[5].u_csa
                                0.001811    0.001112    0.001395    0.004318     0.03593 
u_mul_bw/g_array_reduce[6].u_csa
                                0.001724    0.001089    0.001339    0.004152     0.03455 
u_mul_bw/g_array_reduce[7].u_csa
                                0.001632    0.001018    0.001287    0.003938     0.03276 
u_mul_bw/g_array_reduce[8].u_csa
                                0.001614   0.0009959    0.001238    0.003847     0.03201 
u_mul_bw/g_array_reduce[9].u_csa
                                 0.00158    0.001013    0.001188    0.003781     0.03146 
u_mul_bw/g_array_reduce[10].u_csa
                                0.001423   0.0009117    0.001131    0.003466     0.02884 
u_mul_bw/g_array_reduce[11].u_csa
                                0.001311   0.0008326    0.001077    0.003221      0.0268 
u_mul_bw/g_array_reduce[12].u_csa
                                 0.00126   0.0008394    0.001031    0.003131     0.02605 
u_mul_bw/g_array_reduce[13].u_csa
                                0.001226   0.0008005   0.0009848    0.003012     0.02506 
u_mul_bw/g_array_reduce[14].u_csa
                                0.001016   0.0007055   0.0009223    0.002644       0.022 
u_mul_bw/g_array_reduce[15].u_csa
                               0.0008413   0.0005829   0.0008672    0.002291     0.01907 
u_mul_bw/g_array_reduce[16].u_csa
                               0.0007111   0.0004959   0.0008146    0.002022     0.01682 
u_mul_bw/g_array_reduce[17].u_csa
                               0.0006019   0.0004211   0.0007634    0.001786     0.01486 
u_mul_bw/g_array_reduce[18].u_csa
                               0.0005079   0.0003769   0.0007128    0.001598     0.01329 
u_mul_bw/g_array_reduce[19].u_csa
                               0.0004335    0.000302   0.0006618    0.001397     0.01163 
u_mul_bw/g_array_reduce[20].u_csa
                               0.0003548   0.0002614   0.0006127    0.001229     0.01023 
u_mul_bw/g_array_reduce[21].u_csa
                               0.0002951   0.0002182   0.0005632    0.001077    0.008957 
u_mul_bw/g_array_reduce[22].u_csa
                               0.0002364   0.0001601   0.0005137   0.0009102    0.007573 
u_mul_bw/g_array_reduce[23].u_csa
                               0.0001811   0.0001383   0.0004643   0.0007838    0.006521 
u_mul_bw/g_array_reduce[24].u_csa
                               0.0001293   9.488e-05    0.000415   0.0006392    0.005318 
u_mul_bw/g_array_reduce[25].u_csa
                                9.46e-05   6.945e-05   0.0003661   0.0005301    0.004411 
u_mul_bw/g_array_reduce[26].u_csa
                               6.598e-05   5.508e-05   0.0003172   0.0004383    0.003647 
u_mul_bw/g_array_reduce[27].u_csa
                               4.849e-05   3.618e-05   0.0002688   0.0003534    0.002941 
u_mul_bw/g_array_reduce[28].u_csa
                               3.636e-05   3.602e-05   0.0002204   0.0002928    0.002436 
u_mul_bw/g_array_reduce[29].u_csa
                               2.957e-05   3.208e-05   0.0001722   0.0002338    0.001945 
u_mul_bw/g_array_reduce[30].u_csa
                               2.775e-05   3.444e-05    0.000124   0.0001862    0.001549 
u_mul_bw/g_array_reduce[31].u_csa
                               8.499e-05   3.401e-05   7.526e-05   0.0001943    0.001616 
u_mul_wallace/g_w1[0].u_csa
                                0.001377   0.0009897    0.001564     0.00393      0.0327 
u_mul_wallace/g_w1[1].u_csa
                                0.001652   0.0009804    0.001439    0.004071     0.03388 
u_mul_wallace/g_w1[2].u_csa
                                0.001067   0.0007283    0.001269    0.003064     0.02549 
u_mul_wallace/g_w1[3].u_csa
                               0.0007855   0.0006055    0.001112    0.002503     0.02082 
u_mul_wallace/g_w1[4].u_csa
                               0.0005143   0.0003006   0.0009651     0.00178     0.01481 
u_mul_wallace/g_w1[5].u_csa
                               2.267e-06   1.387e-06   0.0007962   0.0007998    0.006655 
u_mul_wallace/g_w1[6].u_csa
                               5.189e-07   3.339e-07   0.0006518   0.0006527     0.00543 
u_mul_wallace/g_w1[7].u_csa
                                       0           0   0.0005075   0.0005075    0.004223 
u_mul_wallace/g_w1[8].u_csa
                                       0           0   0.0003632   0.0003632    0.003022 
u_mul_wallace/g_w1[9].u_csa
                                       0           0   0.0002188   0.0002188    0.001821 
u_mul_wallace/g_w2[0].u_csa
                                 0.00211    0.001513    0.001541    0.005165     0.04297 
u_mul_wallace/g_w2[1].u_csa
                                0.001243   0.0007685    0.001316    0.003328     0.02769 
u_mul_wallace/g_w2[2].u_csa
                                0.001011   0.0006493     0.00107     0.00273     0.02271 
u_mul_wallace/g_w2[3].u_csa
                               0.0001102   6.518e-05   0.0008467    0.001022    0.008504 
u_mul_wallace/g_w2[4].u_csa
                               4.181e-07   3.138e-07   0.0006037   0.0006044    0.005029 
u_mul_wallace/g_w2[5].u_csa
                                       0           0   0.0004099   0.0004099     0.00341 
u_mul_wallace/g_w2[6].u_csa
                                       0           0   0.0001707   0.0001707    0.001421 
u_mul_wallace/g_w3[0].u_csa
                                0.002458    0.001742    0.001505    0.005704     0.04746 
u_mul_wallace/g_w3[1].u_csa
                                0.001098   0.0006487    0.001164    0.002911     0.02422 
u_mul_wallace/g_w3[2].u_csa
                               9.781e-05    5.33e-05   0.0007965   0.0009476    0.007885 
u_mul_wallace/g_w3[3].u_csa
                               3.042e-08   1.774e-08    0.000458    0.000458    0.003811 
u_mul_wallace/g_w3[4].u_csa
                               4.621e-05   4.343e-05   0.0001232   0.0002128    0.001771 
u_mul_wallace/g_w4[0].u_csa
                                0.002654    0.001888    0.001456    0.005998      0.0499 
u_mul_wallace/g_w4[1].u_csa
                               0.0002792   0.0001561   0.0008972    0.001332     0.01109 
u_mul_wallace/g_w4[2].u_csa
                               3.967e-05   3.867e-05   0.0004085   0.0004868    0.004051 
u_mul_wallace/g_w5[0].u_csa
                                0.002436    0.001612    0.001384    0.005433      0.0452 
u_mul_wallace/g_w5[1].u_csa
                               4.262e-05   3.979e-05   0.0005514   0.0006338    0.005274 
u_mul_wallace/u_w6_csa          0.002197    0.001424    0.001297    0.004918     0.04092 
u_mul_wallace/u_w7_csa          0.002083     0.00127    0.001218    0.004571     0.03803 
u_mul_wallace/u_w8_csa          0.002015     0.00121    0.001147    0.004371     0.03637 
u_mul_wallace/u_wallace_ks
                                0.001551   0.0008317    0.001186    0.003569      0.0297 
u_mule2/g_ppm_reduce[1].u_ppm_csa
                                       0           0    0.001428    0.001428     0.01188 
u_mule2/g_ppm_reduce[2].u_ppm_csa
                                       0           0    0.001471    0.001471     0.01224 
u_mule2/g_ppm_reduce[3].u_ppm_csa
                                       0           0    0.001423    0.001423     0.01184 
u_mule2/g_ppm_reduce[4].u_ppm_csa
                                       0           0    0.001375    0.001375     0.01144 
u_mule2/g_ppm_reduce[5].u_ppm_csa
                                       0           0    0.001327    0.001327     0.01104 
u_mule2/g_ppm_reduce[6].u_ppm_csa
                                       0           0    0.001279    0.001279     0.01064 
u_mule2/g_ppm_reduce[7].u_ppm_csa
                                       0           0     0.00123     0.00123     0.01024 
u_mule2/g_ppm_reduce[8].u_ppm_csa
                                       0           0    0.001182    0.001182    0.009838 
u_mule2/g_ppm_reduce[9].u_ppm_csa
                                       0           0    0.001134    0.001134    0.009438 
u_mule2/g_ppm_reduce[10].u_ppm_csa
                                       0           0    0.001086    0.001086    0.009037 
u_mule2/g_ppm_reduce[11].u_ppm_csa
                                       0           0    0.001038    0.001038    0.008637 
u_mule2/g_ppm_reduce[12].u_ppm_csa
                                       0           0   0.0009899   0.0009899    0.008237 
u_mule2/g_ppm_reduce[13].u_ppm_csa
                                       0           0   0.0009418   0.0009418    0.007836 
u_mule2/g_ppm_reduce[14].u_ppm_csa
                                       0           0   0.0008937   0.0008937    0.007436 
u_mule2/g_ppm_reduce[15].u_ppm_csa
                                       0           0   0.0008456   0.0008456    0.007036 
u_mule2/u_feedback_csa0                0           0    0.001572    0.001572     0.01308 
u_mule2/u_feedback_csa1                0           0    0.001506    0.001506     0.01253 
u_mule2n/g_ppm_reduce[1].u_ppm_csa
                                       0           0    0.001428    0.001428     0.01188 
u_mule2n/g_ppm_reduce[2].u_ppm_csa
                                       0           0    0.001471    0.001471     0.01224 
u_mule2n/g_ppm_reduce[3].u_ppm_csa
                                       0           0    0.001423    0.001423     0.01184 
u_mule2n/g_ppm_reduce[4].u_ppm_csa
                                       0           0    0.001375    0.001375     0.01144 
u_mule2n/g_ppm_reduce[5].u_ppm_csa
                                       0           0    0.001327    0.001327     0.01104 
u_mule2n/g_ppm_reduce[6].u_ppm_csa
                                       0           0    0.001279    0.001279     0.01064 
u_mule2n/g_ppm_reduce[7].u_ppm_csa
                                       0           0     0.00123     0.00123     0.01024 
u_mule2n/g_ppm_reduce[8].u_ppm_csa
                                       0           0    0.001182    0.001182    0.009838 
u_mule2n/g_ppm_reduce[9].u_ppm_csa
                                       0           0    0.001134    0.001134    0.009438 
u_mule2n/g_ppm_reduce[10].u_ppm_csa
                                       0           0    0.001086    0.001086    0.009037 
u_mule2n/g_ppm_reduce[11].u_ppm_csa
                                       0           0    0.001038    0.001038    0.008637 
u_mule2n/g_ppm_reduce[12].u_ppm_csa
                                       0           0   0.0009899   0.0009899    0.008237 
u_mule2n/g_ppm_reduce[13].u_ppm_csa
                                       0           0   0.0009418   0.0009418    0.007836 
u_mule2n/g_ppm_reduce[14].u_ppm_csa
                                       0           0   0.0008937   0.0008937    0.007436 
u_mule2n/g_ppm_reduce[15].u_ppm_csa
                                       0           0   0.0008456   0.0008456    0.007036 
u_mule2n/u_feedback_csa0               0           0    0.001572    0.001572     0.01308 
u_mule2n/u_feedback_csa1               0           0    0.001506    0.001506     0.01253 
u_mule3/g_ppm_reduce[1].u_ppm_csa
                                       0           0    0.001428    0.001428     0.01188 
u_mule3/g_ppm_reduce[2].u_ppm_csa
                                       0           0    0.001471    0.001471     0.01224 
u_mule3/g_ppm_reduce[3].u_ppm_csa
                                       0           0    0.001423    0.001423     0.01184 
u_mule3/g_ppm_reduce[4].u_ppm_csa
                                       0           0    0.001375    0.001375     0.01144 
u_mule3/g_ppm_reduce[5].u_ppm_csa
                                       0           0    0.001327    0.001327     0.01104 
u_mule3/g_ppm_reduce[6].u_ppm_csa
                                       0           0    0.001279    0.001279     0.01064 
u_mule3/g_ppm_reduce[7].u_ppm_csa
                                       0           0     0.00123     0.00123     0.01024 
u_mule3/g_ppm_reduce[8].u_ppm_csa
                                       0           0    0.001182    0.001182    0.009838 
u_mule3/g_ppm_reduce[9].u_ppm_csa
                                       0           0    0.001134    0.001134    0.009438 
u_mule3/g_ppm_reduce[10].u_ppm_csa
                                       0           0    0.001086    0.001086    0.009037 
u_mule3/u_feedback_csa0                0           0    0.001572    0.001572     0.01308 
u_mule3/u_feedback_csa1                0           0    0.001505    0.001505     0.01252 
u_mule3n/g_ppm_reduce[1].u_ppm_csa
                               3.852e-05   2.007e-05    0.001429    0.001487     0.01237 
u_mule3n/g_ppm_reduce[2].u_ppm_csa
                               4.243e-05   2.776e-05    0.001472    0.001543     0.01283 
u_mule3n/g_ppm_reduce[3].u_ppm_csa
                               4.579e-05   2.825e-05    0.001424    0.001498     0.01247 
u_mule3n/g_ppm_reduce[4].u_ppm_csa
                               4.999e-05    3.13e-05    0.001376    0.001458     0.01213 
u_mule3n/g_ppm_reduce[5].u_ppm_csa
                               5.027e-05   3.107e-05    0.001328     0.00141     0.01173 
u_mule3n/g_ppm_reduce[6].u_ppm_csa
                                3.47e-05   2.183e-05    0.001279    0.001336     0.01112 
u_mule3n/g_ppm_reduce[7].u_ppm_csa
                               2.492e-05   1.632e-05    0.001231    0.001272     0.01059 
u_mule3n/g_ppm_reduce[8].u_ppm_csa
                               1.799e-05   1.118e-05    0.001183    0.001212     0.01008 
u_mule3n/g_ppm_reduce[9].u_ppm_csa
                               1.124e-05   7.573e-06    0.001134    0.001153    0.009596 
u_mule3n/g_ppm_reduce[10].u_ppm_csa
                               5.885e-06   4.585e-06    0.001086    0.001097    0.009125 
u_mule3n/u_feedback_csa0       6.478e-05   4.017e-05    0.001573    0.001678     0.01396 
u_mule3n/u_feedback_csa1       8.641e-05   6.928e-05    0.001505    0.001661     0.01382 
u_mule5/g_ppm_reduce[1].u_ppm_csa
                                       0           0    0.001428    0.001428     0.01188 
u_mule5/g_ppm_reduce[2].u_ppm_csa
                                       0           0    0.001471    0.001471     0.01224 
u_mule5/g_ppm_reduce[3].u_ppm_csa
                                       0           0    0.001423    0.001423     0.01184 
u_mule5/g_ppm_reduce[4].u_ppm_csa
                                       0           0    0.001375    0.001375     0.01144 
u_mule5/g_ppm_reduce[5].u_ppm_csa
                                       0           0    0.001327    0.001327     0.01104 
u_mule5/g_ppm_reduce[6].u_ppm_csa
                                       0           0    0.001279    0.001279     0.01064 
u_mule5/u_feedback_csa0                0           0    0.001572    0.001572     0.01308 
u_mule5/u_feedback_csa1                0           0    0.001511    0.001511     0.01257 
u_mule5n/g_ppm_reduce[1].u_ppm_csa
                                       0           0    0.001428    0.001428     0.01188 
u_mule5n/g_ppm_reduce[2].u_ppm_csa
                                       0           0    0.001471    0.001471     0.01224 
u_mule5n/g_ppm_reduce[3].u_ppm_csa
                                       0           0    0.001423    0.001423     0.01184 
u_mule5n/g_ppm_reduce[4].u_ppm_csa
                                       0           0    0.001375    0.001375     0.01144 
u_mule5n/g_ppm_reduce[5].u_ppm_csa
                                       0           0    0.001327    0.001327     0.01104 
u_mule5n/g_ppm_reduce[6].u_ppm_csa
                                       0           0    0.001279    0.001279     0.01064 
u_mule5n/u_feedback_csa0               0           0    0.001572    0.001572     0.01308 
u_mule5n/u_feedback_csa1               0           0    0.001511    0.001511     0.01257 
u_mulp/g_rows[1].u_csa          0.001007   0.0005197    0.001446    0.002972     0.02473 
u_mulp/g_rows[2].u_csa           0.00124   0.0007392    0.001514    0.003493     0.02906 
u_mulp/g_rows[3].u_csa          0.001503   0.0009043    0.001476    0.003883     0.03231 
u_mulp/g_rows[4].u_csa          0.001698    0.001047    0.001437    0.004181     0.03479 
u_mulp/g_rows[5].u_csa          0.001811    0.001107    0.001395    0.004313     0.03588 
u_mulp/g_rows[6].u_csa          0.001724     0.00108    0.001339    0.004143     0.03447 
u_mulp/g_rows[7].u_csa          0.001633    0.001034    0.001287    0.003954      0.0329 
u_mulp/g_rows[8].u_csa          0.001615    0.001024    0.001238    0.003876     0.03225 
u_mulp/g_rows[9].u_csa           0.00158    0.001025    0.001188    0.003794     0.03156 
u_mulp/g_rows[10].u_csa         0.001423   0.0009175    0.001131    0.003472     0.02889 
u_mulp/g_rows[11].u_csa         0.001312   0.0008452    0.001077    0.003234     0.02691 
u_mulp/g_rows[12].u_csa         0.001261   0.0008557    0.001031    0.003148     0.02619 
u_mulp/g_rows[13].u_csa         0.001227   0.0008087   0.0009848     0.00302     0.02513 
u_mulp/g_rows[14].u_csa         0.001015   0.0006843   0.0009223    0.002622     0.02181 
u_mulp/g_rows[15].u_csa        0.0008418   0.0005969   0.0008672    0.002306     0.01919 
u_mulp/g_rows[16].u_csa        0.0007115   0.0005087   0.0008146    0.002035     0.01693 
u_mulp/g_rows[17].u_csa        0.0006028   0.0004409   0.0007634    0.001807     0.01504 
u_mulp/g_rows[18].u_csa        0.0005074   0.0003676   0.0007128    0.001588     0.01321 
u_mulp/g_rows[19].u_csa        0.0004345   0.0003204   0.0006618    0.001417     0.01179 
u_mulp/g_rows[20].u_csa        0.0003554   0.0002751   0.0006127    0.001243     0.01034 
u_mulp/g_rows[21].u_csa        0.0002954   0.0002219   0.0005632     0.00108     0.00899 
u_mulp/g_rows[22].u_csa        0.0002378   0.0001892   0.0005137   0.0009407    0.007827 
u_mulp/g_rows[23].u_csa         0.000181   0.0001343   0.0004643   0.0007796    0.006487 
u_mulp/g_rows[24].u_csa        0.0001298   0.0001044    0.000415   0.0006492    0.005402 
u_mulp/g_rows[25].u_csa        9.464e-05   7.041e-05   0.0003661   0.0005311    0.004419 
u_mulp/g_rows[26].u_csa        6.595e-05   5.168e-05   0.0003172   0.0004348    0.003618 
u_mulp/g_rows[27].u_csa        4.876e-05   4.555e-05   0.0002688   0.0003631    0.003021 
u_mulp/g_rows[28].u_csa        3.637e-05   3.396e-05   0.0002204   0.0002907    0.002419 
u_mulp/g_rows[29].u_csa        2.956e-05   2.923e-05   0.0001722    0.000231    0.001922 
u_mulp/g_rows[30].u_csa        2.781e-05   3.917e-05    0.000124    0.000191    0.001589 
u_mulp/g_rows[31].u_csa        8.481e-05    3.22e-05   7.526e-05   0.0001923      0.0016 
u_mulr/g_bw[1].u_csa           0.0008863   0.0004189    0.001256    0.002561     0.02131 
u_mulr/g_bw[2].u_csa            0.001157   0.0006734    0.001463    0.003293      0.0274 
u_mulr/g_bw[3].u_csa            0.001511   0.0008867    0.001476    0.003873     0.03223 
u_mulr/g_bw[4].u_csa            0.001707    0.001062    0.001437    0.004206       0.035 
u_mulr/g_bw[5].u_csa            0.001818    0.001128    0.001395    0.004341     0.03612 
u_mulr/g_bw[6].u_csa            0.001728    0.001056    0.001339    0.004123      0.0343 
u_mulr/g_bw[7].u_csa            0.001638     0.00102    0.001287    0.003945     0.03282 
u_mulr/g_bw[8].u_csa            0.001619       0.001    0.001238    0.003857     0.03209 
u_mulr/g_bw[9].u_csa            0.001585       0.001    0.001188    0.003773      0.0314 
u_mulr/g_bw[10].u_csa           0.001425   0.0008858    0.001131    0.003442     0.02864 
u_mulr/g_bw[11].u_csa           0.001304   0.0008098    0.001077    0.003191     0.02655 
u_mulr/g_bw[12].u_csa           0.001262   0.0007685    0.001031    0.003061     0.02547 
u_mulr/g_bw[13].u_csa           0.001229   0.0007652   0.0009848    0.002979     0.02479 
u_mulr/g_bw[14].u_csa           0.001021   0.0006054   0.0009215    0.002548      0.0212 
u_mulr/g_bw[15].u_csa          0.0008464   0.0004741   0.0008664    0.002187      0.0182 
u_mulr/g_bw[16].u_csa          0.0007176   0.0004174   0.0008138    0.001949     0.01622 
u_mulr/g_bw[17].u_csa          0.0006082   0.0003395   0.0007626     0.00171     0.01423 
u_mulr/g_bw[18].u_csa          0.0005046   0.0002873   0.0007128    0.001505     0.01252 
u_mulr/g_bw[19].u_csa          0.0004228   0.0002564   0.0006626    0.001342     0.01116 
u_mulr/g_bw[20].u_csa           0.000362   0.0001998    0.000612    0.001174    0.009767 
u_mulr/g_bw[21].u_csa          0.0003026    0.000161   0.0005624    0.001026    0.008537 
u_mulr/g_bw[22].u_csa          0.0002365   0.0001487   0.0005137   0.0008989     0.00748 
u_mulr/g_bw[23].u_csa          0.0001801   0.0001091   0.0004643   0.0007536     0.00627 
u_mulr/g_bw[24].u_csa          0.0001289   8.084e-05    0.000415   0.0006248    0.005199 
u_mulr/g_bw[25].u_csa          9.456e-05   6.207e-05   0.0003661   0.0005227    0.004349 
u_mulr/g_bw[26].u_csa          6.588e-05   4.751e-05   0.0003172   0.0004306    0.003583 
u_mulr/g_bw[27].u_csa          4.864e-05   3.925e-05   0.0002688   0.0003566    0.002967 
u_mulr/g_bw[28].u_csa          3.636e-05   3.141e-05   0.0002204   0.0002882    0.002398 
u_mulr/g_bw[29].u_csa          2.943e-05   2.813e-05   0.0001722   0.0002297    0.001911 
u_mulr/g_bw[30].u_csa          2.771e-05   3.186e-05    0.000124   0.0001836    0.001528 
u_mulr/g_bw[31].u_csa           8.48e-05   4.677e-05   7.526e-05   0.0002068    0.001721 
u_mulr/g_wb1[0].u_csa           0.001324   0.0009242    0.001514    0.003763     0.03131 
u_mulr/g_wb1[1].u_csa           0.001679   0.0009612    0.001439     0.00408     0.03394 
u_mulr/g_wb1[2].u_csa           0.001082   0.0006559    0.001269    0.003007     0.02502 
u_mulr/g_wb1[3].u_csa          0.0007989   0.0005609    0.001113    0.002473     0.02057 
u_mulr/g_wb1[4].u_csa          0.0005251   0.0003095   0.0009647    0.001799     0.01497 
u_mulr/g_wb1[5].u_csa          2.309e-06   1.453e-06   0.0007962      0.0008    0.006656 
u_mulr/g_wb1[6].u_csa          5.246e-07   3.746e-07   0.0006518   0.0006527    0.005431 
u_mulr/g_wb1[7].u_csa                  0           0   0.0005075   0.0005075    0.004223 
u_mulr/g_wb1[8].u_csa                  0           0   0.0003266   0.0003266    0.002717 
u_mulr/g_wb1[9].u_csa                  0           0   0.0002188   0.0002188    0.001821 
u_mulr/g_wb2[0].u_csa            0.00211    0.001529     0.00154    0.005179     0.04309 
u_mulr/g_wb2[1].u_csa           0.001242    0.000719    0.001316    0.003277     0.02726 
u_mulr/g_wb2[2].u_csa           0.001011   0.0006452     0.00107    0.002726     0.02269 
u_mulr/g_wb2[3].u_csa          0.0001102   6.747e-05   0.0008467    0.001024    0.008523 
u_mulr/g_wb2[4].u_csa          4.389e-07   2.638e-07   0.0006037   0.0006044    0.005029 
u_mulr/g_wb2[5].u_csa                  0           0   0.0004099   0.0004099     0.00341 
u_mulr/g_wb2[6].u_csa                  0           0   0.0001707   0.0001707    0.001421 
u_mulr/g_wb3[0].u_csa           0.002452    0.001697    0.001505    0.005654     0.04705 
u_mulr/g_wb3[1].u_csa           0.001098   0.0006342    0.001164    0.002896      0.0241 
u_mulr/g_wb3[2].u_csa          9.809e-05   6.284e-05   0.0007965   0.0009575    0.007967 
u_mulr/g_wb3[3].u_csa          3.054e-08   2.112e-08    0.000458    0.000458    0.003811 
u_mulr/g_wb3[4].u_csa          4.634e-05   3.947e-05   0.0001232    0.000209    0.001739 
u_mulr/g_wb4[0].u_csa           0.002654    0.001801    0.001456    0.005911     0.04918 
u_mulr/g_wb4[1].u_csa          0.0002833   0.0001537   0.0008968    0.001334      0.0111 
u_mulr/g_wb4[2].u_csa          3.983e-05   4.864e-05   0.0004085    0.000497    0.004135 
u_mulr/g_wb5[0].u_csa           0.002428    0.001499    0.001385    0.005313      0.0442 
u_mulr/g_wb5[1].u_csa          4.276e-05   4.177e-05   0.0005514    0.000636    0.005291 
u_mulr/u_w6_csa                 0.002202    0.001243    0.001297    0.004742     0.03946 
u_mulr/u_w7_csa                 0.002093    0.001124    0.001225    0.004441     0.03695 
u_mulr/u_w8_csa                 0.002013    0.001087    0.001147    0.004247     0.03533 
u_mulr/u_wallace_ks             0.001568   0.0007258    0.001188    0.003482     0.02897 
u_frontend/u_decode/genblk1.u_fifo
                                  0.1351     0.04253     0.02661      0.2042       1.699 
u_frontend/u_npc/BRANCH_PREDICTION.u_lru
                                0.009696    0.001614     0.00187     0.01318      0.1097 
u_frontend/u_decode/genblk1.u_dec0
                                0.000912    0.001147    0.002361     0.00442     0.03678 
u_frontend/u_decode/genblk1.u_dec1
                               0.0007013   0.0008204    0.002356    0.003877     0.03226 
 
 
-----------------------------------------------------------------------------------------
*	Power Distribution Summary: 
*              Highest Average Power: u_issue/FE_OFC2759_opcode0_ra_operand_w_7 (INV_X4):         0.005573
*              Highest Leakage Power:           u_issue/g162069 (AND4_X4):        0.0001893
*                Total Cap:      4.36518e-10 F
*                Total instances in design: 58275
*                Total instances in design with no power:     0
*                Total instances in design with no activty:     0

*                Total Fillers and Decap:     0
-----------------------------------------------------------------------------------------
 
** INFO:  (VOLTUS_POWR-3465): There are 0 decaps and 0 fillers in the design

Ended Static Power Report Generation: (cpu=0:00:01, real=0:00:00,
mem(process/total/peak)=3148.11MB/13004.92MB/5185.34MB)

