env CDS_WORKAREA is set to /home/ykaraagac/cadence-bitirme/Flows/NanGate45/biriscv_2mul_vs_hybrid/scripts/cadence
             0V	    VSS
           1.1V	    VDD
Using Power View WC_VIEW
.
Load RC corner of view WC_VIEW

Begin Power Analysis

             0V	    VSS
           1.1V	    VDD

Begin Processing Timing Library for Power Calculation

Ended Processing Timing Library for Power Calculation: (cpu=0:00:00, real=0:00:00, mem(process/total/peak)=2788.67MB/5728.79MB/2788.67MB)



Begin Processing Power Net/Grid for Power Calculation

Ended Processing Power Net/Grid for Power Calculation: (cpu=0:00:00, real=0:00:00, mem(process/total/peak)=2788.67MB/5728.79MB/2788.67MB)

Begin Processing Timing Window Data for Power Calculation

clk(100MHz) CK: assigning clock clk to net clk_i
Ended Processing Timing Window Data for Power Calculation: (cpu=0:00:00, real=0:00:00, mem(process/total/peak)=2788.67MB/5728.79MB/2788.67MB)

Begin Processing User Attributes

Ended Processing User Attributes: (cpu=0:00:00, real=0:00:00, mem(process/total/peak)=2788.67MB/5728.79MB/2788.67MB)

Begin Processing Signal Activity


Starting Activity Propagation
2026-Jun-08 22:19:48 (2026-Jun-08 22:19:48 GMT)
2026-Jun-08 22:19:48 (2026-Jun-08 22:19:48 GMT): 10%
2026-Jun-08 22:19:48 (2026-Jun-08 22:19:48 GMT): 20%

Finished Activity Propagation
2026-Jun-08 22:19:49 (2026-Jun-08 22:19:49 GMT)

Activity annotation summary:
        Primary Inputs : 180/180 = 100%
          Flop outputs : 1909/10414 = 18.3311%
  Memory/Macro outputs : 0/0 = 0%
      Tristate outputs : 0/0 = 0%
            Total Nets : 3867/35059 = 11.03%

Ended Processing Signal Activity: (cpu=0:00:00, real=0:00:00, mem(process/total/peak)=2788.67MB/5728.79MB/2788.67MB)

Begin Power Computation

      ----------------------------------------------------------
      # of cell(s) missing both power/leakage table: 0
      # of cell(s) missing power table: 0
      # of cell(s) missing leakage table: 0
      ----------------------------------------------------------



Starting Calculating power
2026-Jun-08 22:19:49 (2026-Jun-08 22:19:49 GMT)
 ... Calculating switching power
2026-Jun-08 22:19:49 (2026-Jun-08 22:19:49 GMT): 10%
2026-Jun-08 22:19:49 (2026-Jun-08 22:19:49 GMT): 20%
2026-Jun-08 22:19:49 (2026-Jun-08 22:19:49 GMT): 30%
2026-Jun-08 22:19:49 (2026-Jun-08 22:19:49 GMT): 40%
2026-Jun-08 22:19:49 (2026-Jun-08 22:19:49 GMT): 50%
 ... Calculating internal and leakage power
2026-Jun-08 22:19:49 (2026-Jun-08 22:19:49 GMT): 60%
2026-Jun-08 22:19:50 (2026-Jun-08 22:19:50 GMT): 70%
2026-Jun-08 22:19:51 (2026-Jun-08 22:19:51 GMT): 80%
2026-Jun-08 22:19:52 (2026-Jun-08 22:19:52 GMT): 90%

Finished Calculating power
2026-Jun-08 22:19:52 (2026-Jun-08 22:19:52 GMT)
      # of MSMV cell(s) missing power_level: 0
Ended Power Computation: (cpu=0:00:03, real=0:00:03, mem(process/total/peak)=2788.67MB/5728.79MB/2788.67MB)

Begin Processing User Attributes

Begin Processing set_power
Ended Processing set_power: (cpu=0:00:00, real=0:00:00,
mem(process/total/peak)=2788.67MB/5728.79MB/2788.67MB)
Ended Processing User Attributes: (cpu=0:00:00, real=0:00:00, mem(process/total/peak)=2788.67MB/5728.79MB/2788.67MB)

Ended Power Analysis: (cpu=0:00:04, real=0:00:04, mem(process/total/peak)=2788.67MB/5728.79MB/2788.67MB)

Begin Boundary Leakage Calculation
Ended Boundary Leakage Calculation: (cpu=0:00:00, real=0:00:00,
mem(process/total/peak)=2788.67MB/5728.79MB/2788.67MB)
Begin Static Power Report Generation
*----------------------------------------------------------------------------------------
*	Innovus 25.12-s079_1 (64bit) 11/18/2025 12:56 (Linux 4.18.0-305.el8.x86_64)
*	
*
* 	Date & Time:	2026-Jun-08 22:19:52 (2026-Jun-08 22:19:52 GMT)
*
*----------------------------------------------------------------------------------------
*
*	Design: riscv_core
*
*	Liberty Libraries used:
*	        /home/ykaraagac/cadence-bitirme/Enablements/NanGate45/lib/NangateOpenCellLibrary_typical.lib
*
*	Parasitic Files used:
*
*       Dynamic View: WC_VIEW
*
*       Leakage View: WC_VIEW
*
*       User-Defined Activity : N.A.
*
*	Switching Activity File used:
*	        /home/ykaraagac/cadence-bitirme/Flows/NanGate45/biriscv_2mul_vs_hybrid/scripts/cadence/outputs/job6_selective_runs/unrolled_dot8_selective_latency_hidden_mule/vcd/core_hybrid.vcd
*                  Vcd Window used(Start Time, Stop Time):  
*                Vcd Scale Factor: 1
*
*       Hierarchical Global Activity: N.A.
*
*       Global Activity: N.A.
*
*       Sequential Element Activity: 0.200000
*
*       Primary Input Activity: 0.200000
*
*       Default icg ratio: N.A.
*
*       Global Comb ClockGate Ratio: N.A.
*
*	Power Units = 1mW
*
*	Time Units = 1e-09 secs
*
*       report_power -hierarchy all
*
-----------------------------------------------------------------------------------------
*



Total Power
-----------------------------------------------------------------------------------------
Total Internal Power:        4.42283122 	   53.1912%
Total Switching Power:       2.70832246 	   32.5716%
Total Leakage Power:         1.18381573 	   14.2372%
Total Power:                 8.31496941
-----------------------------------------------------------------------------------------


Group                           Internal   Switching     Leakage       Total  Percentage 
                                Power      Power         Power         Power  (%)        
-----------------------------------------------------------------------------------------
Sequential                         2.866      0.3779      0.4992       3.743       45.02
Macro                                  0           0           0           0           0
IO                                     0           0           0           0           0
Combinational                       1.08        1.35      0.6705       3.101       37.29
Clock (Combinational)             0.4766      0.9803     0.01403       1.471       17.69
Clock (Sequential)                     0           0           0           0           0
-----------------------------------------------------------------------------------------
Total                              4.423       2.708       1.184       8.315         100
-----------------------------------------------------------------------------------------


Clock                           Internal   Switching     Leakage       Total  Percentage 
                                Power      Power         Power         Power  (%)        
-----------------------------------------------------------------------------------------
clk                               0.4766      0.9803     0.01403       1.471       17.69
-----------------------------------------------------------------------------------------
Total                             0.4766      0.9803     0.01403       1.471       17.69
-----------------------------------------------------------------------------------------
Clock: clk
Clock Period: 0.010000 usec 
Clock Toggle Rate:   200.0000 Mhz 
Clock Static Probability:  0.5000
  


Rail                  Voltage   Internal   Switching     Leakage       Total  Percentage 
                                Power      Power         Power         Power  (%)        
-----------------------------------------------------------------------------------------
VDD                       1.1      4.423       2.708       1.184       8.315         100


Hierarchy                       Internal   Switching     Leakage       Total  Percentage 
                                Power      Power         Power         Power  (%)        
-----------------------------------------------------------------------------------------
u_csr                             0.1936     0.02607      0.0606      0.2803       3.371 
u_div                             0.1398     0.03057     0.04572      0.2161       2.599 
u_exec0                          0.09601     0.08591     0.04246      0.2244       2.698 
u_exec1                          0.08076     0.06157     0.04123      0.1836       2.208 
u_frontend                         1.855      0.8494      0.4619       3.167       38.08 
u_issue                            1.239      0.8452      0.3748       2.459       29.57 
u_lsu                            0.09864     0.04234     0.02793      0.1689       2.031 
u_mul                              0.489      0.4319     0.08585       1.007       12.11 
u_mule                           0.07443     0.01667     0.03831      0.1294       1.556 
u_csr/u_csrfile                   0.1338     0.01074     0.04426      0.1888        2.27 
u_frontend/u_decode               0.1405     0.04934     0.03022      0.2201       2.647 
u_frontend/u_fetch                0.1053     0.02329     0.02767      0.1563       1.879 
u_frontend/u_npc                   1.574      0.7077      0.4027       2.685       32.29 
u_issue/u_pipe0_ctrl              0.1737     0.03719     0.04236      0.2533       3.046 
u_issue/u_pipe1_ctrl             0.09974     0.01681      0.0276      0.1441       1.734 
u_issue/u_regfile                 0.8446      0.5273       0.237       1.609       19.35 
u_lsu/u_lsu_request               0.0399    0.006442    0.009442     0.05578      0.6709 
u_exec0/u_alu                    0.04357      0.0576     0.02059      0.1218       1.464 
u_exec1/u_alu                    0.02072     0.03019      0.0201     0.07101       0.854 
u_frontend/u_decode/genblk1.u_fifo
                                   0.135     0.04398     0.02532      0.2043       2.457 
u_frontend/u_npc/BRANCH_PREDICTION.u_lru
                                  0.0108    0.001631    0.001928     0.01436      0.1727 
u_frontend/u_decode/genblk1.u_dec0
                                0.001163    0.001234    0.001664    0.004061     0.04884 
u_frontend/u_decode/genblk1.u_dec1
                                0.001776    0.002337     0.00168    0.005792     0.06966 
 
 
-----------------------------------------------------------------------------------------
*	Power Distribution Summary: 
*              Highest Average Power:            u_issue/g31226 (AND2_X2):         0.005583
*              Highest Leakage Power:            u_issue/g33248 (AND4_X4):        0.0001893
*                Total Cap:      2.19821e-10 F
*                Total instances in design: 28954
*                Total instances in design with no power:     0
*                Total instances in design with no activty:     0

*                Total Fillers and Decap:     0
-----------------------------------------------------------------------------------------
 
** INFO:  (VOLTUS_POWR-3465): There are 0 decaps and 0 fillers in the design

Ended Static Power Report Generation: (cpu=0:00:00, real=0:00:00,
mem(process/total/peak)=2790.67MB/5728.79MB/2790.67MB)

