env CDS_WORKAREA is set to /home/ykaraagac/cadence-bitirme/Flows/NanGate45/biriscv_2mul_vs_hybrid/scripts/cadence
             0V	    VSS
           1.1V	    VDD
Using Power View WC_VIEW
.
Load RC corner of view WC_VIEW

Begin Power Analysis

             0V	    VSS
           1.1V	    VDD

Begin Processing Timing Library for Power Calculation

Ended Processing Timing Library for Power Calculation: (cpu=0:00:00, real=0:00:00, mem(process/total/peak)=2801.26MB/8688.80MB/2801.26MB)



Begin Processing Power Net/Grid for Power Calculation

Ended Processing Power Net/Grid for Power Calculation: (cpu=0:00:00, real=0:00:00, mem(process/total/peak)=2801.26MB/8688.80MB/2801.26MB)

Begin Processing Timing Window Data for Power Calculation

clk(100MHz) CK: assigning clock clk to net clk_i
Ended Processing Timing Window Data for Power Calculation: (cpu=0:00:00, real=0:00:00, mem(process/total/peak)=2802.26MB/8688.80MB/2802.26MB)

Begin Processing User Attributes

Ended Processing User Attributes: (cpu=0:00:00, real=0:00:00, mem(process/total/peak)=2802.26MB/8688.80MB/2802.26MB)

Begin Processing Signal Activity


Starting Activity Propagation
2026-Jun-08 21:34:49 (2026-Jun-08 21:34:49 GMT)
2026-Jun-08 21:34:50 (2026-Jun-08 21:34:50 GMT): 10%
2026-Jun-08 21:34:50 (2026-Jun-08 21:34:50 GMT): 20%

Finished Activity Propagation
2026-Jun-08 21:34:50 (2026-Jun-08 21:34:50 GMT)

Activity annotation summary:
        Primary Inputs : 180/180 = 100%
          Flop outputs : 1909/10414 = 18.3311%
  Memory/Macro outputs : 0/0 = 0%
      Tristate outputs : 0/0 = 0%
            Total Nets : 3867/35059 = 11.03%

Ended Processing Signal Activity: (cpu=0:00:00, real=0:00:00, mem(process/total/peak)=2802.26MB/8688.80MB/2802.26MB)

Begin Power Computation

      ----------------------------------------------------------
      # of cell(s) missing both power/leakage table: 0
      # of cell(s) missing power table: 0
      # of cell(s) missing leakage table: 0
      ----------------------------------------------------------



Starting Calculating power
2026-Jun-08 21:34:50 (2026-Jun-08 21:34:50 GMT)
 ... Calculating switching power
2026-Jun-08 21:34:50 (2026-Jun-08 21:34:50 GMT): 10%
2026-Jun-08 21:34:50 (2026-Jun-08 21:34:50 GMT): 20%
2026-Jun-08 21:34:50 (2026-Jun-08 21:34:50 GMT): 30%
2026-Jun-08 21:34:50 (2026-Jun-08 21:34:50 GMT): 40%
2026-Jun-08 21:34:50 (2026-Jun-08 21:34:50 GMT): 50%
 ... Calculating internal and leakage power
2026-Jun-08 21:34:51 (2026-Jun-08 21:34:51 GMT): 60%
2026-Jun-08 21:34:51 (2026-Jun-08 21:34:51 GMT): 70%
2026-Jun-08 21:34:53 (2026-Jun-08 21:34:53 GMT): 80%
2026-Jun-08 21:34:53 (2026-Jun-08 21:34:53 GMT): 90%

Finished Calculating power
2026-Jun-08 21:34:53 (2026-Jun-08 21:34:53 GMT)
      # of MSMV cell(s) missing power_level: 0
Ended Power Computation: (cpu=0:00:03, real=0:00:03, mem(process/total/peak)=2802.26MB/8688.80MB/2802.26MB)

Begin Processing User Attributes

Begin Processing set_power
Ended Processing set_power: (cpu=0:00:00, real=0:00:00,
mem(process/total/peak)=2802.26MB/8688.80MB/2802.26MB)
Ended Processing User Attributes: (cpu=0:00:00, real=0:00:00, mem(process/total/peak)=2802.26MB/8688.80MB/2802.26MB)

Ended Power Analysis: (cpu=0:00:03, real=0:00:04, mem(process/total/peak)=2802.26MB/8688.80MB/2802.26MB)

Begin Boundary Leakage Calculation
Ended Boundary Leakage Calculation: (cpu=0:00:00, real=0:00:00,
mem(process/total/peak)=2802.26MB/8688.80MB/2802.26MB)
Begin Static Power Report Generation
*----------------------------------------------------------------------------------------
*	Innovus 25.12-s079_1 (64bit) 11/18/2025 12:56 (Linux 4.18.0-305.el8.x86_64)
*	
*
* 	Date & Time:	2026-Jun-08 21:34:53 (2026-Jun-08 21:34:53 GMT)
*
*----------------------------------------------------------------------------------------
*
*	Design: riscv_core
*
*	Liberty Libraries used:
*	        /home/ykaraagac/cadence-bitirme/Enablements/NanGate45/lib/NangateOpenCellLibrary_typical.lib
*
*	Parasitic Files used:
*
*       Dynamic View: WC_VIEW
*
*       Leakage View: WC_VIEW
*
*       User-Defined Activity : N.A.
*
*	Switching Activity File used:
*	        /home/ykaraagac/cadence-bitirme/Flows/NanGate45/biriscv_2mul_vs_hybrid/scripts/cadence/outputs/job6_selective_runs/fft_butterfly_selective_latency_hidden_mule/vcd/core_hybrid.vcd
*                  Vcd Window used(Start Time, Stop Time):  
*                Vcd Scale Factor: 1
*
*       Hierarchical Global Activity: N.A.
*
*       Global Activity: N.A.
*
*       Sequential Element Activity: 0.200000
*
*       Primary Input Activity: 0.200000
*
*       Default icg ratio: N.A.
*
*       Global Comb ClockGate Ratio: N.A.
*
*	Power Units = 1mW
*
*	Time Units = 1e-09 secs
*
*       report_power -hierarchy all
*
-----------------------------------------------------------------------------------------
*



Total Power
-----------------------------------------------------------------------------------------
Total Internal Power:        4.13652073 	   55.0774%
Total Switching Power:       2.18758460 	   29.1275%
Total Leakage Power:         1.18627444 	   15.7951%
Total Power:                 7.51037977
-----------------------------------------------------------------------------------------


Group                           Internal   Switching     Leakage       Total  Percentage 
                                Power      Power         Power         Power  (%)        
-----------------------------------------------------------------------------------------
Sequential                         2.835      0.3616      0.4996       3.696       49.22
Macro                                  0           0           0           0           0
IO                                     0           0           0           0           0
Combinational                     0.8249      0.8456      0.6726       2.343        31.2
Clock (Combinational)             0.4766      0.9803     0.01403       1.471       19.59
Clock (Sequential)                     0           0           0           0           0
-----------------------------------------------------------------------------------------
Total                              4.137       2.188       1.186        7.51         100
-----------------------------------------------------------------------------------------


Clock                           Internal   Switching     Leakage       Total  Percentage 
                                Power      Power         Power         Power  (%)        
-----------------------------------------------------------------------------------------
clk                               0.4766      0.9803     0.01403       1.471       19.59
-----------------------------------------------------------------------------------------
Total                             0.4766      0.9803     0.01403       1.471       19.59
-----------------------------------------------------------------------------------------
Clock: clk
Clock Period: 0.010000 usec 
Clock Toggle Rate:   200.0000 Mhz 
Clock Static Probability:  0.5000
  


Rail                  Voltage   Internal   Switching     Leakage       Total  Percentage 
                                Power      Power         Power         Power  (%)        
-----------------------------------------------------------------------------------------
VDD                       1.1      4.137       2.188       1.186        7.51         100


Hierarchy                       Internal   Switching     Leakage       Total  Percentage 
                                Power      Power         Power         Power  (%)        
-----------------------------------------------------------------------------------------
u_csr                             0.1889     0.02252     0.06118      0.2726       3.629 
u_div                             0.1483     0.03928     0.04702      0.2346       3.123 
u_exec0                          0.04937     0.02241     0.04274      0.1145       1.525 
u_exec1                          0.05436     0.02886     0.04166      0.1249       1.663 
u_frontend                         1.799      0.7313      0.4622       2.993       39.85 
u_issue                            1.086      0.5545      0.3743       2.015       26.83 
u_lsu                            0.09016     0.02952     0.02817      0.1479       1.969 
u_mul                             0.4937      0.4305     0.08594        1.01       13.45 
u_mule                           0.07032     0.01086      0.0381      0.1193       1.588 
u_csr/u_csrfile                   0.1331     0.01003     0.04438      0.1875       2.497 
u_frontend/u_decode               0.1245     0.02751      0.0302      0.1823       2.427 
u_frontend/u_fetch               0.09865     0.01673     0.02799      0.1434       1.909 
u_frontend/u_npc                   1.541      0.6185      0.4027       2.562       34.11 
u_issue/u_pipe0_ctrl              0.1538     0.01882      0.0424       0.215       2.863 
u_issue/u_pipe1_ctrl              0.0956     0.01116     0.02752      0.1343       1.788 
u_issue/u_regfile                 0.7697      0.4006      0.2366       1.407       18.73 
u_lsu/u_lsu_request              0.03731    0.003709    0.009425     0.05044      0.6716 
u_exec0/u_alu                   0.008554     0.01108     0.02063     0.04026      0.5361 
u_exec1/u_alu                   0.009649      0.0132      0.0205     0.04334      0.5771 
u_frontend/u_decode/genblk1.u_fifo
                                  0.1229     0.02593      0.0253      0.1741       2.319 
u_frontend/u_npc/BRANCH_PREDICTION.u_lru
                                 0.01012    0.001429     0.00193     0.01348      0.1795 
u_frontend/u_decode/genblk1.u_dec0
                               0.0004271   0.0004635    0.001675    0.002566     0.03417 
u_frontend/u_decode/genblk1.u_dec1
                               0.0004862   0.0006161    0.001655    0.002757     0.03671 
 
 
-----------------------------------------------------------------------------------------
*	Power Distribution Summary: 
*              Highest Average Power: u_frontend/u_npc/CTS_ccl_a_buf_00338 (CLKBUF_X3):         0.003758
*              Highest Leakage Power:            u_issue/g33248 (AND4_X4):        0.0001893
*                Total Cap:      2.19821e-10 F
*                Total instances in design: 28954
*                Total instances in design with no power:     0
*                Total instances in design with no activty:     0

*                Total Fillers and Decap:     0
-----------------------------------------------------------------------------------------
 
** INFO:  (VOLTUS_POWR-3465): There are 0 decaps and 0 fillers in the design

Ended Static Power Report Generation: (cpu=0:00:00, real=0:00:00,
mem(process/total/peak)=2802.26MB/8688.80MB/2802.26MB)

