 ------------------------------------------------------------------------------------------------------------------------------------------------------------------- 
| Snapshot                | WNS                  | TNS                  | Density (%) | Hotspot                   | Resource               | DRVs       | Layer-OPT |
|                         | HEPG (ns) | ALL (ns) | HEPG (ns) | ALL (ns) |             | Max (bins) | Total (bins) | Real (s) | Memory (MB) | Tran | Cap | metal4    |
|-------------------------+-----------+----------+-----------+----------+-------------+------------+--------------+----------+-------------+------+-----+-----------|
| initial_summary         |           |    5.216 |           |        0 |       71.00 |            |              | 0:00:03  |        3670 |    0 |   1 |           |
| route_type_refinement   |           |          |           |          |             |            |              | 0:00:00  |        3671 |      |     |         5 |
| simplify_netlist        |           |          |           |          |             |            |              | 0:00:01  |        3676 |      |     |           |
| excluded_clk_net_fixing |           |          |           |          |             |            |              | 0:00:00  |        3676 |      |     |           |
| drv_fixing              |     0.000 |    5.216 |         0 |        0 |       71.01 |            |              | 0:00:02  |        3806 |    0 |  10 |         7 |
| global_opt              |           |    5.216 |           |        0 |       71.01 |            |              | 0:00:01  |        3826 |      |     |         7 |
| area_reclaiming         |     0.000 |    5.216 |         0 |        0 |       71.00 |            |              | 0:00:03  |        3834 |      |     |           |
| drv_fixing_2            |     5.216 |    5.216 |         0 |        0 |       71.00 |            |              | 0:00:02  |        3844 |    0 |   1 |           |
| area_reclaiming_2       |     5.261 |    5.261 |         0 |        0 |       70.99 |            |              | 0:00:04  |        3938 |      |     |         7 |
| area_reclaiming_3       |     5.261 |    5.261 |         0 |        0 |       70.99 |            |              | 0:00:03  |        3897 |      |     |         4 |
| local_wire_reclaim      |           |          |           |          |             |            |              | 0:00:28  |        3897 |      |     |           |
| global_route            |           |          |           |          |             |       0.00 |         0.00 | 0:00:03  |        3483 |      |     |           |
| route_type_refinement_2 |           |          |           |          |             |            |              | 0:00:00  |        3484 |      |     |         4 |
| drv_eco_fixing          |     5.274 |    5.274 |         0 |        0 |       71.00 |            |              | 0:00:01  |        3825 |    0 |   8 |         5 |
| legalization            |           |          |           |          |             |            |              | 0:00:01  |        3824 |      |     |           |
| final_summary           |     5.274 |    5.274 |           |        0 |       71.00 |       0.00 |         0.00 | 0:00:04  |        3732 |    0 |   1 |           |
 ------------------------------------------------------------------------------------------------------------------------------------------------------------------- 
