env CDS_WORKAREA is set to /home/ykaraagac/cadence-bitirme/Flows/NanGate45/biriscv_2mul_vs_hybrid/scripts/cadence
             0V	    VSS
           1.1V	    VDD
Using Power View WC_VIEW
.
Load RC corner of view WC_VIEW

Begin Power Analysis

             0V	    VSS
           1.1V	    VDD

Begin Processing Timing Library for Power Calculation

Ended Processing Timing Library for Power Calculation: (cpu=0:00:00, real=0:00:00, mem(process/total/peak)=3241.93MB/13012.77MB/7508.08MB)



Begin Processing Power Net/Grid for Power Calculation

Ended Processing Power Net/Grid for Power Calculation: (cpu=0:00:00, real=0:00:00, mem(process/total/peak)=3241.93MB/13012.77MB/7508.08MB)

Begin Processing Timing Window Data for Power Calculation

clk(100MHz) CK: assigning clock clk to net clk_i
Ended Processing Timing Window Data for Power Calculation: (cpu=0:00:00, real=0:00:00, mem(process/total/peak)=3241.93MB/13012.77MB/7508.08MB)

Begin Processing User Attributes

Ended Processing User Attributes: (cpu=0:00:00, real=0:00:00, mem(process/total/peak)=3241.93MB/13012.77MB/7508.08MB)

Begin Processing Signal Activity


Starting Activity Propagation
2026-Jun-23 11:57:01 (2026-Jun-23 11:57:01 GMT)
2026-Jun-23 11:57:02 (2026-Jun-23 11:57:02 GMT): 10%

Finished Activity Propagation
2026-Jun-23 11:57:03 (2026-Jun-23 11:57:03 GMT)

Activity annotation summary:
        Primary Inputs : 180/180 = 100%
          Flop outputs : 3874/14346 = 27.004%
  Memory/Macro outputs : 0/0 = 0%
      Tristate outputs : 0/0 = 0%
            Total Nets : 19975/72373 = 27.6001%

Ended Processing Signal Activity: (cpu=0:00:01, real=0:00:01, mem(process/total/peak)=3241.93MB/13012.77MB/7508.08MB)

Begin Power Computation

      ----------------------------------------------------------
      # of cell(s) missing both power/leakage table: 0
      # of cell(s) missing power table: 0
      # of cell(s) missing leakage table: 0
      ----------------------------------------------------------



Starting Calculating power
2026-Jun-23 11:57:03 (2026-Jun-23 11:57:03 GMT)
 ... Calculating switching power
2026-Jun-23 11:57:03 (2026-Jun-23 11:57:03 GMT): 10%
2026-Jun-23 11:57:03 (2026-Jun-23 11:57:03 GMT): 20%
2026-Jun-23 11:57:03 (2026-Jun-23 11:57:03 GMT): 30%
2026-Jun-23 11:57:03 (2026-Jun-23 11:57:03 GMT): 40%
2026-Jun-23 11:57:03 (2026-Jun-23 11:57:03 GMT): 50%
 ... Calculating internal and leakage power
2026-Jun-23 11:57:04 (2026-Jun-23 11:57:04 GMT): 60%
2026-Jun-23 11:57:05 (2026-Jun-23 11:57:05 GMT): 70%
2026-Jun-23 11:57:06 (2026-Jun-23 11:57:06 GMT): 80%
2026-Jun-23 11:57:07 (2026-Jun-23 11:57:07 GMT): 90%

Finished Calculating power
2026-Jun-23 11:57:08 (2026-Jun-23 11:57:08 GMT)
      # of MSMV cell(s) missing power_level: 0
Ended Power Computation: (cpu=0:00:05, real=0:00:05, mem(process/total/peak)=3241.93MB/13012.77MB/7508.08MB)

Begin Processing User Attributes

Begin Processing set_power
Ended Processing set_power: (cpu=0:00:00, real=0:00:00,
mem(process/total/peak)=3241.93MB/13012.77MB/7508.08MB)
Ended Processing User Attributes: (cpu=0:00:00, real=0:00:00, mem(process/total/peak)=3241.93MB/13012.77MB/7508.08MB)

Ended Power Analysis: (cpu=0:00:08, real=0:00:07, mem(process/total/peak)=3241.93MB/13012.77MB/7508.08MB)

Begin Boundary Leakage Calculation
Ended Boundary Leakage Calculation: (cpu=0:00:00, real=0:00:00,
mem(process/total/peak)=3241.93MB/13012.77MB/7508.08MB)
Begin Static Power Report Generation
*----------------------------------------------------------------------------------------
*	Innovus 25.12-s079_1 (64bit) 11/18/2025 12:56 (Linux 4.18.0-305.el8.x86_64)
*	
*
* 	Date & Time:	2026-Jun-23 11:57:08 (2026-Jun-23 11:57:08 GMT)
*
*----------------------------------------------------------------------------------------
*
*	Design: riscv_core
*
*	Liberty Libraries used:
*	        /home/ykaraagac/cadence-bitirme/Enablements/NanGate45/lib/NangateOpenCellLibrary_typical.lib
*
*	Parasitic Files used:
*
*       Dynamic View: WC_VIEW
*
*       Leakage View: WC_VIEW
*
*       User-Defined Activity : N.A.
*
*	Switching Activity File used:
*	        /home/ykaraagac/cadence-bitirme/Flows/NanGate45/biriscv_2mul_vs_hybrid/scripts/cadence/outputs/mul_update_latency_hiding_power_vcds/estrin_2level_selective_latency_hidden_mule3n/vcd/core_hybrid.vcd
*                  Vcd Window used(Start Time, Stop Time):  
*                Vcd Scale Factor: 1
*
*       Hierarchical Global Activity: N.A.
*
*       Global Activity: N.A.
*
*       Sequential Element Activity: 0.200000
*
*       Primary Input Activity: 0.200000
*
*       Default icg ratio: N.A.
*
*       Global Comb ClockGate Ratio: N.A.
*
*	Power Units = 1mW
*
*	Time Units = 1e-09 secs
*
*       report_power -hierarchy all
*
-----------------------------------------------------------------------------------------
*



Total Power
-----------------------------------------------------------------------------------------
Total Internal Power:        6.14033922 	   49.6856%
Total Switching Power:       4.02714974 	   32.5864%
Total Leakage Power:         2.19088971 	   17.7280%
Total Power:                12.35837868
-----------------------------------------------------------------------------------------


Group                           Internal   Switching     Leakage       Total  Percentage 
                                Power      Power         Power         Power  (%)        
-----------------------------------------------------------------------------------------
Sequential                         3.755      0.4742       0.665       4.894        39.6
Macro                                  0           0           0           0           0
IO                                     0           0           0           0           0
Combinational                      1.721       2.197       1.506       5.424       43.89
Clock (Combinational)             0.6642       1.356     0.01956        2.04       16.51
Clock (Sequential)                     0           0           0           0           0
-----------------------------------------------------------------------------------------
Total                               6.14       4.027       2.191       12.36         100
-----------------------------------------------------------------------------------------


Clock                           Internal   Switching     Leakage       Total  Percentage 
                                Power      Power         Power         Power  (%)        
-----------------------------------------------------------------------------------------
clk                               0.6642       1.356     0.01956        2.04       16.51
-----------------------------------------------------------------------------------------
Total                             0.6642       1.356     0.01956        2.04       16.51
-----------------------------------------------------------------------------------------
Clock: clk
Clock Period: 0.010000 usec 
Clock Toggle Rate:   200.0000 Mhz 
Clock Static Probability:  0.5000
  


Rail                  Voltage   Internal   Switching     Leakage       Total  Percentage 
                                Power      Power         Power         Power  (%)        
-----------------------------------------------------------------------------------------
VDD                       1.1       6.14       4.027       2.191       12.36         100


Hierarchy                       Internal   Switching     Leakage       Total  Percentage 
                                Power      Power         Power         Power  (%)        
-----------------------------------------------------------------------------------------
u_cbm                             0.1202     0.06562     0.04134      0.2271       1.838 
u_csr                             0.1947     0.03156     0.06164      0.2879        2.33 
u_div                             0.1416     0.03577     0.04958      0.2269       1.836 
u_exec0                           0.1093         0.1      0.0432      0.2525       2.043 
u_exec1                          0.09711     0.08222     0.04371       0.223       1.805 
u_frontend                         1.832      0.8111      0.4567         3.1       25.08 
u_issue                            1.458       1.272      0.5326       3.262       26.39 
u_lsu                             0.1015     0.04642     0.03225      0.1801       1.458 
u_mul                             0.5067      0.4466     0.08668        1.04       8.415 
u_mul_array                       0.2215      0.1437     0.04635      0.4115        3.33 
u_mul_bw                         0.04839     0.02235     0.04137      0.1121      0.9071 
u_mul_wallace                    0.05133     0.02458     0.04448      0.1204      0.9742 
u_mulc                           0.08454     0.01604     0.02589      0.1265       1.023 
u_mule                           0.06866     0.01146     0.03817      0.1183      0.9572 
u_mule2                          0.08637     0.02592     0.07428      0.1866        1.51 
u_mule2n                         0.08554     0.02503      0.0743      0.1849       1.496 
u_mule3                          0.09268     0.03474     0.07372      0.2011       1.628 
u_mule3n                          0.1123     0.05894     0.07562      0.2469       1.998 
u_mule5                           0.1131     0.04455     0.08119      0.2389       1.933 
u_mule5n                          0.1086     0.03767     0.08091      0.2272       1.839 
u_mulen                          0.06852     0.01383     0.03823      0.1206      0.9757 
u_mulp                           0.04833     0.02248     0.04137      0.1122      0.9078 
u_mulr                            0.1092     0.08462     0.09828      0.2921       2.364 
u_cbm/u_cbm_core                    0.12     0.06551     0.04115      0.2267       1.834 
u_csr/u_csrfile                   0.1363     0.01663     0.04431      0.1972       1.596 
u_frontend/u_decode               0.1421      0.0494     0.03295      0.2244       1.816 
u_frontend/u_fetch                0.1047     0.02786      0.0281      0.1606         1.3 
u_frontend/u_npc                   1.568      0.6942      0.3948       2.657        21.5 
u_issue/u_pipe0_ctrl              0.1839     0.04463     0.05908      0.2876       2.327 
u_issue/u_pipe1_ctrl              0.1063     0.01805     0.03448      0.1589       1.286 
u_issue/u_regfile                 0.8258      0.5116       0.241       1.578       12.77 
u_lsu/u_lsu_request              0.03705    0.004277    0.009855     0.05118      0.4141 
u_exec0/u_alu                    0.04351     0.05914     0.02155      0.1242       1.005 
u_exec1/u_alu                    0.03348     0.04571     0.02118      0.1004      0.8122 
u_mul_bw/g_array_reduce[1].u_csa
                                0.001189   0.0006005    0.001459    0.003248     0.02628 
u_mul_bw/g_array_reduce[2].u_csa
                                0.001172   0.0006992    0.001516    0.003388     0.02741 
u_mul_bw/g_array_reduce[3].u_csa
                                0.001359   0.0008485     0.00148    0.003687     0.02984 
u_mul_bw/g_array_reduce[4].u_csa
                                0.001533   0.0009489    0.001446    0.003928     0.03178 
u_mul_bw/g_array_reduce[5].u_csa
                                0.001641     0.00102    0.001402    0.004063     0.03288 
u_mul_bw/g_array_reduce[6].u_csa
                                0.001694    0.001074    0.001356    0.004124     0.03337 
u_mul_bw/g_array_reduce[7].u_csa
                                0.001649    0.001037    0.001303    0.003989     0.03228 
u_mul_bw/g_array_reduce[8].u_csa
                                0.001539   0.0009608     0.00125     0.00375     0.03034 
u_mul_bw/g_array_reduce[9].u_csa
                                 0.00155   0.0009945    0.001203    0.003747     0.03032 
u_mul_bw/g_array_reduce[10].u_csa
                                0.001499   0.0009544    0.001152    0.003606     0.02918 
u_mul_bw/g_array_reduce[11].u_csa
                                0.001315    0.000837    0.001092    0.003244     0.02625 
u_mul_bw/g_array_reduce[12].u_csa
                                0.001235   0.0008068    0.001042    0.003084     0.02496 
u_mul_bw/g_array_reduce[13].u_csa
                                0.001165   0.0007505   0.0009902    0.002905     0.02351 
u_mul_bw/g_array_reduce[14].u_csa
                                0.001012   0.0006852   0.0009347    0.002632     0.02129 
u_mul_bw/g_array_reduce[15].u_csa
                               0.0008903   0.0005985   0.0008808     0.00237     0.01917 
u_mul_bw/g_array_reduce[16].u_csa
                                  0.0008   0.0005399   0.0008294    0.002169     0.01755 
u_mul_bw/g_array_reduce[17].u_csa
                               0.0007067   0.0004691   0.0007776    0.001953     0.01581 
u_mul_bw/g_array_reduce[18].u_csa
                               0.0006355   0.0004379   0.0007262      0.0018     0.01456 
u_mul_bw/g_array_reduce[19].u_csa
                                0.000564   0.0003777   0.0006746    0.001616     0.01308 
u_mul_bw/g_array_reduce[20].u_csa
                               0.0005021   0.0003424   0.0006254     0.00147     0.01189 
u_mul_bw/g_array_reduce[21].u_csa
                               0.0004448    0.000308   0.0005747    0.001327     0.01074 
u_mul_bw/g_array_reduce[22].u_csa
                               0.0003932   0.0002594   0.0005241    0.001177    0.009522 
u_mul_bw/g_array_reduce[23].u_csa
                               0.0003447   0.0002505   0.0004737    0.001069    0.008649 
u_mul_bw/g_array_reduce[24].u_csa
                               0.0002958   0.0001971   0.0004233   0.0009162    0.007414 
u_mul_bw/g_array_reduce[25].u_csa
                               0.0002467   0.0001673   0.0003728   0.0007868    0.006367 
u_mul_bw/g_array_reduce[26].u_csa
                               0.0002086   0.0001419    0.000323   0.0006735     0.00545 
u_mul_bw/g_array_reduce[27].u_csa
                               0.0001673   0.0001113   0.0002733   0.0005518    0.004465 
u_mul_bw/g_array_reduce[28].u_csa
                               0.0001308   9.234e-05   0.0002235   0.0004466    0.003614 
u_mul_bw/g_array_reduce[29].u_csa
                               9.868e-05   7.285e-05   0.0001743   0.0003458    0.002798 
u_mul_bw/g_array_reduce[30].u_csa
                               6.735e-05   4.872e-05    0.000125   0.0002411    0.001951 
u_mul_bw/g_array_reduce[31].u_csa
                               5.341e-05   2.855e-05   7.593e-05   0.0001579    0.001278 
u_mul_wallace/g_w1[0].u_csa
                                0.001305   0.0009565    0.001576    0.003837     0.03105 
u_mul_wallace/g_w1[1].u_csa
                                0.001496   0.0008947    0.001443    0.003834     0.03103 
u_mul_wallace/g_w1[2].u_csa
                                0.001282   0.0008727    0.001288    0.003443     0.02786 
u_mul_wallace/g_w1[3].u_csa
                                0.001046   0.0007816    0.001132     0.00296     0.02395 
u_mul_wallace/g_w1[4].u_csa
                               0.0006864   0.0004069   0.0009708    0.002064      0.0167 
u_mul_wallace/g_w1[5].u_csa
                               0.0003524   0.0002092   0.0008139    0.001376     0.01113 
u_mul_wallace/g_w1[6].u_csa
                               0.0002697   0.0001739   0.0006647    0.001108    0.008968 
u_mul_wallace/g_w1[7].u_csa
                               0.0001832    0.000126   0.0005162   0.0008254    0.006679 
u_mul_wallace/g_w1[8].u_csa
                               0.0001072   7.211e-05   0.0003671   0.0005465    0.004422 
u_mul_wallace/g_w1[9].u_csa
                               4.718e-05   3.116e-05     0.00022   0.0002983    0.002414 
u_mul_wallace/g_w2[0].u_csa
                                0.001851    0.001334    0.001549    0.004734     0.03831 
u_mul_wallace/g_w2[1].u_csa
                                0.001372     0.00085    0.001329    0.003552     0.02874 
u_mul_wallace/g_w2[2].u_csa
                                  0.0012   0.0007824    0.001087     0.00307     0.02484 
u_mul_wallace/g_w2[3].u_csa
                               0.0003809   0.0002524   0.0008591    0.001493     0.01208 
u_mul_wallace/g_w2[4].u_csa
                               0.0003047   0.0002042   0.0006174    0.001126    0.009114 
u_mul_wallace/g_w2[5].u_csa
                               0.0001224   8.655e-05   0.0004141   0.0006231    0.005042 
u_mul_wallace/g_w2[6].u_csa
                               3.743e-05   2.411e-05   0.0001711   0.0002326    0.001882 
u_mul_wallace/g_w3[0].u_csa
                                0.002178     0.00157    0.001517    0.005265     0.04261 
u_mul_wallace/g_w3[1].u_csa
                                0.001253   0.0007493    0.001179    0.003182     0.02574 
u_mul_wallace/g_w3[2].u_csa
                               0.0004499   0.0002722   0.0008152    0.001537     0.01244 
u_mul_wallace/g_w3[3].u_csa
                               0.0001658   0.0001014    0.000464   0.0007313    0.005917 
u_mul_wallace/g_w3[4].u_csa
                               3.817e-05   2.859e-05   0.0001228   0.0001895    0.001534 
u_mul_wallace/g_w4[0].u_csa
                                0.002372    0.001709    0.001472    0.005553     0.04494 
u_mul_wallace/g_w4[1].u_csa
                                 0.00059   0.0003423   0.0009127    0.001845     0.01493 
u_mul_wallace/g_w4[2].u_csa
                               0.0001755   0.0001123   0.0004125   0.0007003    0.005667 
u_mul_wallace/g_w5[0].u_csa
                                0.002229    0.001514    0.001401    0.005144     0.04162 
u_mul_wallace/g_w5[1].u_csa
                               0.0002503   0.0001493   0.0005592   0.0009588    0.007758 
u_mul_wallace/u_w6_csa           0.00206    0.001325    0.001315      0.0047     0.03803 
u_mul_wallace/u_w7_csa          0.001911     0.00116    0.001229      0.0043     0.03479 
u_mul_wallace/u_w8_csa          0.001815    0.001101     0.00115    0.004066      0.0329 
u_mul_wallace/u_wallace_ks
                                0.001391   0.0007796    0.001193    0.003364     0.02722 
u_mule2/g_ppm_reduce[1].u_ppm_csa
                                       0           0    0.001428    0.001428     0.01155 
u_mule2/g_ppm_reduce[2].u_ppm_csa
                                       0           0    0.001471    0.001471      0.0119 
u_mule2/g_ppm_reduce[3].u_ppm_csa
                                       0           0    0.001423    0.001423     0.01151 
u_mule2/g_ppm_reduce[4].u_ppm_csa
                                       0           0    0.001375    0.001375     0.01112 
u_mule2/g_ppm_reduce[5].u_ppm_csa
                                       0           0    0.001327    0.001327     0.01074 
u_mule2/g_ppm_reduce[6].u_ppm_csa
                                       0           0    0.001279    0.001279     0.01035 
u_mule2/g_ppm_reduce[7].u_ppm_csa
                                       0           0     0.00123     0.00123    0.009957 
u_mule2/g_ppm_reduce[8].u_ppm_csa
                                       0           0    0.001182    0.001182    0.009567 
u_mule2/g_ppm_reduce[9].u_ppm_csa
                                       0           0    0.001134    0.001134    0.009178 
u_mule2/g_ppm_reduce[10].u_ppm_csa
                                       0           0    0.001086    0.001086    0.008789 
u_mule2/g_ppm_reduce[11].u_ppm_csa
                                       0           0    0.001038    0.001038    0.008399 
u_mule2/g_ppm_reduce[12].u_ppm_csa
                                       0           0   0.0009899   0.0009899     0.00801 
u_mule2/g_ppm_reduce[13].u_ppm_csa
                                       0           0   0.0009418   0.0009418    0.007621 
u_mule2/g_ppm_reduce[14].u_ppm_csa
                                       0           0   0.0008937   0.0008937    0.007232 
u_mule2/g_ppm_reduce[15].u_ppm_csa
                                       0           0   0.0008456   0.0008456    0.006842 
u_mule2/u_feedback_csa0                0           0    0.001572    0.001572     0.01272 
u_mule2/u_feedback_csa1                0           0    0.001506    0.001506     0.01219 
u_mule2n/g_ppm_reduce[1].u_ppm_csa
                                       0           0    0.001428    0.001428     0.01155 
u_mule2n/g_ppm_reduce[2].u_ppm_csa
                                       0           0    0.001471    0.001471      0.0119 
u_mule2n/g_ppm_reduce[3].u_ppm_csa
                                       0           0    0.001423    0.001423     0.01151 
u_mule2n/g_ppm_reduce[4].u_ppm_csa
                                       0           0    0.001375    0.001375     0.01112 
u_mule2n/g_ppm_reduce[5].u_ppm_csa
                                       0           0    0.001327    0.001327     0.01074 
u_mule2n/g_ppm_reduce[6].u_ppm_csa
                                       0           0    0.001279    0.001279     0.01035 
u_mule2n/g_ppm_reduce[7].u_ppm_csa
                                       0           0     0.00123     0.00123    0.009957 
u_mule2n/g_ppm_reduce[8].u_ppm_csa
                                       0           0    0.001182    0.001182    0.009567 
u_mule2n/g_ppm_reduce[9].u_ppm_csa
                                       0           0    0.001134    0.001134    0.009178 
u_mule2n/g_ppm_reduce[10].u_ppm_csa
                                       0           0    0.001086    0.001086    0.008789 
u_mule2n/g_ppm_reduce[11].u_ppm_csa
                                       0           0    0.001038    0.001038    0.008399 
u_mule2n/g_ppm_reduce[12].u_ppm_csa
                                       0           0   0.0009899   0.0009899     0.00801 
u_mule2n/g_ppm_reduce[13].u_ppm_csa
                                       0           0   0.0009418   0.0009418    0.007621 
u_mule2n/g_ppm_reduce[14].u_ppm_csa
                                       0           0   0.0008937   0.0008937    0.007232 
u_mule2n/g_ppm_reduce[15].u_ppm_csa
                                       0           0   0.0008456   0.0008456    0.006842 
u_mule2n/u_feedback_csa0               0           0    0.001572    0.001572     0.01272 
u_mule2n/u_feedback_csa1               0           0    0.001506    0.001506     0.01219 
u_mule3/g_ppm_reduce[1].u_ppm_csa
                                       0           0    0.001428    0.001428     0.01155 
u_mule3/g_ppm_reduce[2].u_ppm_csa
                                       0           0    0.001471    0.001471      0.0119 
u_mule3/g_ppm_reduce[3].u_ppm_csa
                                       0           0    0.001423    0.001423     0.01151 
u_mule3/g_ppm_reduce[4].u_ppm_csa
                                       0           0    0.001375    0.001375     0.01112 
u_mule3/g_ppm_reduce[5].u_ppm_csa
                                       0           0    0.001327    0.001327     0.01074 
u_mule3/g_ppm_reduce[6].u_ppm_csa
                                       0           0    0.001279    0.001279     0.01035 
u_mule3/g_ppm_reduce[7].u_ppm_csa
                                       0           0     0.00123     0.00123    0.009957 
u_mule3/g_ppm_reduce[8].u_ppm_csa
                                       0           0    0.001182    0.001182    0.009567 
u_mule3/g_ppm_reduce[9].u_ppm_csa
                                       0           0    0.001134    0.001134    0.009178 
u_mule3/g_ppm_reduce[10].u_ppm_csa
                                       0           0    0.001086    0.001086    0.008789 
u_mule3/u_feedback_csa0                0           0    0.001572    0.001572     0.01272 
u_mule3/u_feedback_csa1                0           0    0.001505    0.001505     0.01218 
u_mule3n/g_ppm_reduce[1].u_ppm_csa
                                0.000328   0.0001615    0.001436    0.001925     0.01558 
u_mule3n/g_ppm_reduce[2].u_ppm_csa
                               0.0003421   0.0002048    0.001483     0.00203     0.01643 
u_mule3n/g_ppm_reduce[3].u_ppm_csa
                                0.000398   0.0002369    0.001438    0.002072     0.01677 
u_mule3n/g_ppm_reduce[4].u_ppm_csa
                               0.0004451    0.000268    0.001392    0.002105     0.01703 
u_mule3n/g_ppm_reduce[5].u_ppm_csa
                               0.0004629   0.0002795    0.001344    0.002086     0.01688 
u_mule3n/g_ppm_reduce[6].u_ppm_csa
                               0.0004567   0.0002796    0.001296    0.002032     0.01644 
u_mule3n/g_ppm_reduce[7].u_ppm_csa
                               0.0004326   0.0002652    0.001246    0.001944     0.01573 
u_mule3n/g_ppm_reduce[8].u_ppm_csa
                               0.0004296   0.0002653    0.001198    0.001893     0.01532 
u_mule3n/g_ppm_reduce[9].u_ppm_csa
                               0.0004245   0.0002778     0.00115    0.001852     0.01499 
u_mule3n/g_ppm_reduce[10].u_ppm_csa
                               0.0004095    0.000316    0.001101    0.001826     0.01478 
u_mule3n/u_feedback_csa0       0.0005626   0.0003531    0.001671    0.002586     0.02093 
u_mule3n/u_feedback_csa1       0.0005907   0.0005899    0.001555    0.002736     0.02214 
u_mule5/g_ppm_reduce[1].u_ppm_csa
                                       0           0    0.001428    0.001428     0.01155 
u_mule5/g_ppm_reduce[2].u_ppm_csa
                                       0           0    0.001471    0.001471      0.0119 
u_mule5/g_ppm_reduce[3].u_ppm_csa
                                       0           0    0.001423    0.001423     0.01151 
u_mule5/g_ppm_reduce[4].u_ppm_csa
                                       0           0    0.001375    0.001375     0.01112 
u_mule5/g_ppm_reduce[5].u_ppm_csa
                                       0           0    0.001327    0.001327     0.01074 
u_mule5/g_ppm_reduce[6].u_ppm_csa
                                       0           0    0.001279    0.001279     0.01035 
u_mule5/u_feedback_csa0                0           0    0.001572    0.001572     0.01272 
u_mule5/u_feedback_csa1                0           0    0.001511    0.001511     0.01222 
u_mule5n/g_ppm_reduce[1].u_ppm_csa
                                       0           0    0.001428    0.001428     0.01155 
u_mule5n/g_ppm_reduce[2].u_ppm_csa
                                       0           0    0.001471    0.001471      0.0119 
u_mule5n/g_ppm_reduce[3].u_ppm_csa
                                       0           0    0.001423    0.001423     0.01151 
u_mule5n/g_ppm_reduce[4].u_ppm_csa
                                       0           0    0.001375    0.001375     0.01112 
u_mule5n/g_ppm_reduce[5].u_ppm_csa
                                       0           0    0.001327    0.001327     0.01074 
u_mule5n/g_ppm_reduce[6].u_ppm_csa
                                       0           0    0.001279    0.001279     0.01035 
u_mule5n/u_feedback_csa0               0           0    0.001572    0.001572     0.01272 
u_mule5n/u_feedback_csa1               0           0    0.001511    0.001511     0.01222 
u_mulp/g_rows[1].u_csa          0.001189   0.0006145    0.001459    0.003262      0.0264 
u_mulp/g_rows[2].u_csa          0.001173   0.0007198    0.001516    0.003409     0.02758 
u_mulp/g_rows[3].u_csa          0.001359    0.000841     0.00148    0.003679     0.02977 
u_mulp/g_rows[4].u_csa          0.001533   0.0009544    0.001446    0.003934     0.03183 
u_mulp/g_rows[5].u_csa          0.001641    0.001015    0.001402    0.004058     0.03284 
u_mulp/g_rows[6].u_csa          0.001694    0.001065    0.001356    0.004115      0.0333 
u_mulp/g_rows[7].u_csa          0.001649    0.001046    0.001303    0.003999     0.03236 
u_mulp/g_rows[8].u_csa           0.00154   0.0009762     0.00125    0.003766     0.03047 
u_mulp/g_rows[9].u_csa           0.00155    0.001003    0.001203    0.003755     0.03038 
u_mulp/g_rows[10].u_csa         0.001499    0.000954    0.001152    0.003605     0.02917 
u_mulp/g_rows[11].u_csa         0.001315   0.0008501    0.001092    0.003258     0.02636 
u_mulp/g_rows[12].u_csa         0.001236   0.0008246    0.001042    0.003103     0.02511 
u_mulp/g_rows[13].u_csa         0.001165   0.0007564   0.0009902    0.002911     0.02356 
u_mulp/g_rows[14].u_csa         0.001011   0.0006661   0.0009347    0.002612     0.02113 
u_mulp/g_rows[15].u_csa        0.0008906   0.0006067   0.0008808    0.002378     0.01924 
u_mulp/g_rows[16].u_csa        0.0008002   0.0005461   0.0008294    0.002176     0.01761 
u_mulp/g_rows[17].u_csa        0.0007075   0.0004907   0.0007776    0.001976     0.01599 
u_mulp/g_rows[18].u_csa        0.0006353   0.0004333   0.0007262    0.001795     0.01452 
u_mulp/g_rows[19].u_csa        0.0005647   0.0003938   0.0006746    0.001633     0.01321 
u_mulp/g_rows[20].u_csa        0.0005025   0.0003509   0.0006254    0.001479     0.01197 
u_mulp/g_rows[21].u_csa        0.0004449    0.000307   0.0005747    0.001327     0.01073 
u_mulp/g_rows[22].u_csa        0.0003941     0.00028   0.0005241    0.001198    0.009696 
u_mulp/g_rows[23].u_csa        0.0003442   0.0002351   0.0004737    0.001053     0.00852 
u_mulp/g_rows[24].u_csa        0.0002965   0.0002136   0.0004233   0.0009334    0.007553 
u_mulp/g_rows[25].u_csa        0.0002466   0.0001648   0.0003728   0.0007843    0.006346 
u_mulp/g_rows[26].u_csa        0.0002085   0.0001355    0.000323   0.0006671    0.005398 
u_mulp/g_rows[27].u_csa        0.0001678   0.0001261   0.0002733   0.0005673     0.00459 
u_mulp/g_rows[28].u_csa        0.0001309   9.204e-05   0.0002235   0.0004464    0.003612 
u_mulp/g_rows[29].u_csa        9.856e-05   6.779e-05   0.0001743   0.0003406    0.002756 
u_mulp/g_rows[30].u_csa        6.759e-05   5.653e-05    0.000125   0.0002492    0.002016 
u_mulp/g_rows[31].u_csa        5.337e-05   2.909e-05   7.593e-05   0.0001584    0.001282 
u_mulr/g_bw[1].u_csa            0.001061   0.0005011    0.001267    0.002829     0.02289 
u_mulr/g_bw[2].u_csa            0.001125   0.0006733    0.001466    0.003264     0.02641 
u_mulr/g_bw[3].u_csa            0.001364   0.0008353     0.00148    0.003679     0.02977 
u_mulr/g_bw[4].u_csa            0.001541   0.0009756    0.001446    0.003963     0.03207 
u_mulr/g_bw[5].u_csa            0.001648    0.001049    0.001402    0.004099     0.03317 
u_mulr/g_bw[6].u_csa              0.0017    0.001061    0.001356    0.004118     0.03332 
u_mulr/g_bw[7].u_csa            0.001655     0.00106    0.001303    0.004018     0.03251 
u_mulr/g_bw[8].u_csa            0.001544   0.0009785     0.00125    0.003772     0.03052 
u_mulr/g_bw[9].u_csa            0.001556    0.001006    0.001203    0.003764     0.03046 
u_mulr/g_bw[10].u_csa           0.001505   0.0009511    0.001152    0.003608      0.0292 
u_mulr/g_bw[11].u_csa           0.001318   0.0008334    0.001093    0.003245     0.02626 
u_mulr/g_bw[12].u_csa           0.001238   0.0007687    0.001042    0.003049     0.02467 
u_mulr/g_bw[13].u_csa           0.001168   0.0007297   0.0009902    0.002888     0.02337 
u_mulr/g_bw[14].u_csa            0.00101   0.0006149    0.000934    0.002559     0.02071 
u_mulr/g_bw[15].u_csa          0.0008886   0.0005265   0.0008801    0.002295     0.01857 
u_mulr/g_bw[16].u_csa          0.0007999   0.0004863   0.0008288    0.002115     0.01711 
u_mulr/g_bw[17].u_csa          0.0007061   0.0004312   0.0007769    0.001914     0.01549 
u_mulr/g_bw[18].u_csa          0.0006354   0.0003828   0.0007262    0.001744     0.01412 
u_mulr/g_bw[19].u_csa          0.0005666   0.0003542   0.0006752    0.001596     0.01291 
u_mulr/g_bw[20].u_csa          0.0005018   0.0003004   0.0006246    0.001427     0.01155 
u_mulr/g_bw[21].u_csa          0.0004439   0.0002646    0.000574    0.001282     0.01038 
u_mulr/g_bw[22].u_csa          0.0003946   0.0002535   0.0005241    0.001172    0.009485 
u_mulr/g_bw[23].u_csa          0.0003444   0.0002061   0.0004737    0.001024    0.008288 
u_mulr/g_bw[24].u_csa          0.0002962   0.0001805   0.0004233   0.0008999    0.007282 
u_mulr/g_bw[25].u_csa          0.0002461   0.0001465   0.0003728   0.0007653    0.006193 
u_mulr/g_bw[26].u_csa          0.0002082   0.0001262    0.000323   0.0006575     0.00532 
u_mulr/g_bw[27].u_csa          0.0001672   0.0001065   0.0002733    0.000547    0.004426 
u_mulr/g_bw[28].u_csa          0.0001307   8.229e-05   0.0002235   0.0004365    0.003532 
u_mulr/g_bw[29].u_csa          9.841e-05   6.497e-05   0.0001743   0.0003376    0.002732 
u_mulr/g_bw[30].u_csa          6.756e-05   5.047e-05    0.000125   0.0002431    0.001967 
u_mulr/g_bw[31].u_csa          5.333e-05   3.726e-05   7.593e-05   0.0001665    0.001347 
u_mulr/g_wb1[0].u_csa           0.001275   0.0009117     0.00153    0.003716     0.03007 
u_mulr/g_wb1[1].u_csa           0.001518   0.0008759    0.001442    0.003837     0.03104 
u_mulr/g_wb1[2].u_csa           0.001299   0.0007916    0.001287    0.003378     0.02733 
u_mulr/g_wb1[3].u_csa           0.001064   0.0007403    0.001132    0.002936     0.02376 
u_mulr/g_wb1[4].u_csa          0.0006982   0.0004154   0.0009713    0.002085     0.01687 
u_mulr/g_wb1[5].u_csa          0.0003591   0.0002267   0.0008139      0.0014     0.01133 
u_mulr/g_wb1[6].u_csa          0.0002742   0.0001926   0.0006647    0.001132    0.009156 
u_mulr/g_wb1[7].u_csa          0.0001863   0.0001062   0.0005161   0.0008085    0.006542 
u_mulr/g_wb1[8].u_csa          0.0001041   6.115e-05   0.0003304   0.0004957    0.004011 
u_mulr/g_wb1[9].u_csa          4.694e-05    3.09e-05   0.0002199   0.0002977    0.002409 
u_mulr/g_wb2[0].u_csa           0.001853     0.00136    0.001548    0.004761     0.03852 
u_mulr/g_wb2[1].u_csa           0.001371    0.000805    0.001329    0.003505     0.02836 
u_mulr/g_wb2[2].u_csa           0.001201   0.0007811    0.001087    0.003069     0.02483 
u_mulr/g_wb2[3].u_csa          0.0003797   0.0002612   0.0008585    0.001499     0.01213 
u_mulr/g_wb2[4].u_csa          0.0003041   0.0001878   0.0006174    0.001109    0.008976 
u_mulr/g_wb2[5].u_csa           0.000122   7.255e-05   0.0004139   0.0006084    0.004923 
u_mulr/g_wb2[6].u_csa          3.747e-05   2.476e-05   0.0001711   0.0002333    0.001888 
u_mulr/g_wb3[0].u_csa           0.002176    0.001545    0.001517    0.005237     0.04238 
u_mulr/g_wb3[1].u_csa           0.001251   0.0007428    0.001179    0.003173     0.02568 
u_mulr/g_wb3[2].u_csa          0.0004525   0.0003011   0.0008144    0.001568     0.01269 
u_mulr/g_wb3[3].u_csa          0.0001674    0.000106   0.0004637    0.000737    0.005964 
u_mulr/g_wb3[4].u_csa          4.069e-05   2.676e-05   0.0001227   0.0001901    0.001538 
u_mulr/g_wb4[0].u_csa           0.002376    0.001646    0.001472    0.005494     0.04446 
u_mulr/g_wb4[1].u_csa          0.0005919   0.0003449   0.0009123    0.001849     0.01496 
u_mulr/g_wb4[2].u_csa          0.0001755   0.0001166   0.0004125   0.0007047    0.005702 
u_mulr/g_wb5[0].u_csa           0.002228    0.001437    0.001401    0.005067       0.041 
u_mulr/g_wb5[1].u_csa          0.0002504   0.0001494   0.0005592    0.000959     0.00776 
u_mulr/u_w6_csa                 0.002059    0.001196    0.001315     0.00457     0.03698 
u_mulr/u_w7_csa                 0.001915    0.001053    0.001236    0.004204     0.03402 
u_mulr/u_w8_csa                 0.001813    0.001008     0.00115    0.003971     0.03213 
u_mulr/u_wallace_ks             0.001404   0.0006444    0.001195    0.003243     0.02624 
u_frontend/u_decode/genblk1.u_fifo
                                  0.1375     0.04433     0.02664      0.2085       1.687 
u_frontend/u_npc/BRANCH_PREDICTION.u_lru
                                0.009878    0.001686    0.001869     0.01343      0.1087 
u_frontend/u_decode/genblk1.u_dec0
                                0.001055    0.001367    0.002355    0.004777     0.03865 
u_frontend/u_decode/genblk1.u_dec1
                                0.001537    0.002142    0.002369    0.006048     0.04894 
 
 
-----------------------------------------------------------------------------------------
*	Power Distribution Summary: 
*              Highest Average Power:           u_issue/g109754 (AND3_X2):         0.006007
*              Highest Leakage Power:           u_issue/g162069 (AND4_X4):        0.0001893
*                Total Cap:      4.36518e-10 F
*                Total instances in design: 58275
*                Total instances in design with no power:     0
*                Total instances in design with no activty:     0

*                Total Fillers and Decap:     0
-----------------------------------------------------------------------------------------
 
** INFO:  (VOLTUS_POWR-3465): There are 0 decaps and 0 fillers in the design

Ended Static Power Report Generation: (cpu=0:00:00, real=0:00:00,
mem(process/total/peak)=3242.93MB/13012.77MB/7508.08MB)

