============================================================
  Generated by:           Genus(TM) Synthesis Solution 25.12-s067_1
  Generated on:           Mar 09 2026  10:11:35 am
  Operating conditions:   typical (balanced_tree)
  Wireload mode:          enclosed
  Area mode:              timing library
============================================================

                                  Leakage                          
   Gate    Instances    Area    Power (nW)          Library        
-------------------------------------------------------------------
AND2_X1          909   967.176    21480.464 NangateOpenCellLibrary 
AND3_X1           56    74.480     1433.532 NangateOpenCellLibrary 
AND4_X1           40    63.840     1046.602 NangateOpenCellLibrary 
AOI211_X1        113   150.290     4019.182 NangateOpenCellLibrary 
AOI21_X1         605   643.720    13431.492 NangateOpenCellLibrary 
AOI221_X4        458  1583.764    56995.108 NangateOpenCellLibrary 
AOI222_X1        549  1168.272    21104.123 NangateOpenCellLibrary 
AOI22_X1        6411  8526.630   173488.813 NangateOpenCellLibrary 
BUF_X1            16    12.768      353.643 NangateOpenCellLibrary 
BUF_X4             8    14.896      739.332 NangateOpenCellLibrary 
BUF_X8             3    10.374      555.970 NangateOpenCellLibrary 
CLKBUF_X1       3989  3183.222    45614.686 NangateOpenCellLibrary 
CLKBUF_X3          1     1.330       35.377 NangateOpenCellLibrary 
DFFR_X1         1787  9506.840   156300.559 NangateOpenCellLibrary 
DFFR_X2           28   163.856     3596.222 NangateOpenCellLibrary 
DFFS_X1            9    47.880      786.991 NangateOpenCellLibrary 
DFF_X1           992  4485.824    78480.143 NangateOpenCellLibrary 
FA_X1           1439  6124.384    85018.075 NangateOpenCellLibrary 
HA_X1              9    23.940      474.927 NangateOpenCellLibrary 
INV_X1         41748 22209.936   606608.848 NangateOpenCellLibrary 
INV_X2             6     4.788      217.370 NangateOpenCellLibrary 
MUX2_X1          986  1835.932    31716.266 NangateOpenCellLibrary 
NAND2_X1        4487  3580.626    82186.752 NangateOpenCellLibrary 
NAND3_X1         335   356.440    11003.719 NangateOpenCellLibrary 
NAND4_X1        1008  1340.640    63733.704 NangateOpenCellLibrary 
NOR2_X1         1608  1283.184    36763.767 NangateOpenCellLibrary 
NOR3_X1          132   140.448     3820.810 NangateOpenCellLibrary 
NOR4_X1          164   218.120     6698.703 NangateOpenCellLibrary 
OAI211_X1        436   579.880    14885.372 NangateOpenCellLibrary 
OAI21_X1         815   867.160    22184.346 NangateOpenCellLibrary 
OAI221_X1       1520  2425.920    70329.467 NangateOpenCellLibrary 
OAI221_X4         19    65.702     2905.393 NangateOpenCellLibrary 
OAI222_X1        116   246.848     5972.005 NangateOpenCellLibrary 
OAI22_X1        1511  2009.630    67951.851 NangateOpenCellLibrary 
OAI33_X1          11    20.482      467.712 NangateOpenCellLibrary 
OR2_X1           285   303.240     6791.675 NangateOpenCellLibrary 
OR2_X2             1     1.330       49.369 NangateOpenCellLibrary 
OR3_X1            80   106.400     2155.012 NangateOpenCellLibrary 
OR4_X1           271   432.516     9639.476 NangateOpenCellLibrary 
SDFFR_X2        1870 12932.920   267738.218 NangateOpenCellLibrary 
SDFFS_X2        1025  7361.550   147981.704 NangateOpenCellLibrary 
XNOR2_X1         407   649.572    15051.536 NangateOpenCellLibrary 
XOR2_X1          622   992.712    20712.263 NangateOpenCellLibrary 
-------------------------------------------------------------------
total          76885 96719.462  2162520.578                        
                                            Leakage   Leakage 
     Type      Instances    Area   Area %  Power (nW) Power % 
--------------------------------------------------------------
sequential          5711 34498.870   35.7  654883.837    30.3 
inverter           41754 22214.724   23.0  606826.218    28.1 
buffer              4017  3222.590    3.3   47299.007     2.2 
logic              25403 36783.278   38.0  853511.516    39.5 
physical_cells         0     0.000    0.0       0.000     0.0 
--------------------------------------------------------------
total              76885 96719.462  100.0 2162520.578   100.0 
