============================================================
  Generated by:           Genus(TM) Synthesis Solution 25.12-s067_1
  Generated on:           Mar 09 2026  09:58:04 am
  Module:                 riscv_core
  Technology library:     NangateOpenCellLibrary revision 1.0
  Operating conditions:   typical (balanced_tree)
  Wireload mode:          enclosed
  Area mode:              timing library
============================================================

Timing
--------

Clock  Period 
--------------
clk   10000.0 


  Cost    Critical         Violating 
 Group   Path Slack  TNS     Paths   
-------------------------------------
clk           798.9   0.0          0 
default    No paths   0.0            
-------------------------------------
Total                 0.0          0 

Instance Count
--------------
Leaf Instance Count             77993 
Physical Instance count             0 
Sequential Instance Count        5711 
Combinational Instance Count    72282 
Hierarchical Instance Count        84 

Area
----
Cell Area                          155663.068
Physical Cell Area                 0.000
Total Cell Area (Cell+Physical)    155663.068
Net Area                           0.000
Total Area (Cell+Physical+Net)     155663.068

Runtime                            3.0 seconds
Elapsed Runtime                    726 seconds
Genus peak memory usage            2639.23 
Innovus peak memory usage          no_value 
Hostname                           dockereda-rocky8
