============================================================
  Generated by:           Genus(TM) Synthesis Solution 25.12-s067_1
  Generated on:           Mar 09 2026  10:11:10 am
  Module:                 riscv_core
  Technology library:     NangateOpenCellLibrary revision 1.0
  Operating conditions:   typical (balanced_tree)
  Wireload mode:          enclosed
  Area mode:              timing library
============================================================

           Instance                                                                                                                                 Module                                                                                                                        Cell-Count  Cell-Area  Net-Area   Total-Area       Wireload      
---------------------------------------------------------------------------------------------------------------------------------------------------------------------------------------------------------------------------------------------------------------------------------------------------------------------------------------------------
riscv_core                    NA                                                                                                                                                                                                                                                       76894  96724.250     0.000    96724.250 5K_hvratio_1_1 (D)  
  u_cbm                       column_bypass_multiplier                                                                                                                                                                                                                                  2198   2872.268     0.000     2872.268 5K_hvratio_1_1 (D)  
  u_csr                       biriscv_csr_SUPPORT_MULDIV1_SUPPORT_SUPER0                                                                                                                                                                                                                3142   4630.794     0.000     4630.794 5K_hvratio_1_1 (D)  
    u_csrfile                 biriscv_csr_regfile_SUPPORT_MTIMECMP1_SUPPORT_SUPER0                                                                                                                                                                                                      2402   3550.302     0.000     3550.302 5K_hvratio_1_1 (D)  
  u_div                       biriscv_divider                                                                                                                                                                                                                                           2562   3513.860     0.000     3513.860 5K_hvratio_1_1 (D)  
  u_exec0                     biriscv_exec                                                                                                                                                                                                                                              3187   3289.622     0.000     3289.622 5K_hvratio_1_1 (D)  
    u_alu                     biriscv_alu                                                                                                                                                                                                                                               1605   1519.658     0.000     1519.658 5K_hvratio_1_1 (D)  
  u_exec1                     biriscv_exec_5169                                                                                                                                                                                                                                         3197   3305.582     0.000     3305.582 5K_hvratio_1_1 (D)  
    u_alu                     biriscv_alu_5167                                                                                                                                                                                                                                          1652   1557.962     0.000     1557.962 5K_hvratio_1_1 (D)  
  u_frontend                  biriscv_frontend_SUPPORT_BRANCH_PREDICTION1_SUPPORT_MULDIV1_SUPPORT_MMU0_EXTRA_DECODE_STAGE0_NUM_BTB_ENTRIES32_NUM_BTB_ENTRIES_W5_NUM_BHT_ENTRIES512_NUM_BHT_ENTRIES_W9_RAS_ENABLE1_GSHARE_ENABLE0_BHT_ENABLE1_NUM_RAS_ENTRIES8_NUM_RAS_ENTRIES_W3       21223  32312.616     0.000    32312.616 5K_hvratio_1_1 (D)  
    u_decode                  biriscv_decode_SUPPORT_MULDIV1_EXTRA_DECODE_STAGE0                                                                                                                                                                                                         989   2041.018     0.000     2041.018 5K_hvratio_1_1 (D)  
      genblk1.u_dec0          biriscv_decoder                                                                                                                                                                                                                                            134    109.592     0.000      109.592 5K_hvratio_1_1 (D)  
      genblk1.u_dec1          biriscv_decoder_9040                                                                                                                                                                                                                                       132    109.060     0.000      109.060 5K_hvratio_1_1 (D)  
      genblk1.u_fifo          fetch_fifo_OPC_INFO_W2                                                                                                                                                                                                                                     627   1737.246     0.000     1737.246 5K_hvratio_1_1 (D)  
    u_fetch                   biriscv_fetch_SUPPORT_MMU0                                                                                                                                                                                                                                 976   1849.764     0.000     1849.764 5K_hvratio_1_1 (D)  
    u_npc                     biriscv_npc_SUPPORT_BRANCH_PREDICTION1_NUM_BTB_ENTRIES32_NUM_BTB_ENTRIES_W5_NUM_BHT_ENTRIES512_NUM_BHT_ENTRIES_W9_RAS_ENABLE1_GSHARE_ENABLE0_BHT_ENABLE1_NUM_RAS_ENTRIES8_NUM_RAS_ENTRIES_W3                                                             19258  28421.834     0.000    28421.834 5K_hvratio_1_1 (D)  
      BRANCH_PREDICTION.u_lru biriscv_npc_lfsr_DEPTH32_ADDR_W5                                                                                                                                                                                                                            56    132.468     0.000      132.468 5K_hvratio_1_1 (D)  
  u_issue                     biriscv_issue_SUPPORT_MULDIV1_SUPPORT_DUAL_ISSUE1_SUPPORT_LOAD_BYPASS1_SUPPORT_MUL_BYPASS1_SUPPORT_REGFILE_XILINX0                                                                                                                                       26612  27726.776     0.000    27726.776 5K_hvratio_1_1 (D)  
    u_pipe0_ctrl              biriscv_pipe_ctrl_SUPPORT_LOAD_BYPASS1_SUPPORT_MUL_BYPASS1                                                                                                                                                                                                2641   3490.718     0.000     3490.718 5K_hvratio_1_1 (D)  
    u_pipe1_ctrl              biriscv_pipe_ctrl_SUPPORT_LOAD_BYPASS1_SUPPORT_MUL_BYPASS1_1                                                                                                                                                                                              1366   1954.302     0.000     1954.302 5K_hvratio_1_1 (D)  
    u_regfile                 biriscv_regfile_SUPPORT_REGFILE_XILINX0_SUPPORT_DUAL_ISSUE1                                                                                                                                                                                              15514  16110.556     0.000    16110.556 5K_hvratio_1_1 (D)  
  u_lsu                       biriscv_lsu_MEM_CACHE_ADDR_MIN32h80000000_MEM_CACHE_ADDR_MAX32h8fffffff                                                                                                                                                                                   1292   1955.100     0.000     1955.100 5K_hvratio_1_1 (D)  
    u_lsu_request             biriscv_lsu_fifo_WIDTH36_DEPTH2_ADDR_W1                                                                                                                                                                                                                    227    662.074     0.000      662.074 5K_hvratio_1_1 (D)  
  u_mul                       biriscv_multiplier                                                                                                                                                                                                                                        5860   6737.514     0.000     6737.514 5K_hvratio_1_1 (D)  
  u_mule                      biriscv_multiplier_efficient                                                                                                                                                                                                                              2105   2922.276     0.000     2922.276 5K_hvratio_1_1 (D)  
  u_mulp                      biriscv_multiplier_pipelined_MULT_STAGES6                                                                                                                                                                                                                 2807   4045.860     0.000     4045.860 5K_hvratio_1_1 (D)  
  u_muls                      biriscv_multiplier_s                                                                                                                                                                                                                                      2705   3408.790     0.000     3408.790 5K_hvratio_1_1 (D)  
  (D) = wireload is default in technology library
