============================================================
  Generated by:           Genus(TM) Synthesis Solution 25.12-s067_1
  Generated on:           Mar 09 2026  10:11:15 am
  Technology library:     NangateOpenCellLibrary revision 1.0
  Operating conditions:   typical (balanced_tree)
  Wireload mode:          enclosed
  Area mode:              timing library
============================================================

                                  Leakage                          
   Gate    Instances    Area    Power (nW)          Library        
-------------------------------------------------------------------
AND2_X1          910   968.240    21508.712 NangateOpenCellLibrary 
AND3_X1           56    74.480     1433.531 NangateOpenCellLibrary 
AND4_X1           40    63.840     1046.777 NangateOpenCellLibrary 
AOI211_X1        113   150.290     4019.182 NangateOpenCellLibrary 
AOI21_X1         605   643.720    13437.102 NangateOpenCellLibrary 
AOI221_X4        459  1587.222    57129.587 NangateOpenCellLibrary 
AOI222_X1        549  1168.272    21104.011 NangateOpenCellLibrary 
AOI22_X1        6412  8527.960   173524.189 NangateOpenCellLibrary 
BUF_X1            16    12.768      353.643 NangateOpenCellLibrary 
BUF_X4             8    14.896      739.332 NangateOpenCellLibrary 
BUF_X8             3    10.374      555.970 NangateOpenCellLibrary 
CLKBUF_X1       3989  3183.222    45614.691 NangateOpenCellLibrary 
CLKBUF_X3          1     1.330       35.377 NangateOpenCellLibrary 
DFFR_X1         1787  9506.840   156300.555 NangateOpenCellLibrary 
DFFR_X2           28   163.856     3596.222 NangateOpenCellLibrary 
DFFS_X1            9    47.880      786.991 NangateOpenCellLibrary 
DFF_X1           992  4485.824    78480.143 NangateOpenCellLibrary 
FA_X1           1438  6120.128    84948.910 NangateOpenCellLibrary 
HA_X1              9    23.940      474.927 NangateOpenCellLibrary 
INV_X1         41753 22212.596   606723.096 NangateOpenCellLibrary 
INV_X2             6     4.788      217.370 NangateOpenCellLibrary 
MUX2_X1          984  1832.208    31642.270 NangateOpenCellLibrary 
NAND2_X1        4488  3581.424    82208.637 NangateOpenCellLibrary 
NAND3_X1         336   357.504    11023.628 NangateOpenCellLibrary 
NAND4_X1        1008  1340.640    63733.704 NangateOpenCellLibrary 
NOR2_X1         1609  1283.982    36786.214 NangateOpenCellLibrary 
NOR3_X1          132   140.448     3820.810 NangateOpenCellLibrary 
NOR4_X1          164   218.120     6698.703 NangateOpenCellLibrary 
OAI211_X1        436   579.880    14885.372 NangateOpenCellLibrary 
OAI21_X1         816   868.224    22198.104 NangateOpenCellLibrary 
OAI221_X1       1520  2425.920    70329.467 NangateOpenCellLibrary 
OAI221_X4         19    65.702     2905.393 NangateOpenCellLibrary 
OAI222_X1        116   246.848     5972.005 NangateOpenCellLibrary 
OAI22_X1        1511  2009.630    67952.294 NangateOpenCellLibrary 
OAI33_X1          11    20.482      467.712 NangateOpenCellLibrary 
OR2_X1           284   302.176     6770.617 NangateOpenCellLibrary 
OR2_X2             1     1.330       49.369 NangateOpenCellLibrary 
OR3_X1            80   106.400     2155.012 NangateOpenCellLibrary 
OR4_X1           271   432.516     9639.476 NangateOpenCellLibrary 
SDFFR_X2        1870 12932.920   267738.218 NangateOpenCellLibrary 
SDFFS_X2        1025  7361.550   147851.017 NangateOpenCellLibrary 
XNOR2_X1         408   651.168    15089.147 NangateOpenCellLibrary 
XOR2_X1          622   992.712    20709.118 NangateOpenCellLibrary 
-------------------------------------------------------------------
total          76894 96724.250  2162656.603                        
                                            Leakage   Leakage 
     Type      Instances    Area   Area %  Power (nW) Power % 
--------------------------------------------------------------
sequential          5711 34498.870   35.7  654753.146    30.3 
inverter           41759 22217.384   23.0  606940.466    28.1 
buffer              4017  3222.590    3.3   47299.012     2.2 
logic              25407 36785.406   38.0  853663.979    39.5 
physical_cells         0     0.000    0.0       0.000     0.0 
--------------------------------------------------------------
total              76894 96724.250  100.0 2162656.603   100.0 
