Power Unit: W
Area Unit: Um^2
PDB Frame : /stim#0/frame#0
----------------------------------------------------------------------------------------------------
Cells Pct_cells     Leakage    Internal   Switching       Total Lvl Instance                        
----------------------------------------------------------------------------------------------------
76885   100.00% 2.15753e-03 9.37869e-03 1.03034e-03 1.25666e-02   0 /riscv_core                     
21217    27.60% 7.28569e-04 3.43067e-03 4.11532e-04 4.57077e-03   1 /riscv_core/u_frontend          
19252    25.04% 6.51728e-04 2.58728e-03 3.05006e-04 3.54401e-03   2 /riscv_core/u_frontend/u_npc    
  989     1.29% 4.30343e-05 4.75846e-04 6.71894e-05 5.86069e-04   2 /riscv_core/u_frontend/u_decode 
  976     1.27% 3.38060e-05 3.67546e-04 3.93365e-05 4.40689e-04   2 /riscv_core/u_frontend/u_fetch  
26612    34.61% 6.27929e-04 2.72375e-03 2.88545e-04 3.64022e-03   1 /riscv_core/u_issue             
15514    20.18% 3.80035e-04 1.60545e-03 1.17789e-04 2.10328e-03   2 /riscv_core/u_issue/u_regfile   
 2641     3.44% 6.95591e-05 5.67692e-04 3.67031e-05 6.73954e-04   2 /riscv_core/u_issue/u_pipe0_ctrl
 1366     1.78% 3.82926e-05 3.75449e-04 1.35090e-05 4.27251e-04   2 /riscv_core/u_issue/u_pipe1_ctrl
 3141     4.09% 9.45981e-05 7.21070e-04 2.09345e-05 8.36603e-04   1 /riscv_core/u_csr               
 2401     3.12% 7.26181e-05 5.10175e-04 4.42221e-06 5.87216e-04   2 /riscv_core/u_csr/u_csrfile     
 2562     3.33% 7.21059e-05 5.11472e-04 1.61962e-05 5.99774e-04   1 /riscv_core/u_div               
 2807     3.65% 8.63929e-05 4.34590e-04 5.27696e-06 5.26259e-04   1 /riscv_core/u_mulp              
 3187     4.15% 7.67237e-05 2.30979e-04 1.06930e-04 4.14633e-04   1 /riscv_core/u_exec0             
 1605     2.09% 3.62458e-05 6.15335e-05 5.92513e-05 1.57031e-04   2 /riscv_core/u_exec0/u_alu       
 2198     2.86% 5.94651e-05 2.55025e-04 7.29581e-05 3.87448e-04   1 /riscv_core/u_cbm               
 5858     7.62% 1.57271e-04 1.91379e-04 1.00678e-05 3.58717e-04   1 /riscv_core/u_mul               
 3197     4.16% 7.80226e-05 1.89245e-04 5.69636e-05 3.24231e-04   1 /riscv_core/u_exec1             
 1652     2.15% 3.80851e-05 3.20899e-05 2.89389e-05 9.91140e-05   2 /riscv_core/u_exec1/u_alu       
 2105     2.74% 6.08282e-05 2.39725e-04 1.60992e-05 3.16653e-04   1 /riscv_core/u_mule              
 1292     1.68% 3.94271e-05 2.44988e-04 1.76010e-05 3.02016e-04   1 /riscv_core/u_lsu               
  227     0.30% 1.36926e-05 8.51542e-05 1.33294e-06 1.00180e-04   2 /riscv_core/u_lsu/u_lsu_request 
 2705     3.52% 7.61514e-05 2.05735e-04 5.33675e-06 2.87224e-04   1 /riscv_core/u_muls              
----------------------------------------------------------------------------------------------------
