============================================================
  Generated by:           Genus(TM) Synthesis Solution 25.12-s067_1
  Generated on:           Mar 09 2026  10:11:33 am
  Module:                 riscv_core
  Operating conditions:   typical (balanced_tree)
  Wireload mode:          enclosed
  Area mode:              timing library
============================================================


Path 1: MET (1605 ps) Setup Check with Pin u_div/dividend_q_reg[31]/CK->D
          Group: clk
     Startpoint: (F) mem_d_ack_i
          Clock: (R) clk
       Endpoint: (R) u_div/dividend_q_reg[31]/D
          Clock: (R) clk

                     Capture       Launch     
        Clock Edge:+   10000            0     
        Drv Adjust:+       0            0     
       Src Latency:+       0            0     
       Net Latency:+       0 (I)        0 (I) 
           Arrival:=   10000            0     
                                              
             Setup:-      74                  
       Uncertainty:-    1000                  
     Required Time:=    8926                  
      Launch Clock:-       0                  
       Input Delay:-    1500                  
         Data Path:-    5821                  
             Slack:=    1605                  

Exceptions/Constraints:
  input_delay             1500            riscv_core.sdc_1_line_31_1220_1   

#------------------------------------------------------------------------------------------------------------------
#              Timing Point                Flags    Arc   Edge   Cell     Fanout Load Trans Delay Arrival Instance 
#                                                                                (fF)  (ps)  (ps)   (ps)  Location 
#------------------------------------------------------------------------------------------------------------------
  mem_d_ack_i                              -       -      F     (arrival)      4  6.9     0     0    1500    (-,-) 
  u_lsu/g7225/ZN                           -       A1->ZN F     OR2_X1         6 10.9    18    69    1569    (-,-) 
  u_issue/u_pipe0_ctrl/g9673/ZN            -       A1->ZN R     NAND3_X1       2  4.1    17    44    1614    (-,-) 
  u_issue/u_pipe0_ctrl/drc_bufs8552/ZN     -       A->ZN  F     INV_X1         2  3.7     8    27    1641    (-,-) 
  u_issue/u_pipe0_ctrl/drc_bufs8551/ZN     -       A->ZN  R     INV_X1         2  4.0    12    32    1673    (-,-) 
  u_issue/u_pipe0_ctrl/g9671/ZN            -       A2->ZN F     NOR2_X1        2  3.7     8    28    1700    (-,-) 
  u_issue/u_pipe0_ctrl/g9664/ZN            -       A->ZN  R     AOI21_X1       2  4.0    32    64    1765    (-,-) 
  u_issue/u_pipe0_ctrl/g9661/ZN            -       A3->ZN F     NAND4_X1       1  1.1    15    46    1810    (-,-) 
  u_issue/u_pipe0_ctrl/g9660/ZN            -       A1->ZN F     OR3_X1         3  4.5    17    82    1893    (-,-) 
  u_issue/u_pipe0_ctrl/g9659/ZN            -       A2->ZN F     OR2_X1         4  7.1    15    74    1967    (-,-) 
  u_issue/g27898/ZN                        -       A2->ZN F     OR2_X1         2  2.3    10    64    2031    (-,-) 
  u_issue/g27882/ZN                        -       A2->ZN F     OR2_X1         2  2.8    10    62    2092    (-,-) 
  u_issue/g27853/ZN                        -       A1->ZN R     NOR2_X1        2  4.1    27    50    2143    (-,-) 
  u_issue/drc_bufs28155/ZN                 -       A->ZN  F     INV_X1         3  5.6    11    32    2175    (-,-) 
  u_issue/drc_bufs26729/ZN                 -       A->ZN  R     INV_X1         2  3.4    11    34    2208    (-,-) 
  u_issue/g27852/ZN                        -       A->ZN  F     INV_X1         2  3.7     6    25    2233    (-,-) 
  u_issue/drc_bufs41419/ZN                 -       A->ZN  R     INV_X1         2  4.1    12    31    2265    (-,-) 
  u_issue/drc_bufs41418/ZN                 -       A->ZN  F     INV_X1         3  5.9     8    29    2293    (-,-) 
  u_issue/drc_bufs56007/ZN                 -       A->ZN  R     INV_X1         2  4.0    12    34    2327    (-,-) 
  u_issue/drc_bufs56005/ZN                 -       A->ZN  F     INV_X1         3  6.2     9    29    2356    (-,-) 
  u_issue/g40523/Z                         -       S->Z   F     MUX2_X1        3  5.0    14    72    2428    (-,-) 
  u_issue/g40082/ZN                        -       A4->ZN F     OR4_X1         1  1.2    17   125    2553    (-,-) 
  u_issue/g39906/ZN                        -       A4->ZN F     OR4_X1         1  1.8    18   126    2679    (-,-) 
  u_issue/g39854/ZN                        -       A2->ZN R     NAND2_X1       2  4.1    15    39    2718    (-,-) 
  u_issue/drc_bufs48925/ZN                 -       A->ZN  F     INV_X1         2  3.7     7    27    2745    (-,-) 
  u_issue/drc_bufs48923/ZN                 -       A->ZN  R     INV_X1         2  3.2    10    30    2774    (-,-) 
  u_issue/fopt57000/Z                      -       A->Z   R     CLKBUF_X1      2  4.1    13    44    2819    (-,-) 
  u_issue/g39799/ZN                        -       A->ZN  F     OAI21_X1       1  1.8    10    34    2852    (-,-) 
  u_issue/drc_bufs43776/ZN                 -       A->ZN  R     INV_X1         2  4.1    12    31    2883    (-,-) 
  u_issue/drc_bufs43774/ZN                 -       A->ZN  F     INV_X1         2  3.6     6    25    2908    (-,-) 
  u_issue/g39786/ZN                        -       A->ZN  R     INV_X1         1  2.0     7    26    2935    (-,-) 
  u_issue/g39729/ZN                        -       B1->ZN F     OAI221_X4      1  1.8     5    73    3007    (-,-) 
  u_issue/g39644/ZN                        -       A->ZN  R     AOI221_X4      1  2.0     7   123    3130    (-,-) 
  u_issue/drc_bufs43708/ZN                 -       A->ZN  F     INV_X1         2  3.7     6    22    3152    (-,-) 
  u_issue/drc_bufs43707/ZN                 -       A->ZN  R     INV_X1         2  4.0    12    31    3183    (-,-) 
  u_issue/g39414/ZN                        -       A2->ZN F     OAI22_X1       1  1.7    11    33    3216    (-,-) 
  u_issue/g39202/ZN                        -       B2->ZN R     AOI21_X1       1  2.0    23    44    3260    (-,-) 
  u_issue/g39024/ZN                        -       B2->ZN F     OAI221_X4      1  1.7     5    82    3342    (-,-) 
  u_issue/g38876/ZN                        -       A2->ZN R     AOI22_X1       1  2.0    26    47    3390    (-,-) 
  u_issue/g38795/ZN                        -       B1->ZN F     OAI22_X1       1  1.8    13    34    3424    (-,-) 
  u_issue/g38794/ZN                        -       A->ZN  R     AOI221_X4      1  1.2     7   125    3549    (-,-) 
  u_issue/g38790/ZN                        -       A4->ZN R     AND4_X1        2  2.6    14    67    3617    (-,-) 
  u_issue/g38789/ZN                        -       A2->ZN R     AND2_X1        2  4.1    14    49    3666    (-,-) 
  u_issue/drc_bufs49736/ZN                 -       A->ZN  F     INV_X1         3  5.0     8    28    3694    (-,-) 
  u_issue/drc_bufs56179/ZN                 -       A->ZN  R     INV_X1         3  5.3    15    36    3731    (-,-) 
  u_issue/drc57854/Z                       -       A->Z   R     CLKBUF_X1      6 10.9    28    64    3795    (-,-) 
  u_div/g6854/ZN                           -       A1->ZN F     NAND4_X1       2  3.7    25    54    3849    (-,-) 
  u_div/drc_bufs7338/ZN                    -       A->ZN  R     INV_X1         2  4.1    14    40    3890    (-,-) 
  u_div/drc_bufs7337/ZN                    -       A->ZN  F     INV_X1         3  5.6     9    29    3919    (-,-) 
  u_div/g6774/Z                            -       S->Z   F     MUX2_X1        2  3.2    12    68    3986    (-,-) 
  u_div/sub_159_34_Y_minus_135_27_g1217/ZN -       A1->ZN F     AND2_X1        2  4.9     9    45    4031    (-,-) 
  u_div/sub_159_34_Y_minus_135_27_g1213/CO -       CI->CO F     FA_X1          1  3.9    16    95    4126    (-,-) 
  u_div/sub_159_34_Y_minus_135_27_g1211/CO -       A->CO  F     FA_X1          1  3.9    16   106    4232    (-,-) 
  u_div/sub_159_34_Y_minus_135_27_g1209/CO -       A->CO  F     FA_X1          1  3.9    16   106    4338    (-,-) 
  u_div/sub_159_34_Y_minus_135_27_g1207/CO -       A->CO  F     FA_X1          1  3.9    16   106    4444    (-,-) 
  u_div/sub_159_34_Y_minus_135_27_g1205/CO -       A->CO  F     FA_X1          1  3.9    16   106    4550    (-,-) 
  u_div/sub_159_34_Y_minus_135_27_g1203/CO -       A->CO  F     FA_X1          1  3.9    16   106    4656    (-,-) 
  u_div/sub_159_34_Y_minus_135_27_g1201/CO -       A->CO  F     FA_X1          1  3.9    16   106    4762    (-,-) 
  u_div/sub_159_34_Y_minus_135_27_g1199/CO -       A->CO  F     FA_X1          1  3.9    16   106    4868    (-,-) 
  u_div/sub_159_34_Y_minus_135_27_g1197/CO -       A->CO  F     FA_X1          1  3.9    16   106    4974    (-,-) 
  u_div/sub_159_34_Y_minus_135_27_g1195/CO -       A->CO  F     FA_X1          1  3.9    16   106    5080    (-,-) 
  u_div/sub_159_34_Y_minus_135_27_g1193/CO -       A->CO  F     FA_X1          1  3.9    16   106    5186    (-,-) 
  u_div/sub_159_34_Y_minus_135_27_g1191/CO -       A->CO  F     FA_X1          1  3.9    16   106    5292    (-,-) 
  u_div/sub_159_34_Y_minus_135_27_g1189/CO -       A->CO  F     FA_X1          1  3.9    16   106    5398    (-,-) 
  u_div/sub_159_34_Y_minus_135_27_g1187/CO -       A->CO  F     FA_X1          1  3.9    16   106    5504    (-,-) 
  u_div/sub_159_34_Y_minus_135_27_g1185/CO -       A->CO  F     FA_X1          1  3.9    16   106    5610    (-,-) 
  u_div/sub_159_34_Y_minus_135_27_g1183/CO -       A->CO  F     FA_X1          1  3.9    16   106    5716    (-,-) 
  u_div/sub_159_34_Y_minus_135_27_g1181/CO -       A->CO  F     FA_X1          1  3.9    16   106    5822    (-,-) 
  u_div/sub_159_34_Y_minus_135_27_g1179/CO -       A->CO  F     FA_X1          1  3.9    16   106    5928    (-,-) 
  u_div/sub_159_34_Y_minus_135_27_g1177/CO -       A->CO  F     FA_X1          1  3.9    16   106    6034    (-,-) 
  u_div/sub_159_34_Y_minus_135_27_g1175/CO -       A->CO  F     FA_X1          1  3.9    16   106    6140    (-,-) 
  u_div/sub_159_34_Y_minus_135_27_g1173/CO -       A->CO  F     FA_X1          1  3.9    16   106    6246    (-,-) 
  u_div/sub_159_34_Y_minus_135_27_g1171/CO -       A->CO  F     FA_X1          1  3.9    16   106    6352    (-,-) 
  u_div/sub_159_34_Y_minus_135_27_g1169/CO -       A->CO  F     FA_X1          1  3.9    16   106    6458    (-,-) 
  u_div/sub_159_34_Y_minus_135_27_g1167/CO -       A->CO  F     FA_X1          1  3.9    16   106    6564    (-,-) 
  u_div/sub_159_34_Y_minus_135_27_g1165/CO -       A->CO  F     FA_X1          1  3.9    16   106    6670    (-,-) 
  u_div/sub_159_34_Y_minus_135_27_g1163/CO -       A->CO  F     FA_X1          1  3.9    16   106    6776    (-,-) 
  u_div/sub_159_34_Y_minus_135_27_g1161/CO -       A->CO  F     FA_X1          1  3.9    16   106    6882    (-,-) 
  u_div/sub_159_34_Y_minus_135_27_g1159/CO -       A->CO  F     FA_X1          1  3.9    16   106    6988    (-,-) 
  u_div/sub_159_34_Y_minus_135_27_g1157/CO -       A->CO  F     FA_X1          1  3.9    16   106    7094    (-,-) 
  u_div/sub_159_34_Y_minus_135_27_g1155/CO -       A->CO  F     FA_X1          1  2.7    14   103    7197    (-,-) 
  u_div/sub_159_34_Y_minus_135_27_g1153/Z  -       B->Z   R     XOR2_X1        1  2.0    23    52    7249    (-,-) 
  u_div/g9299/ZN                           -       A1->ZN F     AOI22_X1       1  1.8    15    30    7278    (-,-) 
  u_div/g9151/ZN                           -       A->ZN  R     OAI21_X1       1  1.4    17    34    7313    (-,-) 
  u_div/dividend_q_reg[31]/D               <<<     -      R     DFFR_X1        1    -     -     9    7321    (-,-) 
#------------------------------------------------------------------------------------------------------------------

