============================================================
  Generated by:           Genus(TM) Synthesis Solution 25.12-s067_1
  Generated on:           Mar 09 2026  10:11:33 am
  Module:                 riscv_core
  Operating conditions:   typical (balanced_tree)
  Wireload mode:          enclosed
  Area mode:              timing library
============================================================

Timing
--------

Clock  Period 
--------------
clk   10000.0 


  Cost    Critical         Violating 
 Group   Path Slack  TNS     Paths   
-------------------------------------
clk          1604.8   0.0          0 
default    No paths   0.0            
-------------------------------------
Total                 0.0          0 

Instance Count
--------------
Leaf Instance Count             76885 
Physical Instance count             0 
Sequential Instance Count        5711 
Combinational Instance Count    71174 
Hierarchical Instance Count        26 

Area
----
Cell Area                          96719.462
Physical Cell Area                 0.000
Total Cell Area (Cell+Physical)    96719.462
Net Area                           0.000
Total Area (Cell+Physical+Net)     96719.462

Power
-----
Leakage Power                      2162520.578 nW
Dynamic Power                      10955276.459 nW
Total Power                        13117797.037 nW

Max Fanout                         5711 (clk_i)
Min Fanout                         0 (branch_csr_priv_w[0])
Average Fanout                     1.8
Terms to net ratio                 2.9329
Terms to instance ratio            3.0644
Runtime                            737.7049509999999 seconds
Elapsed Runtime                    1535 seconds
Genus peak memory usage            2978.64 
Innovus peak memory usage          no_value 
Hostname                           dockereda-rocky8
