============================================================
  Generated by:           Genus(TM) Synthesis Solution 25.12-s067_1
  Generated on:           Mar 09 2026  10:11:29 am
  Technology library:     NangateOpenCellLibrary revision 1.0
  Operating conditions:   typical (balanced_tree)
  Wireload mode:          enclosed
  Area mode:              timing library
============================================================

                                                      
   Gate    Instances    Area           Library        
------------------------------------------------------
AND2_X1          909   967.176 NangateOpenCellLibrary 
AND3_X1           56    74.480 NangateOpenCellLibrary 
AND4_X1           40    63.840 NangateOpenCellLibrary 
AOI211_X1        113   150.290 NangateOpenCellLibrary 
AOI21_X1         605   643.720 NangateOpenCellLibrary 
AOI221_X4        458  1583.764 NangateOpenCellLibrary 
AOI222_X1        549  1168.272 NangateOpenCellLibrary 
AOI22_X1        6411  8526.630 NangateOpenCellLibrary 
BUF_X1            16    12.768 NangateOpenCellLibrary 
BUF_X4             8    14.896 NangateOpenCellLibrary 
BUF_X8             3    10.374 NangateOpenCellLibrary 
CLKBUF_X1       3989  3183.222 NangateOpenCellLibrary 
CLKBUF_X3          1     1.330 NangateOpenCellLibrary 
DFFR_X1         1787  9506.840 NangateOpenCellLibrary 
DFFR_X2           28   163.856 NangateOpenCellLibrary 
DFFS_X1            9    47.880 NangateOpenCellLibrary 
DFF_X1           992  4485.824 NangateOpenCellLibrary 
FA_X1           1439  6124.384 NangateOpenCellLibrary 
HA_X1              9    23.940 NangateOpenCellLibrary 
INV_X1         41748 22209.936 NangateOpenCellLibrary 
INV_X2             6     4.788 NangateOpenCellLibrary 
MUX2_X1          986  1835.932 NangateOpenCellLibrary 
NAND2_X1        4487  3580.626 NangateOpenCellLibrary 
NAND3_X1         335   356.440 NangateOpenCellLibrary 
NAND4_X1        1008  1340.640 NangateOpenCellLibrary 
NOR2_X1         1608  1283.184 NangateOpenCellLibrary 
NOR3_X1          132   140.448 NangateOpenCellLibrary 
NOR4_X1          164   218.120 NangateOpenCellLibrary 
OAI211_X1        436   579.880 NangateOpenCellLibrary 
OAI21_X1         815   867.160 NangateOpenCellLibrary 
OAI221_X1       1520  2425.920 NangateOpenCellLibrary 
OAI221_X4         19    65.702 NangateOpenCellLibrary 
OAI222_X1        116   246.848 NangateOpenCellLibrary 
OAI22_X1        1511  2009.630 NangateOpenCellLibrary 
OAI33_X1          11    20.482 NangateOpenCellLibrary 
OR2_X1           285   303.240 NangateOpenCellLibrary 
OR2_X2             1     1.330 NangateOpenCellLibrary 
OR3_X1            80   106.400 NangateOpenCellLibrary 
OR4_X1           271   432.516 NangateOpenCellLibrary 
SDFFR_X2        1870 12932.920 NangateOpenCellLibrary 
SDFFS_X2        1025  7361.550 NangateOpenCellLibrary 
XNOR2_X1         407   649.572 NangateOpenCellLibrary 
XOR2_X1          622   992.712 NangateOpenCellLibrary 
------------------------------------------------------
total          76885 96719.462                        
                                          
     Type      Instances    Area   Area % 
------------------------------------------
sequential          5711 34498.870   35.7 
inverter           41754 22214.724   23.0 
buffer              4017  3222.590    3.3 
logic              25403 36783.278   38.0 
physical_cells         0     0.000    0.0 
------------------------------------------
total              76885 96719.462  100.0 
