env CDS_WORKAREA is set to /home/ykaraagac/cadence-bitirme/Flows/NanGate45/biriscv_2mul_vs_hybrid/scripts/cadence
             0V	    VSS
           1.1V	    VDD
Using Power View WC_VIEW
.
Load RC corner of view WC_VIEW

Begin Power Analysis

             0V	    VSS
           1.1V	    VDD

Begin Processing Timing Library for Power Calculation

Ended Processing Timing Library for Power Calculation: (cpu=0:00:00, real=0:00:00, mem(process/total/peak)=3170.48MB/11980.82MB/5080.26MB)



Begin Processing Power Net/Grid for Power Calculation

Ended Processing Power Net/Grid for Power Calculation: (cpu=0:00:00, real=0:00:00, mem(process/total/peak)=3170.48MB/11980.82MB/5080.26MB)

Begin Processing Timing Window Data for Power Calculation

clk(100MHz) CK: assigning clock clk to net clk_i
Ended Processing Timing Window Data for Power Calculation: (cpu=0:00:00, real=0:00:00, mem(process/total/peak)=3170.48MB/11980.82MB/5080.26MB)

Begin Processing User Attributes

Ended Processing User Attributes: (cpu=0:00:00, real=0:00:00, mem(process/total/peak)=3170.48MB/11980.82MB/5080.26MB)

Begin Processing Signal Activity


Starting Activity Propagation
2026-Jun-22 22:18:18 (2026-Jun-22 22:18:18 GMT)
2026-Jun-22 22:18:19 (2026-Jun-22 22:18:19 GMT): 10%

Finished Activity Propagation
2026-Jun-22 22:18:20 (2026-Jun-22 22:18:20 GMT)

Activity annotation summary:
        Primary Inputs : 180/180 = 100%
          Flop outputs : 3874/14346 = 27.004%
  Memory/Macro outputs : 0/0 = 0%
      Tristate outputs : 0/0 = 0%
            Total Nets : 19975/72373 = 27.6001%

Ended Processing Signal Activity: (cpu=0:00:01, real=0:00:01, mem(process/total/peak)=3170.48MB/11980.82MB/5080.26MB)

Begin Power Computation

      ----------------------------------------------------------
      # of cell(s) missing both power/leakage table: 0
      # of cell(s) missing power table: 0
      # of cell(s) missing leakage table: 0
      ----------------------------------------------------------



Starting Calculating power
2026-Jun-22 22:18:20 (2026-Jun-22 22:18:20 GMT)
 ... Calculating switching power
2026-Jun-22 22:18:20 (2026-Jun-22 22:18:20 GMT): 10%
2026-Jun-22 22:18:20 (2026-Jun-22 22:18:20 GMT): 20%
2026-Jun-22 22:18:20 (2026-Jun-22 22:18:20 GMT): 30%
2026-Jun-22 22:18:20 (2026-Jun-22 22:18:20 GMT): 40%
2026-Jun-22 22:18:20 (2026-Jun-22 22:18:20 GMT): 50%
 ... Calculating internal and leakage power
2026-Jun-22 22:18:21 (2026-Jun-22 22:18:21 GMT): 60%
2026-Jun-22 22:18:23 (2026-Jun-22 22:18:23 GMT): 70%
2026-Jun-22 22:18:24 (2026-Jun-22 22:18:24 GMT): 80%
2026-Jun-22 22:18:24 (2026-Jun-22 22:18:24 GMT): 90%

Finished Calculating power
2026-Jun-22 22:18:25 (2026-Jun-22 22:18:25 GMT)
      # of MSMV cell(s) missing power_level: 0
Ended Power Computation: (cpu=0:00:05, real=0:00:05, mem(process/total/peak)=3170.48MB/11980.82MB/5080.26MB)

Begin Processing User Attributes

Begin Processing set_power
Ended Processing set_power: (cpu=0:00:00, real=0:00:00,
mem(process/total/peak)=3170.48MB/11980.82MB/5080.26MB)
Ended Processing User Attributes: (cpu=0:00:00, real=0:00:00, mem(process/total/peak)=3170.48MB/11980.82MB/5080.26MB)

Ended Power Analysis: (cpu=0:00:07, real=0:00:07, mem(process/total/peak)=3170.48MB/11980.82MB/5080.26MB)

Begin Boundary Leakage Calculation
Ended Boundary Leakage Calculation: (cpu=0:00:00, real=0:00:00,
mem(process/total/peak)=3170.48MB/11980.82MB/5080.26MB)
Begin Static Power Report Generation
*----------------------------------------------------------------------------------------
*	Innovus 25.12-s079_1 (64bit) 11/18/2025 12:56 (Linux 4.18.0-305.el8.x86_64)
*	
*
* 	Date & Time:	2026-Jun-22 22:18:25 (2026-Jun-22 22:18:25 GMT)
*
*----------------------------------------------------------------------------------------
*
*	Design: riscv_core
*
*	Liberty Libraries used:
*	        /home/ykaraagac/cadence-bitirme/Enablements/NanGate45/lib/NangateOpenCellLibrary_typical.lib
*
*	Parasitic Files used:
*
*       Dynamic View: WC_VIEW
*
*       Leakage View: WC_VIEW
*
*       User-Defined Activity : N.A.
*
*	Switching Activity File used:
*	        /home/ykaraagac/cadence-bitirme/Flows/NanGate45/biriscv_2mul_vs_hybrid/scripts/cadence/outputs/mul_update_energy_probe_vcds/sliding_correlation_a04bb61_energy_baseline/vcd/core_hybrid.vcd
*                  Vcd Window used(Start Time, Stop Time):  
*                Vcd Scale Factor: 1
*
*       Hierarchical Global Activity: N.A.
*
*       Global Activity: N.A.
*
*       Sequential Element Activity: 0.200000
*
*       Primary Input Activity: 0.200000
*
*       Default icg ratio: N.A.
*
*       Global Comb ClockGate Ratio: N.A.
*
*	Power Units = 1mW
*
*	Time Units = 1e-09 secs
*
*       report_power -instances {u_mul}
*
-----------------------------------------------------------------------------------------
*



Total Power
-----------------------------------------------------------------------------------------
Total Internal Power:       45.97849944 	   60.4292%
Total Switching Power:      27.93008545 	   36.7083%
Total Leakage Power:         2.17791651 	    2.8624%
Total Power:                76.08650140
-----------------------------------------------------------------------------------------


Group                           Internal   Switching     Leakage       Total  Percentage 
                                Power      Power         Power         Power  (%)        
-----------------------------------------------------------------------------------------
Sequential                         26.75      0.4526      0.6646       27.86       36.62
Macro                                  0           0           0           0           0
IO                                     0           0           0           0           0
Combinational                      12.81       14.35       1.494       28.65       37.66
Clock (Combinational)              6.425       13.13     0.01956       19.57       25.72
Clock (Sequential)                     0           0           0           0           0
-----------------------------------------------------------------------------------------
Total                              45.98       27.93       2.178       76.09         100
-----------------------------------------------------------------------------------------


Clock                           Internal   Switching     Leakage       Total  Percentage 
                                Power      Power         Power         Power  (%)        
-----------------------------------------------------------------------------------------
clk                                6.425       13.13     0.01956       19.57       25.72
-----------------------------------------------------------------------------------------
Total                              6.425       13.13     0.01956       19.57       25.72
-----------------------------------------------------------------------------------------
Clock: clk
Clock Period: 0.010000 usec 
Clock Toggle Rate:   200.0000 Mhz 
Clock Static Probability:  0.5000
  


Rail                  Voltage   Internal   Switching     Leakage       Total  Percentage 
                                Power      Power         Power         Power  (%)        
-----------------------------------------------------------------------------------------
VDD                       1.1      45.98       27.93       2.178       76.09         100


Instance                      Max Toggles   Total Toggles   Internal   Switching     Leakage       Total  Percentage    Cell
                              Input Pins    Output Pins     Power      Power         Power         Power  (%)           Name
----------------------------------------------------------------------------------------------------------------------------
u_mul                                   0               0      14.05       7.787      0.9126       22.75        29.9    
----------------------------------------------------------------------------------------------------------------------------
Total                                                          14.05       7.787      0.9126       22.75        29.9    
 
 
-----------------------------------------------------------------------------------------
*	Power Distribution Summary: 
*              Highest Average Power: u_cbm/u_cbm_core/FE_OFC3170_n_521 (CLKBUF_X1):          0.04994
*              Highest Leakage Power:           u_issue/g162069 (AND4_X4):        0.0001893
*                Total Cap:      4.36518e-10 F
*                Total instances in design: 58275
*                Total instances in design with no power:     0
*                Total instances in design with no activty:     0

*                Total Fillers and Decap:     0
-----------------------------------------------------------------------------------------
 
** INFO:  (VOLTUS_POWR-3465): There are 0 decaps and 0 fillers in the design

Ended Static Power Report Generation: (cpu=0:00:00, real=0:00:00,
mem(process/total/peak)=3171.48MB/11980.82MB/5080.26MB)

