env CDS_WORKAREA is set to /home/ykaraagac/cadence-bitirme/Flows/NanGate45/biriscv_2mul_vs_hybrid/scripts/cadence
             0V	    VSS
           1.1V	    VDD
Using Power View WC_VIEW
.
Load RC corner of view WC_VIEW

Begin Power Analysis

             0V	    VSS
           1.1V	    VDD

Begin Processing Timing Library for Power Calculation

Ended Processing Timing Library for Power Calculation: (cpu=0:00:00, real=0:00:00, mem(process/total/peak)=3162.86MB/8132.52MB/3233.24MB)



Begin Processing Power Net/Grid for Power Calculation

Ended Processing Power Net/Grid for Power Calculation: (cpu=0:00:00, real=0:00:00, mem(process/total/peak)=3162.86MB/8132.52MB/3233.24MB)

Begin Processing Timing Window Data for Power Calculation

clk(100MHz) CK: assigning clock clk to net clk_i
Ended Processing Timing Window Data for Power Calculation: (cpu=0:00:00, real=0:00:00, mem(process/total/peak)=3162.86MB/8132.52MB/3233.24MB)

Begin Processing User Attributes

Ended Processing User Attributes: (cpu=0:00:00, real=0:00:00, mem(process/total/peak)=3162.86MB/8132.52MB/3233.24MB)

Begin Processing Signal Activity


Starting Activity Propagation
2026-Jun-23 17:10:42 (2026-Jun-23 17:10:42 GMT)
2026-Jun-23 17:10:42 (2026-Jun-23 17:10:42 GMT): 10%

Finished Activity Propagation
2026-Jun-23 17:10:43 (2026-Jun-23 17:10:43 GMT)

Activity annotation summary:
        Primary Inputs : 180/180 = 100%
          Flop outputs : 3874/14346 = 27.004%
  Memory/Macro outputs : 0/0 = 0%
      Tristate outputs : 0/0 = 0%
            Total Nets : 19975/72373 = 27.6001%

Ended Processing Signal Activity: (cpu=0:00:01, real=0:00:01, mem(process/total/peak)=3162.86MB/8132.52MB/3233.24MB)

Begin Power Computation

      ----------------------------------------------------------
      # of cell(s) missing both power/leakage table: 0
      # of cell(s) missing power table: 0
      # of cell(s) missing leakage table: 0
      ----------------------------------------------------------



Starting Calculating power
2026-Jun-23 17:10:43 (2026-Jun-23 17:10:43 GMT)
 ... Calculating switching power
2026-Jun-23 17:10:44 (2026-Jun-23 17:10:44 GMT): 10%
2026-Jun-23 17:10:44 (2026-Jun-23 17:10:44 GMT): 20%
2026-Jun-23 17:10:44 (2026-Jun-23 17:10:44 GMT): 30%
2026-Jun-23 17:10:44 (2026-Jun-23 17:10:44 GMT): 40%
2026-Jun-23 17:10:44 (2026-Jun-23 17:10:44 GMT): 50%
 ... Calculating internal and leakage power
2026-Jun-23 17:10:44 (2026-Jun-23 17:10:44 GMT): 60%
2026-Jun-23 17:10:46 (2026-Jun-23 17:10:46 GMT): 70%
2026-Jun-23 17:10:47 (2026-Jun-23 17:10:47 GMT): 80%
2026-Jun-23 17:10:48 (2026-Jun-23 17:10:48 GMT): 90%

Finished Calculating power
2026-Jun-23 17:10:49 (2026-Jun-23 17:10:49 GMT)
      # of MSMV cell(s) missing power_level: 0
Ended Power Computation: (cpu=0:00:05, real=0:00:05, mem(process/total/peak)=3162.86MB/8132.52MB/3233.24MB)

Begin Processing User Attributes

Begin Processing set_power
Ended Processing set_power: (cpu=0:00:00, real=0:00:00,
mem(process/total/peak)=3162.86MB/8132.52MB/3233.24MB)
Ended Processing User Attributes: (cpu=0:00:00, real=0:00:00, mem(process/total/peak)=3162.86MB/8132.52MB/3233.24MB)

Ended Power Analysis: (cpu=0:00:07, real=0:00:07, mem(process/total/peak)=3162.86MB/8132.52MB/3233.24MB)

Begin Boundary Leakage Calculation
Ended Boundary Leakage Calculation: (cpu=0:00:00, real=0:00:00,
mem(process/total/peak)=3162.86MB/8132.52MB/3233.24MB)
Begin Static Power Report Generation
*----------------------------------------------------------------------------------------
*	Innovus 25.12-s079_1 (64bit) 11/18/2025 12:56 (Linux 4.18.0-305.el8.x86_64)
*	
*
* 	Date & Time:	2026-Jun-23 17:10:49 (2026-Jun-23 17:10:49 GMT)
*
*----------------------------------------------------------------------------------------
*
*	Design: riscv_core
*
*	Liberty Libraries used:
*	        /home/ykaraagac/cadence-bitirme/Enablements/NanGate45/lib/NangateOpenCellLibrary_typical.lib
*
*	Parasitic Files used:
*
*       Dynamic View: WC_VIEW
*
*       Leakage View: WC_VIEW
*
*       User-Defined Activity : N.A.
*
*	Switching Activity File used:
*	        /home/ykaraagac/cadence-bitirme/Flows/NanGate45/biriscv_2mul_vs_hybrid/scripts/cadence/outputs/mul_update_latency_hiding_power_vcds/unrolled_dot16/vcd/core_hybrid.vcd
*                  Vcd Window used(Start Time, Stop Time):  
*                Vcd Scale Factor: 1
*
*       Hierarchical Global Activity: N.A.
*
*       Global Activity: N.A.
*
*       Sequential Element Activity: 0.200000
*
*       Primary Input Activity: 0.200000
*
*       Default icg ratio: N.A.
*
*       Global Comb ClockGate Ratio: N.A.
*
*	Power Units = 1mW
*
*	Time Units = 1e-09 secs
*
*       report_power -hierarchy all
*
-----------------------------------------------------------------------------------------
*



Total Power
-----------------------------------------------------------------------------------------
Total Internal Power:        5.91537665 	   50.0005%
Total Switching Power:       3.73403176 	   31.5624%
Total Leakage Power:         2.18121649 	   18.4370%
Total Power:                11.83062490
-----------------------------------------------------------------------------------------


Group                           Internal   Switching     Leakage       Total  Percentage 
                                Power      Power         Power         Power  (%)        
-----------------------------------------------------------------------------------------
Sequential                         3.744      0.4596      0.6647       4.868       41.15
Macro                                  0           0           0           0           0
IO                                     0           0           0           0           0
Combinational                      1.507       1.918       1.497       4.923       41.61
Clock (Combinational)             0.6642       1.356     0.01956        2.04       17.24
Clock (Sequential)                     0           0           0           0           0
-----------------------------------------------------------------------------------------
Total                              5.915       3.734       2.181       11.83         100
-----------------------------------------------------------------------------------------


Clock                           Internal   Switching     Leakage       Total  Percentage 
                                Power      Power         Power         Power  (%)        
-----------------------------------------------------------------------------------------
clk                               0.6642       1.356     0.01956        2.04       17.24
-----------------------------------------------------------------------------------------
Total                             0.6642       1.356     0.01956        2.04       17.24
-----------------------------------------------------------------------------------------
Clock: clk
Clock Period: 0.010000 usec 
Clock Toggle Rate:   200.0000 Mhz 
Clock Static Probability:  0.5000
  


Rail                  Voltage   Internal   Switching     Leakage       Total  Percentage 
                                Power      Power         Power         Power  (%)        
-----------------------------------------------------------------------------------------
VDD                       1.1      5.915       3.734       2.181       11.83         100


Hierarchy                       Internal   Switching     Leakage       Total  Percentage 
                                Power      Power         Power         Power  (%)        
-----------------------------------------------------------------------------------------
u_cbm                             0.1306     0.07489     0.04128      0.2468       2.086 
u_csr                             0.1948      0.0313     0.06158      0.2877       2.432 
u_div                             0.1407     0.03556     0.04974       0.226       1.911 
u_exec0                          0.08015     0.06461     0.04303      0.1878       1.587 
u_exec1                          0.08565     0.06611     0.04358      0.1953       1.651 
u_frontend                         1.837      0.8223      0.4566       3.116       26.33 
u_issue                            1.382       1.109      0.5306       3.022       25.54 
u_lsu                             0.1077      0.0564     0.03202      0.1961       1.657 
u_mul                             0.5028      0.4424     0.08658       1.032       8.722 
u_mul_array                       0.2238      0.1458     0.04575      0.4153        3.51 
u_mul_bw                         0.02906    0.009036     0.04069     0.07878      0.6659 
u_mul_wallace                    0.02989    0.009328     0.04379     0.08301      0.7017 
u_mulc                           0.08475     0.01546     0.02588      0.1261       1.066 
u_mule                           0.06864     0.01147     0.03815      0.1183      0.9996 
u_mule2                          0.08604      0.0254     0.07423      0.1857       1.569 
u_mule2n                         0.08537     0.02483     0.07425      0.1844       1.559 
u_mule3                          0.09262     0.03467     0.07368       0.201       1.699 
u_mule3n                         0.09753     0.04364     0.07413      0.2153        1.82 
u_mule5                           0.1145     0.04606     0.08115      0.2417       2.043 
u_mule5n                            0.11     0.03921     0.08088      0.2301       1.945 
u_mulen                          0.06854     0.01384      0.0382      0.1206       1.019 
u_mulp                           0.02897    0.009095     0.04071     0.07877      0.6658 
u_mulr                            0.0542     0.03503     0.09568      0.1849       1.563 
u_cbm/u_cbm_core                  0.1304     0.07477     0.04109      0.2463       2.082 
u_csr/u_csrfile                   0.1366     0.01675     0.04426      0.1977       1.671 
u_frontend/u_decode                0.145     0.05525     0.03286      0.2331        1.97 
u_frontend/u_fetch                0.1021     0.02574     0.02807      0.1559       1.318 
u_frontend/u_npc                   1.572      0.7012      0.3949       2.668       22.55 
u_issue/u_pipe0_ctrl              0.1745     0.03669     0.05873      0.2699       2.281 
u_issue/u_pipe1_ctrl              0.1041     0.01498     0.03415      0.1532       1.295 
u_issue/u_regfile                 0.8029      0.4769      0.2408       1.521       12.85 
u_lsu/u_lsu_request              0.04061    0.007126    0.009851     0.05759      0.4868 
u_exec0/u_alu                    0.02272     0.03412     0.02149     0.07833      0.6621 
u_exec1/u_alu                    0.02523     0.03584     0.02105     0.08211      0.6941 
u_mul_bw/g_array_reduce[1].u_csa
                               0.0005314   0.0002591    0.001435    0.002226     0.01881 
u_mul_bw/g_array_reduce[2].u_csa
                               0.0006043   0.0003527    0.001491    0.002448      0.0207 
u_mul_bw/g_array_reduce[3].u_csa
                               0.0007201   0.0004436    0.001448    0.002612     0.02208 
u_mul_bw/g_array_reduce[4].u_csa
                               0.0007907   0.0004867    0.001403     0.00268     0.02266 
u_mul_bw/g_array_reduce[5].u_csa
                               0.0008692   0.0005372    0.001359    0.002765     0.02337 
u_mul_bw/g_array_reduce[6].u_csa
                               0.0008194   0.0005224    0.001306    0.002648     0.02238 
u_mul_bw/g_array_reduce[7].u_csa
                                0.000746   0.0004652    0.001254    0.002465     0.02084 
u_mul_bw/g_array_reduce[8].u_csa
                               0.0006812   0.0004191    0.001203    0.002303     0.01947 
u_mul_bw/g_array_reduce[9].u_csa
                               0.0006617   0.0004251    0.001154    0.002241     0.01894 
u_mul_bw/g_array_reduce[10].u_csa
                               0.0006203   0.0004049    0.001106    0.002131     0.01801 
u_mul_bw/g_array_reduce[11].u_csa
                               0.0005665   0.0003597    0.001054     0.00198     0.01674 
u_mul_bw/g_array_reduce[12].u_csa
                               0.0005171   0.0003522    0.001005    0.001875     0.01585 
u_mul_bw/g_array_reduce[13].u_csa
                               0.0004661   0.0003091   0.0009551     0.00173     0.01463 
u_mul_bw/g_array_reduce[14].u_csa
                               0.0004008    0.000285   0.0009041     0.00159     0.01344 
u_mul_bw/g_array_reduce[15].u_csa
                               0.0003342   0.0002389   0.0008536    0.001427     0.01206 
u_mul_bw/g_array_reduce[16].u_csa
                               0.0002817   0.0002003   0.0008039    0.001286     0.01087 
u_mul_bw/g_array_reduce[17].u_csa
                               0.0002367   0.0001678   0.0007545    0.001159    0.009796 
u_mul_bw/g_array_reduce[18].u_csa
                               0.0001957   0.0001483   0.0007052    0.001049    0.008869 
u_mul_bw/g_array_reduce[19].u_csa
                               0.0001644   0.0001081   0.0006555    0.000928    0.007844 
u_mul_bw/g_array_reduce[20].u_csa
                               0.0001337   0.0001019   0.0006075    0.000843    0.007126 
u_mul_bw/g_array_reduce[21].u_csa
                               0.0001147    9.01e-05   0.0005589   0.0007637    0.006455 
u_mul_bw/g_array_reduce[22].u_csa
                               9.721e-05   7.404e-05   0.0005104   0.0006816    0.005762 
u_mul_bw/g_array_reduce[23].u_csa
                               8.198e-05   6.726e-05   0.0004619   0.0006112    0.005166 
u_mul_bw/g_array_reduce[24].u_csa
                               6.674e-05   5.315e-05   0.0004135   0.0005334    0.004508 
u_mul_bw/g_array_reduce[25].u_csa
                               5.273e-05    4.26e-05   0.0003651   0.0004604    0.003892 
u_mul_bw/g_array_reduce[26].u_csa
                               3.866e-05   3.661e-05   0.0003167    0.000392    0.003313 
u_mul_bw/g_array_reduce[27].u_csa
                               3.135e-05     2.8e-05   0.0002685   0.0003278    0.002771 
u_mul_bw/g_array_reduce[28].u_csa
                               2.958e-05   3.196e-05   0.0002203   0.0002819    0.002383 
u_mul_bw/g_array_reduce[29].u_csa
                               2.759e-05   2.947e-05   0.0001722   0.0002292    0.001938 
u_mul_bw/g_array_reduce[30].u_csa
                               2.605e-05   3.099e-05   0.0001241   0.0001811    0.001531 
u_mul_bw/g_array_reduce[31].u_csa
                               3.039e-05    1.95e-05   7.619e-05   0.0001261    0.001066 
u_mul_wallace/g_w1[0].u_csa
                               0.0006691   0.0004818     0.00154    0.002691     0.02274 
u_mul_wallace/g_w1[1].u_csa
                               0.0007679    0.000462    0.001403    0.002633     0.02225 
u_mul_wallace/g_w1[2].u_csa
                               0.0003766   0.0002563    0.001243    0.001876     0.01586 
u_mul_wallace/g_w1[3].u_csa
                               0.0003219    0.000247    0.001096    0.001665     0.01407 
u_mul_wallace/g_w1[4].u_csa
                                0.000187   0.0001081   0.0009464    0.001241     0.01049 
u_mul_wallace/g_w1[5].u_csa
                               1.264e-05   7.695e-06   0.0007966   0.0008169    0.006905 
u_mul_wallace/g_w1[6].u_csa
                                       0           0   0.0006518   0.0006518    0.005509 
u_mul_wallace/g_w1[7].u_csa
                                       0           0   0.0005075   0.0005075     0.00429 
u_mul_wallace/g_w1[8].u_csa
                                       0           0   0.0003632   0.0003632     0.00307 
u_mul_wallace/g_w1[9].u_csa
                                       0           0   0.0002188   0.0002188     0.00185 
u_mul_wallace/g_w2[0].u_csa
                                0.001007   0.0007339    0.001503    0.003244     0.02742 
u_mul_wallace/g_w2[1].u_csa
                               0.0004677   0.0002883    0.001291    0.002047     0.01731 
u_mul_wallace/g_w2[2].u_csa
                                0.000387    0.000246     0.00105    0.001683     0.01422 
u_mul_wallace/g_w2[3].u_csa
                               2.432e-05     1.6e-05   0.0008436   0.0008839    0.007472 
u_mul_wallace/g_w2[4].u_csa
                                       0           0   0.0006037   0.0006037    0.005103 
u_mul_wallace/g_w2[5].u_csa
                                       0           0   0.0004099   0.0004099    0.003465 
u_mul_wallace/g_w2[6].u_csa
                                       0           0   0.0001707   0.0001707    0.001443 
u_mul_wallace/g_w3[0].u_csa
                                0.001105   0.0007851    0.001457    0.003347     0.02829 
u_mul_wallace/g_w3[1].u_csa
                               0.0003906    0.000232    0.001142    0.001765     0.01492 
u_mul_wallace/g_w3[2].u_csa
                               2.334e-05   1.311e-05   0.0007953   0.0008317     0.00703 
u_mul_wallace/g_w3[3].u_csa
                                       0           0    0.000458    0.000458    0.003871 
u_mul_wallace/g_w3[4].u_csa
                               1.666e-06   1.566e-06   0.0001227   0.0001259    0.001064 
u_mul_wallace/g_w4[0].u_csa
                                0.001139   0.0008081    0.001404    0.003352     0.02833 
u_mul_wallace/g_w4[1].u_csa
                               9.897e-05   5.544e-05   0.0008922    0.001047    0.008846 
u_mul_wallace/g_w4[2].u_csa
                               1.429e-06   1.394e-06   0.0004085   0.0004113    0.003477 
u_mul_wallace/g_w5[0].u_csa
                                0.001057   0.0006877    0.001343    0.003087     0.02609 
u_mul_wallace/g_w5[1].u_csa
                               6.362e-06   3.858e-06   0.0005514   0.0005617    0.004747 
u_mul_wallace/u_w6_csa         0.0009734   0.0005998    0.001276    0.002849     0.02408 
u_mul_wallace/u_w7_csa         0.0009161   0.0005385    0.001212    0.002666     0.02254 
u_mul_wallace/u_w8_csa         0.0008671   0.0005118    0.001148    0.002527     0.02136 
u_mul_wallace/u_wallace_ks
                               0.0006487   0.0003125    0.001159     0.00212     0.01792 
u_mule2/g_ppm_reduce[1].u_ppm_csa
                                       0           0    0.001428    0.001428     0.01207 
u_mule2/g_ppm_reduce[2].u_ppm_csa
                                       0           0    0.001471    0.001471     0.01243 
u_mule2/g_ppm_reduce[3].u_ppm_csa
                                       0           0    0.001423    0.001423     0.01203 
u_mule2/g_ppm_reduce[4].u_ppm_csa
                                       0           0    0.001375    0.001375     0.01162 
u_mule2/g_ppm_reduce[5].u_ppm_csa
                                       0           0    0.001327    0.001327     0.01121 
u_mule2/g_ppm_reduce[6].u_ppm_csa
                                       0           0    0.001279    0.001279     0.01081 
u_mule2/g_ppm_reduce[7].u_ppm_csa
                                       0           0     0.00123     0.00123      0.0104 
u_mule2/g_ppm_reduce[8].u_ppm_csa
                                       0           0    0.001182    0.001182    0.009994 
u_mule2/g_ppm_reduce[9].u_ppm_csa
                                       0           0    0.001134    0.001134    0.009587 
u_mule2/g_ppm_reduce[10].u_ppm_csa
                                       0           0    0.001086    0.001086    0.009181 
u_mule2/g_ppm_reduce[11].u_ppm_csa
                                       0           0    0.001038    0.001038    0.008774 
u_mule2/g_ppm_reduce[12].u_ppm_csa
                                       0           0   0.0009899   0.0009899    0.008368 
u_mule2/g_ppm_reduce[13].u_ppm_csa
                                       0           0   0.0009418   0.0009418    0.007961 
u_mule2/g_ppm_reduce[14].u_ppm_csa
                                       0           0   0.0008937   0.0008937    0.007554 
u_mule2/g_ppm_reduce[15].u_ppm_csa
                                       0           0   0.0008456   0.0008456    0.007148 
u_mule2/u_feedback_csa0                0           0    0.001572    0.001572     0.01329 
u_mule2/u_feedback_csa1                0           0    0.001506    0.001506     0.01273 
u_mule2n/g_ppm_reduce[1].u_ppm_csa
                                       0           0    0.001428    0.001428     0.01207 
u_mule2n/g_ppm_reduce[2].u_ppm_csa
                                       0           0    0.001471    0.001471     0.01243 
u_mule2n/g_ppm_reduce[3].u_ppm_csa
                                       0           0    0.001423    0.001423     0.01203 
u_mule2n/g_ppm_reduce[4].u_ppm_csa
                                       0           0    0.001375    0.001375     0.01162 
u_mule2n/g_ppm_reduce[5].u_ppm_csa
                                       0           0    0.001327    0.001327     0.01121 
u_mule2n/g_ppm_reduce[6].u_ppm_csa
                                       0           0    0.001279    0.001279     0.01081 
u_mule2n/g_ppm_reduce[7].u_ppm_csa
                                       0           0     0.00123     0.00123      0.0104 
u_mule2n/g_ppm_reduce[8].u_ppm_csa
                                       0           0    0.001182    0.001182    0.009994 
u_mule2n/g_ppm_reduce[9].u_ppm_csa
                                       0           0    0.001134    0.001134    0.009587 
u_mule2n/g_ppm_reduce[10].u_ppm_csa
                                       0           0    0.001086    0.001086    0.009181 
u_mule2n/g_ppm_reduce[11].u_ppm_csa
                                       0           0    0.001038    0.001038    0.008774 
u_mule2n/g_ppm_reduce[12].u_ppm_csa
                                       0           0   0.0009899   0.0009899    0.008368 
u_mule2n/g_ppm_reduce[13].u_ppm_csa
                                       0           0   0.0009418   0.0009418    0.007961 
u_mule2n/g_ppm_reduce[14].u_ppm_csa
                                       0           0   0.0008937   0.0008937    0.007554 
u_mule2n/g_ppm_reduce[15].u_ppm_csa
                                       0           0   0.0008456   0.0008456    0.007148 
u_mule2n/u_feedback_csa0               0           0    0.001572    0.001572     0.01329 
u_mule2n/u_feedback_csa1               0           0    0.001506    0.001506     0.01273 
u_mule3/g_ppm_reduce[1].u_ppm_csa
                                       0           0    0.001428    0.001428     0.01207 
u_mule3/g_ppm_reduce[2].u_ppm_csa
                                       0           0    0.001471    0.001471     0.01243 
u_mule3/g_ppm_reduce[3].u_ppm_csa
                                       0           0    0.001423    0.001423     0.01203 
u_mule3/g_ppm_reduce[4].u_ppm_csa
                                       0           0    0.001375    0.001375     0.01162 
u_mule3/g_ppm_reduce[5].u_ppm_csa
                                       0           0    0.001327    0.001327     0.01121 
u_mule3/g_ppm_reduce[6].u_ppm_csa
                                       0           0    0.001279    0.001279     0.01081 
u_mule3/g_ppm_reduce[7].u_ppm_csa
                                       0           0     0.00123     0.00123      0.0104 
u_mule3/g_ppm_reduce[8].u_ppm_csa
                                       0           0    0.001182    0.001182    0.009994 
u_mule3/g_ppm_reduce[9].u_ppm_csa
                                       0           0    0.001134    0.001134    0.009587 
u_mule3/g_ppm_reduce[10].u_ppm_csa
                                       0           0    0.001086    0.001086    0.009181 
u_mule3/u_feedback_csa0                0           0    0.001572    0.001572     0.01329 
u_mule3/u_feedback_csa1                0           0    0.001505    0.001505     0.01272 
u_mule3n/g_ppm_reduce[1].u_ppm_csa
                                       0           0    0.001428    0.001428     0.01207 
u_mule3n/g_ppm_reduce[2].u_ppm_csa
                                       0           0    0.001471    0.001471     0.01243 
u_mule3n/g_ppm_reduce[3].u_ppm_csa
                                       0           0    0.001423    0.001423     0.01203 
u_mule3n/g_ppm_reduce[4].u_ppm_csa
                                       0           0    0.001375    0.001375     0.01162 
u_mule3n/g_ppm_reduce[5].u_ppm_csa
                                       0           0    0.001327    0.001327     0.01121 
u_mule3n/g_ppm_reduce[6].u_ppm_csa
                                       0           0    0.001279    0.001279     0.01081 
u_mule3n/g_ppm_reduce[7].u_ppm_csa
                                       0           0     0.00123     0.00123      0.0104 
u_mule3n/g_ppm_reduce[8].u_ppm_csa
                                       0           0    0.001182    0.001182    0.009994 
u_mule3n/g_ppm_reduce[9].u_ppm_csa
                                       0           0    0.001134    0.001134    0.009587 
u_mule3n/g_ppm_reduce[10].u_ppm_csa
                                       0           0    0.001086    0.001086    0.009181 
u_mule3n/u_feedback_csa0               0           0    0.001572    0.001572     0.01329 
u_mule3n/u_feedback_csa1               0           0    0.001505    0.001505     0.01272 
u_mule5/g_ppm_reduce[1].u_ppm_csa
                                       0           0    0.001428    0.001428     0.01207 
u_mule5/g_ppm_reduce[2].u_ppm_csa
                                       0           0    0.001471    0.001471     0.01243 
u_mule5/g_ppm_reduce[3].u_ppm_csa
                                       0           0    0.001423    0.001423     0.01203 
u_mule5/g_ppm_reduce[4].u_ppm_csa
                                       0           0    0.001375    0.001375     0.01162 
u_mule5/g_ppm_reduce[5].u_ppm_csa
                                       0           0    0.001327    0.001327     0.01121 
u_mule5/g_ppm_reduce[6].u_ppm_csa
                                       0           0    0.001279    0.001279     0.01081 
u_mule5/u_feedback_csa0                0           0    0.001572    0.001572     0.01329 
u_mule5/u_feedback_csa1                0           0    0.001511    0.001511     0.01277 
u_mule5n/g_ppm_reduce[1].u_ppm_csa
                                       0           0    0.001428    0.001428     0.01207 
u_mule5n/g_ppm_reduce[2].u_ppm_csa
                                       0           0    0.001471    0.001471     0.01243 
u_mule5n/g_ppm_reduce[3].u_ppm_csa
                                       0           0    0.001423    0.001423     0.01203 
u_mule5n/g_ppm_reduce[4].u_ppm_csa
                                       0           0    0.001375    0.001375     0.01162 
u_mule5n/g_ppm_reduce[5].u_ppm_csa
                                       0           0    0.001327    0.001327     0.01121 
u_mule5n/g_ppm_reduce[6].u_ppm_csa
                                       0           0    0.001279    0.001279     0.01081 
u_mule5n/u_feedback_csa0               0           0    0.001572    0.001572     0.01329 
u_mule5n/u_feedback_csa1               0           0    0.001511    0.001511     0.01277 
u_mulp/g_rows[1].u_csa         0.0005317   0.0002701    0.001435    0.002237     0.01891 
u_mulp/g_rows[2].u_csa         0.0006045   0.0003654    0.001491    0.002461     0.02081 
u_mulp/g_rows[3].u_csa         0.0007197   0.0004381    0.001448    0.002606     0.02203 
u_mulp/g_rows[4].u_csa         0.0007909   0.0004901    0.001403    0.002684     0.02269 
u_mulp/g_rows[5].u_csa         0.0008692    0.000535    0.001359    0.002763     0.02335 
u_mulp/g_rows[6].u_csa         0.0008192   0.0005163    0.001306    0.002641     0.02233 
u_mulp/g_rows[7].u_csa         0.0007463   0.0004747    0.001254    0.002475     0.02092 
u_mulp/g_rows[8].u_csa         0.0006817   0.0004322    0.001203    0.002317     0.01958 
u_mulp/g_rows[9].u_csa         0.0006619   0.0004296    0.001154    0.002246     0.01898 
u_mulp/g_rows[10].u_csa        0.0006203   0.0004076    0.001106    0.002134     0.01803 
u_mulp/g_rows[11].u_csa        0.0005667   0.0003649    0.001054    0.001986     0.01679 
u_mulp/g_rows[12].u_csa        0.0005174   0.0003596    0.001005    0.001882     0.01591 
u_mulp/g_rows[13].u_csa        0.0004662   0.0003139   0.0009551    0.001735     0.01467 
u_mulp/g_rows[14].u_csa        0.0004004   0.0002758   0.0009041     0.00158     0.01336 
u_mulp/g_rows[15].u_csa        0.0003343   0.0002425   0.0008536     0.00143     0.01209 
u_mulp/g_rows[16].u_csa        0.0002819   0.0002073   0.0008039    0.001293     0.01093 
u_mulp/g_rows[17].u_csa         0.000237   0.0001762   0.0007545    0.001168    0.009871 
u_mulp/g_rows[18].u_csa        0.0001956   0.0001474   0.0007052    0.001048    0.008861 
u_mulp/g_rows[19].u_csa        0.0001648   0.0001164   0.0006555   0.0009367    0.007918 
u_mulp/g_rows[20].u_csa        0.0001339   0.0001071   0.0006075   0.0008485    0.007172 
u_mulp/g_rows[21].u_csa        0.0001148   9.007e-05   0.0005589   0.0007638    0.006456 
u_mulp/g_rows[22].u_csa         9.76e-05   8.218e-05   0.0005104   0.0006902    0.005834 
u_mulp/g_rows[23].u_csa        8.191e-05   6.496e-05   0.0004619   0.0006088    0.005146 
u_mulp/g_rows[24].u_csa        6.693e-05   5.596e-05   0.0004135   0.0005364    0.004534 
u_mulp/g_rows[25].u_csa        5.274e-05   4.364e-05   0.0003651   0.0004615    0.003901 
u_mulp/g_rows[26].u_csa        3.866e-05   3.483e-05   0.0003167   0.0003902    0.003298 
u_mulp/g_rows[27].u_csa         3.14e-05   3.311e-05   0.0002685    0.000333    0.002815 
u_mulp/g_rows[28].u_csa        2.961e-05   3.034e-05   0.0002203   0.0002803    0.002369 
u_mulp/g_rows[29].u_csa        2.758e-05   2.688e-05   0.0001722   0.0002266    0.001916 
u_mulp/g_rows[30].u_csa        2.612e-05    3.53e-05   0.0001241   0.0001855    0.001568 
u_mulp/g_rows[31].u_csa         3.04e-05   2.014e-05   7.619e-05   0.0001267    0.001071 
u_mulr/g_bw[1].u_csa           0.0004834    0.000226    0.001247    0.001957     0.01654 
u_mulr/g_bw[2].u_csa           0.0005739    0.000336    0.001443    0.002352     0.01988 
u_mulr/g_bw[3].u_csa           0.0007236   0.0004278    0.001448      0.0026     0.02197 
u_mulr/g_bw[4].u_csa           0.0007951   0.0004978    0.001403    0.002696     0.02279 
u_mulr/g_bw[5].u_csa           0.0008732   0.0005406    0.001359    0.002772     0.02343 
u_mulr/g_bw[6].u_csa           0.0008211   0.0005033    0.001306     0.00263     0.02223 
u_mulr/g_bw[7].u_csa           0.0007481   0.0004677    0.001254     0.00247     0.02088 
u_mulr/g_bw[8].u_csa           0.0006824   0.0004169    0.001203    0.002302     0.01946 
u_mulr/g_bw[9].u_csa           0.0006633   0.0004126    0.001154     0.00223     0.01885 
u_mulr/g_bw[10].u_csa          0.0006217   0.0003901    0.001106    0.002117      0.0179 
u_mulr/g_bw[11].u_csa          0.0005593   0.0003586    0.001055    0.001973     0.01668 
u_mulr/g_bw[12].u_csa          0.0005173   0.0003233    0.001005    0.001846      0.0156 
u_mulr/g_bw[13].u_csa          0.0004665   0.0002952   0.0009551    0.001717     0.01451 
u_mulr/g_bw[14].u_csa          0.0004072   0.0002373   0.0009035    0.001548     0.01308 
u_mulr/g_bw[15].u_csa          0.0003403   0.0001895   0.0008529    0.001383     0.01169 
u_mulr/g_bw[16].u_csa          0.0002883    0.000164   0.0008032    0.001255     0.01061 
u_mulr/g_bw[17].u_csa          0.0002432   0.0001331   0.0007538     0.00113    0.009552 
u_mulr/g_bw[18].u_csa          0.0001945    0.000115   0.0007052    0.001015    0.008578 
u_mulr/g_bw[19].u_csa          0.0001561   0.0001019   0.0006561   0.0009141    0.007727 
u_mulr/g_bw[20].u_csa          0.0001411   7.484e-05   0.0006068   0.0008228    0.006954 
u_mulr/g_bw[21].u_csa          0.0001221   6.197e-05   0.0005582   0.0007423    0.006274 
u_mulr/g_bw[22].u_csa          9.716e-05   6.632e-05   0.0005104   0.0006739    0.005696 
u_mulr/g_bw[23].u_csa          8.158e-05   5.476e-05   0.0004619   0.0005983    0.005057 
u_mulr/g_bw[24].u_csa          6.657e-05     4.6e-05   0.0004135   0.0005261    0.004447 
u_mulr/g_bw[25].u_csa          5.269e-05    3.79e-05   0.0003651   0.0004557    0.003852 
u_mulr/g_bw[26].u_csa          3.857e-05   3.136e-05   0.0003167   0.0003867    0.003268 
u_mulr/g_bw[27].u_csa          3.129e-05   2.786e-05   0.0002685   0.0003276    0.002769 
u_mulr/g_bw[28].u_csa          2.951e-05   2.671e-05   0.0002203   0.0002765    0.002338 
u_mulr/g_bw[29].u_csa          2.746e-05   2.577e-05   0.0001722   0.0002254    0.001905 
u_mulr/g_bw[30].u_csa          2.604e-05   2.893e-05   0.0001241    0.000179    0.001513 
u_mulr/g_bw[31].u_csa          3.034e-05   2.519e-05   7.619e-05   0.0001317    0.001113 
u_mulr/g_wb1[0].u_csa          0.0006567   0.0004486    0.001493    0.002598     0.02196 
u_mulr/g_wb1[1].u_csa           0.000784   0.0004492    0.001404    0.002637     0.02229 
u_mulr/g_wb1[2].u_csa           0.000381   0.0002328    0.001243    0.001857      0.0157 
u_mulr/g_wb1[3].u_csa          0.0003293   0.0002349    0.001097    0.001661     0.01404 
u_mulr/g_wb1[4].u_csa          0.0001901   0.0001129   0.0009464    0.001249     0.01056 
u_mulr/g_wb1[5].u_csa          1.285e-05   8.233e-06   0.0007966   0.0008176    0.006911 
u_mulr/g_wb1[6].u_csa                  0           0   0.0006518   0.0006518    0.005509 
u_mulr/g_wb1[7].u_csa                  0           0   0.0005075   0.0005075     0.00429 
u_mulr/g_wb1[8].u_csa                  0           0   0.0003266   0.0003266     0.00276 
u_mulr/g_wb1[9].u_csa                  0           0   0.0002188   0.0002188     0.00185 
u_mulr/g_wb2[0].u_csa           0.001006   0.0007382    0.001502    0.003247     0.02744 
u_mulr/g_wb2[1].u_csa           0.000467   0.0002717    0.001291     0.00203     0.01716 
u_mulr/g_wb2[2].u_csa          0.0003868   0.0002526     0.00105    0.001689     0.01428 
u_mulr/g_wb2[3].u_csa          2.424e-05   1.632e-05   0.0008436   0.0008842    0.007474 
u_mulr/g_wb2[4].u_csa                  0           0   0.0006037   0.0006037    0.005103 
u_mulr/g_wb2[5].u_csa                  0           0   0.0004099   0.0004099    0.003465 
u_mulr/g_wb2[6].u_csa                  0           0   0.0001707   0.0001707    0.001443 
u_mulr/g_wb3[0].u_csa           0.001103   0.0007584    0.001457    0.003319     0.02805 
u_mulr/g_wb3[1].u_csa          0.0003898   0.0002279    0.001142     0.00176     0.01488 
u_mulr/g_wb3[2].u_csa          2.328e-05   1.494e-05   0.0007953   0.0008335    0.007045 
u_mulr/g_wb3[3].u_csa                  0           0    0.000458    0.000458    0.003871 
u_mulr/g_wb3[4].u_csa          1.671e-06   1.423e-06   0.0001227   0.0001258    0.001063 
u_mulr/g_wb4[0].u_csa            0.00114   0.0007659    0.001405    0.003311     0.02798 
u_mulr/g_wb4[1].u_csa          0.0001007   5.474e-05   0.0008919    0.001047    0.008852 
u_mulr/g_wb4[2].u_csa          1.435e-06   1.753e-06   0.0004085   0.0004117     0.00348 
u_mulr/g_wb5[0].u_csa           0.001052   0.0006421    0.001344    0.003038     0.02568 
u_mulr/g_wb5[1].u_csa          6.367e-06   3.925e-06   0.0005514   0.0005617    0.004748 
u_mulr/u_w6_csa                0.0009692   0.0005402    0.001277    0.002787     0.02355 
u_mulr/u_w7_csa                0.0009197   0.0004759    0.001219    0.002615      0.0221 
u_mulr/u_w8_csa                0.0008664   0.0004633    0.001148    0.002478     0.02095 
u_mulr/u_wallace_ks            0.0006581   0.0002993     0.00116    0.002117      0.0179 
u_frontend/u_decode/genblk1.u_fifo
                                  0.1387     0.04825     0.02662      0.2136       1.805 
u_frontend/u_npc/BRANCH_PREDICTION.u_lru
                                0.009894    0.001694    0.001869     0.01346      0.1137 
u_frontend/u_decode/genblk1.u_dec0
                                0.001575    0.002102     0.00234    0.006017     0.05086 
u_frontend/u_decode/genblk1.u_dec1
                                0.001834    0.002634    0.002342    0.006809     0.05756 
 
 
-----------------------------------------------------------------------------------------
*	Power Distribution Summary: 
*              Highest Average Power: u_issue/FE_OFC2759_opcode0_ra_operand_w_7 (INV_X4):         0.007003
*              Highest Leakage Power:           u_issue/g162069 (AND4_X4):        0.0001893
*                Total Cap:      4.36518e-10 F
*                Total instances in design: 58275
*                Total instances in design with no power:     0
*                Total instances in design with no activty:     0

*                Total Fillers and Decap:     0
-----------------------------------------------------------------------------------------
 
** INFO:  (VOLTUS_POWR-3465): There are 0 decaps and 0 fillers in the design

Ended Static Power Report Generation: (cpu=0:00:00, real=0:00:00,
mem(process/total/peak)=3163.86MB/8132.52MB/3233.24MB)

