 ------------------------------------------------------------------------------------------------------------------------------------------------------------------- 
| Snapshot                | WNS                  | TNS                  | Density (%) | Hotspot                   | Resource               | DRVs       | Layer-OPT |
|                         | HEPG (ns) | ALL (ns) | HEPG (ns) | ALL (ns) |             | Max (bins) | Total (bins) | Real (s) | Memory (MB) | Tran | Cap | metal4    |
|-------------------------+-----------+----------+-----------+----------+-------------+------------+--------------+----------+-------------+------+-----+-----------|
| initial_summary         |           |    4.113 |           |        0 |       69.99 |            |              | 0:00:05  |        3387 |  677 | 319 |           |
| simplify_netlist        |           |          |           |          |             |            |              | 0:00:01  |        3394 |      |     |           |
| drv_fixing              |     4.473 |    4.473 |         0 |        0 |       70.04 |            |              | 0:00:01  |        3575 |      |     |           |
| drv_fixing_2            |     5.180 |    5.180 |         0 |        0 |       70.38 |            |              | 0:00:03  |        3652 |   25 |  28 |         2 |
| global_opt              |           |    5.180 |           |        0 |       70.38 |            |              | 0:00:01  |        3676 |      |     |         2 |
| area_reclaiming         |     5.180 |    5.180 |         0 |        0 |       70.36 |            |              | 0:00:02  |        3682 |      |     |           |
| incremental_replacement |           |          |           |          |             |       0.00 |         0.00 | 0:00:21  |        3694 |      |     |           |
| drv_fixing_3            |     5.196 |    5.196 |         0 |        0 |       70.40 |            |              | 0:00:02  |        3664 |    0 |   0 |         4 |
| area_reclaiming_2       |     5.225 |    5.225 |         0 |        0 |       70.37 |            |              | 0:00:05  |        3720 |      |     |         8 |
| area_reclaiming_3       |     5.194 |    5.194 |         0 |        0 |       70.37 |            |              | 0:00:02  |        3677 |      |     |         1 |
| drv_eco_fixing          |     5.194 |    5.194 |         0 |        0 |       70.37 |            |              | 0:00:01  |        3675 |    0 |   7 |         1 |
| legalization            |           |          |           |          |             |            |              | 0:00:00  |        3675 |      |     |           |
| final_summary           |     5.195 |    5.195 |           |        0 |       70.37 |            |              | 0:00:03  |        3530 |    0 |   0 |           |
 ------------------------------------------------------------------------------------------------------------------------------------------------------------------- 
