env CDS_WORKAREA is set to /home/ykaraagac/cadence-bitirme/Flows/NanGate45/biriscv_parallel_matmul/scripts/cadence

Power Net Detected:
        Voltage	    Name
             0V	    VSS
           1.1V	    VDD
             0V	    VSS
           1.1V	    VDD
Using Power View WC_VIEW
.
Load RC corner of view WC_VIEW

Begin Power Analysis

             0V	    VSS
           1.1V	    VDD

Begin Processing Timing Library for Power Calculation

Ended Processing Timing Library for Power Calculation: (cpu=0:00:00, real=0:00:00, mem(process/total/peak)=4844.00MB/13781.53MB/4844.00MB)



Begin Processing Power Net/Grid for Power Calculation

Ended Processing Power Net/Grid for Power Calculation: (cpu=0:00:00, real=0:00:00, mem(process/total/peak)=4844.00MB/13781.53MB/4844.00MB)

Begin Processing Timing Window Data for Power Calculation

clk(100MHz) CK: assigning clock clk to net clk_i
Ended Processing Timing Window Data for Power Calculation: (cpu=0:00:00, real=0:00:00, mem(process/total/peak)=4846.00MB/13781.53MB/4846.00MB)

Begin Processing User Attributes

Ended Processing User Attributes: (cpu=0:00:00, real=0:00:00, mem(process/total/peak)=4846.00MB/13781.53MB/4846.00MB)

Begin Processing Signal Activity


Starting Levelizing
2026-Mar-31 09:47:41 (2026-Mar-31 09:47:41 GMT)
2026-Mar-31 09:47:41 (2026-Mar-31 09:47:41 GMT): 10%
2026-Mar-31 09:47:41 (2026-Mar-31 09:47:41 GMT): 20%
2026-Mar-31 09:47:41 (2026-Mar-31 09:47:41 GMT): 30%
2026-Mar-31 09:47:41 (2026-Mar-31 09:47:41 GMT): 40%
2026-Mar-31 09:47:41 (2026-Mar-31 09:47:41 GMT): 50%
2026-Mar-31 09:47:41 (2026-Mar-31 09:47:41 GMT): 60%
2026-Mar-31 09:47:41 (2026-Mar-31 09:47:41 GMT): 70%
2026-Mar-31 09:47:41 (2026-Mar-31 09:47:41 GMT): 80%
2026-Mar-31 09:47:41 (2026-Mar-31 09:47:41 GMT): 90%

Finished Levelizing
2026-Mar-31 09:47:41 (2026-Mar-31 09:47:41 GMT)

Starting Activity Propagation
2026-Mar-31 09:47:41 (2026-Mar-31 09:47:41 GMT)
** INFO:  (VOLTUS_POWR-1356): No default input activity has been set. Defaulting to 0.2.
Use 'set_default_switching_activity -input_activity' command to change the default activity value.

2026-Mar-31 09:47:42 (2026-Mar-31 09:47:42 GMT): 10%
2026-Mar-31 09:47:42 (2026-Mar-31 09:47:42 GMT): 20%

Finished Activity Propagation
2026-Mar-31 09:47:42 (2026-Mar-31 09:47:42 GMT)

Activity annotation summary:
        Primary Inputs : 180/180 = 100%
          Flop outputs : 1872/10340 = 18.1044%
  Memory/Macro outputs : 0/0 = 0%
      Tristate outputs : 0/0 = 0%
            Total Nets : 3710/36330 = 10.2119%

Ended Processing Signal Activity: (cpu=0:00:01, real=0:00:01, mem(process/total/peak)=4846.00MB/13781.53MB/4846.00MB)

Begin Power Computation

      ----------------------------------------------------------
      # of cell(s) missing both power/leakage table: 0
      # of cell(s) missing power table: 0
      # of cell(s) missing leakage table: 0
      ----------------------------------------------------------



Starting Calculating power
2026-Mar-31 09:47:42 (2026-Mar-31 09:47:42 GMT)
2026-Mar-31 09:47:43 (2026-Mar-31 09:47:43 GMT): 10%
2026-Mar-31 09:47:43 (2026-Mar-31 09:47:43 GMT): 20%
2026-Mar-31 09:47:43 (2026-Mar-31 09:47:43 GMT): 30%
2026-Mar-31 09:47:43 (2026-Mar-31 09:47:43 GMT): 40%
2026-Mar-31 09:47:43 (2026-Mar-31 09:47:43 GMT): 50%
2026-Mar-31 09:47:43 (2026-Mar-31 09:47:43 GMT): 60%
2026-Mar-31 09:47:43 (2026-Mar-31 09:47:43 GMT): 70%
2026-Mar-31 09:47:43 (2026-Mar-31 09:47:43 GMT): 80%
2026-Mar-31 09:47:43 (2026-Mar-31 09:47:43 GMT): 90%

Finished Calculating power
2026-Mar-31 09:47:43 (2026-Mar-31 09:47:43 GMT)
      # of MSMV cell(s) missing power_level: 0
Ended Power Computation: (cpu=0:00:02, real=0:00:00, mem(process/total/peak)=4854.79MB/13915.54MB/4854.79MB)

Begin Processing User Attributes

Begin Processing set_power
Ended Processing set_power: (cpu=0:00:00, real=0:00:00,
mem(process/total/peak)=4854.79MB/13915.54MB/4854.79MB)
Ended Processing User Attributes: (cpu=0:00:00, real=0:00:00, mem(process/total/peak)=4854.79MB/13915.54MB/4854.79MB)

Ended Power Analysis: (cpu=0:00:03, real=0:00:01, mem(process/total/peak)=4854.79MB/13915.54MB/4854.79MB)

Begin Boundary Leakage Calculation
Ended Boundary Leakage Calculation: (cpu=0:00:00, real=0:00:00,
mem(process/total/peak)=4854.79MB/13915.54MB/4854.79MB)
Begin Static Power Report Generation
*----------------------------------------------------------------------------------------
*	Innovus 25.12-s079_1 (64bit) 11/18/2025 12:56 (Linux 4.18.0-305.el8.x86_64)
*	
*
* 	Date & Time:	2026-Mar-31 09:47:43 (2026-Mar-31 09:47:43 GMT)
*
*----------------------------------------------------------------------------------------
*
*	Design: riscv_core
*
*	Liberty Libraries used:
*	        /home/ykaraagac/cadence-bitirme/Enablements/NanGate45/lib/NangateOpenCellLibrary_typical.lib
*
*	Parasitic Files used:
*
*       Dynamic View: WC_VIEW
*
*       Leakage View: WC_VIEW
*
*       User-Defined Activity : N.A.
*
*	Switching Activity File used:
*	        /home/ykaraagac/cadence-bitirme/Flows/NanGate45/biriscv_parallel_matmul/scripts/cadence/outputs/vcd/core_2standard.vcd
*                  Vcd Window used(Start Time, Stop Time):  
*                Vcd Scale Factor: 1
*
*       Hierarchical Global Activity: N.A.
*
*       Global Activity: N.A.
*
*       Sequential Element Activity: 0.200000
*
*       Primary Input Activity: 0.200000
*
*       Default icg ratio: N.A.
*
*       Global Comb ClockGate Ratio: N.A.
*
*	Power Units = 1mW
*
*	Time Units = 1e-09 secs
*
*       report_power
*
-----------------------------------------------------------------------------------------
*



Total Power
-----------------------------------------------------------------------------------------
Total Internal Power:        4.72041196 	   53.8270%
Total Switching Power:       2.82431337 	   32.2057%
Total Leakage Power:         1.22486974 	   13.9672%
Total Power:                 8.76959507
-----------------------------------------------------------------------------------------


Group                           Internal   Switching     Leakage       Total  Percentage 
                                Power      Power         Power         Power  (%)        
-----------------------------------------------------------------------------------------
Sequential                         2.863      0.3837      0.4968       3.744       42.69
Macro                                  0           0           0           0           0
IO                                     0           0           0           0           0
Combinational                       1.39        1.48      0.7143       3.585       40.87
Clock (Combinational)             0.4672      0.9602     0.01375       1.441       16.43
Clock (Sequential)                     0           0           0           0           0
-----------------------------------------------------------------------------------------
Total                               4.72       2.824       1.225        8.77         100
-----------------------------------------------------------------------------------------


Rail                  Voltage   Internal   Switching     Leakage       Total  Percentage 
                                Power      Power         Power         Power  (%)        
-----------------------------------------------------------------------------------------
VDD                       1.1       4.72       2.824       1.225        8.77         100


Clock                           Internal   Switching     Leakage       Total  Percentage 
                                Power      Power         Power         Power  (%)        
-----------------------------------------------------------------------------------------
clk                               0.4672      0.9602     0.01375       1.441       16.43
-----------------------------------------------------------------------------------------
Total                             0.4672      0.9602     0.01375       1.441       16.43
-----------------------------------------------------------------------------------------
Clock: clk
Clock Period: 0.010000 usec 
Clock Toggle Rate:   200.0000 Mhz 
Clock Static Probability:  0.5000
  
 
 
-----------------------------------------------------------------------------------------
*	Power Distribution Summary: 
*              Highest Average Power:  u_frontend/u_fetch/g3996 (MUX2_X2):         0.005017
*              Highest Leakage Power:            u_issue/g30651 (AND4_X4):        0.0001893
*                Total Cap:      2.24543e-10 F
*                Total instances in design: 30021
*                Total instances in design with no power:     0
*                Total instances in design with no activty:     0

*                Total Fillers and Decap:     0
-----------------------------------------------------------------------------------------
 
** INFO:  (VOLTUS_POWR-3465): There are 0 decaps and 0 fillers in the design

Ended Static Power Report Generation: (cpu=0:00:00, real=0:00:00,
mem(process/total/peak)=4856.79MB/13915.54MB/4856.79MB)

