 -------------------------------------------------------------------------------------------------------------------------------------------------------------------------------------------------------------------------------------- 
| Snapshot                    | WNS                  | TNS                  | Density (%) | Power estimated                                            | Hotspot                   | Resource               | DRVs         | Layer-OPT |
|                             | HEPG (ns) | ALL (ns) | HEPG (ns) | ALL (ns) |             | Total (mW) | Leakage (mW) | Switching (mW) | Internal (mW) | Max (bins) | Total (bins) | Real (s) | Memory (MB) | Tran | Cap   | metal4    |
|-----------------------------+-----------+----------+-----------+----------+-------------+------------+--------------+----------------+---------------+------------+--------------+----------+-------------+------+-------+-----------|
| initial_summary             |           |   -0.384 |           |       -3 |       22.76 |            |              |                |               |            |              | 0:00:04  |        4181 | 1183 | 36826 |           |
| force_downsizing_area_power |           |   -0.353 |           |       -3 |       22.16 |      12.86 |         1.52 |           2.69 |          8.65 |            |              | 0:00:04  |        4250 |      |       |           |
| simplify_netlist            |           |          |           |          |             |      12.21 |         1.38 |           2.68 |          8.15 |            |              | 0:00:01  |        4819 |      |       |           |
| drv_fixing                  |    -0.353 |   -0.353 |        -3 |       -3 |       22.16 |      12.21 |         1.38 |           2.68 |          8.15 |            |              | 0:00:01  |        4834 |      |       |           |
| drv_fixing_2                |    -0.333 |   -0.333 |        -2 |       -2 |       22.31 |      12.16 |         1.39 |           2.68 |          8.10 |            |              | 0:00:17  |        5096 | 1519 | 37312 |       636 |
| global_sizing               |           |          |           |          |             |      12.16 |         1.39 |           2.68 |          8.10 |            |              | 0:00:04  |        5159 |      |       |           |
| global_opt                  |           |    0.695 |           |        0 |       22.32 |      12.07 |         1.39 |           2.68 |          8.01 |            |              | 0:00:03  |        5169 |      |       |       638 |
| area_reclaiming             |     0.634 |    0.634 |         0 |        0 |       22.30 |      12.07 |         1.39 |           2.67 |          8.01 |            |              | 0:00:06  |        5199 |      |       |       475 |
| incremental_replacement     |           |          |           |          |             |            |              |                |               |       0.00 |         0.00 | 0:00:25  |        5227 |      |       |           |
| drv_fixing_3                |     2.121 |    2.121 |         0 |        0 |       22.91 |      12.21 |         1.53 |           2.63 |          8.04 |            |              | 0:01:46  |        5234 |  251 | 37445 |       543 |
| area_reclaiming_2           |     2.740 |    1.743 |         0 |        0 |       22.76 |      12.31 |         1.53 |           2.63 |          8.15 |            |              | 0:00:07  |        5272 |      |       |       229 |
| area_reclaiming_3           |     2.740 |    1.752 |         0 |        0 |       22.76 |      12.30 |         1.53 |           2.63 |          8.15 |            |              | 0:00:04  |        5275 |      |       |        98 |
| drv_eco_fixing              |     2.740 |    2.127 |         0 |        0 |       22.79 |      12.23 |         1.53 |           2.63 |          8.07 |            |              | 0:01:48  |        5336 |  680 | 36759 |       104 |
| legalization                |           |          |           |          |             |            |              |                |               |            |              | 0:00:00  |        5282 |      |       |           |
| power_reclaiming            |     2.740 |    2.127 |         0 |        0 |       22.79 |      12.23 |         1.53 |           2.63 |          8.07 |            |              | 0:00:01  |        5288 |      |       |       104 |
| power_reclaiming_2          |     2.740 |    2.127 |         0 |        0 |       22.77 |      12.23 |         1.53 |           2.63 |          8.07 |            |              | 0:00:04  |        5328 |      |       |       104 |
| final_summary               |     2.740 |    2.129 |           |        0 |       22.77 |            |              |                |               |            |              | 0:00:05  |        5067 |  322 | 36791 |           |
 -------------------------------------------------------------------------------------------------------------------------------------------------------------------------------------------------------------------------------------- 
