============================================================
  Generated by:           Genus(TM) Synthesis Solution 23.13-s073_1
  Generated on:           Dec 19 2025  03:57:23 pm
  Module:                 biriscv_multiplier_efficient
  Operating conditions:   PVT_0P77V_0C (balanced_tree)
  Wireload mode:          enclosed
  Area mode:              timing library
============================================================


Path 1: MET (5 ps) Setup Check with Pin p0_q_reg[31]/CLK->D
          Group: clk_i
     Startpoint: (R) state_q_reg[2]/CLK
          Clock: (R) clk_i
       Endpoint: (R) p0_q_reg[31]/D
          Clock: (R) clk_i

                     Capture       Launch     
        Clock Edge:+    1000            0     
       Src Latency:+       0            0     
       Net Latency:+       0 (I)        0 (I) 
           Arrival:=    1000            0     
                                              
             Setup:-      12                  
     Required Time:=     988                  
      Launch Clock:-       0                  
         Data Path:-     982                  
             Slack:=       5                  

#------------------------------------------------------------------------------------------------------------------
#      Timing Point        Flags    Arc    Edge           Cell            Fanout Load Trans Delay Arrival Instance 
#                                                                                (fF)  (ps)  (ps)   (ps)  Location 
#------------------------------------------------------------------------------------------------------------------
  state_q_reg[2]/CLK       -       -       R     (arrival)                   137    -     0     0       0    (-,-) 
  state_q_reg[2]/QN        -       CLK->QN R     ASYNC_DFFHx1_ASAP7_75t_R      3  1.6    20    41      41    (-,-) 
  g1322__2802/Y            -       B->Y    R     OR2x2_ASAP7_75t_R             3  2.3    12    22      62    (-,-) 
  g1320__3680/Y            -       B->Y    F     NOR2x1_ASAP7_75t_R           33 16.0    91    48     110    (-,-) 
  g1307/Y                  -       A->Y    R     INVx2_ASAP7_75t_R            33 16.6    67    51     162    (-,-) 
  g1271__1705/Y            -       B2->Y   R     AO22x1_ASAP7_75t_R           22 13.3    82    61     223    (-,-) 
  mul_58_33_g13410/Y       -       A->Y    F     INVx1_ASAP7_75t_R            19 11.4    70    53     276    (-,-) 
  mul_58_33_g13190__5477/Y -       A2->Y   R     OAI22xp5_ASAP7_75t_R          1  0.6    28    20     295    (-,-) 
  mul_58_33_g13144__6783/Y -       B->Y    F     NAND2xp5_ASAP7_75t_R          9  5.5    58    37     332    (-,-) 
  mul_58_33_g13134/Y       -       A->Y    R     INVx1_ASAP7_75t_R             9  5.2    43    33     366    (-,-) 
  mul_58_33_g12986__5107/Y -       A2->Y   F     AOI22xp5_ASAP7_75t_R          2  2.6    36    27     393    (-,-) 
  g13504/SN                -       A->SN   F     FAx1_ASAP7_75t_R              2  2.1    46    60     453    (-,-) 
  g13470/SN                -       CI->SN  F     FAx1_ASAP7_75t_R              3  1.6    42    56     509    (-,-) 
  mul_58_33_g12746__2346/Y -       B->Y    R     NAND2xp5_ASAP7_75t_R          2  1.2    24    21     530    (-,-) 
  mul_58_33_g12610__5526/Y -       A2->Y   F     AOI21xp5_ASAP7_75t_R          2  1.6    22    14     544    (-,-) 
  mul_58_33_g12580__8428/Y -       A2->Y   R     OAI21xp5_ASAP7_75t_R          2  1.5    25    18     562    (-,-) 
  mul_58_33_g12539__2346/Y -       A1->Y   F     AOI21xp5_ASAP7_75t_R          2  1.6    22    17     579    (-,-) 
  mul_58_33_g12518__8428/Y -       A2->Y   R     OAI21xp5_ASAP7_75t_R          2  1.5    25    18     597    (-,-) 
  mul_58_33_g12514__2398/Y -       A1->Y   F     AOI21xp5_ASAP7_75t_R          2  1.6    22    17     614    (-,-) 
  mul_58_33_g12512__6417/Y -       A2->Y   R     OAI21xp5_ASAP7_75t_R          2  1.5    25    18     632    (-,-) 
  mul_58_33_g12510__1666/Y -       A1->Y   F     AOI21xp5_ASAP7_75t_R          2  1.6    22    17     648    (-,-) 
  mul_58_33_g12508__2883/Y -       A2->Y   R     OAI21xp5_ASAP7_75t_R          2  1.5    25    18     666    (-,-) 
  mul_58_33_g12506__9315/Y -       A1->Y   F     AOI21xp5_ASAP7_75t_R          2  1.6    22    17     683    (-,-) 
  mul_58_33_g12504__4733/Y -       A2->Y   R     OAI21xp5_ASAP7_75t_R          2  1.5    24    18     701    (-,-) 
  mul_58_33_g12503__7482/Y -       B->Y    F     NAND2xp5_ASAP7_75t_R          2  1.2    19    15     716    (-,-) 
  g13421/Y                 -       A2->Y   R     A2O1A1Ixp33_ASAP7_75t_R       2  1.5    29    19     735    (-,-) 
  mul_58_33_g12497__5122/Y -       A1->Y   F     AOI21xp5_ASAP7_75t_R          2  1.6    23    18     752    (-,-) 
  mul_58_33_g12495__2802/Y -       A2->Y   R     OAI21xp5_ASAP7_75t_R          2  1.5    25    18     771    (-,-) 
  mul_58_33_g12493__3680/Y -       A2->Y   R     AO21x1_ASAP7_75t_R            2  1.5    13    19     790    (-,-) 
  mul_58_33_g12491__5526/Y -       A2->Y   R     AO21x1_ASAP7_75t_R            2  1.5    12    17     806    (-,-) 
  mul_58_33_g12489__4319/Y -       A1->Y   F     AOI21xp5_ASAP7_75t_R          2  1.6    20    13     820    (-,-) 
  mul_58_33_g12487__5107/Y -       A2->Y   R     OAI21xp5_ASAP7_75t_R          3  2.1    32    21     840    (-,-) 
  mul_58_33_g12486__2398/Y -       A1->Y   R     AO331x1_ASAP7_75t_R           2  1.5    16    31     872    (-,-) 
  mul_58_33_g12481__2346/Y -       A2->Y   R     AO21x1_ASAP7_75t_R            2  1.5    12    18     889    (-,-) 
  mul_58_33_g12479__9945/Y -       A2->Y   R     AO21x1_ASAP7_75t_R            2  1.5    12    17     906    (-,-) 
  mul_58_33_g12477__6161/Y -       A1->Y   F     AOI21xp5_ASAP7_75t_R          2  1.6    20    13     919    (-,-) 
  mul_58_33_g12475__7482/Y -       A2->Y   R     OAI21xp5_ASAP7_75t_R          2  1.5    25    18     937    (-,-) 
  mul_58_33_g12473__1881/Y -       A1->Y   F     AOI21xp5_ASAP7_75t_R          1  1.0    17    14     951    (-,-) 
  mul_58_33_g12472__6131/Y -       B->Y    F     XNOR2xp5_ASAP7_75t_R          1  0.6    15    20     971    (-,-) 
  g967__5477/Y             -       A2->Y   R     AOI22xp5_ASAP7_75t_R          1  0.6    29    12     982    (-,-) 
  p0_q_reg[31]/D           <<<     -       R     ASYNC_DFFHx1_ASAP7_75t_R      1    -     -     0     982    (-,-) 
#------------------------------------------------------------------------------------------------------------------

