

Working Directory = /home/ykaraagac/cadence-bitirme/Flows/NanGate45/biriscv_mul_mule_power/scripts/cadence
QoS Summary for biriscv_multiplier_efficient
================================================================================
Metric                          generic         map             final          
================================================================================
Slack (ps):                     5,612           6,840           6,869
  R2R (ps):                     5,612           6,840           6,869
  I2R (ps):                     9,242           9,329           9,329
  R2O (ps):                     7,952           8,241           8,241
  I2O (ps):                  no_value        no_value        no_value
  CG  (ps):                  no_value        no_value        no_value
TNS (ps):                           0               0               0
  R2R (ps):                         0               0               0
  I2R (ps):                         0               0               0
  R2O (ps):                         0               0               0
  I2O (ps):                  no_value        no_value        no_value
  CG  (ps):                  no_value        no_value        no_value
Failing Paths:                      0               0               0
Cell Area:                      5,722           2,138           2,135
Total Cell Area:                5,722           2,138           2,135
Leaf Instances:                 3,248             826             822
Total Instances:                3,248             826             822
Utilization (%):                 0.00            0.00            0.00
Tot. Net Length (um):        no_value        no_value        no_value
Avg. Net Length (um):        no_value        no_value        no_value
Route Overflow H (%):        no_value        no_value        no_value
Route Overflow V (%):        no_value        no_value        no_value
MBCI(%) (bits/gate) :            0.00            0.00            0.00
Norm Cong Hotspot Area:
  Max Cong:                  no_value        no_value        no_value
  Tot Cong:                  no_value        no_value        no_value
================================================================================
CPU  Runtime (h:m:s):        00:00:20        00:00:16        00:00:01
Real Runtime (h:m:s):        00:00:19        00:00:11        00:00:02
CPU  Elapsed (h:m:s):        00:00:23        00:00:39        00:00:40
Real Elapsed (h:m:s):        00:00:19        00:00:30        00:00:32
Memory (MB):                  2093.70         2094.67         2094.67
================================================================================
================================================================================
Flow Settings:
================================================================================
Total Runtime (h:m:s): 00:00:32
Total Memory (MB):     2102.68
Executable Version:    25.12-s067_1
================================================================================
Total Cell Area =  Cell Area + Physical Cell Area
Total Instances =  Leaf Instances + Physical Instances


