============================================================
  Generated by:           Genus(TM) Synthesis Solution 25.12-s067_1
  Generated on:           Mar 23 2026  09:19:10 pm
  Technology library:     NangateOpenCellLibrary revision 1.0
  Operating conditions:   typical (balanced_tree)
  Wireload mode:          enclosed
  Area mode:              timing library
============================================================

                                Leakage                         
   Gate    Instances   Area   Power (nW)         Library        
----------------------------------------------------------------
AND2_X1           11   11.704    284.129 NangateOpenCellLibrary 
AND2_X4            1    2.394    110.031 NangateOpenCellLibrary 
AND3_X1            1    1.330     31.578 NangateOpenCellLibrary 
AND3_X2            1    1.596     57.517 NangateOpenCellLibrary 
AOI21_X1          11   11.704    310.230 NangateOpenCellLibrary 
AOI221_X1         70  111.720   2354.240 NangateOpenCellLibrary 
AOI222_X1          7   14.896    283.890 NangateOpenCellLibrary 
AOI22_X1          11   14.630    303.327 NangateOpenCellLibrary 
DFFR_X1            4   21.280    350.736 NangateOpenCellLibrary 
FA_X1            121  514.976   9063.422 NangateOpenCellLibrary 
HA_X1              1    2.660     61.227 NangateOpenCellLibrary 
INV_X1            94   50.008   1351.235 NangateOpenCellLibrary 
MUX2_X1           29   53.998   1087.850 NangateOpenCellLibrary 
MUX2_X2            5   11.970    327.738 NangateOpenCellLibrary 
NAND2_X1          33   26.334    652.957 NangateOpenCellLibrary 
NAND2_X2           1    1.330     28.888 NangateOpenCellLibrary 
NAND3_X1           1    1.064     31.580 NangateOpenCellLibrary 
NAND4_X1           3    3.990     54.381 NangateOpenCellLibrary 
NOR2_X1           28   22.344    605.758 NangateOpenCellLibrary 
NOR3_X1            2    2.128     50.429 NangateOpenCellLibrary 
OAI211_X1          1    1.330     35.680 NangateOpenCellLibrary 
OAI21_X1          15   15.960    414.084 NangateOpenCellLibrary 
OAI21_X2           1    1.862     61.443 NangateOpenCellLibrary 
OAI221_X1          4    6.384    182.686 NangateOpenCellLibrary 
OAI222_X1          2    4.256    114.631 NangateOpenCellLibrary 
OAI22_X1          84  111.720   3424.274 NangateOpenCellLibrary 
OAI33_X1           2    3.724     96.628 NangateOpenCellLibrary 
OR2_X1            12   12.768    277.887 NangateOpenCellLibrary 
OR2_X2             1    1.330     44.935 NangateOpenCellLibrary 
OR3_X1             4    5.320     99.411 NangateOpenCellLibrary 
OR4_X1             1    1.596     26.733 NangateOpenCellLibrary 
SDFFR_X1         133  884.450  14347.190 NangateOpenCellLibrary 
XNOR2_X1         119  189.924   4210.556 NangateOpenCellLibrary 
XOR2_X1            8   12.768    296.088 NangateOpenCellLibrary 
----------------------------------------------------------------
total            822 2135.448  41033.368                        
                                           Leakage  Leakage 
     Type      Instances   Area   Area % Power (nW) Power % 
------------------------------------------------------------
sequential           137  905.730   42.4  14697.926    35.8 
inverter              94   50.008    2.3   1351.235     3.3 
logic                591 1179.710   55.2  24984.207    60.9 
physical_cells         0    0.000    0.0      0.000     0.0 
------------------------------------------------------------
total                822 2135.448  100.0  41033.368   100.0 
