============================================================
  Generated by:           Genus(TM) Synthesis Solution 25.12-s067_1
  Generated on:           Mar 23 2026  09:18:57 pm
  Module:                 biriscv_multiplier_efficient
  Technology library:     NangateOpenCellLibrary revision 1.0
  Operating conditions:   typical (balanced_tree)
  Wireload mode:          enclosed
  Area mode:              timing library
============================================================

Timing
--------

Clock  Period 
--------------
clk   10000.0 


  Cost    Critical         Violating 
 Group   Path Slack  TNS     Paths   
-------------------------------------
clk          5612.3   0.0          0 
default    No paths   0.0            
-------------------------------------
Total                 0.0          0 

Instance Count
--------------
Leaf Instance Count             3248 
Physical Instance count            0 
Sequential Instance Count        137 
Combinational Instance Count    3111 
Hierarchical Instance Count        2 

Area
----
Cell Area                          5722.022
Physical Cell Area                 0.000
Total Cell Area (Cell+Physical)    5722.022
Net Area                           0.000
Total Area (Cell+Physical+Net)     5722.022

Runtime                            0.0 seconds
Elapsed Runtime                    29 seconds
Genus peak memory usage            1993.84 
Innovus peak memory usage          no_value 
Hostname                           dockereda-rocky8
