============================================================
  Generated by:           Genus(TM) Synthesis Solution 25.12-s067_1
  Generated on:           Mar 23 2026  09:19:08 pm
  Module:                 biriscv_multiplier_efficient
  Technology library:     NangateOpenCellLibrary revision 1.0
  Operating conditions:   typical (balanced_tree)
  Wireload mode:          enclosed
  Area mode:              timing library
============================================================

Timing
--------

Clock  Period 
--------------
clk   10000.0 


  Cost    Critical         Violating 
 Group   Path Slack  TNS     Paths   
-------------------------------------
clk          6840.3   0.0          0 
default    No paths   0.0            
-------------------------------------
Total                 0.0          0 

Instance Count
--------------
Leaf Instance Count             826 
Physical Instance count           0 
Sequential Instance Count       137 
Combinational Instance Count    689 
Hierarchical Instance Count       0 

Area
----
Cell Area                          2137.576
Physical Cell Area                 0.000
Total Cell Area (Cell+Physical)    2137.576
Net Area                           0.000
Total Area (Cell+Physical+Net)     2137.576

Runtime                            0.0 seconds
Elapsed Runtime                    40 seconds
Genus peak memory usage            1998.62 
Innovus peak memory usage          no_value 
Hostname                           dockereda-rocky8
