============================================================
  Generated by:           Genus(TM) Synthesis Solution 25.12-s067_1
  Generated on:           Mar 23 2026  09:19:11 pm
  Technology library:     NangateOpenCellLibrary revision 1.0
  Operating conditions:   typical (balanced_tree)
  Wireload mode:          enclosed
  Area mode:              timing library
============================================================

                                                     
   Gate    Instances   Area           Library        
-----------------------------------------------------
AND2_X1           11   11.704 NangateOpenCellLibrary 
AND2_X4            1    2.394 NangateOpenCellLibrary 
AND3_X1            1    1.330 NangateOpenCellLibrary 
AND3_X2            1    1.596 NangateOpenCellLibrary 
AOI21_X1          11   11.704 NangateOpenCellLibrary 
AOI221_X1         70  111.720 NangateOpenCellLibrary 
AOI222_X1          7   14.896 NangateOpenCellLibrary 
AOI22_X1          11   14.630 NangateOpenCellLibrary 
DFFR_X1            4   21.280 NangateOpenCellLibrary 
FA_X1            121  514.976 NangateOpenCellLibrary 
HA_X1              1    2.660 NangateOpenCellLibrary 
INV_X1            94   50.008 NangateOpenCellLibrary 
MUX2_X1           29   53.998 NangateOpenCellLibrary 
MUX2_X2            5   11.970 NangateOpenCellLibrary 
NAND2_X1          33   26.334 NangateOpenCellLibrary 
NAND2_X2           1    1.330 NangateOpenCellLibrary 
NAND3_X1           1    1.064 NangateOpenCellLibrary 
NAND4_X1           3    3.990 NangateOpenCellLibrary 
NOR2_X1           28   22.344 NangateOpenCellLibrary 
NOR3_X1            2    2.128 NangateOpenCellLibrary 
OAI211_X1          1    1.330 NangateOpenCellLibrary 
OAI21_X1          15   15.960 NangateOpenCellLibrary 
OAI21_X2           1    1.862 NangateOpenCellLibrary 
OAI221_X1          4    6.384 NangateOpenCellLibrary 
OAI222_X1          2    4.256 NangateOpenCellLibrary 
OAI22_X1          84  111.720 NangateOpenCellLibrary 
OAI33_X1           2    3.724 NangateOpenCellLibrary 
OR2_X1            12   12.768 NangateOpenCellLibrary 
OR2_X2             1    1.330 NangateOpenCellLibrary 
OR3_X1             4    5.320 NangateOpenCellLibrary 
OR4_X1             1    1.596 NangateOpenCellLibrary 
SDFFR_X1         133  884.450 NangateOpenCellLibrary 
XNOR2_X1         119  189.924 NangateOpenCellLibrary 
XOR2_X1            8   12.768 NangateOpenCellLibrary 
-----------------------------------------------------
total            822 2135.448                        
                                         
     Type      Instances   Area   Area % 
-----------------------------------------
sequential           137  905.730   42.4 
inverter              94   50.008    2.3 
logic                591 1179.710   55.2 
physical_cells         0    0.000    0.0 
-----------------------------------------
total                822 2135.448  100.0 
