env CDS_WORKAREA is set to /home/ykaraagac/cadence-bitirme/Flows/NanGate45/biriscv_2mul_vs_hybrid/scripts/cadence
             0V	    VSS
           1.1V	    VDD
Using Power View WC_VIEW
.
Load RC corner of view WC_VIEW

Begin Power Analysis

             0V	    VSS
           1.1V	    VDD

Begin Processing Timing Library for Power Calculation

Ended Processing Timing Library for Power Calculation: (cpu=0:00:00, real=0:00:00, mem(process/total/peak)=3173.14MB/11987.92MB/5084.05MB)



Begin Processing Power Net/Grid for Power Calculation

Ended Processing Power Net/Grid for Power Calculation: (cpu=0:00:00, real=0:00:00, mem(process/total/peak)=3173.14MB/11987.92MB/5084.05MB)

Begin Processing Timing Window Data for Power Calculation

clk(100MHz) CK: assigning clock clk to net clk_i
Ended Processing Timing Window Data for Power Calculation: (cpu=0:00:00, real=0:00:00, mem(process/total/peak)=3173.14MB/11987.92MB/5084.05MB)

Begin Processing User Attributes

Ended Processing User Attributes: (cpu=0:00:00, real=0:00:00, mem(process/total/peak)=3173.14MB/11987.92MB/5084.05MB)

Begin Processing Signal Activity


Starting Activity Propagation
2026-Jun-23 15:06:22 (2026-Jun-23 15:06:22 GMT)
2026-Jun-23 15:06:22 (2026-Jun-23 15:06:22 GMT): 10%

Finished Activity Propagation
2026-Jun-23 15:06:23 (2026-Jun-23 15:06:23 GMT)

Activity annotation summary:
        Primary Inputs : 180/180 = 100%
          Flop outputs : 3874/14346 = 27.004%
  Memory/Macro outputs : 0/0 = 0%
      Tristate outputs : 0/0 = 0%
            Total Nets : 19975/72373 = 27.6001%

Ended Processing Signal Activity: (cpu=0:00:01, real=0:00:01, mem(process/total/peak)=3173.14MB/11987.92MB/5084.05MB)

Begin Power Computation

      ----------------------------------------------------------
      # of cell(s) missing both power/leakage table: 0
      # of cell(s) missing power table: 0
      # of cell(s) missing leakage table: 0
      ----------------------------------------------------------



Starting Calculating power
2026-Jun-23 15:06:23 (2026-Jun-23 15:06:23 GMT)
 ... Calculating switching power
2026-Jun-23 15:06:24 (2026-Jun-23 15:06:24 GMT): 10%
2026-Jun-23 15:06:24 (2026-Jun-23 15:06:24 GMT): 20%
2026-Jun-23 15:06:24 (2026-Jun-23 15:06:24 GMT): 30%
2026-Jun-23 15:06:24 (2026-Jun-23 15:06:24 GMT): 40%
2026-Jun-23 15:06:24 (2026-Jun-23 15:06:24 GMT): 50%
 ... Calculating internal and leakage power
2026-Jun-23 15:06:24 (2026-Jun-23 15:06:24 GMT): 60%
2026-Jun-23 15:06:26 (2026-Jun-23 15:06:26 GMT): 70%
2026-Jun-23 15:06:27 (2026-Jun-23 15:06:27 GMT): 80%
2026-Jun-23 15:06:28 (2026-Jun-23 15:06:28 GMT): 90%

Finished Calculating power
2026-Jun-23 15:06:29 (2026-Jun-23 15:06:29 GMT)
      # of MSMV cell(s) missing power_level: 0
Ended Power Computation: (cpu=0:00:05, real=0:00:05, mem(process/total/peak)=3173.14MB/11987.92MB/5084.05MB)

Begin Processing User Attributes

Begin Processing set_power
Ended Processing set_power: (cpu=0:00:00, real=0:00:00,
mem(process/total/peak)=3173.14MB/11987.92MB/5084.05MB)
Ended Processing User Attributes: (cpu=0:00:00, real=0:00:00, mem(process/total/peak)=3173.14MB/11987.92MB/5084.05MB)

Ended Power Analysis: (cpu=0:00:07, real=0:00:07, mem(process/total/peak)=3173.14MB/11987.92MB/5084.05MB)

Begin Boundary Leakage Calculation
Ended Boundary Leakage Calculation: (cpu=0:00:00, real=0:00:00,
mem(process/total/peak)=3173.14MB/11987.92MB/5084.05MB)
Begin Static Power Report Generation
*----------------------------------------------------------------------------------------
*	Innovus 25.12-s079_1 (64bit) 11/18/2025 12:56 (Linux 4.18.0-305.el8.x86_64)
*	
*
* 	Date & Time:	2026-Jun-23 15:06:29 (2026-Jun-23 15:06:29 GMT)
*
*----------------------------------------------------------------------------------------
*
*	Design: riscv_core
*
*	Liberty Libraries used:
*	        /home/ykaraagac/cadence-bitirme/Enablements/NanGate45/lib/NangateOpenCellLibrary_typical.lib
*
*	Parasitic Files used:
*
*       Dynamic View: WC_VIEW
*
*       Leakage View: WC_VIEW
*
*       User-Defined Activity : N.A.
*
*	Switching Activity File used:
*	        /home/ykaraagac/cadence-bitirme/Flows/NanGate45/biriscv_2mul_vs_hybrid/scripts/cadence/outputs/mul_update_latency_hiding_power_vcds/sliding_correlation/vcd/core_hybrid.vcd
*                  Vcd Window used(Start Time, Stop Time):  
*                Vcd Scale Factor: 1
*
*       Hierarchical Global Activity: N.A.
*
*       Global Activity: N.A.
*
*       Sequential Element Activity: 0.200000
*
*       Primary Input Activity: 0.200000
*
*       Default icg ratio: N.A.
*
*       Global Comb ClockGate Ratio: N.A.
*
*	Power Units = 1mW
*
*	Time Units = 1e-09 secs
*
*       report_power -hierarchy all
*
-----------------------------------------------------------------------------------------
*



Total Power
-----------------------------------------------------------------------------------------
Total Internal Power:        5.78647823 	   50.4333%
Total Switching Power:       3.50914135 	   30.5847%
Total Leakage Power:         2.17791651 	   18.9821%
Total Power:                11.47353610
-----------------------------------------------------------------------------------------


Group                           Internal   Switching     Leakage       Total  Percentage 
                                Power      Power         Power         Power  (%)        
-----------------------------------------------------------------------------------------
Sequential                         3.744      0.4526      0.6646       4.862       42.37
Macro                                  0           0           0           0           0
IO                                     0           0           0           0           0
Combinational                      1.378         1.7       1.494       4.572       39.85
Clock (Combinational)             0.6642       1.356     0.01956        2.04       17.78
Clock (Sequential)                     0           0           0           0           0
-----------------------------------------------------------------------------------------
Total                              5.786       3.509       2.178       11.47         100
-----------------------------------------------------------------------------------------


Clock                           Internal   Switching     Leakage       Total  Percentage 
                                Power      Power         Power         Power  (%)        
-----------------------------------------------------------------------------------------
clk                               0.6642       1.356     0.01956        2.04       17.78
-----------------------------------------------------------------------------------------
Total                             0.6642       1.356     0.01956        2.04       17.78
-----------------------------------------------------------------------------------------
Clock: clk
Clock Period: 0.010000 usec 
Clock Toggle Rate:   200.0000 Mhz 
Clock Static Probability:  0.5000
  


Rail                  Voltage   Internal   Switching     Leakage       Total  Percentage 
                                Power      Power         Power         Power  (%)        
-----------------------------------------------------------------------------------------
VDD                       1.1      5.786       3.509       2.178       11.47         100


Hierarchy                       Internal   Switching     Leakage       Total  Percentage 
                                Power      Power         Power         Power  (%)        
-----------------------------------------------------------------------------------------
u_cbm                              0.123     0.06791      0.0411       0.232       2.022 
u_csr                             0.1959     0.03344     0.06167      0.2911       2.537 
u_div                             0.1429     0.03818     0.04973      0.2308       2.012 
u_exec0                          0.06833     0.04274     0.04249      0.1536       1.338 
u_exec1                          0.07745     0.05773     0.04352      0.1787       1.557 
u_frontend                         1.832      0.8146      0.4564       3.103       27.05 
u_issue                            1.335      0.9711      0.5295       2.836       24.72 
u_lsu                            0.09745     0.04167     0.03185       0.171        1.49 
u_mul                             0.5071       0.446     0.08656        1.04       9.061 
u_mul_array                       0.1791       0.113     0.04571      0.3378       2.944 
u_mul_bw                         0.02773    0.007754     0.04057     0.07605      0.6629 
u_mul_wallace                    0.02914    0.008517     0.04372     0.08138      0.7093 
u_mulc                           0.08296     0.01502      0.0257      0.1237       1.078 
u_mule                           0.06864     0.01149     0.03813      0.1183       1.031 
u_mule2                          0.08782      0.0278     0.07419      0.1898       1.654 
u_mule2n                         0.08711     0.02719      0.0742      0.1885       1.643 
u_mule3                          0.09257     0.03465     0.07366      0.2009       1.751 
u_mule3n                         0.09747     0.04362     0.07411      0.2152       1.876 
u_mule5                           0.1158     0.04765     0.08113      0.2446       2.132 
u_mule5n                          0.1114      0.0408     0.08086       0.233       2.031 
u_mulen                          0.06848     0.01381     0.03819      0.1205        1.05 
u_mulp                            0.0275    0.007771     0.04057     0.07584       0.661 
u_mulr                           0.05106     0.03156     0.09535       0.178       1.551 
u_cbm/u_cbm_core                  0.1227     0.06774     0.04092      0.2314       2.016 
u_csr/u_csrfile                   0.1365     0.01682     0.04428      0.1976       1.723 
u_frontend/u_decode               0.1415     0.04642     0.03288      0.2208       1.925 
u_frontend/u_fetch                0.1096     0.03549     0.02804      0.1732       1.509 
u_frontend/u_npc                   1.563      0.6927      0.3947       2.651        23.1 
u_issue/u_pipe0_ctrl              0.1733     0.03276     0.05837      0.2644       2.304 
u_issue/u_pipe1_ctrl              0.1028     0.01432     0.03408      0.1512       1.318 
u_issue/u_regfile                  0.778      0.4407      0.2406       1.459       12.72 
u_lsu/u_lsu_request              0.03801    0.005009    0.009815     0.05284      0.4605 
u_exec0/u_alu                    0.01263     0.01865     0.02124     0.05252      0.4578 
u_exec1/u_alu                    0.02457     0.03426     0.02106     0.07989      0.6963 
u_mul_bw/g_array_reduce[1].u_csa
                               0.0002721   0.0001291    0.001432    0.001833     0.01598 
u_mul_bw/g_array_reduce[2].u_csa
                               0.0003087   0.0001775    0.001481    0.001967     0.01714 
u_mul_bw/g_array_reduce[3].u_csa
                                0.000385   0.0002348    0.001435    0.002055     0.01791 
u_mul_bw/g_array_reduce[4].u_csa
                               0.0004393   0.0002685    0.001388    0.002096     0.01827 
u_mul_bw/g_array_reduce[5].u_csa
                               0.0004357   0.0002664     0.00134    0.002042     0.01779 
u_mul_bw/g_array_reduce[6].u_csa
                                0.000626   0.0003976    0.001298    0.002322     0.02024 
u_mul_bw/g_array_reduce[7].u_csa
                               0.0006044   0.0003895    0.001246     0.00224     0.01952 
u_mul_bw/g_array_reduce[8].u_csa
                               0.0005831   0.0003644    0.001198    0.002145      0.0187 
u_mul_bw/g_array_reduce[9].u_csa
                               0.0006755   0.0004348    0.001154    0.002265     0.01974 
u_mul_bw/g_array_reduce[10].u_csa
                               0.0005985   0.0003805    0.001101     0.00208     0.01813 
u_mul_bw/g_array_reduce[11].u_csa
                                0.000659   0.0004247    0.001057     0.00214     0.01866 
u_mul_bw/g_array_reduce[12].u_csa
                               0.0006736    0.000449    0.001011    0.002133     0.01859 
u_mul_bw/g_array_reduce[13].u_csa
                               0.0005097   0.0003346   0.0009556      0.0018     0.01569 
u_mul_bw/g_array_reduce[14].u_csa
                               0.0004447   0.0003068   0.0009038    0.001655     0.01443 
u_mul_bw/g_array_reduce[15].u_csa
                               0.0003865   0.0002633   0.0008535    0.001503      0.0131 
u_mul_bw/g_array_reduce[16].u_csa
                               0.0003402   0.0002392   0.0008044    0.001384     0.01206 
u_mul_bw/g_array_reduce[17].u_csa
                               0.0003004    0.000205   0.0007554    0.001261     0.01099 
u_mul_bw/g_array_reduce[18].u_csa
                               0.0002611    0.000194   0.0007064    0.001161     0.01012 
u_mul_bw/g_array_reduce[19].u_csa
                               0.0002182   0.0001454   0.0006574    0.001021    0.008899 
u_mul_bw/g_array_reduce[20].u_csa
                               0.0001703   0.0001308   0.0006084   0.0009095    0.007927 
u_mul_bw/g_array_reduce[21].u_csa
                               0.0001489   9.706e-05   0.0005598   0.0008058    0.007023 
u_mul_bw/g_array_reduce[22].u_csa
                               0.0001037   8.049e-05   0.0005108    0.000695    0.006057 
u_mul_bw/g_array_reduce[23].u_csa
                               9.587e-05   6.524e-05   0.0004625   0.0006237    0.005436 
u_mul_bw/g_array_reduce[24].u_csa
                               5.719e-05   4.641e-05   0.0004137   0.0005173    0.004509 
u_mul_bw/g_array_reduce[25].u_csa
                               5.369e-05   2.393e-05   0.0003655   0.0004432    0.003862 
u_mul_bw/g_array_reduce[26].u_csa
                               1.465e-05   1.154e-05   0.0003167   0.0003428    0.002988 
u_mul_bw/g_array_reduce[27].u_csa
                               1.242e-05   9.336e-06   0.0002685   0.0002903     0.00253 
u_mul_bw/g_array_reduce[28].u_csa
                               1.031e-05   8.351e-06   0.0002204    0.000239    0.002083 
u_mul_bw/g_array_reduce[29].u_csa
                               8.156e-06   6.877e-06   0.0001722   0.0001872    0.001632 
u_mul_bw/g_array_reduce[30].u_csa
                               5.827e-06   5.153e-06   0.0001241    0.000135    0.001177 
u_mul_bw/g_array_reduce[31].u_csa
                               4.683e-06   2.924e-06   7.595e-05   8.356e-05   0.0007283 
u_mul_wallace/g_w1[0].u_csa
                               0.0003542   0.0002424    0.001528    0.002125     0.01852 
u_mul_wallace/g_w1[1].u_csa
                               0.0004113   0.0002481    0.001386    0.002045     0.01783 
u_mul_wallace/g_w1[2].u_csa
                               0.0004933   0.0003353    0.001245    0.002074     0.01807 
u_mul_wallace/g_w1[3].u_csa
                               0.0004742    0.000378    0.001099    0.001951     0.01701 
u_mul_wallace/g_w1[4].u_csa
                               0.0002462   0.0001396   0.0009486    0.001334     0.01163 
u_mul_wallace/g_w1[5].u_csa
                               1.804e-05   1.065e-05   0.0007967   0.0008254    0.007194 
u_mul_wallace/g_w1[6].u_csa
                               1.173e-05   7.672e-06   0.0006521   0.0006715    0.005853 
u_mul_wallace/g_w1[7].u_csa
                                       0           0   0.0005075   0.0005075    0.004423 
u_mul_wallace/g_w1[8].u_csa
                                       0           0   0.0003632   0.0003632    0.003165 
u_mul_wallace/g_w1[9].u_csa
                                       0           0   0.0002188   0.0002188    0.001907 
u_mul_wallace/g_w2[0].u_csa
                               0.0005567   0.0003838    0.001485    0.002425     0.02114 
u_mul_wallace/g_w2[1].u_csa
                               0.0005042   0.0003062    0.001288    0.002098     0.01829 
u_mul_wallace/g_w2[2].u_csa
                               0.0005868   0.0003706    0.001054    0.002011     0.01753 
u_mul_wallace/g_w2[3].u_csa
                               1.846e-05   1.253e-05   0.0008434   0.0008744    0.007621 
u_mul_wallace/g_w2[4].u_csa
                               1.077e-05   7.986e-06   0.0006039   0.0006227    0.005427 
u_mul_wallace/g_w2[5].u_csa
                                       0           0   0.0004099   0.0004099    0.003572 
u_mul_wallace/g_w2[6].u_csa
                                       0           0   0.0001707   0.0001707    0.001488 
u_mul_wallace/g_w3[0].u_csa
                               0.0008372   0.0006018    0.001441     0.00288      0.0251 
u_mul_wallace/g_w3[1].u_csa
                               0.0005095   0.0003143    0.001145    0.001968     0.01716 
u_mul_wallace/g_w3[2].u_csa
                               2.209e-05   1.354e-05   0.0007954    0.000831    0.007243 
u_mul_wallace/g_w3[3].u_csa
                               5.672e-07   3.485e-07    0.000458   0.0004589       0.004 
u_mul_wallace/g_w3[4].u_csa
                               4.287e-07    4.03e-07   0.0001226   0.0001235    0.001076 
u_mul_wallace/g_w4[0].u_csa
                               0.0009777   0.0006917    0.001395    0.003065     0.02671 
u_mul_wallace/g_w4[1].u_csa
                               0.0001534   8.398e-05    0.000894    0.001131    0.009861 
u_mul_wallace/g_w4[2].u_csa
                               9.884e-07   7.289e-07   0.0004085   0.0004102    0.003575 
u_mul_wallace/g_w5[0].u_csa
                               0.0009998   0.0006758    0.001339    0.003015     0.02627 
u_mul_wallace/g_w5[1].u_csa
                               6.289e-06   3.647e-06   0.0005515   0.0005615    0.004894 
u_mul_wallace/u_w6_csa           0.00095   0.0006021    0.001276    0.002828     0.02465 
u_mul_wallace/u_w7_csa          0.000953   0.0005463    0.001211    0.002711     0.02362 
u_mul_wallace/u_w8_csa         0.0009271   0.0005531    0.001149    0.002629     0.02291 
u_mul_wallace/u_wallace_ks
                               0.0007038   0.0003376    0.001158    0.002199     0.01917 
u_mule2/g_ppm_reduce[1].u_ppm_csa
                                       0           0    0.001428    0.001428     0.01245 
u_mule2/g_ppm_reduce[2].u_ppm_csa
                                       0           0    0.001471    0.001471     0.01282 
u_mule2/g_ppm_reduce[3].u_ppm_csa
                                       0           0    0.001423    0.001423      0.0124 
u_mule2/g_ppm_reduce[4].u_ppm_csa
                                       0           0    0.001375    0.001375     0.01198 
u_mule2/g_ppm_reduce[5].u_ppm_csa
                                       0           0    0.001327    0.001327     0.01156 
u_mule2/g_ppm_reduce[6].u_ppm_csa
                                       0           0    0.001279    0.001279     0.01114 
u_mule2/g_ppm_reduce[7].u_ppm_csa
                                       0           0     0.00123     0.00123     0.01072 
u_mule2/g_ppm_reduce[8].u_ppm_csa
                                       0           0    0.001182    0.001182     0.01031 
u_mule2/g_ppm_reduce[9].u_ppm_csa
                                       0           0    0.001134    0.001134    0.009886 
u_mule2/g_ppm_reduce[10].u_ppm_csa
                                       0           0    0.001086    0.001086    0.009467 
u_mule2/g_ppm_reduce[11].u_ppm_csa
                                       0           0    0.001038    0.001038    0.009047 
u_mule2/g_ppm_reduce[12].u_ppm_csa
                                       0           0   0.0009899   0.0009899    0.008628 
u_mule2/g_ppm_reduce[13].u_ppm_csa
                                       0           0   0.0009418   0.0009418    0.008209 
u_mule2/g_ppm_reduce[14].u_ppm_csa
                                       0           0   0.0008937   0.0008937    0.007789 
u_mule2/g_ppm_reduce[15].u_ppm_csa
                                       0           0   0.0008456   0.0008456     0.00737 
u_mule2/u_feedback_csa0                0           0    0.001572    0.001572      0.0137 
u_mule2/u_feedback_csa1                0           0    0.001506    0.001506     0.01313 
u_mule2n/g_ppm_reduce[1].u_ppm_csa
                                       0           0    0.001428    0.001428     0.01245 
u_mule2n/g_ppm_reduce[2].u_ppm_csa
                                       0           0    0.001471    0.001471     0.01282 
u_mule2n/g_ppm_reduce[3].u_ppm_csa
                                       0           0    0.001423    0.001423      0.0124 
u_mule2n/g_ppm_reduce[4].u_ppm_csa
                                       0           0    0.001375    0.001375     0.01198 
u_mule2n/g_ppm_reduce[5].u_ppm_csa
                                       0           0    0.001327    0.001327     0.01156 
u_mule2n/g_ppm_reduce[6].u_ppm_csa
                                       0           0    0.001279    0.001279     0.01114 
u_mule2n/g_ppm_reduce[7].u_ppm_csa
                                       0           0     0.00123     0.00123     0.01072 
u_mule2n/g_ppm_reduce[8].u_ppm_csa
                                       0           0    0.001182    0.001182     0.01031 
u_mule2n/g_ppm_reduce[9].u_ppm_csa
                                       0           0    0.001134    0.001134    0.009886 
u_mule2n/g_ppm_reduce[10].u_ppm_csa
                                       0           0    0.001086    0.001086    0.009467 
u_mule2n/g_ppm_reduce[11].u_ppm_csa
                                       0           0    0.001038    0.001038    0.009047 
u_mule2n/g_ppm_reduce[12].u_ppm_csa
                                       0           0   0.0009899   0.0009899    0.008628 
u_mule2n/g_ppm_reduce[13].u_ppm_csa
                                       0           0   0.0009418   0.0009418    0.008209 
u_mule2n/g_ppm_reduce[14].u_ppm_csa
                                       0           0   0.0008937   0.0008937    0.007789 
u_mule2n/g_ppm_reduce[15].u_ppm_csa
                                       0           0   0.0008456   0.0008456     0.00737 
u_mule2n/u_feedback_csa0               0           0    0.001572    0.001572      0.0137 
u_mule2n/u_feedback_csa1               0           0    0.001506    0.001506     0.01313 
u_mule3/g_ppm_reduce[1].u_ppm_csa
                                       0           0    0.001428    0.001428     0.01245 
u_mule3/g_ppm_reduce[2].u_ppm_csa
                                       0           0    0.001471    0.001471     0.01282 
u_mule3/g_ppm_reduce[3].u_ppm_csa
                                       0           0    0.001423    0.001423      0.0124 
u_mule3/g_ppm_reduce[4].u_ppm_csa
                                       0           0    0.001375    0.001375     0.01198 
u_mule3/g_ppm_reduce[5].u_ppm_csa
                                       0           0    0.001327    0.001327     0.01156 
u_mule3/g_ppm_reduce[6].u_ppm_csa
                                       0           0    0.001279    0.001279     0.01114 
u_mule3/g_ppm_reduce[7].u_ppm_csa
                                       0           0     0.00123     0.00123     0.01072 
u_mule3/g_ppm_reduce[8].u_ppm_csa
                                       0           0    0.001182    0.001182     0.01031 
u_mule3/g_ppm_reduce[9].u_ppm_csa
                                       0           0    0.001134    0.001134    0.009886 
u_mule3/g_ppm_reduce[10].u_ppm_csa
                                       0           0    0.001086    0.001086    0.009467 
u_mule3/u_feedback_csa0                0           0    0.001572    0.001572      0.0137 
u_mule3/u_feedback_csa1                0           0    0.001505    0.001505     0.01312 
u_mule3n/g_ppm_reduce[1].u_ppm_csa
                                       0           0    0.001428    0.001428     0.01245 
u_mule3n/g_ppm_reduce[2].u_ppm_csa
                                       0           0    0.001471    0.001471     0.01282 
u_mule3n/g_ppm_reduce[3].u_ppm_csa
                                       0           0    0.001423    0.001423      0.0124 
u_mule3n/g_ppm_reduce[4].u_ppm_csa
                                       0           0    0.001375    0.001375     0.01198 
u_mule3n/g_ppm_reduce[5].u_ppm_csa
                                       0           0    0.001327    0.001327     0.01156 
u_mule3n/g_ppm_reduce[6].u_ppm_csa
                                       0           0    0.001279    0.001279     0.01114 
u_mule3n/g_ppm_reduce[7].u_ppm_csa
                                       0           0     0.00123     0.00123     0.01072 
u_mule3n/g_ppm_reduce[8].u_ppm_csa
                                       0           0    0.001182    0.001182     0.01031 
u_mule3n/g_ppm_reduce[9].u_ppm_csa
                                       0           0    0.001134    0.001134    0.009886 
u_mule3n/g_ppm_reduce[10].u_ppm_csa
                                       0           0    0.001086    0.001086    0.009467 
u_mule3n/u_feedback_csa0               0           0    0.001572    0.001572      0.0137 
u_mule3n/u_feedback_csa1               0           0    0.001505    0.001505     0.01312 
u_mule5/g_ppm_reduce[1].u_ppm_csa
                                       0           0    0.001428    0.001428     0.01245 
u_mule5/g_ppm_reduce[2].u_ppm_csa
                                       0           0    0.001471    0.001471     0.01282 
u_mule5/g_ppm_reduce[3].u_ppm_csa
                                       0           0    0.001423    0.001423      0.0124 
u_mule5/g_ppm_reduce[4].u_ppm_csa
                                       0           0    0.001375    0.001375     0.01198 
u_mule5/g_ppm_reduce[5].u_ppm_csa
                                       0           0    0.001327    0.001327     0.01156 
u_mule5/g_ppm_reduce[6].u_ppm_csa
                                       0           0    0.001279    0.001279     0.01114 
u_mule5/u_feedback_csa0                0           0    0.001572    0.001572      0.0137 
u_mule5/u_feedback_csa1                0           0    0.001511    0.001511     0.01317 
u_mule5n/g_ppm_reduce[1].u_ppm_csa
                                       0           0    0.001428    0.001428     0.01245 
u_mule5n/g_ppm_reduce[2].u_ppm_csa
                                       0           0    0.001471    0.001471     0.01282 
u_mule5n/g_ppm_reduce[3].u_ppm_csa
                                       0           0    0.001423    0.001423      0.0124 
u_mule5n/g_ppm_reduce[4].u_ppm_csa
                                       0           0    0.001375    0.001375     0.01198 
u_mule5n/g_ppm_reduce[5].u_ppm_csa
                                       0           0    0.001327    0.001327     0.01156 
u_mule5n/g_ppm_reduce[6].u_ppm_csa
                                       0           0    0.001279    0.001279     0.01114 
u_mule5n/u_feedback_csa0               0           0    0.001572    0.001572      0.0137 
u_mule5n/u_feedback_csa1               0           0    0.001511    0.001511     0.01317 
u_mulp/g_rows[1].u_csa         0.0002724   0.0001395    0.001432    0.001844     0.01607 
u_mulp/g_rows[2].u_csa         0.0003089   0.0001861    0.001481    0.001976     0.01722 
u_mulp/g_rows[3].u_csa         0.0003849    0.000233    0.001435    0.002053     0.01789 
u_mulp/g_rows[4].u_csa         0.0004394   0.0002706    0.001388    0.002098     0.01829 
u_mulp/g_rows[5].u_csa         0.0004357   0.0002662     0.00134    0.002041     0.01779 
u_mulp/g_rows[6].u_csa         0.0006259   0.0003962    0.001298     0.00232     0.02022 
u_mulp/g_rows[7].u_csa         0.0006046   0.0003957    0.001246    0.002246     0.01958 
u_mulp/g_rows[8].u_csa         0.0005837   0.0003833    0.001198    0.002165     0.01887 
u_mulp/g_rows[9].u_csa         0.0006759   0.0004481    0.001154    0.002278     0.01986 
u_mulp/g_rows[10].u_csa        0.0005982     0.00038    0.001101    0.002079     0.01812 
u_mulp/g_rows[11].u_csa        0.0006594   0.0004336    0.001057     0.00215     0.01874 
u_mulp/g_rows[12].u_csa        0.0006738   0.0004555    0.001011     0.00214     0.01865 
u_mulp/g_rows[13].u_csa        0.0005099   0.0003384   0.0009556    0.001804     0.01572 
u_mulp/g_rows[14].u_csa        0.0004441   0.0002909   0.0009038    0.001639     0.01428 
u_mulp/g_rows[15].u_csa        0.0003872   0.0002787   0.0008535    0.001519     0.01324 
u_mulp/g_rows[16].u_csa        0.0003401   0.0002376   0.0008044    0.001382     0.01205 
u_mulp/g_rows[17].u_csa        0.0003007   0.0002119   0.0007554    0.001268     0.01105 
u_mulp/g_rows[18].u_csa        0.0002608   0.0001884   0.0007064    0.001156     0.01007 
u_mulp/g_rows[19].u_csa        0.0002188   0.0001583   0.0006574    0.001034    0.009016 
u_mulp/g_rows[20].u_csa        0.0001704   0.0001328   0.0006084   0.0009117    0.007946 
u_mulp/g_rows[21].u_csa        0.0001492   0.0001022   0.0005598   0.0008112     0.00707 
u_mulp/g_rows[22].u_csa         0.000104   8.776e-05   0.0005108   0.0007025    0.006123 
u_mulp/g_rows[23].u_csa        9.586e-05   6.493e-05   0.0004625   0.0006233    0.005433 
u_mulp/g_rows[24].u_csa        5.728e-05   4.829e-05   0.0004137   0.0005193    0.004526 
u_mulp/g_rows[25].u_csa        5.388e-05   2.589e-05   0.0003655   0.0004453    0.003881 
u_mulp/g_rows[26].u_csa        1.464e-05   1.093e-05   0.0003167   0.0003422    0.002983 
u_mulp/g_rows[27].u_csa        1.247e-05   1.077e-05   0.0002685   0.0002917    0.002543 
u_mulp/g_rows[28].u_csa        1.031e-05    8.27e-06   0.0002204   0.0002389    0.002083 
u_mulp/g_rows[29].u_csa        8.146e-06   6.316e-06   0.0001722   0.0001867    0.001627 
u_mulp/g_rows[30].u_csa        5.851e-06    5.94e-06   0.0001241   0.0001359    0.001184 
u_mulp/g_rows[31].u_csa        4.684e-06   3.007e-06   7.595e-05   8.364e-05    0.000729 
u_mulr/g_bw[1].u_csa           0.0002144   9.891e-05    0.001244    0.001557     0.01357 
u_mulr/g_bw[2].u_csa           0.0002749   0.0001625    0.001431    0.001869     0.01629 
u_mulr/g_bw[3].u_csa           0.0003874   0.0002297    0.001435    0.002052     0.01788 
u_mulr/g_bw[4].u_csa           0.0004421   0.0002743    0.001388    0.002105     0.01834 
u_mulr/g_bw[5].u_csa           0.0004375   0.0002718     0.00134    0.002049     0.01786 
u_mulr/g_bw[6].u_csa           0.0006308   0.0003706    0.001298      0.0023     0.02004 
u_mulr/g_bw[7].u_csa           0.0006061     0.00038    0.001246    0.002232     0.01946 
u_mulr/g_bw[8].u_csa           0.0005844    0.000361    0.001198    0.002143     0.01868 
u_mulr/g_bw[9].u_csa           0.0006792   0.0004309    0.001154    0.002264     0.01974 
u_mulr/g_bw[10].u_csa          0.0005983   0.0003562    0.001101    0.002055     0.01791 
u_mulr/g_bw[11].u_csa          0.0006604   0.0004086    0.001057    0.002126     0.01853 
u_mulr/g_bw[12].u_csa          0.0006752   0.0004307    0.001011    0.002117     0.01845 
u_mulr/g_bw[13].u_csa          0.0005092    0.000321   0.0009556    0.001786     0.01556 
u_mulr/g_bw[14].u_csa          0.0004431   0.0002553   0.0009037    0.001602     0.01396 
u_mulr/g_bw[15].u_csa          0.0003854   0.0002168   0.0008534    0.001456     0.01269 
u_mulr/g_bw[16].u_csa          0.0003393   0.0002014   0.0008043    0.001345     0.01172 
u_mulr/g_bw[17].u_csa          0.0002996   0.0001702   0.0007553    0.001225     0.01068 
u_mulr/g_bw[18].u_csa          0.0002593   0.0001437   0.0007064    0.001109    0.009669 
u_mulr/g_bw[19].u_csa          0.0002174   0.0001285   0.0006575    0.001003    0.008745 
u_mulr/g_bw[20].u_csa          0.0001699   9.803e-05   0.0006083   0.0008762    0.007637 
u_mulr/g_bw[21].u_csa          0.0001493   8.217e-05   0.0005597   0.0007912    0.006895 
u_mulr/g_bw[22].u_csa          0.0001031   6.209e-05   0.0005108    0.000676    0.005892 
u_mulr/g_bw[23].u_csa           9.54e-05   5.171e-05   0.0004625   0.0006097    0.005314 
u_mulr/g_bw[24].u_csa           5.68e-05   3.423e-05   0.0004137   0.0005047    0.004399 
u_mulr/g_bw[25].u_csa           5.41e-05   2.794e-05   0.0003655   0.0004476    0.003901 
u_mulr/g_bw[26].u_csa          1.461e-05   9.755e-06   0.0003167    0.000341    0.002972 
u_mulr/g_bw[27].u_csa          1.241e-05   8.673e-06   0.0002685   0.0002896    0.002524 
u_mulr/g_bw[28].u_csa           1.03e-05   7.195e-06   0.0002204   0.0002379    0.002073 
u_mulr/g_bw[29].u_csa          8.129e-06   6.025e-06   0.0001722   0.0001864    0.001624 
u_mulr/g_bw[30].u_csa          5.849e-06   5.174e-06   0.0001241   0.0001351    0.001177 
u_mulr/g_bw[31].u_csa          4.676e-06    3.79e-06   7.595e-05   8.442e-05   0.0007358 
u_mulr/g_wb1[0].u_csa          0.0003288    0.000226    0.001481    0.002036     0.01774 
u_mulr/g_wb1[1].u_csa          0.0004187    0.000238    0.001386    0.002043     0.01781 
u_mulr/g_wb1[2].u_csa          0.0005006   0.0003048    0.001245     0.00205     0.01787 
u_mulr/g_wb1[3].u_csa          0.0004824   0.0003507      0.0011    0.001933     0.01685 
u_mulr/g_wb1[4].u_csa          0.0002479   0.0001532   0.0009488     0.00135     0.01177 
u_mulr/g_wb1[5].u_csa          1.839e-05   1.152e-05   0.0007967   0.0008266    0.007204 
u_mulr/g_wb1[6].u_csa           1.21e-05   8.695e-06   0.0006521   0.0006729    0.005865 
u_mulr/g_wb1[7].u_csa                  0           0   0.0005075   0.0005075    0.004423 
u_mulr/g_wb1[8].u_csa                  0           0   0.0003266   0.0003266    0.002846 
u_mulr/g_wb1[9].u_csa                  0           0   0.0002188   0.0002188    0.001907 
u_mulr/g_wb2[0].u_csa          0.0005556   0.0003945    0.001484    0.002434     0.02122 
u_mulr/g_wb2[1].u_csa          0.0005035   0.0002888    0.001288     0.00208     0.01813 
u_mulr/g_wb2[2].u_csa          0.0005867   0.0003686    0.001054    0.002009     0.01751 
u_mulr/g_wb2[3].u_csa          1.844e-05   1.311e-05   0.0008433   0.0008749    0.007625 
u_mulr/g_wb2[4].u_csa          1.144e-05   6.802e-06    0.000604   0.0006222    0.005423 
u_mulr/g_wb2[5].u_csa                  0           0   0.0004099   0.0004099    0.003572 
u_mulr/g_wb2[6].u_csa                  0           0   0.0001707   0.0001707    0.001488 
u_mulr/g_wb3[0].u_csa          0.0008336   0.0005924    0.001441    0.002867     0.02498 
u_mulr/g_wb3[1].u_csa          0.0005088   0.0003176    0.001145    0.001971     0.01718 
u_mulr/g_wb3[2].u_csa          2.221e-05   1.483e-05   0.0007954   0.0008324    0.007255 
u_mulr/g_wb3[3].u_csa          5.835e-07   3.539e-07    0.000458   0.0004589       0.004 
u_mulr/g_wb3[4].u_csa            4.3e-07   3.662e-07   0.0001226   0.0001234    0.001076 
u_mulr/g_wb4[0].u_csa          0.0009774   0.0006554    0.001395    0.003028     0.02639 
u_mulr/g_wb4[1].u_csa          0.0001536   8.435e-05   0.0008938    0.001132    0.009863 
u_mulr/g_wb4[2].u_csa          9.895e-07   8.264e-07   0.0004085   0.0004103    0.003576 
u_mulr/g_wb5[0].u_csa           0.000998   0.0006115    0.001339    0.002949      0.0257 
u_mulr/g_wb5[1].u_csa          6.287e-06   3.656e-06   0.0005515   0.0005615    0.004894 
u_mulr/u_w6_csa                0.0009479   0.0005213    0.001276    0.002745     0.02393 
u_mulr/u_w7_csa                0.0009533   0.0004847    0.001219    0.002657     0.02316 
u_mulr/u_w8_csa                0.0009261   0.0004942    0.001149    0.002569     0.02239 
u_mulr/u_wallace_ks            0.0007114   0.0003137    0.001158    0.002183     0.01903 
u_frontend/u_decode/genblk1.u_fifo
                                  0.1382     0.04267     0.02661      0.2074       1.808 
u_frontend/u_npc/BRANCH_PREDICTION.u_lru
                                 0.01023    0.001833    0.001867     0.01393      0.1214 
u_frontend/u_decode/genblk1.u_dec0
                                0.001311    0.001778    0.002349    0.005438      0.0474 
u_frontend/u_decode/genblk1.u_dec1
                               0.0006836   0.0009056    0.002361     0.00395     0.03442 
 
 
-----------------------------------------------------------------------------------------
*	Power Distribution Summary: 
*              Highest Average Power: u_issue/FE_OFC2753_opcode0_ra_operand_w_12 (INV_X4):         0.005314
*              Highest Leakage Power:           u_issue/g162069 (AND4_X4):        0.0001893
*                Total Cap:      4.36518e-10 F
*                Total instances in design: 58275
*                Total instances in design with no power:     0
*                Total instances in design with no activty:     0

*                Total Fillers and Decap:     0
-----------------------------------------------------------------------------------------
 
** INFO:  (VOLTUS_POWR-3465): There are 0 decaps and 0 fillers in the design

Ended Static Power Report Generation: (cpu=0:00:00, real=0:00:00,
mem(process/total/peak)=3173.14MB/11987.92MB/5084.05MB)

