env CDS_WORKAREA is set to /home/ykaraagac/cadence-bitirme/Flows/NanGate45/biriscv_2mul_vs_hybrid/scripts/cadence
             0V	    VSS
           1.1V	    VDD
Using Power View WC_VIEW
.
Load RC corner of view WC_VIEW

Begin Power Analysis

             0V	    VSS
           1.1V	    VDD

Begin Processing Timing Library for Power Calculation

Ended Processing Timing Library for Power Calculation: (cpu=0:00:00, real=0:00:00, mem(process/total/peak)=2795.58MB/8680.79MB/2795.58MB)



Begin Processing Power Net/Grid for Power Calculation

Ended Processing Power Net/Grid for Power Calculation: (cpu=0:00:00, real=0:00:00, mem(process/total/peak)=2795.58MB/8680.79MB/2795.58MB)

Begin Processing Timing Window Data for Power Calculation

clk(100MHz) CK: assigning clock clk to net clk_i
Ended Processing Timing Window Data for Power Calculation: (cpu=0:00:00, real=0:00:00, mem(process/total/peak)=2795.58MB/8680.79MB/2795.58MB)

Begin Processing User Attributes

Ended Processing User Attributes: (cpu=0:00:00, real=0:00:00, mem(process/total/peak)=2795.58MB/8680.79MB/2795.58MB)

Begin Processing Signal Activity


Starting Activity Propagation
2026-Jun-08 21:49:33 (2026-Jun-08 21:49:33 GMT)
2026-Jun-08 21:49:33 (2026-Jun-08 21:49:33 GMT): 10%
2026-Jun-08 21:49:33 (2026-Jun-08 21:49:33 GMT): 20%

Finished Activity Propagation
2026-Jun-08 21:49:34 (2026-Jun-08 21:49:34 GMT)

Activity annotation summary:
        Primary Inputs : 180/180 = 100%
          Flop outputs : 1909/10414 = 18.3311%
  Memory/Macro outputs : 0/0 = 0%
      Tristate outputs : 0/0 = 0%
            Total Nets : 3867/35059 = 11.03%

Ended Processing Signal Activity: (cpu=0:00:01, real=0:00:00, mem(process/total/peak)=2795.58MB/8680.79MB/2795.58MB)

Begin Power Computation

      ----------------------------------------------------------
      # of cell(s) missing both power/leakage table: 0
      # of cell(s) missing power table: 0
      # of cell(s) missing leakage table: 0
      ----------------------------------------------------------



Starting Calculating power
2026-Jun-08 21:49:34 (2026-Jun-08 21:49:34 GMT)
 ... Calculating switching power
2026-Jun-08 21:49:34 (2026-Jun-08 21:49:34 GMT): 10%
2026-Jun-08 21:49:34 (2026-Jun-08 21:49:34 GMT): 20%
2026-Jun-08 21:49:34 (2026-Jun-08 21:49:34 GMT): 30%
2026-Jun-08 21:49:34 (2026-Jun-08 21:49:34 GMT): 40%
2026-Jun-08 21:49:34 (2026-Jun-08 21:49:34 GMT): 50%
 ... Calculating internal and leakage power
2026-Jun-08 21:49:34 (2026-Jun-08 21:49:34 GMT): 60%
2026-Jun-08 21:49:35 (2026-Jun-08 21:49:35 GMT): 70%
2026-Jun-08 21:49:36 (2026-Jun-08 21:49:36 GMT): 80%
2026-Jun-08 21:49:37 (2026-Jun-08 21:49:37 GMT): 90%

Finished Calculating power
2026-Jun-08 21:49:37 (2026-Jun-08 21:49:37 GMT)
      # of MSMV cell(s) missing power_level: 0
Ended Power Computation: (cpu=0:00:02, real=0:00:03, mem(process/total/peak)=2795.58MB/8680.79MB/2795.58MB)

Begin Processing User Attributes

Begin Processing set_power
Ended Processing set_power: (cpu=0:00:00, real=0:00:00,
mem(process/total/peak)=2795.58MB/8680.79MB/2795.58MB)
Ended Processing User Attributes: (cpu=0:00:00, real=0:00:00, mem(process/total/peak)=2795.58MB/8680.79MB/2795.58MB)

Ended Power Analysis: (cpu=0:00:04, real=0:00:04, mem(process/total/peak)=2795.58MB/8680.79MB/2795.58MB)

Begin Boundary Leakage Calculation
Ended Boundary Leakage Calculation: (cpu=0:00:00, real=0:00:00,
mem(process/total/peak)=2795.58MB/8680.79MB/2795.58MB)
Begin Static Power Report Generation
*----------------------------------------------------------------------------------------
*	Innovus 25.12-s079_1 (64bit) 11/18/2025 12:56 (Linux 4.18.0-305.el8.x86_64)
*	
*
* 	Date & Time:	2026-Jun-08 21:49:37 (2026-Jun-08 21:49:37 GMT)
*
*----------------------------------------------------------------------------------------
*
*	Design: riscv_core
*
*	Liberty Libraries used:
*	        /home/ykaraagac/cadence-bitirme/Enablements/NanGate45/lib/NangateOpenCellLibrary_typical.lib
*
*	Parasitic Files used:
*
*       Dynamic View: WC_VIEW
*
*       Leakage View: WC_VIEW
*
*       User-Defined Activity : N.A.
*
*	Switching Activity File used:
*	        /home/ykaraagac/cadence-bitirme/Flows/NanGate45/biriscv_2mul_vs_hybrid/scripts/cadence/outputs/job6_selective_runs/complex_bank/vcd/core_hybrid.vcd
*                  Vcd Window used(Start Time, Stop Time):  
*                Vcd Scale Factor: 1
*
*       Hierarchical Global Activity: N.A.
*
*       Global Activity: N.A.
*
*       Sequential Element Activity: 0.200000
*
*       Primary Input Activity: 0.200000
*
*       Default icg ratio: N.A.
*
*       Global Comb ClockGate Ratio: N.A.
*
*	Power Units = 1mW
*
*	Time Units = 1e-09 secs
*
*       report_power -hierarchy all
*
-----------------------------------------------------------------------------------------
*



Total Power
-----------------------------------------------------------------------------------------
Total Internal Power:        4.41635280 	   53.4553%
Total Switching Power:       2.66217712 	   32.2229%
Total Leakage Power:         1.18323840 	   14.3219%
Total Power:                 8.26176832
-----------------------------------------------------------------------------------------


Group                           Internal   Switching     Leakage       Total  Percentage 
                                Power      Power         Power         Power  (%)        
-----------------------------------------------------------------------------------------
Sequential                         2.876      0.3813      0.4992       3.757       45.47
Macro                                  0           0           0           0           0
IO                                     0           0           0           0           0
Combinational                      1.063       1.301        0.67       3.034       36.72
Clock (Combinational)             0.4766      0.9803     0.01403       1.471        17.8
Clock (Sequential)                     0           0           0           0           0
-----------------------------------------------------------------------------------------
Total                              4.416       2.662       1.183       8.262         100
-----------------------------------------------------------------------------------------


Clock                           Internal   Switching     Leakage       Total  Percentage 
                                Power      Power         Power         Power  (%)        
-----------------------------------------------------------------------------------------
clk                               0.4766      0.9803     0.01403       1.471        17.8
-----------------------------------------------------------------------------------------
Total                             0.4766      0.9803     0.01403       1.471        17.8
-----------------------------------------------------------------------------------------
Clock: clk
Clock Period: 0.010000 usec 
Clock Toggle Rate:   200.0000 Mhz 
Clock Static Probability:  0.5000
  


Rail                  Voltage   Internal   Switching     Leakage       Total  Percentage 
                                Power      Power         Power         Power  (%)        
-----------------------------------------------------------------------------------------
VDD                       1.1      4.416       2.662       1.183       8.262         100


Hierarchy                       Internal   Switching     Leakage       Total  Percentage 
                                Power      Power         Power         Power  (%)        
-----------------------------------------------------------------------------------------
u_csr                             0.1943     0.02747     0.06067      0.2825       3.419 
u_div                               0.14     0.03036     0.04563       0.216       2.615 
u_exec0                           0.0817     0.06302     0.04229       0.187       2.264 
u_exec1                          0.08855     0.07066     0.04124      0.2004       2.426 
u_frontend                         1.843      0.7959      0.4618       3.101       37.53 
u_issue                            1.246      0.8615      0.3749       2.483       30.05 
u_lsu                             0.1031     0.04993     0.02784      0.1809        2.19 
u_mul                             0.4938      0.4359     0.08588       1.016       12.29 
u_mule                           0.06897    0.008983     0.03797      0.1159       1.403 
u_csr/u_csrfile                   0.1341     0.01092     0.04434      0.1893       2.291 
u_frontend/u_decode               0.1398     0.04748     0.03022      0.2175       2.633 
u_frontend/u_fetch                0.1067     0.02659     0.02775       0.161       1.949 
u_frontend/u_npc                   1.561       0.653      0.4025       2.617       31.68 
u_issue/u_pipe0_ctrl              0.1764     0.04127     0.04204      0.2597       3.144 
u_issue/u_pipe1_ctrl              0.1056     0.02451     0.02776      0.1578        1.91 
u_issue/u_regfile                 0.8403      0.5181      0.2376       1.596       19.32 
u_lsu/u_lsu_request              0.04189    0.008352    0.009391     0.05963      0.7217 
u_exec0/u_alu                    0.02643     0.03546     0.02059     0.08249      0.9984 
u_exec1/u_alu                    0.02436     0.03484     0.02013     0.07933      0.9602 
u_frontend/u_decode/genblk1.u_fifo
                                  0.1363     0.04404      0.0253      0.2056       2.489 
u_frontend/u_npc/BRANCH_PREDICTION.u_lru
                                 0.01125    0.001765    0.001927     0.01495      0.1809 
u_frontend/u_decode/genblk1.u_dec0
                               0.0008827   0.0009164    0.001671     0.00347       0.042 
u_frontend/u_decode/genblk1.u_dec1
                                0.001062    0.001423    0.001698    0.004183     0.05063 
 
 
-----------------------------------------------------------------------------------------
*	Power Distribution Summary: 
*              Highest Average Power:            u_issue/g33021 (AND3_X2):         0.004563
*              Highest Leakage Power:            u_issue/g33248 (AND4_X4):        0.0001893
*                Total Cap:      2.19821e-10 F
*                Total instances in design: 28954
*                Total instances in design with no power:     0
*                Total instances in design with no activty:     0

*                Total Fillers and Decap:     0
-----------------------------------------------------------------------------------------
 
** INFO:  (VOLTUS_POWR-3465): There are 0 decaps and 0 fillers in the design

Ended Static Power Report Generation: (cpu=0:00:00, real=0:00:00,
mem(process/total/peak)=2795.58MB/8680.79MB/2795.58MB)

