env CDS_WORKAREA is set to /home/ykaraagac/cadence-bitirme/Flows/NanGate45/biriscv_2mul_vs_hybrid/scripts/cadence
             0V	    VSS
           1.1V	    VDD
Using Power View WC_VIEW
.
Load RC corner of view WC_VIEW

Begin Power Analysis

             0V	    VSS
           1.1V	    VDD

Begin Processing Timing Library for Power Calculation

Ended Processing Timing Library for Power Calculation: (cpu=0:00:00, real=0:00:00, mem(process/total/peak)=2800.48MB/8681.53MB/2801.10MB)



Begin Processing Power Net/Grid for Power Calculation

Ended Processing Power Net/Grid for Power Calculation: (cpu=0:00:00, real=0:00:00, mem(process/total/peak)=2800.48MB/8681.53MB/2801.10MB)

Begin Processing Timing Window Data for Power Calculation

clk(100MHz) CK: assigning clock clk to net clk_i
Ended Processing Timing Window Data for Power Calculation: (cpu=0:00:00, real=0:00:00, mem(process/total/peak)=2800.48MB/8681.53MB/2801.10MB)

Begin Processing User Attributes

Ended Processing User Attributes: (cpu=0:00:00, real=0:00:00, mem(process/total/peak)=2800.48MB/8681.53MB/2801.10MB)

Begin Processing Signal Activity


Starting Activity Propagation
2026-Jun-08 22:08:38 (2026-Jun-08 22:08:38 GMT)
2026-Jun-08 22:08:38 (2026-Jun-08 22:08:38 GMT): 10%
2026-Jun-08 22:08:38 (2026-Jun-08 22:08:38 GMT): 20%

Finished Activity Propagation
2026-Jun-08 22:08:39 (2026-Jun-08 22:08:39 GMT)

Activity annotation summary:
        Primary Inputs : 180/180 = 100%
          Flop outputs : 1909/10414 = 18.3311%
  Memory/Macro outputs : 0/0 = 0%
      Tristate outputs : 0/0 = 0%
            Total Nets : 3867/35059 = 11.03%

Ended Processing Signal Activity: (cpu=0:00:01, real=0:00:00, mem(process/total/peak)=2800.48MB/8681.53MB/2801.10MB)

Begin Power Computation

      ----------------------------------------------------------
      # of cell(s) missing both power/leakage table: 0
      # of cell(s) missing power table: 0
      # of cell(s) missing leakage table: 0
      ----------------------------------------------------------



Starting Calculating power
2026-Jun-08 22:08:39 (2026-Jun-08 22:08:39 GMT)
 ... Calculating switching power
2026-Jun-08 22:08:39 (2026-Jun-08 22:08:39 GMT): 10%
2026-Jun-08 22:08:39 (2026-Jun-08 22:08:39 GMT): 20%
2026-Jun-08 22:08:39 (2026-Jun-08 22:08:39 GMT): 30%
2026-Jun-08 22:08:39 (2026-Jun-08 22:08:39 GMT): 40%
2026-Jun-08 22:08:39 (2026-Jun-08 22:08:39 GMT): 50%
 ... Calculating internal and leakage power
2026-Jun-08 22:08:39 (2026-Jun-08 22:08:39 GMT): 60%
2026-Jun-08 22:08:40 (2026-Jun-08 22:08:40 GMT): 70%
2026-Jun-08 22:08:41 (2026-Jun-08 22:08:41 GMT): 80%
2026-Jun-08 22:08:42 (2026-Jun-08 22:08:42 GMT): 90%

Finished Calculating power
2026-Jun-08 22:08:42 (2026-Jun-08 22:08:42 GMT)
      # of MSMV cell(s) missing power_level: 0
Ended Power Computation: (cpu=0:00:02, real=0:00:03, mem(process/total/peak)=2800.48MB/8681.53MB/2801.10MB)

Begin Processing User Attributes

Begin Processing set_power
Ended Processing set_power: (cpu=0:00:00, real=0:00:00,
mem(process/total/peak)=2800.48MB/8681.53MB/2801.10MB)
Ended Processing User Attributes: (cpu=0:00:00, real=0:00:00, mem(process/total/peak)=2800.48MB/8681.53MB/2801.10MB)

Ended Power Analysis: (cpu=0:00:03, real=0:00:04, mem(process/total/peak)=2800.48MB/8681.53MB/2801.10MB)

Begin Boundary Leakage Calculation
Ended Boundary Leakage Calculation: (cpu=0:00:00, real=0:00:00,
mem(process/total/peak)=2800.48MB/8681.53MB/2801.10MB)
Begin Static Power Report Generation
*----------------------------------------------------------------------------------------
*	Innovus 25.12-s079_1 (64bit) 11/18/2025 12:56 (Linux 4.18.0-305.el8.x86_64)
*	
*
* 	Date & Time:	2026-Jun-08 22:08:42 (2026-Jun-08 22:08:42 GMT)
*
*----------------------------------------------------------------------------------------
*
*	Design: riscv_core
*
*	Liberty Libraries used:
*	        /home/ykaraagac/cadence-bitirme/Enablements/NanGate45/lib/NangateOpenCellLibrary_typical.lib
*
*	Parasitic Files used:
*
*       Dynamic View: WC_VIEW
*
*       Leakage View: WC_VIEW
*
*       User-Defined Activity : N.A.
*
*	Switching Activity File used:
*	        /home/ykaraagac/cadence-bitirme/Flows/NanGate45/biriscv_2mul_vs_hybrid/scripts/cadence/outputs/job6_selective_runs/multi_accumulator_selective_latency_hidden_mule/vcd/core_hybrid.vcd
*                  Vcd Window used(Start Time, Stop Time):  
*                Vcd Scale Factor: 1
*
*       Hierarchical Global Activity: N.A.
*
*       Global Activity: N.A.
*
*       Sequential Element Activity: 0.200000
*
*       Primary Input Activity: 0.200000
*
*       Default icg ratio: N.A.
*
*       Global Comb ClockGate Ratio: N.A.
*
*	Power Units = 1mW
*
*	Time Units = 1e-09 secs
*
*       report_power -instances {u_mul}
*
-----------------------------------------------------------------------------------------
*



Total Power
-----------------------------------------------------------------------------------------
Total Internal Power:        4.42848304 	   53.2873%
Total Switching Power:       2.69764606 	   32.4604%
Total Leakage Power:         1.18445642 	   14.2524%
Total Power:                 8.31058552
-----------------------------------------------------------------------------------------


Group                           Internal   Switching     Leakage       Total  Percentage 
                                Power      Power         Power         Power  (%)        
-----------------------------------------------------------------------------------------
Sequential                         2.868       0.385      0.4993       3.752       45.15
Macro                                  0           0           0           0           0
IO                                     0           0           0           0           0
Combinational                      1.084       1.332      0.6711       3.087       37.15
Clock (Combinational)             0.4766      0.9803     0.01403       1.471        17.7
Clock (Sequential)                     0           0           0           0           0
-----------------------------------------------------------------------------------------
Total                              4.428       2.698       1.184       8.311         100
-----------------------------------------------------------------------------------------


Clock                           Internal   Switching     Leakage       Total  Percentage 
                                Power      Power         Power         Power  (%)        
-----------------------------------------------------------------------------------------
clk                               0.4766      0.9803     0.01403       1.471        17.7
-----------------------------------------------------------------------------------------
Total                             0.4766      0.9803     0.01403       1.471        17.7
-----------------------------------------------------------------------------------------
Clock: clk
Clock Period: 0.010000 usec 
Clock Toggle Rate:   200.0000 Mhz 
Clock Static Probability:  0.5000
  


Rail                  Voltage   Internal   Switching     Leakage       Total  Percentage 
                                Power      Power         Power         Power  (%)        
-----------------------------------------------------------------------------------------
VDD                       1.1      4.428       2.698       1.184       8.311         100


Instance                      Max Toggles   Total Toggles   Internal   Switching     Leakage       Total  Percentage    Cell
                              Input Pins    Output Pins     Power      Power         Power         Power  (%)           Name
----------------------------------------------------------------------------------------------------------------------------
u_mul                                   0               0     0.5699      0.4552      0.1243       1.149       13.83    
----------------------------------------------------------------------------------------------------------------------------
Total                                                         0.5699      0.4552      0.1243       1.149       13.83    
 
 
-----------------------------------------------------------------------------------------
*	Power Distribution Summary: 
*              Highest Average Power: u_frontend/u_npc/FE_OFC1066_branch_info_source_w_2 (CLKBUF_X3):         0.005085
*              Highest Leakage Power:            u_issue/g33248 (AND4_X4):        0.0001893
*                Total Cap:      2.19821e-10 F
*                Total instances in design: 28954
*                Total instances in design with no power:     0
*                Total instances in design with no activty:     0

*                Total Fillers and Decap:     0
-----------------------------------------------------------------------------------------
 
** INFO:  (VOLTUS_POWR-3465): There are 0 decaps and 0 fillers in the design

Ended Static Power Report Generation: (cpu=0:00:00, real=0:00:00,
mem(process/total/peak)=2800.48MB/8681.53MB/2801.10MB)

