============================================================
  Generated by:           Genus(TM) Synthesis Solution 23.13-s073_1
  Generated on:           Dec 10 2025  08:29:42 am
  Module:                 riscv_core
  Technology libraries:   sram_asap7_64x256_1rw 1.0
                          asap7sc7p5t_OA_RVT_FF_nldm_201020 1.0
                          asap7sc7p5t_SEQ_RVT_FF_nldm_201020 1.0
                          sram_asap7_16x256_1rw 1.0
                          sram_asap7_64x64_1rw 1.0
                          asap7sc7p5t_AO_RVT_FF_nldm_201020 1.0
                          asap7sc7p5t_INVBUF_RVT_FF_nldm_201020 1.0
                          asap7sc7p5t_SIMPLE_RVT_FF_nldm_201020 1.0
                          sram_asap7_32x256_1rw 1.0
  Operating conditions:   tt_1.0_25.0 (balanced_tree)
  Wireload mode:          enclosed
  Area mode:              timing library
============================================================

                                                 Leakage  
           Gate            Instances    Area   Power (nW)                  Library                 
---------------------------------------------------------------------------------------------------
A2O1A1Ixp33_ASAP7_75t_R          108     9.448      4.919    asap7sc7p5t_AO_RVT_FF_nldm_201020     
A2O1A1O1Ixp25_ASAP7_75t_R         11     1.443      0.672    asap7sc7p5t_AO_RVT_FF_nldm_201020     
AND2x2_ASAP7_75t_R              1257   109.962    243.463    asap7sc7p5t_SIMPLE_RVT_FF_nldm_201020 
AND2x4_ASAP7_75t_R               219    31.930     83.770    asap7sc7p5t_SIMPLE_RVT_FF_nldm_201020 
AND2x6_ASAP7_75t_R                33     5.774     17.186    asap7sc7p5t_SIMPLE_RVT_FF_nldm_201020 
AND3x1_ASAP7_75t_R               104     9.098     20.772    asap7sc7p5t_SIMPLE_RVT_FF_nldm_201020 
AND3x2_ASAP7_75t_R                16     1.633      3.093    asap7sc7p5t_SIMPLE_RVT_FF_nldm_201020 
AND3x4_ASAP7_75t_R                11     2.245      4.103    asap7sc7p5t_SIMPLE_RVT_FF_nldm_201020 
AND4x1_ASAP7_75t_R               424    43.273    142.932    asap7sc7p5t_SIMPLE_RVT_FF_nldm_201020 
AND4x2_ASAP7_75t_R                 8     0.933      1.430    asap7sc7p5t_SIMPLE_RVT_FF_nldm_201020 
AND5x1_ASAP7_75t_R                11     1.283      1.354    asap7sc7p5t_SIMPLE_RVT_FF_nldm_201020 
AND5x2_ASAP7_75t_R                 1     0.292      0.190    asap7sc7p5t_SIMPLE_RVT_FF_nldm_201020 
AO211x2_ASAP7_75t_R                8     1.866      1.062    asap7sc7p5t_AO_RVT_FF_nldm_201020     
AO21x1_ASAP7_75t_R               322    28.169     30.876    asap7sc7p5t_AO_RVT_FF_nldm_201020     
AO21x2_ASAP7_75t_R                32     3.266      3.864    asap7sc7p5t_AO_RVT_FF_nldm_201020     
AO221x1_ASAP7_75t_R               49     7.144      4.651    asap7sc7p5t_AO_RVT_FF_nldm_201020     
AO221x2_ASAP7_75t_R               31     4.972      3.626    asap7sc7p5t_AO_RVT_FF_nldm_201020     
AO222x2_ASAP7_75t_R              180    31.493     26.794    asap7sc7p5t_AO_RVT_FF_nldm_201020     
AO22x1_ASAP7_75t_R               739    96.972     51.859    asap7sc7p5t_AO_RVT_FF_nldm_201020     
AO22x2_ASAP7_75t_R                95    13.851     11.531    asap7sc7p5t_AO_RVT_FF_nldm_201020     
AO31x2_ASAP7_75t_R                 2     0.467      0.297    asap7sc7p5t_AO_RVT_FF_nldm_201020     
AO32x1_ASAP7_75t_R                 4     0.467      0.348    asap7sc7p5t_AO_RVT_FF_nldm_201020     
AOI211x1_ASAP7_75t_R               6     1.050      0.679    asap7sc7p5t_AO_RVT_FF_nldm_201020     
AOI211xp5_ASAP7_75t_R            128    11.197      9.394    asap7sc7p5t_AO_RVT_FF_nldm_201020     
AOI21x1_ASAP7_75t_R               57     6.648      5.225    asap7sc7p5t_AO_RVT_FF_nldm_201020     
AOI21xp33_ASAP7_75t_R           1253    91.344     44.687    asap7sc7p5t_AO_RVT_FF_nldm_201020     
AOI21xp5_ASAP7_75t_R             651    47.458     38.024    asap7sc7p5t_AO_RVT_FF_nldm_201020     
AOI221x1_ASAP7_75t_R              27     5.511      1.846    asap7sc7p5t_AO_RVT_FF_nldm_201020     
AOI221xp5_ASAP7_75t_R           1479   150.947     87.926    asap7sc7p5t_AO_RVT_FF_nldm_201020     
AOI222xp33_ASAP7_75t_R           647    94.333     40.995    asap7sc7p5t_AO_RVT_FF_nldm_201020     
AOI22x1_ASAP7_75t_R               20     2.916      2.736    asap7sc7p5t_AO_RVT_FF_nldm_201020     
AOI22xp33_ASAP7_75t_R           2053   179.596     89.960    asap7sc7p5t_AO_RVT_FF_nldm_201020     
AOI22xp5_ASAP7_75t_R            5011   438.362    359.194    asap7sc7p5t_AO_RVT_FF_nldm_201020     
AOI311xp33_ASAP7_75t_R             3     0.306      0.178    asap7sc7p5t_AO_RVT_FF_nldm_201020     
AOI31xp33_ASAP7_75t_R             21     1.837      1.136    asap7sc7p5t_AO_RVT_FF_nldm_201020     
AOI31xp67_ASAP7_75t_R              2     0.379      0.084    asap7sc7p5t_AO_RVT_FF_nldm_201020     
AOI321xp33_ASAP7_75t_R             7     0.816      0.387    asap7sc7p5t_AO_RVT_FF_nldm_201020     
AOI322xp5_ASAP7_75t_R              5     0.656      0.419    asap7sc7p5t_AO_RVT_FF_nldm_201020     
AOI32xp33_ASAP7_75t_R             11     1.123      0.611    asap7sc7p5t_AO_RVT_FF_nldm_201020     
AOI331xp33_ASAP7_75t_R             1     0.131      0.062    asap7sc7p5t_AO_RVT_FF_nldm_201020     
AOI332xp33_ASAP7_75t_R             1     0.146      0.076    asap7sc7p5t_AO_RVT_FF_nldm_201020     
AOI33xp33_ASAP7_75t_R              1     0.117      0.065    asap7sc7p5t_AO_RVT_FF_nldm_201020     
ASYNC_DFFHx1_ASAP7_75t_R        4370  1656.580    878.029    asap7sc7p5t_SEQ_RVT_FF_nldm_201020    
BUFx10_ASAP7_75t_R                 6     1.225      2.110    asap7sc7p5t_INVBUF_RVT_FF_nldm_201020 
BUFx12_ASAP7_75t_R                 1     0.233      0.457    asap7sc7p5t_INVBUF_RVT_FF_nldm_201020 
BUFx12f_ASAP7_75t_R                5     1.312      2.199    asap7sc7p5t_INVBUF_RVT_FF_nldm_201020 
BUFx2_ASAP7_75t_R                120     8.748      9.445    asap7sc7p5t_INVBUF_RVT_FF_nldm_201020 
BUFx3_ASAP7_75t_R                146    12.772     17.347    asap7sc7p5t_INVBUF_RVT_FF_nldm_201020 
BUFx4_ASAP7_75t_R                  2     0.204      0.259    asap7sc7p5t_INVBUF_RVT_FF_nldm_201020 
BUFx4f_ASAP7_75t_R                 8     0.933      1.330    asap7sc7p5t_INVBUF_RVT_FF_nldm_201020 
BUFx5_ASAP7_75t_R                  3     0.350      0.495    asap7sc7p5t_INVBUF_RVT_FF_nldm_201020 
BUFx6f_ASAP7_75t_R                90    13.122     22.237    asap7sc7p5t_INVBUF_RVT_FF_nldm_201020 
CKINVDCx10_ASAP7_75t_R             1     0.366      0.212    asap7sc7p5t_INVBUF_RVT_FF_nldm_201020 
DFFHQNx1_ASAP7_75t_R             992   289.267    149.358    asap7sc7p5t_SEQ_RVT_FF_nldm_201020    
FAx1_ASAP7_75t_R                  33     6.736     10.184    asap7sc7p5t_SIMPLE_RVT_FF_nldm_201020 
HAxp5_ASAP7_75t_R                  9     1.181      1.785    asap7sc7p5t_SIMPLE_RVT_FF_nldm_201020 
HB1xp67_ASAP7_75t_R              343    20.004     10.879    asap7sc7p5t_INVBUF_RVT_FF_nldm_201020 
INVx11_ASAP7_75t_R                 9     1.706      3.529    asap7sc7p5t_INVBUF_RVT_FF_nldm_201020 
INVx1_ASAP7_75t_R               3238   141.630    112.390    asap7sc7p5t_INVBUF_RVT_FF_nldm_201020 
INVx2_ASAP7_75t_R                505    29.452     35.871    asap7sc7p5t_INVBUF_RVT_FF_nldm_201020 
INVx3_ASAP7_75t_R                149    10.862     15.263    asap7sc7p5t_INVBUF_RVT_FF_nldm_201020 
INVx4_ASAP7_75t_R                 97     8.486     12.575    asap7sc7p5t_INVBUF_RVT_FF_nldm_201020 
INVx5_ASAP7_75t_R                 52     5.307      9.103    asap7sc7p5t_INVBUF_RVT_FF_nldm_201020 
INVx6_ASAP7_75t_R                 25     2.916      4.945    asap7sc7p5t_INVBUF_RVT_FF_nldm_201020 
INVx8_ASAP7_75t_R                 17     2.479      4.294    asap7sc7p5t_INVBUF_RVT_FF_nldm_201020 
INVxp33_ASAP7_75t_R               58     2.537      0.653    asap7sc7p5t_INVBUF_RVT_FF_nldm_201020 
INVxp67_ASAP7_75t_R             3605   157.683     81.358    asap7sc7p5t_INVBUF_RVT_FF_nldm_201020 
MAJIxp5_ASAP7_75t_R              378    38.579     45.117    asap7sc7p5t_SIMPLE_RVT_FF_nldm_201020 
MAJx2_ASAP7_75t_R                114    14.959     30.341    asap7sc7p5t_SIMPLE_RVT_FF_nldm_201020 
NAND2x1_ASAP7_75t_R               55     4.811      6.594    asap7sc7p5t_SIMPLE_RVT_FF_nldm_201020 
NAND2x1p5_ASAP7_75t_R             45     5.249      8.839    asap7sc7p5t_SIMPLE_RVT_FF_nldm_201020 
NAND2x2_ASAP7_75t_R                4     0.583      1.065    asap7sc7p5t_SIMPLE_RVT_FF_nldm_201020 
NAND2xp33_ASAP7_75t_R            164     9.564      6.967    asap7sc7p5t_SIMPLE_RVT_FF_nldm_201020 
NAND2xp5_ASAP7_75t_R            2660   155.131    177.996    asap7sc7p5t_SIMPLE_RVT_FF_nldm_201020 
NAND2xp67_ASAP7_75t_R              4     0.350      0.371    asap7sc7p5t_SIMPLE_RVT_FF_nldm_201020 
NAND3x1_ASAP7_75t_R               15     2.406      2.416    asap7sc7p5t_SIMPLE_RVT_FF_nldm_201020 
NAND3x2_ASAP7_75t_R                3     0.875      0.735    asap7sc7p5t_SIMPLE_RVT_FF_nldm_201020 
NAND3xp33_ASAP7_75t_R            224    16.330     15.818    asap7sc7p5t_SIMPLE_RVT_FF_nldm_201020 
NAND4xp25_ASAP7_75t_R            421    36.829     64.830    asap7sc7p5t_SIMPLE_RVT_FF_nldm_201020 
NAND4xp75_ASAP7_75t_R             40     8.165     12.537    asap7sc7p5t_SIMPLE_RVT_FF_nldm_201020 
NAND5xp2_ASAP7_75t_R             115    11.737     14.329    asap7sc7p5t_SIMPLE_RVT_FF_nldm_201020 
NOR2x1_ASAP7_75t_R               195    17.059     23.571    asap7sc7p5t_SIMPLE_RVT_FF_nldm_201020 
NOR2x1p5_ASAP7_75t_R              32     3.732      4.806    asap7sc7p5t_SIMPLE_RVT_FF_nldm_201020 
NOR2x2_ASAP7_75t_R                 2     0.292      0.345    asap7sc7p5t_SIMPLE_RVT_FF_nldm_201020 
NOR2xp33_ASAP7_75t_R            3698   215.667    132.019    asap7sc7p5t_SIMPLE_RVT_FF_nldm_201020 
NOR2xp67_ASAP7_75t_R             103     9.010      7.335    asap7sc7p5t_SIMPLE_RVT_FF_nldm_201020 
NOR3x1_ASAP7_75t_R                39     6.255      5.485    asap7sc7p5t_SIMPLE_RVT_FF_nldm_201020 
NOR3xp33_ASAP7_75t_R             227    16.548     14.939    asap7sc7p5t_SIMPLE_RVT_FF_nldm_201020 
NOR4xp25_ASAP7_75t_R             129    11.285     12.592    asap7sc7p5t_SIMPLE_RVT_FF_nldm_201020 
NOR4xp75_ASAP7_75t_R              10     2.041      0.766    asap7sc7p5t_SIMPLE_RVT_FF_nldm_201020 
NOR5xp2_ASAP7_75t_R               60     6.124      2.755    asap7sc7p5t_SIMPLE_RVT_FF_nldm_201020 
O2A1O1Ixp33_ASAP7_75t_R          112     9.798      3.919    asap7sc7p5t_OA_RVT_FF_nldm_201020     
O2A1O1Ixp5_ASAP7_75t_R             6     0.700      0.235    asap7sc7p5t_OA_RVT_FF_nldm_201020     
OA211x2_ASAP7_75t_R               19     2.216      2.124    asap7sc7p5t_OA_RVT_FF_nldm_201020     
OA21x2_ASAP7_75t_R               201    20.514     24.464    asap7sc7p5t_OA_RVT_FF_nldm_201020     
OA221x2_ASAP7_75t_R                2     0.467      0.276    asap7sc7p5t_OA_RVT_FF_nldm_201020     
OA222x2_ASAP7_75t_R                1     0.175      0.148    asap7sc7p5t_OA_RVT_FF_nldm_201020     
OA22x2_ASAP7_75t_R               123    17.933     15.182    asap7sc7p5t_OA_RVT_FF_nldm_201020     
OA33x2_ASAP7_75t_R                 1     0.146      0.108    asap7sc7p5t_OA_RVT_FF_nldm_201020     
OAI211xp5_ASAP7_75t_R            156    13.647      6.598    asap7sc7p5t_OA_RVT_FF_nldm_201020     
OAI21x1_ASAP7_75t_R               25     2.916      1.919    asap7sc7p5t_OA_RVT_FF_nldm_201020     
OAI21xp33_ASAP7_75t_R             59     4.301      2.241    asap7sc7p5t_OA_RVT_FF_nldm_201020     
OAI21xp5_ASAP7_75t_R            1325    96.593     60.001    asap7sc7p5t_OA_RVT_FF_nldm_201020     
OAI221xp5_ASAP7_75t_R            533    54.398     28.722    asap7sc7p5t_OA_RVT_FF_nldm_201020     
OAI222xp33_ASAP7_75t_R             4     0.583      0.099    asap7sc7p5t_OA_RVT_FF_nldm_201020     
OAI22x1_ASAP7_75t_R               11     1.604      0.812    asap7sc7p5t_OA_RVT_FF_nldm_201020     
OAI22xp33_ASAP7_75t_R            241    21.083      7.571    asap7sc7p5t_OA_RVT_FF_nldm_201020     
OAI22xp5_ASAP7_75t_R            1719   150.378     82.141    asap7sc7p5t_OA_RVT_FF_nldm_201020     
OAI311xp33_ASAP7_75t_R             3     0.306      0.111    asap7sc7p5t_OA_RVT_FF_nldm_201020     
OAI31xp33_ASAP7_75t_R             36     3.149      1.183    asap7sc7p5t_OA_RVT_FF_nldm_201020     
OAI321xp33_ASAP7_75t_R             5     0.583      0.545    asap7sc7p5t_OA_RVT_FF_nldm_201020     
OAI322xp33_ASAP7_75t_R             6     0.787      0.290    asap7sc7p5t_OA_RVT_FF_nldm_201020     
OAI32xp33_ASAP7_75t_R             13     1.327      0.400    asap7sc7p5t_OA_RVT_FF_nldm_201020     
OAI331xp33_ASAP7_75t_R             2     0.262      0.114    asap7sc7p5t_OA_RVT_FF_nldm_201020     
OR2x2_ASAP7_75t_R                239    20.908     53.266    asap7sc7p5t_SIMPLE_RVT_FF_nldm_201020 
OR2x4_ASAP7_75t_R                 13     1.516      4.555    asap7sc7p5t_SIMPLE_RVT_FF_nldm_201020 
OR2x6_ASAP7_75t_R                 52     9.098     30.020    asap7sc7p5t_SIMPLE_RVT_FF_nldm_201020 
OR3x1_ASAP7_75t_R                 33     2.887      5.043    asap7sc7p5t_SIMPLE_RVT_FF_nldm_201020 
OR3x2_ASAP7_75t_R                  1     0.102      0.234    asap7sc7p5t_SIMPLE_RVT_FF_nldm_201020 
OR4x1_ASAP7_75t_R                 24     2.449      5.340    asap7sc7p5t_SIMPLE_RVT_FF_nldm_201020 
OR5x1_ASAP7_75t_R                 11     1.283      1.781    asap7sc7p5t_SIMPLE_RVT_FF_nldm_201020 
XNOR2x1_ASAP7_75t_R               30     5.249     10.089    asap7sc7p5t_SIMPLE_RVT_FF_nldm_201020 
XNOR2x2_ASAP7_75t_R                6     0.962      2.081    asap7sc7p5t_SIMPLE_RVT_FF_nldm_201020 
XNOR2xp5_ASAP7_75t_R             852   111.799    170.203    asap7sc7p5t_SIMPLE_RVT_FF_nldm_201020 
XOR2x1_ASAP7_75t_R                 5     0.875      1.644    asap7sc7p5t_SIMPLE_RVT_FF_nldm_201020 
XOR2x2_ASAP7_75t_R                26     4.170      9.010    asap7sc7p5t_SIMPLE_RVT_FF_nldm_201020 
XOR2xp5_ASAP7_75t_R              586    76.895    107.175    asap7sc7p5t_SIMPLE_RVT_FF_nldm_201020 
---------------------------------------------------------------------------------------------------
total                          44151  5052.583   3960.993                                          


                                                                       Leakage  Leakage 
               Library                Instances Instances %   Area   Power (nW) Power % 
----------------------------------------------------------------------------------------
asap7sc7p5t_AO_RVT_FF_nldm_201020         12965        29.4 1234.430    824.184    20.8 
asap7sc7p5t_INVBUF_RVT_FF_nldm_201020      8480        19.2  422.325    346.950     8.8 
asap7sc7p5t_OA_RVT_FF_nldm_201020          4603        10.4  403.866    239.201     6.0 
asap7sc7p5t_SEQ_RVT_FF_nldm_201020         5362        12.1 1945.847   1027.387    25.9 
asap7sc7p5t_SIMPLE_RVT_FF_nldm_201020     12741        28.9 1046.115   1523.272    38.5 

                                           Leakage  Leakage 
     Type      Instances   Area   Area % Power (nW) Power % 
------------------------------------------------------------
sequential          5362 1945.847   38.5   1027.387    25.9 
inverter            7756  363.422    7.2    280.193     7.1 
buffer               724   58.903    1.2     66.757     1.7 
logic              30309 2684.411   53.1   2586.657    65.3 
physical_cells         0    0.000    0.0      0.000     0.0 
------------------------------------------------------------
total              44151 5052.583  100.0   3960.993   100.0 

