

Working Directory = /home/ziyx/cadence-bitirme/Flows/ASAP7/biriscv/scripts/cadence
QoS Summary for riscv_core
================================================================================
Metric                          generic         map             final          
================================================================================
Slack (ps):                      -672            -454            -440
  R2R (ps):                      -672            -454            -440
  I2R (ps):                      -618            -430            -426
  R2O (ps):                      -210            -122            -116
  I2O (ps):                      -156             -95            -100
  CG  (ps):                  no_value        no_value        no_value
TNS (ps):                  -1,332,505      -1,242,003      -1,198,495
  R2R (ps):                -1,326,433      -1,238,747      -1,195,551
  I2R (ps):                  -633,356        -669,330        -669,877
  R2O (ps):                    -6,072          -3,256          -2,943
  I2O (ps):                    -4,491          -2,421          -2,500
  CG  (ps):                  no_value        no_value        no_value
Failing Paths:                  5,055           5,160           5,053
Cell Area:                      7,618           5,224           5,053
Total Cell Area:                7,618           5,224           5,053
Leaf Instances:                75,928          47,718          44,151
Total Instances:               75,928          47,718          44,151
Utilization (%):                 0.00            0.00            0.00
Tot. Net Length (um):        no_value        no_value        no_value
Avg. Net Length (um):        no_value        no_value        no_value
Route Overflow H (%):        no_value        no_value        no_value
Route Overflow V (%):        no_value        no_value        no_value
MBCI(%) (bits/gate) :            0.00            0.00            0.00
Norm Cong Hotspot Area:
  Max Cong:                  no_value        no_value        no_value
  Tot Cong:                  no_value        no_value        no_value
================================================================================
CPU  Runtime (h:m:s):        00:13:10        00:10:28        00:05:30
Real Runtime (h:m:s):        00:11:32        00:05:28        00:03:10
CPU  Elapsed (h:m:s):        00:13:18        00:23:45        00:29:11
Real Elapsed (h:m:s):        00:11:35        00:17:02        00:20:11
Memory (MB):                  2560.00         2508.89         2555.73
================================================================================
================================================================================
Flow Settings:
================================================================================
Total Runtime (h:m:s): 00:20:11
Total Memory (MB):     2555.73
Executable Version:    23.13-s073_1
================================================================================
Total Cell Area =  Cell Area + Physical Cell Area
Total Instances =  Leaf Instances + Physical Instances


