============================================================
  Generated by:           Genus(TM) Synthesis Solution 23.13-s073_1
  Generated on:           Dec 10 2025  08:21:03 am
  Module:                 riscv_core
  Technology libraries:   sram_asap7_64x256_1rw 1.0
                          asap7sc7p5t_OA_RVT_FF_nldm_201020 1.0
                          asap7sc7p5t_SEQ_RVT_FF_nldm_201020 1.0
                          sram_asap7_16x256_1rw 1.0
                          sram_asap7_64x64_1rw 1.0
                          asap7sc7p5t_AO_RVT_FF_nldm_201020 1.0
                          asap7sc7p5t_INVBUF_RVT_FF_nldm_201020 1.0
                          asap7sc7p5t_SIMPLE_RVT_FF_nldm_201020 1.0
                          sram_asap7_32x256_1rw 1.0
  Operating conditions:   tt_1.0_25.0 (balanced_tree)
  Wireload mode:          enclosed
  Area mode:              timing library
============================================================

Timing
--------

Clock Period 
-------------
clk    250.0 


  Cost    Critical                Violating 
 Group   Path Slack      TNS        Paths   
--------------------------------------------
clk          -672.2   -1332504.6       5055 
default    No paths          0.0            
--------------------------------------------
Total                 -1332504.6       5055 

Instance Count
--------------
Leaf Instance Count             75928 
Physical Instance count             0 
Sequential Instance Count        5362 
Combinational Instance Count    70566 
Hierarchical Instance Count        69 

Area
----
Cell Area                          7617.757
Physical Cell Area                 0.000
Total Cell Area (Cell+Physical)    7617.757
Net Area                           0.000
Total Area (Cell+Physical+Net)     7617.757

Runtime                            106.706643 seconds
Elapsed Runtime                    699 seconds
Genus peak memory usage            2463.96 
Innovus peak memory usage          no_value 
Hostname                           eda-bitirme
