============================================================
  Generated by:           Genus(TM) Synthesis Solution 23.13-s073_1
  Generated on:           Dec 10 2025  08:26:31 am
  Module:                 riscv_core
  Technology libraries:   sram_asap7_64x256_1rw 1.0
                          asap7sc7p5t_OA_RVT_FF_nldm_201020 1.0
                          asap7sc7p5t_SEQ_RVT_FF_nldm_201020 1.0
                          sram_asap7_16x256_1rw 1.0
                          sram_asap7_64x64_1rw 1.0
                          asap7sc7p5t_AO_RVT_FF_nldm_201020 1.0
                          asap7sc7p5t_INVBUF_RVT_FF_nldm_201020 1.0
                          asap7sc7p5t_SIMPLE_RVT_FF_nldm_201020 1.0
                          sram_asap7_32x256_1rw 1.0
  Operating conditions:   tt_1.0_25.0 (balanced_tree)
  Wireload mode:          enclosed
  Area mode:              timing library
============================================================

           Instance                                                                                                                                 Module                                                                                                                        Cell-Count  Cell-Area  Net-Area   Total-Area   Wireload  
-------------------------------------------------------------------------------------------------------------------------------------------------------------------------------------------------------------------------------------------------------------------------------------------------------------------------------------------
riscv_core                    NA                                                                                                                                                                                                                                                       47718   5224.062     0.000     5224.062 <none> (D)  
  u_cbm                       column_bypass_multiplier                                                                                                                                                                                                                                   824    108.140     0.000      108.140 <none> (D)  
  u_csr                       biriscv_csr_SUPPORT_MULDIV1_SUPPORT_SUPER0                                                                                                                                                                                                                1779    265.519     0.000      265.519 <none> (D)  
    u_csrfile                 biriscv_csr_regfile_SUPPORT_MTIMECMP1_SUPPORT_SUPER0                                                                                                                                                                                                      1397    203.889     0.000      203.889 <none> (D)  
  u_div                       biriscv_divider                                                                                                                                                                                                                                           1924    224.649     0.000      224.649 <none> (D)  
  u_exec0                     biriscv_exec                                                                                                                                                                                                                                              3303    252.817     0.000      252.817 <none> (D)  
    u_alu                     biriscv_alu                                                                                                                                                                                                                                               1700    116.275     0.000      116.275 <none> (D)  
  u_exec1                     biriscv_exec_2867                                                                                                                                                                                                                                         3251    250.455     0.000      250.455 <none> (D)  
    u_alu                     biriscv_alu_2865                                                                                                                                                                                                                                          1620    111.901     0.000      111.901 <none> (D)  
  u_frontend                  biriscv_frontend_SUPPORT_BRANCH_PREDICTION1_SUPPORT_MULDIV1_SUPPORT_MMU0_EXTRA_DECODE_STAGE0_NUM_BTB_ENTRIES32_NUM_BTB_ENTRIES_W5_NUM_BHT_ENTRIES512_NUM_BHT_ENTRIES_W9_RAS_ENABLE1_GSHARE_ENABLE0_BHT_ENABLE1_NUM_RAS_ENTRIES8_NUM_RAS_ENTRIES_W3       16167   1931.223     0.000     1931.223 <none> (D)  
    u_decode                  biriscv_decode_SUPPORT_MULDIV1_EXTRA_DECODE_STAGE0                                                                                                                                                                                                        1357    157.581     0.000      157.581 <none> (D)  
      genblk1.u_dec0          biriscv_decoder                                                                                                                                                                                                                                            190     13.618     0.000       13.618 <none> (D)  
      genblk1.u_dec1          biriscv_decoder_5666                                                                                                                                                                                                                                       217     15.586     0.000       15.586 <none> (D)  
      genblk1.u_fifo          fetch_fifo_OPC_INFO_W2                                                                                                                                                                                                                                     827    119.337     0.000      119.337 <none> (D)  
    u_fetch                   biriscv_fetch_SUPPORT_MMU0                                                                                                                                                                                                                                 736    121.510     0.000      121.510 <none> (D)  
    u_npc                     biriscv_npc_SUPPORT_BRANCH_PREDICTION1_NUM_BTB_ENTRIES32_NUM_BTB_ENTRIES_W5_NUM_BHT_ENTRIES512_NUM_BHT_ENTRIES_W9_RAS_ENABLE1_GSHARE_ENABLE0_BHT_ENABLE1_NUM_RAS_ENTRIES8_NUM_RAS_ENTRIES_W3                                                             14073   1652.060     0.000     1652.060 <none> (D)  
      BRANCH_PREDICTION.u_lru biriscv_npc_lfsr_DEPTH32_ADDR_W5                                                                                                                                                                                                                            36      7.917     0.000        7.917 <none> (D)  
  u_issue                     biriscv_issue_SUPPORT_MULDIV1_SUPPORT_DUAL_ISSUE1_SUPPORT_LOAD_BYPASS1_SUPPORT_MUL_BYPASS1_SUPPORT_REGFILE_XILINX0                                                                                                                                       11843   1378.349     0.000     1378.349 <none> (D)  
    u_pipe0_ctrl              biriscv_pipe_ctrl_SUPPORT_LOAD_BYPASS1_SUPPORT_MUL_BYPASS1                                                                                                                                                                                                 995    181.404     0.000      181.404 <none> (D)  
    u_pipe1_ctrl              biriscv_pipe_ctrl_SUPPORT_LOAD_BYPASS1_SUPPORT_MUL_BYPASS1_1                                                                                                                                                                                               553    109.365     0.000      109.365 <none> (D)  
    u_regfile                 biriscv_regfile_SUPPORT_REGFILE_XILINX0_SUPPORT_DUAL_ISSUE1                                                                                                                                                                                               5852    737.384     0.000      737.384 <none> (D)  
  u_lsu                       biriscv_lsu_MEM_CACHE_ADDR_MIN32h80000000_MEM_CACHE_ADDR_MAX32h8fffffff                                                                                                                                                                                   1413    153.865     0.000      153.865 <none> (D)  
    u_lsu_request             biriscv_lsu_fifo_WIDTH36_DEPTH2_ADDR_W1                                                                                                                                                                                                                    212     42.517     0.000       42.517 <none> (D)  
  u_mul                       biriscv_multiplier                                                                                                                                                                                                                                        5008    451.295     0.000      451.295 <none> (D)  
  u_mule                      biriscv_multiplier_efficient                                                                                                                                                                                                                              1938    194.337     0.000      194.337 <none> (D)  
  (D) = wireload is default in technology library
