============================================================
  Generated by:           Genus(TM) Synthesis Solution 23.13-s073_1
  Generated on:           Dec 10 2025  08:26:36 am
  Module:                 riscv_core
  Technology libraries:   sram_asap7_64x256_1rw 1.0
                          asap7sc7p5t_OA_RVT_FF_nldm_201020 1.0
                          asap7sc7p5t_SEQ_RVT_FF_nldm_201020 1.0
                          sram_asap7_16x256_1rw 1.0
                          sram_asap7_64x64_1rw 1.0
                          asap7sc7p5t_AO_RVT_FF_nldm_201020 1.0
                          asap7sc7p5t_INVBUF_RVT_FF_nldm_201020 1.0
                          asap7sc7p5t_SIMPLE_RVT_FF_nldm_201020 1.0
                          sram_asap7_32x256_1rw 1.0
  Operating conditions:   tt_1.0_25.0 (balanced_tree)
  Wireload mode:          enclosed
  Area mode:              timing library
============================================================

                                                 Leakage  
           Gate            Instances    Area   Power (nW)                  Library                 
---------------------------------------------------------------------------------------------------
A2O1A1Ixp33_ASAP7_75t_R          108     9.448      4.973    asap7sc7p5t_AO_RVT_FF_nldm_201020     
A2O1A1O1Ixp25_ASAP7_75t_R         11     1.443      0.710    asap7sc7p5t_AO_RVT_FF_nldm_201020     
AND2x2_ASAP7_75t_R              1297   113.462    251.092    asap7sc7p5t_SIMPLE_RVT_FF_nldm_201020 
AND2x4_ASAP7_75t_R               224    32.659     85.832    asap7sc7p5t_SIMPLE_RVT_FF_nldm_201020 
AND2x6_ASAP7_75t_R                30     5.249     15.662    asap7sc7p5t_SIMPLE_RVT_FF_nldm_201020 
AND3x1_ASAP7_75t_R                95     8.311     19.663    asap7sc7p5t_SIMPLE_RVT_FF_nldm_201020 
AND3x2_ASAP7_75t_R                17     1.735      3.243    asap7sc7p5t_SIMPLE_RVT_FF_nldm_201020 
AND3x4_ASAP7_75t_R                10     2.041      3.735    asap7sc7p5t_SIMPLE_RVT_FF_nldm_201020 
AND4x1_ASAP7_75t_R               413    42.151    139.039    asap7sc7p5t_SIMPLE_RVT_FF_nldm_201020 
AND4x2_ASAP7_75t_R                 7     0.816      1.266    asap7sc7p5t_SIMPLE_RVT_FF_nldm_201020 
AND5x1_ASAP7_75t_R                11     1.283      1.141    asap7sc7p5t_SIMPLE_RVT_FF_nldm_201020 
AO211x2_ASAP7_75t_R                8     1.866      1.062    asap7sc7p5t_AO_RVT_FF_nldm_201020     
AO21x1_ASAP7_75t_R               434    37.966     41.622    asap7sc7p5t_AO_RVT_FF_nldm_201020     
AO21x2_ASAP7_75t_R                33     3.368      3.973    asap7sc7p5t_AO_RVT_FF_nldm_201020     
AO221x1_ASAP7_75t_R               33     4.811      3.172    asap7sc7p5t_AO_RVT_FF_nldm_201020     
AO221x2_ASAP7_75t_R               19     3.047      2.236    asap7sc7p5t_AO_RVT_FF_nldm_201020     
AO222x2_ASAP7_75t_R              156    27.294     23.511    asap7sc7p5t_AO_RVT_FF_nldm_201020     
AO22x1_ASAP7_75t_R               745    97.759     52.286    asap7sc7p5t_AO_RVT_FF_nldm_201020     
AO22x2_ASAP7_75t_R                90    13.122     10.961    asap7sc7p5t_AO_RVT_FF_nldm_201020     
AO31x2_ASAP7_75t_R                 2     0.467      0.297    asap7sc7p5t_AO_RVT_FF_nldm_201020     
AO32x1_ASAP7_75t_R                 4     0.467      0.348    asap7sc7p5t_AO_RVT_FF_nldm_201020     
AO33x2_ASAP7_75t_R                 1     0.146      0.131    asap7sc7p5t_AO_RVT_FF_nldm_201020     
AOI211x1_ASAP7_75t_R              10     1.750      1.184    asap7sc7p5t_AO_RVT_FF_nldm_201020     
AOI211xp5_ASAP7_75t_R            123    10.760      8.985    asap7sc7p5t_AO_RVT_FF_nldm_201020     
AOI21x1_ASAP7_75t_R               58     6.765      5.400    asap7sc7p5t_AO_RVT_FF_nldm_201020     
AOI21xp33_ASAP7_75t_R           1275    92.948     45.616    asap7sc7p5t_AO_RVT_FF_nldm_201020     
AOI21xp5_ASAP7_75t_R             648    47.239     37.824    asap7sc7p5t_AO_RVT_FF_nldm_201020     
AOI221x1_ASAP7_75t_R              17     3.470      1.255    asap7sc7p5t_AO_RVT_FF_nldm_201020     
AOI221xp5_ASAP7_75t_R           1488   151.865     87.530    asap7sc7p5t_AO_RVT_FF_nldm_201020     
AOI222xp33_ASAP7_75t_R           646    94.187     40.945    asap7sc7p5t_AO_RVT_FF_nldm_201020     
AOI22x1_ASAP7_75t_R               26     3.791      3.739    asap7sc7p5t_AO_RVT_FF_nldm_201020     
AOI22xp33_ASAP7_75t_R           1992   174.260     87.356    asap7sc7p5t_AO_RVT_FF_nldm_201020     
AOI22xp5_ASAP7_75t_R            5088   445.098    364.088    asap7sc7p5t_AO_RVT_FF_nldm_201020     
AOI311xp33_ASAP7_75t_R             3     0.306      0.178    asap7sc7p5t_AO_RVT_FF_nldm_201020     
AOI31xp33_ASAP7_75t_R             21     1.837      1.136    asap7sc7p5t_AO_RVT_FF_nldm_201020     
AOI31xp67_ASAP7_75t_R              2     0.379      0.084    asap7sc7p5t_AO_RVT_FF_nldm_201020     
AOI321xp33_ASAP7_75t_R             7     0.816      0.387    asap7sc7p5t_AO_RVT_FF_nldm_201020     
AOI322xp5_ASAP7_75t_R              5     0.656      0.419    asap7sc7p5t_AO_RVT_FF_nldm_201020     
AOI32xp33_ASAP7_75t_R              9     0.919      0.509    asap7sc7p5t_AO_RVT_FF_nldm_201020     
AOI331xp33_ASAP7_75t_R             1     0.131      0.062    asap7sc7p5t_AO_RVT_FF_nldm_201020     
AOI332xp33_ASAP7_75t_R             1     0.146      0.076    asap7sc7p5t_AO_RVT_FF_nldm_201020     
AOI33xp33_ASAP7_75t_R              1     0.117      0.065    asap7sc7p5t_AO_RVT_FF_nldm_201020     
ASYNC_DFFHx1_ASAP7_75t_R        4370  1656.580    878.028    asap7sc7p5t_SEQ_RVT_FF_nldm_201020    
BUFx10_ASAP7_75t_R                 1     0.204      0.391    asap7sc7p5t_INVBUF_RVT_FF_nldm_201020 
BUFx12_ASAP7_75t_R                 2     0.467      0.931    asap7sc7p5t_INVBUF_RVT_FF_nldm_201020 
BUFx12f_ASAP7_75t_R                7     1.837      3.201    asap7sc7p5t_INVBUF_RVT_FF_nldm_201020 
BUFx2_ASAP7_75t_R                200    14.580     15.139    asap7sc7p5t_INVBUF_RVT_FF_nldm_201020 
BUFx3_ASAP7_75t_R                226    19.770     26.772    asap7sc7p5t_INVBUF_RVT_FF_nldm_201020 
BUFx4_ASAP7_75t_R                  2     0.204      0.223    asap7sc7p5t_INVBUF_RVT_FF_nldm_201020 
BUFx4f_ASAP7_75t_R                18     2.100      2.821    asap7sc7p5t_INVBUF_RVT_FF_nldm_201020 
BUFx5_ASAP7_75t_R                  2     0.233      0.346    asap7sc7p5t_INVBUF_RVT_FF_nldm_201020 
BUFx6f_ASAP7_75t_R                93    13.559     23.069    asap7sc7p5t_INVBUF_RVT_FF_nldm_201020 
BUFx8_ASAP7_75t_R                  2     0.350      0.509    asap7sc7p5t_INVBUF_RVT_FF_nldm_201020 
CKINVDCx5p33_ASAP7_75t_R           2     0.682      0.516    asap7sc7p5t_INVBUF_RVT_FF_nldm_201020 
CKINVDCx6p67_ASAP7_75t_R           7     2.559      1.689    asap7sc7p5t_INVBUF_RVT_FF_nldm_201020 
DFFHQNx1_ASAP7_75t_R             992   289.267    149.358    asap7sc7p5t_SEQ_RVT_FF_nldm_201020    
HB1xp67_ASAP7_75t_R             1108    64.619     34.516    asap7sc7p5t_INVBUF_RVT_FF_nldm_201020 
INVx11_ASAP7_75t_R                 5     0.948      1.976    asap7sc7p5t_INVBUF_RVT_FF_nldm_201020 
INVx1_ASAP7_75t_R               4190   183.271    148.075    asap7sc7p5t_INVBUF_RVT_FF_nldm_201020 
INVx2_ASAP7_75t_R                613    35.750     42.564    asap7sc7p5t_INVBUF_RVT_FF_nldm_201020 
INVx3_ASAP7_75t_R                 94     6.853      9.428    asap7sc7p5t_INVBUF_RVT_FF_nldm_201020 
INVx4_ASAP7_75t_R                 94     8.223     11.875    asap7sc7p5t_INVBUF_RVT_FF_nldm_201020 
INVx5_ASAP7_75t_R                 38     3.878      6.243    asap7sc7p5t_INVBUF_RVT_FF_nldm_201020 
INVx6_ASAP7_75t_R                 11     1.283      2.094    asap7sc7p5t_INVBUF_RVT_FF_nldm_201020 
INVx8_ASAP7_75t_R                 15     2.187      3.228    asap7sc7p5t_INVBUF_RVT_FF_nldm_201020 
INVxp33_ASAP7_75t_R               29     1.268      0.344    asap7sc7p5t_INVBUF_RVT_FF_nldm_201020 
INVxp67_ASAP7_75t_R             4922   215.288    110.546    asap7sc7p5t_INVBUF_RVT_FF_nldm_201020 
MAJIxp5_ASAP7_75t_R              381    38.885     45.673    asap7sc7p5t_SIMPLE_RVT_FF_nldm_201020 
MAJx2_ASAP7_75t_R                114    14.959     30.259    asap7sc7p5t_SIMPLE_RVT_FF_nldm_201020 
NAND2x1_ASAP7_75t_R               57     4.986      6.935    asap7sc7p5t_SIMPLE_RVT_FF_nldm_201020 
NAND2x1p5_ASAP7_75t_R             50     5.832      9.766    asap7sc7p5t_SIMPLE_RVT_FF_nldm_201020 
NAND2x2_ASAP7_75t_R                6     0.875      1.542    asap7sc7p5t_SIMPLE_RVT_FF_nldm_201020 
NAND2xp33_ASAP7_75t_R            174    10.148      7.629    asap7sc7p5t_SIMPLE_RVT_FF_nldm_201020 
NAND2xp5_ASAP7_75t_R            2798   163.179    188.211    asap7sc7p5t_SIMPLE_RVT_FF_nldm_201020 
NAND2xp67_ASAP7_75t_R             10     0.875      0.777    asap7sc7p5t_SIMPLE_RVT_FF_nldm_201020 
NAND3x1_ASAP7_75t_R               15     2.406      2.489    asap7sc7p5t_SIMPLE_RVT_FF_nldm_201020 
NAND3x2_ASAP7_75t_R                2     0.583      0.531    asap7sc7p5t_SIMPLE_RVT_FF_nldm_201020 
NAND3xp33_ASAP7_75t_R            221    16.111     15.348    asap7sc7p5t_SIMPLE_RVT_FF_nldm_201020 
NAND4xp25_ASAP7_75t_R            420    36.742     64.512    asap7sc7p5t_SIMPLE_RVT_FF_nldm_201020 
NAND4xp75_ASAP7_75t_R             38     7.757     11.861    asap7sc7p5t_SIMPLE_RVT_FF_nldm_201020 
NAND5xp2_ASAP7_75t_R             114    11.635     14.102    asap7sc7p5t_SIMPLE_RVT_FF_nldm_201020 
NOR2x1_ASAP7_75t_R               208    18.196     24.811    asap7sc7p5t_SIMPLE_RVT_FF_nldm_201020 
NOR2x1p5_ASAP7_75t_R              29     3.383      4.642    asap7sc7p5t_SIMPLE_RVT_FF_nldm_201020 
NOR2x2_ASAP7_75t_R                 2     0.292      0.345    asap7sc7p5t_SIMPLE_RVT_FF_nldm_201020 
NOR2xp33_ASAP7_75t_R            3746   218.467    134.315    asap7sc7p5t_SIMPLE_RVT_FF_nldm_201020 
NOR2xp67_ASAP7_75t_R             108     9.448      7.416    asap7sc7p5t_SIMPLE_RVT_FF_nldm_201020 
NOR3x1_ASAP7_75t_R                40     6.415      5.543    asap7sc7p5t_SIMPLE_RVT_FF_nldm_201020 
NOR3xp33_ASAP7_75t_R             223    16.257     14.574    asap7sc7p5t_SIMPLE_RVT_FF_nldm_201020 
NOR4xp25_ASAP7_75t_R             124    10.848     12.354    asap7sc7p5t_SIMPLE_RVT_FF_nldm_201020 
NOR4xp75_ASAP7_75t_R              11     2.245      0.835    asap7sc7p5t_SIMPLE_RVT_FF_nldm_201020 
NOR5xp2_ASAP7_75t_R               60     6.124      2.755    asap7sc7p5t_SIMPLE_RVT_FF_nldm_201020 
O2A1O1Ixp33_ASAP7_75t_R          111     9.710      3.896    asap7sc7p5t_OA_RVT_FF_nldm_201020     
O2A1O1Ixp5_ASAP7_75t_R             5     0.583      0.156    asap7sc7p5t_OA_RVT_FF_nldm_201020     
OA211x2_ASAP7_75t_R               18     2.100      2.002    asap7sc7p5t_OA_RVT_FF_nldm_201020     
OA21x2_ASAP7_75t_R               222    22.657     27.333    asap7sc7p5t_OA_RVT_FF_nldm_201020     
OA221x2_ASAP7_75t_R                2     0.467      0.276    asap7sc7p5t_OA_RVT_FF_nldm_201020     
OA222x2_ASAP7_75t_R                1     0.175      0.148    asap7sc7p5t_OA_RVT_FF_nldm_201020     
OA22x2_ASAP7_75t_R               125    18.225     15.467    asap7sc7p5t_OA_RVT_FF_nldm_201020     
OA33x2_ASAP7_75t_R                 2     0.292      0.217    asap7sc7p5t_OA_RVT_FF_nldm_201020     
OAI211xp5_ASAP7_75t_R            153    13.384      6.473    asap7sc7p5t_OA_RVT_FF_nldm_201020     
OAI21x1_ASAP7_75t_R               29     3.383      2.240    asap7sc7p5t_OA_RVT_FF_nldm_201020     
OAI21xp33_ASAP7_75t_R             39     2.843      1.219    asap7sc7p5t_OA_RVT_FF_nldm_201020     
OAI21xp5_ASAP7_75t_R            1428   104.101     64.478    asap7sc7p5t_OA_RVT_FF_nldm_201020     
OAI221xp5_ASAP7_75t_R            531    54.194     28.687    asap7sc7p5t_OA_RVT_FF_nldm_201020     
OAI222xp33_ASAP7_75t_R             3     0.437      0.130    asap7sc7p5t_OA_RVT_FF_nldm_201020     
OAI22x1_ASAP7_75t_R                9     1.312      0.843    asap7sc7p5t_OA_RVT_FF_nldm_201020     
OAI22xp33_ASAP7_75t_R            239    20.908      7.613    asap7sc7p5t_OA_RVT_FF_nldm_201020     
OAI22xp5_ASAP7_75t_R            1757   153.702     83.822    asap7sc7p5t_OA_RVT_FF_nldm_201020     
OAI311xp33_ASAP7_75t_R             3     0.306      0.111    asap7sc7p5t_OA_RVT_FF_nldm_201020     
OAI31xp33_ASAP7_75t_R             30     2.624      1.038    asap7sc7p5t_OA_RVT_FF_nldm_201020     
OAI321xp33_ASAP7_75t_R             4     0.467      0.476    asap7sc7p5t_OA_RVT_FF_nldm_201020     
OAI322xp33_ASAP7_75t_R             7     0.919      0.386    asap7sc7p5t_OA_RVT_FF_nldm_201020     
OAI32xp33_ASAP7_75t_R              9     0.919      0.275    asap7sc7p5t_OA_RVT_FF_nldm_201020     
OAI331xp33_ASAP7_75t_R             2     0.262      0.114    asap7sc7p5t_OA_RVT_FF_nldm_201020     
OR2x2_ASAP7_75t_R                253    22.132     56.057    asap7sc7p5t_SIMPLE_RVT_FF_nldm_201020 
OR2x4_ASAP7_75t_R                 14     1.633      4.954    asap7sc7p5t_SIMPLE_RVT_FF_nldm_201020 
OR2x6_ASAP7_75t_R                 52     9.098     30.020    asap7sc7p5t_SIMPLE_RVT_FF_nldm_201020 
OR3x1_ASAP7_75t_R                 29     2.537      4.274    asap7sc7p5t_SIMPLE_RVT_FF_nldm_201020 
OR3x2_ASAP7_75t_R                  1     0.102      0.231    asap7sc7p5t_SIMPLE_RVT_FF_nldm_201020 
OR4x1_ASAP7_75t_R                 22     2.245      4.556    asap7sc7p5t_SIMPLE_RVT_FF_nldm_201020 
OR5x1_ASAP7_75t_R                 11     1.283      1.781    asap7sc7p5t_SIMPLE_RVT_FF_nldm_201020 
XNOR2x1_ASAP7_75t_R               34     5.949     11.451    asap7sc7p5t_SIMPLE_RVT_FF_nldm_201020 
XNOR2x2_ASAP7_75t_R               10     1.604      3.427    asap7sc7p5t_SIMPLE_RVT_FF_nldm_201020 
XNOR2xp5_ASAP7_75t_R             821   107.732    163.326    asap7sc7p5t_SIMPLE_RVT_FF_nldm_201020 
XOR2x1_ASAP7_75t_R                 4     0.700      1.342    asap7sc7p5t_SIMPLE_RVT_FF_nldm_201020 
XOR2x2_ASAP7_75t_R                23     3.689      7.981    asap7sc7p5t_SIMPLE_RVT_FF_nldm_201020 
XOR2xp5_ASAP7_75t_R              552    72.433    100.124    asap7sc7p5t_SIMPLE_RVT_FF_nldm_201020 
---------------------------------------------------------------------------------------------------
total                          47718  5224.062   4070.825                                          


                                                                       Leakage  Leakage 
               Library                Instances Instances %   Area   Power (nW) Power % 
----------------------------------------------------------------------------------------
asap7sc7p5t_AO_RVT_FF_nldm_201020         13065        27.4 1238.644    832.120    20.4 
asap7sc7p5t_INVBUF_RVT_FF_nldm_201020     11681        24.5  580.113    446.497    11.0 
asap7sc7p5t_OA_RVT_FF_nldm_201020          4729         9.9  413.970    247.401     6.1 
asap7sc7p5t_SEQ_RVT_FF_nldm_201020         5362        11.2 1945.847   1027.386    25.2 
asap7sc7p5t_SIMPLE_RVT_FF_nldm_201020     12881        27.0 1045.488   1517.421    37.3 

                                           Leakage  Leakage 
     Type      Instances   Area   Area % Power (nW) Power % 
------------------------------------------------------------
sequential          5362 1945.847   37.2   1027.386    25.2 
inverter           10020  462.190    8.8    338.577     8.3 
buffer              1661  117.923    2.3    107.919     2.7 
logic              30675 2698.102   51.6   2596.942    63.8 
physical_cells         0    0.000    0.0      0.000     0.0 
------------------------------------------------------------
total              47718 5224.062  100.0   4070.825   100.0 

