============================================================
  Generated by:           Genus(TM) Synthesis Solution 23.13-s073_1
  Generated on:           Dec 10 2025  08:29:41 am
  Module:                 riscv_core
  Technology libraries:   sram_asap7_64x256_1rw 1.0
                          asap7sc7p5t_OA_RVT_FF_nldm_201020 1.0
                          asap7sc7p5t_SEQ_RVT_FF_nldm_201020 1.0
                          sram_asap7_16x256_1rw 1.0
                          sram_asap7_64x64_1rw 1.0
                          asap7sc7p5t_AO_RVT_FF_nldm_201020 1.0
                          asap7sc7p5t_INVBUF_RVT_FF_nldm_201020 1.0
                          asap7sc7p5t_SIMPLE_RVT_FF_nldm_201020 1.0
                          sram_asap7_32x256_1rw 1.0
  Operating conditions:   tt_1.0_25.0 (balanced_tree)
  Wireload mode:          enclosed
  Area mode:              timing library
============================================================

           Instance                                                                                                                                 Module                                                                                                                        Cell-Count  Cell-Area  Net-Area   Total-Area   Wireload  
-------------------------------------------------------------------------------------------------------------------------------------------------------------------------------------------------------------------------------------------------------------------------------------------------------------------------------------------
riscv_core                    NA                                                                                                                                                                                                                                                       44151   5052.583     0.000     5052.583 <none> (D)  
  u_cbm                       column_bypass_multiplier                                                                                                                                                                                                                                   814    107.659     0.000      107.659 <none> (D)  
  u_csr                       biriscv_csr_SUPPORT_MULDIV1_SUPPORT_SUPER0                                                                                                                                                                                                                1708    261.944     0.000      261.944 <none> (D)  
    u_csrfile                 biriscv_csr_regfile_SUPPORT_MTIMECMP1_SUPPORT_SUPER0                                                                                                                                                                                                      1337    200.898     0.000      200.898 <none> (D)  
  u_div                       biriscv_divider                                                                                                                                                                                                                                           1674    212.853     0.000      212.853 <none> (D)  
  u_exec0                     biriscv_exec                                                                                                                                                                                                                                              2884    233.644     0.000      233.644 <none> (D)  
    u_alu                     biriscv_alu                                                                                                                                                                                                                                               1555    109.758     0.000      109.758 <none> (D)  
  u_exec1                     biriscv_exec_2867                                                                                                                                                                                                                                         2828    232.186     0.000      232.186 <none> (D)  
    u_alu                     biriscv_alu_2865                                                                                                                                                                                                                                          1499    106.784     0.000      106.784 <none> (D)  
  u_frontend                  biriscv_frontend_SUPPORT_BRANCH_PREDICTION1_SUPPORT_MULDIV1_SUPPORT_MMU0_EXTRA_DECODE_STAGE0_NUM_BTB_ENTRIES32_NUM_BTB_ENTRIES_W5_NUM_BHT_ENTRIES512_NUM_BHT_ENTRIES_W9_RAS_ENABLE1_GSHARE_ENABLE0_BHT_ENABLE1_NUM_RAS_ENTRIES8_NUM_RAS_ENTRIES_W3       15032   1882.162     0.000     1882.162 <none> (D)  
    u_decode                  biriscv_decode_SUPPORT_MULDIV1_EXTRA_DECODE_STAGE0                                                                                                                                                                                                        1191    148.512     0.000      148.512 <none> (D)  
      genblk1.u_dec0          biriscv_decoder                                                                                                                                                                                                                                            174     12.612     0.000       12.612 <none> (D)  
      genblk1.u_dec1          biriscv_decoder_5666                                                                                                                                                                                                                                       185     13.589     0.000       13.589 <none> (D)  
      genblk1.u_fifo          fetch_fifo_OPC_INFO_W2                                                                                                                                                                                                                                     743    115.255     0.000      115.255 <none> (D)  
    u_fetch                   biriscv_fetch_SUPPORT_MMU0                                                                                                                                                                                                                                 738    121.540     0.000      121.540 <none> (D)  
    u_npc                     biriscv_npc_SUPPORT_BRANCH_PREDICTION1_NUM_BTB_ENTRIES32_NUM_BTB_ENTRIES_W5_NUM_BHT_ENTRIES512_NUM_BHT_ENTRIES_W9_RAS_ENABLE1_GSHARE_ENABLE0_BHT_ENABLE1_NUM_RAS_ENTRIES8_NUM_RAS_ENTRIES_W3                                                             13103   1612.111     0.000     1612.111 <none> (D)  
      BRANCH_PREDICTION.u_lru biriscv_npc_lfsr_DEPTH32_ADDR_W5                                                                                                                                                                                                                            36      7.917     0.000        7.917 <none> (D)  
  u_issue                     biriscv_issue_SUPPORT_MULDIV1_SUPPORT_DUAL_ISSUE1_SUPPORT_LOAD_BYPASS1_SUPPORT_MUL_BYPASS1_SUPPORT_REGFILE_XILINX0                                                                                                                                       11170   1341.608     0.000     1341.608 <none> (D)  
    u_pipe0_ctrl              biriscv_pipe_ctrl_SUPPORT_LOAD_BYPASS1_SUPPORT_MUL_BYPASS1                                                                                                                                                                                                 970    179.976     0.000      179.976 <none> (D)  
    u_pipe1_ctrl              biriscv_pipe_ctrl_SUPPORT_LOAD_BYPASS1_SUPPORT_MUL_BYPASS1_1                                                                                                                                                                                               546    108.898     0.000      108.898 <none> (D)  
    u_regfile                 biriscv_regfile_SUPPORT_REGFILE_XILINX0_SUPPORT_DUAL_ISSUE1                                                                                                                                                                                               5733    729.073     0.000      729.073 <none> (D)  
  u_lsu                       biriscv_lsu_MEM_CACHE_ADDR_MIN32h80000000_MEM_CACHE_ADDR_MAX32h8fffffff                                                                                                                                                                                   1322    148.556     0.000      148.556 <none> (D)  
    u_lsu_request             biriscv_lsu_fifo_WIDTH36_DEPTH2_ADDR_W1                                                                                                                                                                                                                    211     42.034     0.000       42.034 <none> (D)  
  u_mul                       biriscv_multiplier                                                                                                                                                                                                                                        4803    439.135     0.000      439.135 <none> (D)  
  u_mule                      biriscv_multiplier_efficient                                                                                                                                                                                                                              1841    189.103     0.000      189.103 <none> (D)  
  (D) = wireload is default in technology library
