

Working Directory = /home/ziyx/cadence-bitirme/Flows/ASAP7/biriscv/scripts/cadence
QoS Summary for riscv_core
================================================================================
Metric                          final          
================================================================================
Slack (ps):                 1,997,442
  R2R (ps):                 1,997,442
  I2R (ps):                  no_value
  R2O (ps):                  no_value
  I2O (ps):                  no_value
  CG  (ps):                  no_value
TNS (ps):                           0
  R2R (ps):                         0
  I2R (ps):                  no_value
  R2O (ps):                  no_value
  I2O (ps):                  no_value
  CG  (ps):                  no_value
Failing Paths:                      0
Cell Area:                      4,751
Total Cell Area:                4,751
Leaf Instances:                33,233
Total Instances:               33,233
Utilization (%):                 0.00
Tot. Net Length (um):        no_value
Avg. Net Length (um):        no_value
Route Overflow H (%):        no_value
Route Overflow V (%):        no_value
MBCI(%) (bits/gate) :            0.00
Norm Cong Hotspot Area:
  Max Cong:                  no_value
  Tot Cong:                  no_value
================================================================================
CPU  Runtime (h:m:s):        00:14:15
Real Runtime (h:m:s):        00:11:08
CPU  Elapsed (h:m:s):        00:14:18
Real Elapsed (h:m:s):        00:11:09
Memory (MB):                  2403.00
================================================================================
================================================================================
Flow Settings:
================================================================================
Total Runtime (h:m:s): 00:11:09
Total Memory (MB):     2403.00
Executable Version:    23.13-s073_1
================================================================================
Total Cell Area =  Cell Area + Physical Cell Area
Total Instances =  Leaf Instances + Physical Instances


