env CDS_WORKAREA is set to /home/ykaraagac/cadence-bitirme/Flows/NanGate45/biriscv_2mul_vs_hybrid/scripts/cadence
             0V	    VSS
           1.1V	    VDD
Using Power View WC_VIEW
.
Load RC corner of view WC_VIEW

Begin Power Analysis

             0V	    VSS
           1.1V	    VDD

Begin Processing Timing Library for Power Calculation

Ended Processing Timing Library for Power Calculation: (cpu=0:00:00, real=0:00:00, mem(process/total/peak)=2859.74MB/8680.50MB/2859.74MB)



Begin Processing Power Net/Grid for Power Calculation

Ended Processing Power Net/Grid for Power Calculation: (cpu=0:00:00, real=0:00:00, mem(process/total/peak)=2859.74MB/8680.50MB/2859.74MB)

Begin Processing Timing Window Data for Power Calculation

clk(100MHz) CK: assigning clock clk to net clk_i
Ended Processing Timing Window Data for Power Calculation: (cpu=0:00:00, real=0:00:00, mem(process/total/peak)=2859.74MB/8680.50MB/2859.74MB)

Begin Processing User Attributes

Ended Processing User Attributes: (cpu=0:00:00, real=0:00:00, mem(process/total/peak)=2859.74MB/8680.50MB/2859.74MB)

Begin Processing Signal Activity


Starting Activity Propagation
2026-Jun-08 14:37:36 (2026-Jun-08 14:37:36 GMT)
2026-Jun-08 14:37:36 (2026-Jun-08 14:37:36 GMT): 10%
2026-Jun-08 14:37:36 (2026-Jun-08 14:37:36 GMT): 20%

Finished Activity Propagation
2026-Jun-08 14:37:36 (2026-Jun-08 14:37:36 GMT)

Activity annotation summary:
        Primary Inputs : 180/180 = 100%
          Flop outputs : 1909/10414 = 18.3311%
  Memory/Macro outputs : 0/0 = 0%
      Tristate outputs : 0/0 = 0%
            Total Nets : 3883/35059 = 11.0756%

Ended Processing Signal Activity: (cpu=0:00:00, real=0:00:00, mem(process/total/peak)=2859.74MB/8680.50MB/2859.74MB)

Begin Power Computation

      ----------------------------------------------------------
      # of cell(s) missing both power/leakage table: 0
      # of cell(s) missing power table: 0
      # of cell(s) missing leakage table: 0
      ----------------------------------------------------------



Starting Calculating power
2026-Jun-08 14:37:36 (2026-Jun-08 14:37:36 GMT)
 ... Calculating switching power
2026-Jun-08 14:37:36 (2026-Jun-08 14:37:36 GMT): 10%
2026-Jun-08 14:37:36 (2026-Jun-08 14:37:36 GMT): 20%
2026-Jun-08 14:37:37 (2026-Jun-08 14:37:37 GMT): 30%
2026-Jun-08 14:37:37 (2026-Jun-08 14:37:37 GMT): 40%
2026-Jun-08 14:37:37 (2026-Jun-08 14:37:37 GMT): 50%
 ... Calculating internal and leakage power
2026-Jun-08 14:37:37 (2026-Jun-08 14:37:37 GMT): 60%
2026-Jun-08 14:37:37 (2026-Jun-08 14:37:37 GMT): 70%
2026-Jun-08 14:37:39 (2026-Jun-08 14:37:39 GMT): 80%
2026-Jun-08 14:37:39 (2026-Jun-08 14:37:39 GMT): 90%

Finished Calculating power
2026-Jun-08 14:37:40 (2026-Jun-08 14:37:40 GMT)
      # of MSMV cell(s) missing power_level: 0
Ended Power Computation: (cpu=0:00:03, real=0:00:03, mem(process/total/peak)=2859.74MB/8680.50MB/2859.74MB)

Begin Processing User Attributes

Begin Processing set_power
Ended Processing set_power: (cpu=0:00:00, real=0:00:00,
mem(process/total/peak)=2859.74MB/8680.50MB/2859.74MB)
Ended Processing User Attributes: (cpu=0:00:00, real=0:00:00, mem(process/total/peak)=2859.74MB/8680.50MB/2859.74MB)

Ended Power Analysis: (cpu=0:00:04, real=0:00:04, mem(process/total/peak)=2859.74MB/8680.50MB/2859.74MB)

Begin Boundary Leakage Calculation
Ended Boundary Leakage Calculation: (cpu=0:00:00, real=0:00:00,
mem(process/total/peak)=2859.74MB/8680.50MB/2859.74MB)
Begin Static Power Report Generation
*----------------------------------------------------------------------------------------
*	Innovus 25.12-s079_1 (64bit) 11/18/2025 12:56 (Linux 4.18.0-305.el8.x86_64)
*	
*
* 	Date & Time:	2026-Jun-08 14:37:40 (2026-Jun-08 14:37:40 GMT)
*
*----------------------------------------------------------------------------------------
*
*	Design: riscv_core
*
*	Liberty Libraries used:
*	        /home/ykaraagac/cadence-bitirme/Enablements/NanGate45/lib/NangateOpenCellLibrary_typical.lib
*
*	Parasitic Files used:
*
*       Dynamic View: WC_VIEW
*
*       Leakage View: WC_VIEW
*
*       User-Defined Activity : N.A.
*
*	Switching Activity File used:
*	        /home/ykaraagac/cadence-bitirme/Flows/NanGate45/biriscv_2mul_vs_hybrid/scripts/cadence/outputs/benchmark_runs_1ghz_exact_free/fir_unrolled/vcd/core_hybrid.vcd
*                  Vcd Window used(Start Time, Stop Time):  
*                Vcd Scale Factor: 1
*
*       Hierarchical Global Activity: N.A.
*
*       Global Activity: N.A.
*
*       Sequential Element Activity: 0.200000
*
*       Primary Input Activity: 0.200000
*
*       Default icg ratio: N.A.
*
*       Global Comb ClockGate Ratio: N.A.
*
*	Power Units = 1mW
*
*	Time Units = 1e-09 secs
*
*       report_power -instances {u_mule}
*
-----------------------------------------------------------------------------------------
*



Total Power
-----------------------------------------------------------------------------------------
Total Internal Power:        4.34787573 	   53.8008%
Total Switching Power:       2.54729556 	   31.5203%
Total Leakage Power:         1.18626709 	   14.6789%
Total Power:                 8.08143839
-----------------------------------------------------------------------------------------


Group                           Internal   Switching     Leakage       Total  Percentage 
                                Power      Power         Power         Power  (%)        
-----------------------------------------------------------------------------------------
Sequential                         2.847      0.3759      0.4995       3.723       46.07
Macro                                  0           0           0           0           0
IO                                     0           0           0           0           0
Combinational                      1.024       1.191      0.6728       2.888       35.73
Clock (Combinational)             0.4766      0.9803     0.01403       1.471        18.2
Clock (Sequential)                     0           0           0           0           0
-----------------------------------------------------------------------------------------
Total                              4.348       2.547       1.186       8.081         100
-----------------------------------------------------------------------------------------


Clock                           Internal   Switching     Leakage       Total  Percentage 
                                Power      Power         Power         Power  (%)        
-----------------------------------------------------------------------------------------
clk                               0.4766      0.9803     0.01403       1.471        18.2
-----------------------------------------------------------------------------------------
Total                             0.4766      0.9803     0.01403       1.471        18.2
-----------------------------------------------------------------------------------------
Clock: clk
Clock Period: 0.010000 usec 
Clock Toggle Rate:   200.0000 Mhz 
Clock Static Probability:  0.5000
  


Rail                  Voltage   Internal   Switching     Leakage       Total  Percentage 
                                Power      Power         Power         Power  (%)        
-----------------------------------------------------------------------------------------
VDD                       1.1      4.348       2.547       1.186       8.081         100


Instance                      Max Toggles   Total Toggles   Internal   Switching     Leakage       Total  Percentage    Cell
                              Input Pins    Output Pins     Power      Power         Power         Power  (%)           Name
----------------------------------------------------------------------------------------------------------------------------
u_mule                                  0               0    0.06897    0.008983     0.03796      0.1159       1.434    
----------------------------------------------------------------------------------------------------------------------------
Total                                                        0.06897    0.008983     0.03796      0.1159       1.434    
 
 
-----------------------------------------------------------------------------------------
*	Power Distribution Summary: 
*              Highest Average Power: u_frontend/u_npc/FE_OFC1066_branch_info_source_w_2 (CLKBUF_X3):         0.004955
*              Highest Leakage Power:            u_issue/g33248 (AND4_X4):        0.0001893
*                Total Cap:      2.19821e-10 F
*                Total instances in design: 28954
*                Total instances in design with no power:     0
*                Total instances in design with no activty:     0

*                Total Fillers and Decap:     0
-----------------------------------------------------------------------------------------
 
** INFO:  (VOLTUS_POWR-3465): There are 0 decaps and 0 fillers in the design

Ended Static Power Report Generation: (cpu=0:00:00, real=0:00:00,
mem(process/total/peak)=2859.74MB/8680.50MB/2859.74MB)

