env CDS_WORKAREA is set to /home/ykaraagac/cadence-bitirme/Flows/NanGate45/biriscv_2mul_vs_hybrid/scripts/cadence
             0V	    VSS
           1.1V	    VDD
Using Power View WC_VIEW
.
Load RC corner of view WC_VIEW

Begin Power Analysis

             0V	    VSS
           1.1V	    VDD

Begin Processing Timing Library for Power Calculation

Ended Processing Timing Library for Power Calculation: (cpu=0:00:00, real=0:00:00, mem(process/total/peak)=2851.82MB/8680.54MB/2851.82MB)



Begin Processing Power Net/Grid for Power Calculation

Ended Processing Power Net/Grid for Power Calculation: (cpu=0:00:00, real=0:00:00, mem(process/total/peak)=2851.82MB/8680.54MB/2851.82MB)

Begin Processing Timing Window Data for Power Calculation

clk(100MHz) CK: assigning clock clk to net clk_i
Ended Processing Timing Window Data for Power Calculation: (cpu=0:00:00, real=0:00:00, mem(process/total/peak)=2851.82MB/8680.54MB/2851.82MB)

Begin Processing User Attributes

Ended Processing User Attributes: (cpu=0:00:00, real=0:00:00, mem(process/total/peak)=2851.82MB/8680.54MB/2851.82MB)

Begin Processing Signal Activity


Starting Activity Propagation
2026-Jun-08 21:41:13 (2026-Jun-08 21:41:13 GMT)
2026-Jun-08 21:41:13 (2026-Jun-08 21:41:13 GMT): 10%
2026-Jun-08 21:41:13 (2026-Jun-08 21:41:13 GMT): 20%

Finished Activity Propagation
2026-Jun-08 21:41:13 (2026-Jun-08 21:41:13 GMT)

Activity annotation summary:
        Primary Inputs : 180/180 = 100%
          Flop outputs : 1909/10414 = 18.3311%
  Memory/Macro outputs : 0/0 = 0%
      Tristate outputs : 0/0 = 0%
            Total Nets : 3867/35059 = 11.03%

Ended Processing Signal Activity: (cpu=0:00:00, real=0:00:00, mem(process/total/peak)=2851.82MB/8680.54MB/2851.82MB)

Begin Power Computation

      ----------------------------------------------------------
      # of cell(s) missing both power/leakage table: 0
      # of cell(s) missing power table: 0
      # of cell(s) missing leakage table: 0
      ----------------------------------------------------------



Starting Calculating power
2026-Jun-08 21:41:13 (2026-Jun-08 21:41:13 GMT)
 ... Calculating switching power
2026-Jun-08 21:41:13 (2026-Jun-08 21:41:13 GMT): 10%
2026-Jun-08 21:41:13 (2026-Jun-08 21:41:13 GMT): 20%
2026-Jun-08 21:41:13 (2026-Jun-08 21:41:13 GMT): 30%
2026-Jun-08 21:41:14 (2026-Jun-08 21:41:14 GMT): 40%
2026-Jun-08 21:41:14 (2026-Jun-08 21:41:14 GMT): 50%
 ... Calculating internal and leakage power
2026-Jun-08 21:41:14 (2026-Jun-08 21:41:14 GMT): 60%
2026-Jun-08 21:41:14 (2026-Jun-08 21:41:14 GMT): 70%
2026-Jun-08 21:41:16 (2026-Jun-08 21:41:16 GMT): 80%
2026-Jun-08 21:41:16 (2026-Jun-08 21:41:16 GMT): 90%

Finished Calculating power
2026-Jun-08 21:41:17 (2026-Jun-08 21:41:17 GMT)
      # of MSMV cell(s) missing power_level: 0
Ended Power Computation: (cpu=0:00:02, real=0:00:03, mem(process/total/peak)=2851.82MB/8680.54MB/2851.82MB)

Begin Processing User Attributes

Begin Processing set_power
Ended Processing set_power: (cpu=0:00:00, real=0:00:00,
mem(process/total/peak)=2851.82MB/8680.54MB/2851.82MB)
Ended Processing User Attributes: (cpu=0:00:00, real=0:00:00, mem(process/total/peak)=2851.82MB/8680.54MB/2851.82MB)

Ended Power Analysis: (cpu=0:00:03, real=0:00:04, mem(process/total/peak)=2851.82MB/8680.54MB/2851.82MB)

Begin Boundary Leakage Calculation
Ended Boundary Leakage Calculation: (cpu=0:00:00, real=0:00:00,
mem(process/total/peak)=2851.82MB/8680.54MB/2851.82MB)
Begin Static Power Report Generation
*----------------------------------------------------------------------------------------
*	Innovus 25.12-s079_1 (64bit) 11/18/2025 12:56 (Linux 4.18.0-305.el8.x86_64)
*	
*
* 	Date & Time:	2026-Jun-08 21:41:17 (2026-Jun-08 21:41:17 GMT)
*
*----------------------------------------------------------------------------------------
*
*	Design: riscv_core
*
*	Liberty Libraries used:
*	        /home/ykaraagac/cadence-bitirme/Enablements/NanGate45/lib/NangateOpenCellLibrary_typical.lib
*
*	Parasitic Files used:
*
*       Dynamic View: WC_VIEW
*
*       Leakage View: WC_VIEW
*
*       User-Defined Activity : N.A.
*
*	Switching Activity File used:
*	        /home/ykaraagac/cadence-bitirme/Flows/NanGate45/biriscv_2mul_vs_hybrid/scripts/cadence/outputs/job6_selective_runs/fir_unrolled_selective_latency_hidden_mule/vcd/core_hybrid.vcd
*                  Vcd Window used(Start Time, Stop Time):  
*                Vcd Scale Factor: 1
*
*       Hierarchical Global Activity: N.A.
*
*       Global Activity: N.A.
*
*       Sequential Element Activity: 0.200000
*
*       Primary Input Activity: 0.200000
*
*       Default icg ratio: N.A.
*
*       Global Comb ClockGate Ratio: N.A.
*
*	Power Units = 1mW
*
*	Time Units = 1e-09 secs
*
*       report_power -hierarchy all
*
-----------------------------------------------------------------------------------------
*



Total Power
-----------------------------------------------------------------------------------------
Total Internal Power:        4.34170016 	   53.8561%
Total Switching Power:       2.53379209 	   31.4301%
Total Leakage Power:         1.18618345 	   14.7139%
Total Power:                 8.06167571
-----------------------------------------------------------------------------------------


Group                           Internal   Switching     Leakage       Total  Percentage 
                                Power      Power         Power         Power  (%)        
-----------------------------------------------------------------------------------------
Sequential                         2.853      0.3748      0.4995       3.728       46.24
Macro                                  0           0           0           0           0
IO                                     0           0           0           0           0
Combinational                      1.012       1.179      0.6726       2.863       35.51
Clock (Combinational)             0.4766      0.9803     0.01403       1.471       18.25
Clock (Sequential)                     0           0           0           0           0
-----------------------------------------------------------------------------------------
Total                              4.342       2.534       1.186       8.062         100
-----------------------------------------------------------------------------------------


Clock                           Internal   Switching     Leakage       Total  Percentage 
                                Power      Power         Power         Power  (%)        
-----------------------------------------------------------------------------------------
clk                               0.4766      0.9803     0.01403       1.471       18.25
-----------------------------------------------------------------------------------------
Total                             0.4766      0.9803     0.01403       1.471       18.25
-----------------------------------------------------------------------------------------
Clock: clk
Clock Period: 0.010000 usec 
Clock Toggle Rate:   200.0000 Mhz 
Clock Static Probability:  0.5000
  


Rail                  Voltage   Internal   Switching     Leakage       Total  Percentage 
                                Power      Power         Power         Power  (%)        
-----------------------------------------------------------------------------------------
VDD                       1.1      4.342       2.534       1.186       8.062         100


Hierarchy                       Internal   Switching     Leakage       Total  Percentage 
                                Power      Power         Power         Power  (%)        
-----------------------------------------------------------------------------------------
u_csr                             0.1914     0.02397     0.06078      0.2761       3.425 
u_div                             0.1435     0.03447     0.04664      0.2246       2.787 
u_exec0                          0.07684     0.05706     0.04304      0.1769       2.195 
u_exec1                          0.07498     0.05555     0.04144       0.172       2.133 
u_frontend                         1.833      0.7976       0.462       3.093       38.36 
u_issue                            1.197      0.7564      0.3751       2.329       28.88 
u_lsu                            0.09364      0.0341     0.02795      0.1557       1.931 
u_mul                             0.5008      0.4401     0.08594       1.027       12.74 
u_mule                           0.07405     0.01651     0.03833      0.1289       1.599 
u_csr/u_csrfile                   0.1334     0.01026     0.04433       0.188       2.332 
u_frontend/u_decode               0.1333     0.04043     0.03025      0.2039        2.53 
u_frontend/u_fetch                0.1017     0.01846     0.02784       0.148       1.836 
u_frontend/u_npc                   1.563      0.6694      0.4026       2.635       32.68 
u_issue/u_pipe0_ctrl              0.1695     0.03108     0.04237      0.2429       3.013 
u_issue/u_pipe1_ctrl             0.09879     0.01669      0.0276      0.1431       1.775 
u_issue/u_regfile                 0.8245      0.4953      0.2372       1.557       19.31 
u_lsu/u_lsu_request              0.03729     0.00385    0.009403     0.05054      0.6269 
u_exec0/u_alu                    0.02654     0.03294     0.02095     0.08043      0.9977 
u_exec1/u_alu                    0.01814     0.02467     0.02032     0.06314      0.7832 
u_frontend/u_decode/genblk1.u_fifo
                                   0.129     0.03652     0.02532      0.1909       2.368 
u_frontend/u_npc/BRANCH_PREDICTION.u_lru
                                 0.01035    0.001495    0.001929     0.01377      0.1708 
u_frontend/u_decode/genblk1.u_dec0
                                0.001239    0.001273    0.001687    0.004199     0.05209 
u_frontend/u_decode/genblk1.u_dec1
                                0.001052    0.001294    0.001662    0.004009     0.04972 
 
 
-----------------------------------------------------------------------------------------
*	Power Distribution Summary: 
*              Highest Average Power: u_frontend/u_npc/FE_OFC1066_branch_info_source_w_2 (CLKBUF_X3):         0.004109
*              Highest Leakage Power:            u_issue/g33248 (AND4_X4):        0.0001893
*                Total Cap:      2.19821e-10 F
*                Total instances in design: 28954
*                Total instances in design with no power:     0
*                Total instances in design with no activty:     0

*                Total Fillers and Decap:     0
-----------------------------------------------------------------------------------------
 
** INFO:  (VOLTUS_POWR-3465): There are 0 decaps and 0 fillers in the design

Ended Static Power Report Generation: (cpu=0:00:00, real=0:00:00,
mem(process/total/peak)=2851.82MB/8680.54MB/2851.82MB)

