

Working Directory = /home/ziyx/cadence-bitirme/Flows/ASAP7/biriscv-3module/scripts/cadence
QoS Summary for riscv_core
================================================================================
Metric                          final          
================================================================================
Slack (ps):                 1,997,414
  R2R (ps):                 1,997,414
  I2R (ps):                  no_value
  R2O (ps):                  no_value
  I2O (ps):                  no_value
  CG  (ps):                  no_value
TNS (ps):                           0
  R2R (ps):                         0
  I2R (ps):                  no_value
  R2O (ps):                  no_value
  I2O (ps):                  no_value
  CG  (ps):                  no_value
Failing Paths:                      0
Cell Area:                      4,406
Total Cell Area:                4,406
Leaf Instances:                32,328
Total Instances:               32,328
Utilization (%):                 0.00
Tot. Net Length (um):        no_value
Avg. Net Length (um):        no_value
Route Overflow H (%):        no_value
Route Overflow V (%):        no_value
MBCI(%) (bits/gate) :            0.00
Norm Cong Hotspot Area:
  Max Cong:                  no_value
  Tot Cong:                  no_value
================================================================================
CPU  Runtime (h:m:s):        00:14:59
Real Runtime (h:m:s):        00:17:27
CPU  Elapsed (h:m:s):        00:15:02
Real Elapsed (h:m:s):        00:17:28
Memory (MB):                  2461.39
================================================================================
================================================================================
Flow Settings:
================================================================================
Total Runtime (h:m:s): 00:17:28
Total Memory (MB):     2461.39
Executable Version:    23.13-s073_1
================================================================================
Total Cell Area =  Cell Area + Physical Cell Area
Total Instances =  Leaf Instances + Physical Instances


