============================================================
  Generated by:           Genus(TM) Synthesis Solution 23.13-s073_1
  Generated on:           Jan 11 2026  05:34:40 pm
  Module:                 riscv_core
  Operating conditions:   tt_1.0_25.0 (balanced_tree)
  Wireload mode:          enclosed
  Area mode:              timing library
============================================================


Path 1: MET (1997414 ps) Setup Check with Pin u_issue/pc_x_q_reg[31]/CLK->D
          Group: core_clock
     Startpoint: (R) u_frontend/u_decode/genblk1.u_fifo/rd_ptr_q_reg[0]/CLK
          Clock: (R) core_clock
       Endpoint: (R) u_issue/pc_x_q_reg[31]/D
          Clock: (R) core_clock

                      Capture       Launch     
        Clock Edge:+  2000000            0     
       Src Latency:+        0            0     
       Net Latency:+        0 (I)        0 (I) 
           Arrival:=  2000000            0     
                                               
             Setup:-       13                  
     Required Time:=  1999987                  
      Launch Clock:-        0                  
         Data Path:-     2573                  
             Slack:=  1997414                  

#------------------------------------------------------------------------------------------------------------------------------------------------
#                     Timing Point                       Flags    Arc    Edge           Cell            Fanout Load Trans Delay Arrival Instance 
#                                                                                                              (fF)  (ps)  (ps)   (ps)  Location 
#------------------------------------------------------------------------------------------------------------------------------------------------
  u_frontend/u_decode/genblk1.u_fifo/rd_ptr_q_reg[0]/CLK -       -       R     (arrival)                  5357    -     0     0       0    (-,-) 
  u_frontend/u_decode/genblk1.u_fifo/rd_ptr_q_reg[0]/QN  -       CLK->QN R     ASYNC_DFFHx1_ASAP7_75t_R      1  0.6    13    36      36    (-,-) 
  u_frontend/u_decode/genblk1.u_fifo/g2479/Y             -       A->Y    R     BUFx2_ASAP7_75t_R           102 51.6   156    82     118    (-,-) 
  u_frontend/u_decode/genblk1.u_fifo/g2891/Y             -       A->Y    F     INVx2_ASAP7_75t_R            97 48.2   144   106     224    (-,-) 
  u_frontend/u_decode/genblk1.u_fifo/g2856/Y             -       A2->Y   F     AO22x1_ASAP7_75t_R            3  2.0    17    40     264    (-,-) 
  u_issue/g39921/Y                                       -       B->Y    F     XOR2xp5_ASAP7_75t_R           1  0.5    15    18     282    (-,-) 
  u_issue/g39890/Y                                       -       D->Y    R     NOR4xp25_ASAP7_75t_R          1  0.5    30    22     304    (-,-) 
  u_issue/g39889/Y                                       -       A->Y    F     NAND5xp2_ASAP7_75t_R          1  0.6    33    22     326    (-,-) 
  u_issue/g39888/Y                                       -       A->Y    R     NOR5xp2_ASAP7_75t_R           2  1.1    61    35     361    (-,-) 
  u_issue/g39886/Y                                       -       A->Y    F     NAND5xp2_ASAP7_75t_R          1  0.6    41    28     389    (-,-) 
  u_issue/g39885/Y                                       -       A->Y    F     OR4x1_ASAP7_75t_R             2  0.9    13    36     425    (-,-) 
  u_issue/g39881/Y                                       -       B->Y    R     NOR2xp33_ASAP7_75t_R         11  5.2   107    55     480    (-,-) 
  u_issue/g39880/Y                                       -       A->Y    F     INVx1_ASAP7_75t_R            20 10.4    71    55     535    (-,-) 
  u_issue/g39933/Y                                       -       B->Y    R     NOR2xp33_ASAP7_75t_R         17  9.0   185   108     643    (-,-) 
  u_issue/g47161/Y                                       -       A->Y    F     INVx1_ASAP7_75t_R            15  7.4    72    55     698    (-,-) 
  u_issue/g47101/Y                                       -       A->Y    R     NAND2xp5_ASAP7_75t_R          5  2.8    47    40     739    (-,-) 
  u_issue/g47057/Y                                       -       A->Y    F     NOR3xp33_ASAP7_75t_R          3  1.4    48    21     760    (-,-) 
  u_issue/g47053/Y                                       -       A->Y    R     INVxp67_ASAP7_75t_R           2  1.1    21    18     777    (-,-) 
  u_issue/g47022/Y                                       -       A->Y    F     NAND2xp5_ASAP7_75t_R          2  1.2    26    13     791    (-,-) 
  u_issue/g47019/Y                                       -       A->Y    R     INVx1_ASAP7_75t_R             1  0.6    11     9     800    (-,-) 
  u_issue/g47016/Y                                       -       B->Y    F     NAND2xp5_ASAP7_75t_R          2  1.2    22    12     811    (-,-) 
  u_issue/g47003/Y                                       -       B->Y    F     OR2x2_ASAP7_75t_R             3  1.6    10    25     836    (-,-) 
  u_issue/g46923/Y                                       -       A->Y    R     NOR4xp25_ASAP7_75t_R         17  9.9   273   131     967    (-,-) 
  u_issue/drc_bufs47168/Y                                -       A->Y    F     INVx1_ASAP7_75t_R             1  0.7    34    15     982    (-,-) 
  u_issue/drc_bufs47167/Y                                -       A->Y    R     INVx1_ASAP7_75t_R            16  9.1    59    38    1020    (-,-) 
  u_issue/g46770/Y                                       -       B1->Y   F     AOI222xp33_ASAP7_75t_R        1  0.4    58    23    1042    (-,-) 
  u_issue/g46686/Y                                       -       A->Y    R     NAND2xp33_ASAP7_75t_R         1  0.5    28    26    1068    (-,-) 
  u_issue/g46666/Y                                       -       C->Y    F     AOI221xp5_ASAP7_75t_R         1  0.6    45    13    1081    (-,-) 
  u_issue/g46662/Y                                       -       B->Y    R     NAND2xp5_ASAP7_75t_R          7  4.3    54    39    1120    (-,-) 
  u_exec1/gte_360_46_Y_lt_355_46_g737/Y                  -       A->Y    F     INVx1_ASAP7_75t_R             3  2.9    26    21    1141    (-,-) 
  u_exec1/gte_360_46_Y_lt_355_46_g735/Y                  -       B->Y    R     MAJIxp5_ASAP7_75t_R           1  0.6    34    19    1160    (-,-) 
  u_exec1/gte_360_46_Y_lt_355_46_g734/Y                  -       A->Y    F     MAJIxp5_ASAP7_75t_R           1  0.6    22    16    1175    (-,-) 
  u_exec1/gte_360_46_Y_lt_355_46_g733/Y                  -       A->Y    R     MAJIxp5_ASAP7_75t_R           1  0.6    24    16    1192    (-,-) 
  u_exec1/gte_360_46_Y_lt_355_46_g732/Y                  -       A->Y    F     MAJIxp5_ASAP7_75t_R           1  0.6    22    14    1205    (-,-) 
  u_exec1/gte_360_46_Y_lt_355_46_g731/Y                  -       A->Y    R     MAJIxp5_ASAP7_75t_R           1  0.6    33    16    1221    (-,-) 
  u_exec1/gte_360_46_Y_lt_355_46_g730/Y                  -       A->Y    F     MAJIxp5_ASAP7_75t_R           1  0.6    23    16    1237    (-,-) 
  u_exec1/gte_360_46_Y_lt_355_46_g729/Y                  -       A->Y    R     MAJIxp5_ASAP7_75t_R           1  0.6    33    16    1253    (-,-) 
  u_exec1/gte_360_46_Y_lt_355_46_g728/Y                  -       A->Y    F     MAJIxp5_ASAP7_75t_R           1  0.6    23    16    1269    (-,-) 
  u_exec1/gte_360_46_Y_lt_355_46_g727/Y                  -       A->Y    R     MAJIxp5_ASAP7_75t_R           1  0.6    36    16    1285    (-,-) 
  u_exec1/gte_360_46_Y_lt_355_46_g726/Y                  -       A->Y    F     MAJIxp5_ASAP7_75t_R           1  0.6    23    16    1301    (-,-) 
  u_exec1/gte_360_46_Y_lt_355_46_g725/Y                  -       A->Y    R     MAJIxp5_ASAP7_75t_R           1  0.6    33    16    1317    (-,-) 
  u_exec1/gte_360_46_Y_lt_355_46_g724/Y                  -       A->Y    F     MAJIxp5_ASAP7_75t_R           1  0.6    23    16    1333    (-,-) 
  u_exec1/gte_360_46_Y_lt_355_46_g723/Y                  -       A->Y    R     MAJIxp5_ASAP7_75t_R           1  0.6    36    16    1349    (-,-) 
  u_exec1/gte_360_46_Y_lt_355_46_g722/Y                  -       A->Y    F     MAJIxp5_ASAP7_75t_R           1  0.6    22    16    1365    (-,-) 
  u_exec1/gte_360_46_Y_lt_355_46_g721/Y                  -       A->Y    R     MAJIxp5_ASAP7_75t_R           1  0.6    33    16    1381    (-,-) 
  u_exec1/gte_360_46_Y_lt_355_46_g720/Y                  -       A->Y    F     MAJIxp5_ASAP7_75t_R           1  0.6    23    15    1396    (-,-) 
  u_exec1/gte_360_46_Y_lt_355_46_g719/Y                  -       A->Y    R     MAJIxp5_ASAP7_75t_R           1  0.6    34    16    1413    (-,-) 
  u_exec1/gte_360_46_Y_lt_355_46_g718/Y                  -       A->Y    F     MAJIxp5_ASAP7_75t_R           1  0.6    23    16    1428    (-,-) 
  u_exec1/gte_360_46_Y_lt_355_46_g717/Y                  -       A->Y    R     MAJIxp5_ASAP7_75t_R           1  0.6    36    16    1445    (-,-) 
  u_exec1/gte_360_46_Y_lt_355_46_g716/Y                  -       A->Y    F     MAJIxp5_ASAP7_75t_R           1  0.6    24    16    1461    (-,-) 
  u_exec1/gte_360_46_Y_lt_355_46_g715/Y                  -       A->Y    R     MAJIxp5_ASAP7_75t_R           1  0.6    36    16    1477    (-,-) 
  u_exec1/gte_360_46_Y_lt_355_46_g714/Y                  -       A->Y    F     MAJIxp5_ASAP7_75t_R           1  0.6    22    16    1493    (-,-) 
  u_exec1/gte_360_46_Y_lt_355_46_g713/Y                  -       A->Y    R     MAJIxp5_ASAP7_75t_R           1  0.6    36    16    1509    (-,-) 
  u_exec1/gte_360_46_Y_lt_355_46_g712/Y                  -       A->Y    F     MAJIxp5_ASAP7_75t_R           1  0.6    23    16    1525    (-,-) 
  u_exec1/gte_360_46_Y_lt_355_46_g711/Y                  -       A->Y    R     MAJIxp5_ASAP7_75t_R           1  0.6    36    16    1542    (-,-) 
  u_exec1/gte_360_46_Y_lt_355_46_g710/Y                  -       A->Y    F     MAJIxp5_ASAP7_75t_R           1  0.6    24    16    1558    (-,-) 
  u_exec1/gte_360_46_Y_lt_355_46_g709/Y                  -       A->Y    R     MAJIxp5_ASAP7_75t_R           1  0.6    33    16    1574    (-,-) 
  u_exec1/gte_360_46_Y_lt_355_46_g708/Y                  -       A->Y    F     MAJIxp5_ASAP7_75t_R           1  0.6    23    15    1589    (-,-) 
  u_exec1/gte_360_46_Y_lt_355_46_g707/Y                  -       A->Y    R     MAJIxp5_ASAP7_75t_R           1  0.6    35    16    1606    (-,-) 
  u_exec1/gte_360_46_Y_lt_355_46_g706/Y                  -       A->Y    F     MAJIxp5_ASAP7_75t_R           1  0.6    24    16    1622    (-,-) 
  u_exec1/gte_360_46_Y_lt_355_46_g705/Y                  -       A->Y    R     MAJIxp5_ASAP7_75t_R           2  1.2    29    20    1642    (-,-) 
  u_exec1/g9582/Y                                        -       A->Y    F     INVx1_ASAP7_75t_R             1  0.6    10     8    1650    (-,-) 
  u_exec1/g9534/Y                                        -       B1->Y   R     OAI221xp5_ASAP7_75t_R         1  0.6    27    13    1663    (-,-) 
  u_exec1/g9330/Y                                        -       B1->Y   F     AOI322xp5_ASAP7_75t_R         1  0.6    30    22    1685    (-,-) 
  u_exec1/g9329/Y                                        -       A2->Y   R     OAI22xp5_ASAP7_75t_R          1  0.6    19    14    1699    (-,-) 
  u_exec1/g9328/Y                                        -       A->Y    R     OR3x1_ASAP7_75t_R             3  1.6    14    18    1717    (-,-) 
  u_exec1/g9327/Y                                        -       B->Y    F     NOR2xp33_ASAP7_75t_R          3  1.7    52    21    1738    (-,-) 
  u_issue/g55857/Y                                       -       B->Y    F     OR2x2_ASAP7_75t_R             4  2.6    17    34    1772    (-,-) 
  u_issue/g55859/Y                                       -       A->Y    R     NOR4xp25_ASAP7_75t_R          3  1.6    69    32    1804    (-,-) 
  u_issue/add_243_22_Y_add_241_22_g419/Y                 -       B->Y    F     NAND2xp5_ASAP7_75t_R          3  3.3    48    37    1841    (-,-) 
  u_issue/add_243_22_Y_add_241_22_g418/Y                 -       A->Y    R     INVx1_ASAP7_75t_R             1  0.6    14    12    1853    (-,-) 
  u_issue/add_243_22_Y_add_241_22_g415/Y                 -       A->Y    R     MAJx2_ASAP7_75t_R             2  1.2    10    21    1874    (-,-) 
  u_issue/add_243_22_Y_add_241_22_g413/Y                 -       B->Y    F     NAND2xp5_ASAP7_75t_R          3  1.6    22    13    1888    (-,-) 
  u_issue/add_243_22_Y_add_241_22_g411/Y                 -       B->Y    R     NOR2xp33_ASAP7_75t_R          3  1.8    42    27    1914    (-,-) 
  u_issue/add_243_22_Y_add_241_22_g409/Y                 -       B->Y    F     NAND2xp5_ASAP7_75t_R          3  1.6    27    21    1936    (-,-) 
  u_issue/add_243_22_Y_add_241_22_g407/Y                 -       B->Y    R     NOR2xp33_ASAP7_75t_R          3  1.8    43    28    1964    (-,-) 
  u_issue/add_243_22_Y_add_241_22_g405/Y                 -       B->Y    F     NAND2xp5_ASAP7_75t_R          3  1.6    27    22    1986    (-,-) 
  u_issue/add_243_22_Y_add_241_22_g403/Y                 -       B->Y    R     NOR2xp33_ASAP7_75t_R          3  1.8    43    28    2014    (-,-) 
  u_issue/add_243_22_Y_add_241_22_g401/Y                 -       B->Y    F     NAND2xp5_ASAP7_75t_R          3  1.6    27    22    2036    (-,-) 
  u_issue/add_243_22_Y_add_241_22_g399/Y                 -       B->Y    R     NOR2xp33_ASAP7_75t_R          3  1.8    43    28    2064    (-,-) 
  u_issue/add_243_22_Y_add_241_22_g397/Y                 -       B->Y    F     NAND2xp5_ASAP7_75t_R          3  1.6    27    22    2086    (-,-) 
  u_issue/add_243_22_Y_add_241_22_g395/Y                 -       B->Y    R     NOR2xp33_ASAP7_75t_R          3  1.8    43    28    2114    (-,-) 
  u_issue/add_243_22_Y_add_241_22_g393/Y                 -       B->Y    F     NAND2xp5_ASAP7_75t_R          3  1.6    27    22    2136    (-,-) 
  u_issue/add_243_22_Y_add_241_22_g391/Y                 -       B->Y    R     NOR2xp33_ASAP7_75t_R          3  1.8    43    28    2164    (-,-) 
  u_issue/add_243_22_Y_add_241_22_g389/Y                 -       B->Y    F     NAND2xp5_ASAP7_75t_R          3  1.6    27    22    2186    (-,-) 
  u_issue/add_243_22_Y_add_241_22_g387/Y                 -       B->Y    R     NOR2xp33_ASAP7_75t_R          3  1.8    43    28    2214    (-,-) 
  u_issue/add_243_22_Y_add_241_22_g385/Y                 -       B->Y    F     NAND2xp5_ASAP7_75t_R          3  1.6    27    22    2236    (-,-) 
  u_issue/add_243_22_Y_add_241_22_g383/Y                 -       B->Y    R     NOR2xp33_ASAP7_75t_R          3  1.8    43    28    2264    (-,-) 
  u_issue/add_243_22_Y_add_241_22_g381/Y                 -       B->Y    F     NAND2xp5_ASAP7_75t_R          3  1.6    27    22    2286    (-,-) 
  u_issue/add_243_22_Y_add_241_22_g379/Y                 -       B->Y    R     NOR2xp33_ASAP7_75t_R          3  1.8    43    28    2314    (-,-) 
  u_issue/add_243_22_Y_add_241_22_g377/Y                 -       B->Y    F     NAND2xp5_ASAP7_75t_R          3  1.6    27    22    2336    (-,-) 
  u_issue/add_243_22_Y_add_241_22_g375/Y                 -       B->Y    R     NOR2xp33_ASAP7_75t_R          3  1.8    43    28    2364    (-,-) 
  u_issue/add_243_22_Y_add_241_22_g373/Y                 -       B->Y    F     NAND2xp5_ASAP7_75t_R          3  1.6    27    22    2386    (-,-) 
  u_issue/add_243_22_Y_add_241_22_g371/Y                 -       B->Y    R     NOR2xp33_ASAP7_75t_R          3  1.8    43    28    2414    (-,-) 
  u_issue/add_243_22_Y_add_241_22_g369/Y                 -       B->Y    F     NAND2xp5_ASAP7_75t_R          3  1.6    27    22    2436    (-,-) 
  u_issue/add_243_22_Y_add_241_22_g367/Y                 -       B->Y    R     NOR2xp33_ASAP7_75t_R          3  1.8    43    28    2464    (-,-) 
  u_issue/add_243_22_Y_add_241_22_g365/Y                 -       B->Y    F     NAND2xp5_ASAP7_75t_R          3  1.6    27    22    2486    (-,-) 
  u_issue/add_243_22_Y_add_241_22_g363/Y                 -       B->Y    R     NOR2xp33_ASAP7_75t_R          3  1.8    43    28    2514    (-,-) 
  u_issue/add_243_22_Y_add_241_22_g361/Y                 -       B->Y    F     NAND2xp5_ASAP7_75t_R          2  1.6    27    22    2536    (-,-) 
  u_issue/add_243_22_Y_add_241_22_g359/Y                 -       B->Y    F     XNOR2xp5_ASAP7_75t_R          1  0.5    15    22    2558    (-,-) 
  u_issue/g40425/Y                                       -       A1->Y   R     AOI221xp5_ASAP7_75t_R         1  0.6    38    16    2573    (-,-) 
  u_issue/pc_x_q_reg[31]/D                               <<<     -       R     ASYNC_DFFHx1_ASAP7_75t_R      1    -     -     0    2573    (-,-) 
#------------------------------------------------------------------------------------------------------------------------------------------------

