============================================================
  Generated by:           Genus(TM) Synthesis Solution 23.13-s073_1
  Generated on:           Jan 11 2026  05:34:40 pm
  Module:                 riscv_core
  Technology libraries:   sram_asap7_64x256_1rw 1.0
                          asap7sc7p5t_OA_RVT_FF_nldm_201020 1.0
                          asap7sc7p5t_SEQ_RVT_FF_nldm_201020 1.0
                          sram_asap7_16x256_1rw 1.0
                          sram_asap7_64x64_1rw 1.0
                          asap7sc7p5t_AO_RVT_FF_nldm_201020 1.0
                          asap7sc7p5t_INVBUF_RVT_FF_nldm_201020 1.0
                          asap7sc7p5t_SIMPLE_RVT_FF_nldm_201020 1.0
                          sram_asap7_32x256_1rw 1.0
  Operating conditions:   tt_1.0_25.0 (balanced_tree)
  Wireload mode:          enclosed
  Area mode:              timing library
============================================================

                                               
           Gate            Instances    Area                    Library                 
----------------------------------------------------------------------------------------
A2O1A1Ixp33_ASAP7_75t_R          103     9.010    asap7sc7p5t_AO_RVT_FF_nldm_201020     
A2O1A1O1Ixp25_ASAP7_75t_R          4     0.525    asap7sc7p5t_AO_RVT_FF_nldm_201020     
AND2x2_ASAP7_75t_R               419    36.654    asap7sc7p5t_SIMPLE_RVT_FF_nldm_201020 
AND3x1_ASAP7_75t_R                34     2.974    asap7sc7p5t_SIMPLE_RVT_FF_nldm_201020 
AND4x1_ASAP7_75t_R               313    31.945    asap7sc7p5t_SIMPLE_RVT_FF_nldm_201020 
AND5x1_ASAP7_75t_R               139    16.213    asap7sc7p5t_SIMPLE_RVT_FF_nldm_201020 
AO21x1_ASAP7_75t_R                77     6.736    asap7sc7p5t_AO_RVT_FF_nldm_201020     
AO221x1_ASAP7_75t_R               49     7.144    asap7sc7p5t_AO_RVT_FF_nldm_201020     
AO222x2_ASAP7_75t_R              115    20.120    asap7sc7p5t_AO_RVT_FF_nldm_201020     
AO22x1_ASAP7_75t_R              1039   136.338    asap7sc7p5t_AO_RVT_FF_nldm_201020     
AO32x1_ASAP7_75t_R                13     1.516    asap7sc7p5t_AO_RVT_FF_nldm_201020     
AO332x1_ASAP7_75t_R                1     0.160    asap7sc7p5t_AO_RVT_FF_nldm_201020     
AO33x2_ASAP7_75t_R                 3     0.437    asap7sc7p5t_AO_RVT_FF_nldm_201020     
AOI211xp5_ASAP7_75t_R            124    10.848    asap7sc7p5t_AO_RVT_FF_nldm_201020     
AOI21xp33_ASAP7_75t_R            118     8.602    asap7sc7p5t_AO_RVT_FF_nldm_201020     
AOI21xp5_ASAP7_75t_R             252    18.371    asap7sc7p5t_AO_RVT_FF_nldm_201020     
AOI221xp5_ASAP7_75t_R           1106   112.878    asap7sc7p5t_AO_RVT_FF_nldm_201020     
AOI222xp33_ASAP7_75t_R          1807   263.461    asap7sc7p5t_AO_RVT_FF_nldm_201020     
AOI22xp33_ASAP7_75t_R           3059   267.601    asap7sc7p5t_AO_RVT_FF_nldm_201020     
AOI22xp5_ASAP7_75t_R            4543   397.422    asap7sc7p5t_AO_RVT_FF_nldm_201020     
AOI311xp33_ASAP7_75t_R             5     0.510    asap7sc7p5t_AO_RVT_FF_nldm_201020     
AOI31xp33_ASAP7_75t_R              7     0.612    asap7sc7p5t_AO_RVT_FF_nldm_201020     
AOI321xp33_ASAP7_75t_R            25     2.916    asap7sc7p5t_AO_RVT_FF_nldm_201020     
AOI322xp5_ASAP7_75t_R              8     1.050    asap7sc7p5t_AO_RVT_FF_nldm_201020     
AOI32xp33_ASAP7_75t_R            408    41.640    asap7sc7p5t_AO_RVT_FF_nldm_201020     
AOI33xp33_ASAP7_75t_R              1     0.117    asap7sc7p5t_AO_RVT_FF_nldm_201020     
ASYNC_DFFHx1_ASAP7_75t_R        4365  1654.684    asap7sc7p5t_SEQ_RVT_FF_nldm_201020    
BUFx2_ASAP7_75t_R                  4     0.292    asap7sc7p5t_INVBUF_RVT_FF_nldm_201020 
BUFx4f_ASAP7_75t_R                 1     0.117    asap7sc7p5t_INVBUF_RVT_FF_nldm_201020 
DFFHQNx1_ASAP7_75t_R             992   289.267    asap7sc7p5t_SEQ_RVT_FF_nldm_201020    
FAx1_ASAP7_75t_R                 527   107.571    asap7sc7p5t_SIMPLE_RVT_FF_nldm_201020 
HAxp5_ASAP7_75t_R                 43     5.642    asap7sc7p5t_SIMPLE_RVT_FF_nldm_201020 
INVx1_ASAP7_75t_R               1546    67.622    asap7sc7p5t_INVBUF_RVT_FF_nldm_201020 
INVx2_ASAP7_75t_R                 10     0.583    asap7sc7p5t_INVBUF_RVT_FF_nldm_201020 
INVx4_ASAP7_75t_R                  2     0.175    asap7sc7p5t_INVBUF_RVT_FF_nldm_201020 
INVxp33_ASAP7_75t_R              206     9.010    asap7sc7p5t_INVBUF_RVT_FF_nldm_201020 
INVxp67_ASAP7_75t_R             1167    51.045    asap7sc7p5t_INVBUF_RVT_FF_nldm_201020 
MAJIxp5_ASAP7_75t_R              661    67.462    asap7sc7p5t_SIMPLE_RVT_FF_nldm_201020 
MAJx2_ASAP7_75t_R                137    17.977    asap7sc7p5t_SIMPLE_RVT_FF_nldm_201020 
NAND2x1_ASAP7_75t_R                2     0.175    asap7sc7p5t_SIMPLE_RVT_FF_nldm_201020 
NAND2xp33_ASAP7_75t_R            310    18.079    asap7sc7p5t_SIMPLE_RVT_FF_nldm_201020 
NAND2xp5_ASAP7_75t_R            1900   110.808    asap7sc7p5t_SIMPLE_RVT_FF_nldm_201020 
NAND3xp33_ASAP7_75t_R            151    11.008    asap7sc7p5t_SIMPLE_RVT_FF_nldm_201020 
NAND4xp25_ASAP7_75t_R             79     6.911    asap7sc7p5t_SIMPLE_RVT_FF_nldm_201020 
NAND5xp2_ASAP7_75t_R             366    37.354    asap7sc7p5t_SIMPLE_RVT_FF_nldm_201020 
NOR2x1_ASAP7_75t_R               125    10.935    asap7sc7p5t_SIMPLE_RVT_FF_nldm_201020 
NOR2x1p5_ASAP7_75t_R               1     0.117    asap7sc7p5t_SIMPLE_RVT_FF_nldm_201020 
NOR2xp33_ASAP7_75t_R            1657    96.636    asap7sc7p5t_SIMPLE_RVT_FF_nldm_201020 
NOR3xp33_ASAP7_75t_R             152    11.081    asap7sc7p5t_SIMPLE_RVT_FF_nldm_201020 
NOR4xp25_ASAP7_75t_R              58     5.074    asap7sc7p5t_SIMPLE_RVT_FF_nldm_201020 
NOR5xp2_ASAP7_75t_R              144    14.697    asap7sc7p5t_SIMPLE_RVT_FF_nldm_201020 
O2A1O1Ixp33_ASAP7_75t_R           45     3.937    asap7sc7p5t_OA_RVT_FF_nldm_201020     
OA211x2_ASAP7_75t_R               15     1.750    asap7sc7p5t_OA_RVT_FF_nldm_201020     
OA21x2_ASAP7_75t_R                84     8.573    asap7sc7p5t_OA_RVT_FF_nldm_201020     
OA222x2_ASAP7_75t_R                6     1.050    asap7sc7p5t_OA_RVT_FF_nldm_201020     
OA332x1_ASAP7_75t_R                1     0.160    asap7sc7p5t_OA_RVT_FF_nldm_201020     
OAI211xp5_ASAP7_75t_R            293    25.632    asap7sc7p5t_OA_RVT_FF_nldm_201020     
OAI21xp33_ASAP7_75t_R             13     0.948    asap7sc7p5t_OA_RVT_FF_nldm_201020     
OAI21xp5_ASAP7_75t_R             418    30.472    asap7sc7p5t_OA_RVT_FF_nldm_201020     
OAI221xp5_ASAP7_75t_R            741    75.626    asap7sc7p5t_OA_RVT_FF_nldm_201020     
OAI222xp33_ASAP7_75t_R            30     4.374    asap7sc7p5t_OA_RVT_FF_nldm_201020     
OAI22xp33_ASAP7_75t_R             63     5.511    asap7sc7p5t_OA_RVT_FF_nldm_201020     
OAI22xp5_ASAP7_75t_R             564    49.339    asap7sc7p5t_OA_RVT_FF_nldm_201020     
OAI311xp33_ASAP7_75t_R             2     0.204    asap7sc7p5t_OA_RVT_FF_nldm_201020     
OAI31xp33_ASAP7_75t_R             21     1.837    asap7sc7p5t_OA_RVT_FF_nldm_201020     
OAI321xp33_ASAP7_75t_R             1     0.117    asap7sc7p5t_OA_RVT_FF_nldm_201020     
OAI322xp33_ASAP7_75t_R             2     0.262    asap7sc7p5t_OA_RVT_FF_nldm_201020     
OAI32xp33_ASAP7_75t_R             76     7.757    asap7sc7p5t_OA_RVT_FF_nldm_201020     
OAI33xp33_ASAP7_75t_R             23     2.683    asap7sc7p5t_OA_RVT_FF_nldm_201020     
OR2x2_ASAP7_75t_R                 89     7.786    asap7sc7p5t_SIMPLE_RVT_FF_nldm_201020 
OR2x4_ASAP7_75t_R                  1     0.117    asap7sc7p5t_SIMPLE_RVT_FF_nldm_201020 
OR3x1_ASAP7_75t_R                 39     3.412    asap7sc7p5t_SIMPLE_RVT_FF_nldm_201020 
OR4x1_ASAP7_75t_R                 25     2.551    asap7sc7p5t_SIMPLE_RVT_FF_nldm_201020 
OR5x1_ASAP7_75t_R                 83     9.681    asap7sc7p5t_SIMPLE_RVT_FF_nldm_201020 
XNOR2xp5_ASAP7_75t_R             633    83.062    asap7sc7p5t_SIMPLE_RVT_FF_nldm_201020 
XOR2xp5_ASAP7_75t_R              682    89.492    asap7sc7p5t_SIMPLE_RVT_FF_nldm_201020 
----------------------------------------------------------------------------------------
total                          32328  4406.455                                          


               Library                Instances   Area   Instances % 
---------------------------------------------------------------------
asap7sc7p5t_AO_RVT_FF_nldm_201020         12867 1308.016        39.8 
asap7sc7p5t_INVBUF_RVT_FF_nldm_201020      2936  128.843         9.1 
asap7sc7p5t_OA_RVT_FF_nldm_201020          2398  220.231         7.4 
asap7sc7p5t_SEQ_RVT_FF_nldm_201020         5357 1943.951        16.6 
asap7sc7p5t_SIMPLE_RVT_FF_nldm_201020      8770  805.414        27.1 

                                         
     Type      Instances   Area   Area % 
-----------------------------------------
sequential          5357 1943.951   44.1 
inverter            2931  128.435    2.9 
buffer                 5    0.408    0.0 
logic              24035 2333.660   53.0 
physical_cells         0    0.000    0.0 
-----------------------------------------
total              32328 4406.455  100.0 

