============================================================
  Generated by:           Genus(TM) Synthesis Solution 23.13-s073_1
  Generated on:           Jan 11 2026  05:34:40 pm
  Module:                 riscv_core
  Operating conditions:   tt_1.0_25.0 (balanced_tree)
  Wireload mode:          enclosed
  Area mode:              timing library
============================================================

Timing
--------

   Clock     Period  
---------------------
core_clock 2000000.0 


   Cost      Critical         Violating 
   Group    Path Slack  TNS     Paths   
----------------------------------------
core_clock   1997414.2   0.0          0 
default       No paths   0.0            
----------------------------------------
Total                    0.0          0 

Instance Count
--------------
Leaf Instance Count             32328 
Physical Instance count             0 
Sequential Instance Count        5357 
Combinational Instance Count    26971 
Hierarchical Instance Count        24 

Area
----
Cell Area                          4406.455
Physical Cell Area                 0.000
Total Cell Area (Cell+Physical)    4406.455
Net Area                           0.000
Total Area (Cell+Physical+Net)     4406.455

Max Fanout                         5357 (clk_i)
Min Fanout                         0 (branch_csr_priv_w[0])
Average Fanout                     3.0
Terms to net ratio                 4.2097
Terms to instance ratio            4.4614
Runtime                            667.3515219999999 seconds
Elapsed Runtime                    1050 seconds
Genus peak memory usage            2529.21 
Innovus peak memory usage          no_value 
Hostname                           eda-bitirme
