Power Unit: W
Area Unit: Um^2
PDB Frame : /stim#0/frame#0
----------------------------------------------------------------------------------------------------
Cells Pct_cells     Leakage    Internal   Switching       Total Lvl Instance                        
----------------------------------------------------------------------------------------------------
32328   100.00% 3.10108e-06 9.80560e-01 8.45604e-02 1.06512e+00   0 /riscv_core                     
11114    34.38% 1.04972e-06 4.93640e-01 6.16597e-02 5.55301e-01   1 /riscv_core/u_frontend          
 9771    30.22% 9.06804e-07 4.06607e-01 4.08917e-02 4.47499e-01   2 /riscv_core/u_frontend/u_npc    
  766     2.37% 8.55248e-08 5.11854e-02 1.41339e-02 6.53194e-02   2 /riscv_core/u_frontend/u_decode 
  577     1.78% 5.73940e-08 3.58485e-02 6.63409e-03 4.24826e-02   2 /riscv_core/u_frontend/u_fetch  
 9083    28.10% 8.61091e-07 2.56956e-01 1.57998e-02 2.72756e-01   1 /riscv_core/u_issue             
 4946    15.30% 5.23468e-07 1.52526e-01 1.94117e-03 1.54468e-01   2 /riscv_core/u_issue/u_regfile   
  984     3.04% 9.82106e-08 5.83588e-02 4.28516e-03 6.26440e-02   2 /riscv_core/u_issue/u_pipe0_ctrl
  599     1.85% 6.06459e-08 3.56981e-02 3.33247e-03 3.90307e-02   2 /riscv_core/u_issue/u_pipe1_ctrl
 1564     4.84% 1.56874e-07 6.54619e-02 3.75036e-04 6.58371e-02   1 /riscv_core/u_csr               
 1250     3.87% 1.21585e-07 4.73419e-02 3.61616e-04 4.77036e-02   2 /riscv_core/u_csr/u_csrfile     
 1221     3.78% 1.34589e-07 4.45192e-02 0.00000e+00 4.45193e-02   1 /riscv_core/u_div               
 1189     3.68% 1.38216e-07 2.57641e-02 4.54423e-03 3.03085e-02   1 /riscv_core/u_mule              
  747     2.31% 7.89056e-08 2.88444e-02 1.11573e-03 2.99602e-02   1 /riscv_core/u_lsu               
  202     0.62% 2.36217e-08 1.40936e-02 6.64404e-04 1.47580e-02   2 /riscv_core/u_lsu/u_lsu_request 
 1275     3.94% 1.21977e-07 2.40370e-02 0.00000e+00 2.40371e-02   1 /riscv_core/u_cbm               
 3047     9.43% 2.74649e-07 1.67582e-02 0.00000e+00 1.67584e-02   1 /riscv_core/u_mul               
 1517     4.69% 1.41269e-07 1.26296e-02 6.16869e-04 1.32466e-02   1 /riscv_core/u_exec0             
  847     2.62% 7.69597e-08 0.00000e+00 0.00000e+00 7.69597e-08   2 /riscv_core/u_exec0/u_alu       
 1571     4.86% 1.43785e-07 1.19492e-02 3.43249e-04 1.22926e-02   1 /riscv_core/u_exec1             
  856     2.65% 7.46061e-08 0.00000e+00 0.00000e+00 7.46061e-08   2 /riscv_core/u_exec1/u_alu       
----------------------------------------------------------------------------------------------------
