env CDS_WORKAREA is set to /home/ykaraagac/cadence-bitirme/Flows/NanGate45/biriscv_2mul_vs_hybrid/scripts/cadence
             0V	    VSS
           1.1V	    VDD
Using Power View WC_VIEW
.
Load RC corner of view WC_VIEW

Begin Power Analysis

             0V	    VSS
           1.1V	    VDD

Begin Processing Timing Library for Power Calculation

Ended Processing Timing Library for Power Calculation: (cpu=0:00:00, real=0:00:00, mem(process/total/peak)=3230.98MB/10956.77MB/7509.99MB)



Begin Processing Power Net/Grid for Power Calculation

Ended Processing Power Net/Grid for Power Calculation: (cpu=0:00:00, real=0:00:00, mem(process/total/peak)=3230.98MB/10956.77MB/7509.99MB)

Begin Processing Timing Window Data for Power Calculation

clk(100MHz) CK: assigning clock clk to net clk_i
Ended Processing Timing Window Data for Power Calculation: (cpu=0:00:00, real=0:00:00, mem(process/total/peak)=3230.98MB/10956.77MB/7509.99MB)

Begin Processing User Attributes

Ended Processing User Attributes: (cpu=0:00:00, real=0:00:00, mem(process/total/peak)=3230.98MB/10956.77MB/7509.99MB)

Begin Processing Signal Activity


Starting Activity Propagation
2026-Jun-23 11:35:27 (2026-Jun-23 11:35:27 GMT)
2026-Jun-23 11:35:27 (2026-Jun-23 11:35:27 GMT): 10%

Finished Activity Propagation
2026-Jun-23 11:35:28 (2026-Jun-23 11:35:28 GMT)

Activity annotation summary:
        Primary Inputs : 180/180 = 100%
          Flop outputs : 3874/14346 = 27.004%
  Memory/Macro outputs : 0/0 = 0%
      Tristate outputs : 0/0 = 0%
            Total Nets : 19975/72373 = 27.6001%

Ended Processing Signal Activity: (cpu=0:00:01, real=0:00:01, mem(process/total/peak)=3230.98MB/10956.77MB/7509.99MB)

Begin Power Computation

      ----------------------------------------------------------
      # of cell(s) missing both power/leakage table: 0
      # of cell(s) missing power table: 0
      # of cell(s) missing leakage table: 0
      ----------------------------------------------------------



Starting Calculating power
2026-Jun-23 11:35:28 (2026-Jun-23 11:35:28 GMT)
 ... Calculating switching power
2026-Jun-23 11:35:28 (2026-Jun-23 11:35:28 GMT): 10%
2026-Jun-23 11:35:28 (2026-Jun-23 11:35:28 GMT): 20%
2026-Jun-23 11:35:29 (2026-Jun-23 11:35:29 GMT): 30%
2026-Jun-23 11:35:29 (2026-Jun-23 11:35:29 GMT): 40%
2026-Jun-23 11:35:29 (2026-Jun-23 11:35:29 GMT): 50%
 ... Calculating internal and leakage power
2026-Jun-23 11:35:29 (2026-Jun-23 11:35:29 GMT): 60%
2026-Jun-23 11:35:31 (2026-Jun-23 11:35:31 GMT): 70%
2026-Jun-23 11:35:32 (2026-Jun-23 11:35:32 GMT): 80%
2026-Jun-23 11:35:33 (2026-Jun-23 11:35:33 GMT): 90%

Finished Calculating power
2026-Jun-23 11:35:34 (2026-Jun-23 11:35:34 GMT)
      # of MSMV cell(s) missing power_level: 0
Ended Power Computation: (cpu=0:00:05, real=0:00:05, mem(process/total/peak)=3230.98MB/10956.77MB/7509.99MB)

Begin Processing User Attributes

Begin Processing set_power
Ended Processing set_power: (cpu=0:00:00, real=0:00:00,
mem(process/total/peak)=3230.98MB/10956.77MB/7509.99MB)
Ended Processing User Attributes: (cpu=0:00:00, real=0:00:00, mem(process/total/peak)=3230.98MB/10956.77MB/7509.99MB)

Ended Power Analysis: (cpu=0:00:07, real=0:00:07, mem(process/total/peak)=3230.98MB/10956.77MB/7509.99MB)

Begin Boundary Leakage Calculation
Ended Boundary Leakage Calculation: (cpu=0:00:00, real=0:00:00,
mem(process/total/peak)=3230.98MB/10956.77MB/7509.99MB)
Begin Static Power Report Generation
*----------------------------------------------------------------------------------------
*	Innovus 25.12-s079_1 (64bit) 11/18/2025 12:56 (Linux 4.18.0-305.el8.x86_64)
*	
*
* 	Date & Time:	2026-Jun-23 11:35:34 (2026-Jun-23 11:35:34 GMT)
*
*----------------------------------------------------------------------------------------
*
*	Design: riscv_core
*
*	Liberty Libraries used:
*	        /home/ykaraagac/cadence-bitirme/Enablements/NanGate45/lib/NangateOpenCellLibrary_typical.lib
*
*	Parasitic Files used:
*
*       Dynamic View: WC_VIEW
*
*       Leakage View: WC_VIEW
*
*       User-Defined Activity : N.A.
*
*	Switching Activity File used:
*	        /home/ykaraagac/cadence-bitirme/Flows/NanGate45/biriscv_2mul_vs_hybrid/scripts/cadence/outputs/mul_update_latency_hiding_power_vcds/complex_bank_selective_latency_hidden_mule5n/vcd/core_hybrid.vcd
*                  Vcd Window used(Start Time, Stop Time):  
*                Vcd Scale Factor: 1
*
*       Hierarchical Global Activity: N.A.
*
*       Global Activity: N.A.
*
*       Sequential Element Activity: 0.200000
*
*       Primary Input Activity: 0.200000
*
*       Default icg ratio: N.A.
*
*       Global Comb ClockGate Ratio: N.A.
*
*	Power Units = 1mW
*
*	Time Units = 1e-09 secs
*
*       report_power -instances {u_mule5n}
*
-----------------------------------------------------------------------------------------
*



Total Power
-----------------------------------------------------------------------------------------
Total Internal Power:        5.94475046 	   50.0813%
Total Switching Power:       3.74376317 	   31.5392%
Total Leakage Power:         2.18168847 	   18.3795%
Total Power:                11.87020210
-----------------------------------------------------------------------------------------


Group                           Internal   Switching     Leakage       Total  Percentage 
                                Power      Power         Power         Power  (%)        
-----------------------------------------------------------------------------------------
Sequential                         3.748      0.4566      0.6647        4.87       41.02
Macro                                  0           0           0           0           0
IO                                     0           0           0           0           0
Combinational                      1.532       1.931       1.497       4.961       41.79
Clock (Combinational)             0.6642       1.356     0.01956        2.04       17.19
Clock (Sequential)                     0           0           0           0           0
-----------------------------------------------------------------------------------------
Total                              5.945       3.744       2.182       11.87         100
-----------------------------------------------------------------------------------------


Clock                           Internal   Switching     Leakage       Total  Percentage 
                                Power      Power         Power         Power  (%)        
-----------------------------------------------------------------------------------------
clk                               0.6642       1.356     0.01956        2.04       17.19
-----------------------------------------------------------------------------------------
Total                             0.6642       1.356     0.01956        2.04       17.19
-----------------------------------------------------------------------------------------
Clock: clk
Clock Period: 0.010000 usec 
Clock Toggle Rate:   200.0000 Mhz 
Clock Static Probability:  0.5000
  


Rail                  Voltage   Internal   Switching     Leakage       Total  Percentage 
                                Power      Power         Power         Power  (%)        
-----------------------------------------------------------------------------------------
VDD                       1.1      5.945       3.744       2.182       11.87         100


Instance                      Max Toggles   Total Toggles   Internal   Switching     Leakage       Total  Percentage    Cell
                              Input Pins    Output Pins     Power      Power         Power         Power  (%)           Name
----------------------------------------------------------------------------------------------------------------------------
u_mule5n                                0               0     0.1182     0.05543     0.08094      0.2545       2.144    
----------------------------------------------------------------------------------------------------------------------------
Total                                                         0.1182     0.05543     0.08094      0.2545       2.144    
 
 
-----------------------------------------------------------------------------------------
*	Power Distribution Summary: 
*              Highest Average Power: u_cbm/u_cbm_core/FE_OFC3170_n_521 (CLKBUF_X1):         0.005004
*              Highest Leakage Power:           u_issue/g162069 (AND4_X4):        0.0001893
*                Total Cap:      4.36518e-10 F
*                Total instances in design: 58275
*                Total instances in design with no power:     0
*                Total instances in design with no activty:     0

*                Total Fillers and Decap:     0
-----------------------------------------------------------------------------------------
 
** INFO:  (VOLTUS_POWR-3465): There are 0 decaps and 0 fillers in the design

Ended Static Power Report Generation: (cpu=0:00:00, real=0:00:00,
mem(process/total/peak)=3230.98MB/10956.77MB/7509.99MB)

