env CDS_WORKAREA is set to /home/ykaraagac/cadence-bitirme/Flows/NanGate45/biriscv_2mul_vs_hybrid/scripts/cadence
             0V	    VSS
           1.1V	    VDD
Using Power View WC_VIEW
.
Load RC corner of view WC_VIEW

Begin Power Analysis

             0V	    VSS
           1.1V	    VDD

Begin Processing Timing Library for Power Calculation

Ended Processing Timing Library for Power Calculation: (cpu=0:00:00, real=0:00:00, mem(process/total/peak)=2797.89MB/8688.51MB/2797.89MB)



Begin Processing Power Net/Grid for Power Calculation

Ended Processing Power Net/Grid for Power Calculation: (cpu=0:00:00, real=0:00:00, mem(process/total/peak)=2797.89MB/8688.51MB/2797.89MB)

Begin Processing Timing Window Data for Power Calculation

clk(100MHz) CK: assigning clock clk to net clk_i
Ended Processing Timing Window Data for Power Calculation: (cpu=0:00:00, real=0:00:00, mem(process/total/peak)=2797.89MB/8688.51MB/2797.89MB)

Begin Processing User Attributes

Ended Processing User Attributes: (cpu=0:00:00, real=0:00:00, mem(process/total/peak)=2797.89MB/8688.51MB/2797.89MB)

Begin Processing Signal Activity


Starting Activity Propagation
2026-Jun-08 14:32:45 (2026-Jun-08 14:32:45 GMT)
2026-Jun-08 14:32:45 (2026-Jun-08 14:32:45 GMT): 10%
2026-Jun-08 14:32:45 (2026-Jun-08 14:32:45 GMT): 20%

Finished Activity Propagation
2026-Jun-08 14:32:46 (2026-Jun-08 14:32:46 GMT)

Activity annotation summary:
        Primary Inputs : 180/180 = 100%
          Flop outputs : 1909/10414 = 18.3311%
  Memory/Macro outputs : 0/0 = 0%
      Tristate outputs : 0/0 = 0%
            Total Nets : 3867/35059 = 11.03%

Ended Processing Signal Activity: (cpu=0:00:01, real=0:00:00, mem(process/total/peak)=2797.89MB/8688.51MB/2797.89MB)

Begin Power Computation

      ----------------------------------------------------------
      # of cell(s) missing both power/leakage table: 0
      # of cell(s) missing power table: 0
      # of cell(s) missing leakage table: 0
      ----------------------------------------------------------



Starting Calculating power
2026-Jun-08 14:32:46 (2026-Jun-08 14:32:46 GMT)
 ... Calculating switching power
2026-Jun-08 14:32:46 (2026-Jun-08 14:32:46 GMT): 10%
2026-Jun-08 14:32:46 (2026-Jun-08 14:32:46 GMT): 20%
2026-Jun-08 14:32:46 (2026-Jun-08 14:32:46 GMT): 30%
2026-Jun-08 14:32:46 (2026-Jun-08 14:32:46 GMT): 40%
2026-Jun-08 14:32:46 (2026-Jun-08 14:32:46 GMT): 50%
 ... Calculating internal and leakage power
2026-Jun-08 14:32:46 (2026-Jun-08 14:32:46 GMT): 60%
2026-Jun-08 14:32:47 (2026-Jun-08 14:32:47 GMT): 70%
2026-Jun-08 14:32:48 (2026-Jun-08 14:32:48 GMT): 80%
2026-Jun-08 14:32:48 (2026-Jun-08 14:32:48 GMT): 90%

Finished Calculating power
2026-Jun-08 14:32:49 (2026-Jun-08 14:32:49 GMT)
      # of MSMV cell(s) missing power_level: 0
Ended Power Computation: (cpu=0:00:02, real=0:00:03, mem(process/total/peak)=2797.89MB/8688.51MB/2797.89MB)

Begin Processing User Attributes

Begin Processing set_power
Ended Processing set_power: (cpu=0:00:00, real=0:00:00,
mem(process/total/peak)=2797.89MB/8688.51MB/2797.89MB)
Ended Processing User Attributes: (cpu=0:00:00, real=0:00:00, mem(process/total/peak)=2797.89MB/8688.51MB/2797.89MB)

Ended Power Analysis: (cpu=0:00:03, real=0:00:04, mem(process/total/peak)=2797.89MB/8688.51MB/2797.89MB)

Begin Boundary Leakage Calculation
Ended Boundary Leakage Calculation: (cpu=0:00:00, real=0:00:00,
mem(process/total/peak)=2797.89MB/8688.51MB/2797.89MB)
Begin Static Power Report Generation
*----------------------------------------------------------------------------------------
*	Innovus 25.12-s079_1 (64bit) 11/18/2025 12:56 (Linux 4.18.0-305.el8.x86_64)
*	
*
* 	Date & Time:	2026-Jun-08 14:32:49 (2026-Jun-08 14:32:49 GMT)
*
*----------------------------------------------------------------------------------------
*
*	Design: riscv_core
*
*	Liberty Libraries used:
*	        /home/ykaraagac/cadence-bitirme/Enablements/NanGate45/lib/NangateOpenCellLibrary_typical.lib
*
*	Parasitic Files used:
*
*       Dynamic View: WC_VIEW
*
*       Leakage View: WC_VIEW
*
*       User-Defined Activity : N.A.
*
*	Switching Activity File used:
*	        /home/ykaraagac/cadence-bitirme/Flows/NanGate45/biriscv_2mul_vs_hybrid/scripts/cadence/outputs/benchmark_runs_1ghz_exact_free/fft_butterfly_latency_hidden_mule/vcd/core_hybrid.vcd
*                  Vcd Window used(Start Time, Stop Time):  
*                Vcd Scale Factor: 1
*
*       Hierarchical Global Activity: N.A.
*
*       Global Activity: N.A.
*
*       Sequential Element Activity: 0.200000
*
*       Primary Input Activity: 0.200000
*
*       Default icg ratio: N.A.
*
*       Global Comb ClockGate Ratio: N.A.
*
*	Power Units = 1mW
*
*	Time Units = 1e-09 secs
*
*       report_power -instances {u_mule}
*
-----------------------------------------------------------------------------------------
*



Total Power
-----------------------------------------------------------------------------------------
Total Internal Power:        4.13700508 	   55.0724%
Total Switching Power:       2.18856147 	   29.1344%
Total Leakage Power:         1.18637510 	   15.7932%
Total Power:                 7.51194166
-----------------------------------------------------------------------------------------


Group                           Internal   Switching     Leakage       Total  Percentage 
                                Power      Power         Power         Power  (%)        
-----------------------------------------------------------------------------------------
Sequential                         2.836      0.3616      0.4996       3.697       49.22
Macro                                  0           0           0           0           0
IO                                     0           0           0           0           0
Combinational                     0.8246      0.8466      0.6727       2.344        31.2
Clock (Combinational)             0.4766      0.9803     0.01403       1.471       19.58
Clock (Sequential)                     0           0           0           0           0
-----------------------------------------------------------------------------------------
Total                              4.137       2.189       1.186       7.512         100
-----------------------------------------------------------------------------------------


Clock                           Internal   Switching     Leakage       Total  Percentage 
                                Power      Power         Power         Power  (%)        
-----------------------------------------------------------------------------------------
clk                               0.4766      0.9803     0.01403       1.471       19.58
-----------------------------------------------------------------------------------------
Total                             0.4766      0.9803     0.01403       1.471       19.58
-----------------------------------------------------------------------------------------
Clock: clk
Clock Period: 0.010000 usec 
Clock Toggle Rate:   200.0000 Mhz 
Clock Static Probability:  0.5000
  


Rail                  Voltage   Internal   Switching     Leakage       Total  Percentage 
                                Power      Power         Power         Power  (%)        
-----------------------------------------------------------------------------------------
VDD                       1.1      4.137       2.189       1.186       7.512         100


Instance                      Max Toggles   Total Toggles   Internal   Switching     Leakage       Total  Percentage    Cell
                              Input Pins    Output Pins     Power      Power         Power         Power  (%)           Name
----------------------------------------------------------------------------------------------------------------------------
u_mule                                  0               0    0.07052     0.01117      0.0381      0.1198       1.595    
----------------------------------------------------------------------------------------------------------------------------
Total                                                        0.07052     0.01117      0.0381      0.1198       1.595    
 
 
-----------------------------------------------------------------------------------------
*	Power Distribution Summary: 
*              Highest Average Power: u_frontend/u_npc/CTS_ccl_a_buf_00338 (CLKBUF_X3):         0.003758
*              Highest Leakage Power:            u_issue/g33248 (AND4_X4):        0.0001893
*                Total Cap:      2.19821e-10 F
*                Total instances in design: 28954
*                Total instances in design with no power:     0
*                Total instances in design with no activty:     0

*                Total Fillers and Decap:     0
-----------------------------------------------------------------------------------------
 
** INFO:  (VOLTUS_POWR-3465): There are 0 decaps and 0 fillers in the design

Ended Static Power Report Generation: (cpu=0:00:00, real=0:00:00,
mem(process/total/peak)=2797.89MB/8688.51MB/2797.89MB)

