env CDS_WORKAREA is set to /home/ykaraagac/cadence-bitirme/Flows/NanGate45/biriscv_mul_mule_power/scripts/cadence
             0V	    VSS
           1.1V	    VDD
Using Power View WC_VIEW
.
Load RC corner of view WC_VIEW

Begin Power Analysis

             0V	    VSS
           1.1V	    VDD

Begin Processing Timing Library for Power Calculation

Ended Processing Timing Library for Power Calculation: (cpu=0:00:00, real=0:00:00, mem(process/total/peak)=3590.23MB/11900.64MB/3609.89MB)



Begin Processing Power Net/Grid for Power Calculation

Ended Processing Power Net/Grid for Power Calculation: (cpu=0:00:00, real=0:00:00, mem(process/total/peak)=3590.23MB/11900.64MB/3609.89MB)

Begin Processing Timing Window Data for Power Calculation

clk(100MHz) CK: assigning clock clk to net clk_i
Ended Processing Timing Window Data for Power Calculation: (cpu=0:00:00, real=0:00:00, mem(process/total/peak)=3590.23MB/11900.64MB/3609.89MB)

Begin Processing User Attributes

Ended Processing User Attributes: (cpu=0:00:00, real=0:00:00, mem(process/total/peak)=3590.23MB/11900.64MB/3609.89MB)

Begin Processing Signal Activity


Starting Activity Propagation
2026-Mar-23 21:18:23 (2026-Mar-23 21:18:23 GMT)
2026-Mar-23 21:18:23 (2026-Mar-23 21:18:23 GMT): 10%
2026-Mar-23 21:18:23 (2026-Mar-23 21:18:23 GMT): 20%
2026-Mar-23 21:18:23 (2026-Mar-23 21:18:23 GMT): 30%

Finished Activity Propagation
2026-Mar-23 21:18:24 (2026-Mar-23 21:18:24 GMT)
Ended Processing Signal Activity: (cpu=0:00:00, real=0:00:00, mem(process/total/peak)=3590.23MB/11900.64MB/3609.89MB)

Begin Power Computation

      ----------------------------------------------------------
      # of cell(s) missing both power/leakage table: 0
      # of cell(s) missing power table: 0
      # of cell(s) missing leakage table: 0
      ----------------------------------------------------------



Starting Calculating power
2026-Mar-23 21:18:24 (2026-Mar-23 21:18:24 GMT)
2026-Mar-23 21:18:24 (2026-Mar-23 21:18:24 GMT): 10%
2026-Mar-23 21:18:24 (2026-Mar-23 21:18:24 GMT): 20%
2026-Mar-23 21:18:24 (2026-Mar-23 21:18:24 GMT): 30%
2026-Mar-23 21:18:24 (2026-Mar-23 21:18:24 GMT): 40%
2026-Mar-23 21:18:24 (2026-Mar-23 21:18:24 GMT): 50%
2026-Mar-23 21:18:24 (2026-Mar-23 21:18:24 GMT): 60%
2026-Mar-23 21:18:24 (2026-Mar-23 21:18:24 GMT): 70%
2026-Mar-23 21:18:24 (2026-Mar-23 21:18:24 GMT): 80%
2026-Mar-23 21:18:24 (2026-Mar-23 21:18:24 GMT): 90%

Finished Calculating power
2026-Mar-23 21:18:24 (2026-Mar-23 21:18:24 GMT)
      # of MSMV cell(s) missing power_level: 0
Ended Power Computation: (cpu=0:00:00, real=0:00:00, mem(process/total/peak)=3594.23MB/11900.66MB/3609.89MB)

Begin Processing User Attributes

Begin Processing set_power
Ended Processing set_power: (cpu=0:00:00, real=0:00:00,
mem(process/total/peak)=3594.23MB/11900.66MB/3609.89MB)
Ended Processing User Attributes: (cpu=0:00:00, real=0:00:00, mem(process/total/peak)=3594.23MB/11900.66MB/3609.89MB)

Ended Power Analysis: (cpu=0:00:00, real=0:00:00, mem(process/total/peak)=3594.23MB/11900.66MB/3609.89MB)

Begin Boundary Leakage Calculation
Ended Boundary Leakage Calculation: (cpu=0:00:00, real=0:00:00,
mem(process/total/peak)=3594.23MB/11900.66MB/3609.89MB)
Begin Static Power Report Generation
*----------------------------------------------------------------------------------------
*	Innovus 25.12-s079_1 (64bit) 11/18/2025 12:56 (Linux 4.18.0-305.el8.x86_64)
*	
*
* 	Date & Time:	2026-Mar-23 21:18:24 (2026-Mar-23 21:18:24 GMT)
*
*----------------------------------------------------------------------------------------
*
*	Design: biriscv_multiplier
*
*	Liberty Libraries used:
*	        /home/ykaraagac/cadence-bitirme/Enablements/NanGate45/lib/NangateOpenCellLibrary_typical.lib
*
*	Parasitic Files used:
*
*       Dynamic View: WC_VIEW
*
*       Leakage View: WC_VIEW
*
*       User-Defined Activity : N.A.
*
*       Activity File: N.A.
*
*       Hierarchical Global Activity: N.A.
*
*       Global Activity: N.A.
*
*       Sequential Element Activity: 0.200000
*
*       Primary Input Activity: 0.200000
*
*       Default icg ratio: N.A.
*
*       Global Comb ClockGate Ratio: N.A.
*
*	Power Units = 1mW
*
*	Time Units = 1e-09 secs
*
*       report_power -hierarchy all
*
-----------------------------------------------------------------------------------------
*



Total Power
-----------------------------------------------------------------------------------------
Total Internal Power:        0.67775932 	   49.4997%
Total Switching Power:       0.59535572 	   43.4814%
Total Leakage Power:         0.09610533 	    7.0190%
Total Power:                 1.36922038
-----------------------------------------------------------------------------------------


Group                           Internal   Switching     Leakage       Total  Percentage 
                                Power      Power         Power         Power  (%)        
-----------------------------------------------------------------------------------------
Sequential                       0.05469     0.04469    0.008783      0.1082       7.899
Macro                                  0           0           0           0           0
IO                                     0           0           0           0           0
Combinational                     0.6231      0.5507     0.08732       1.261        92.1
Clock (Combinational)                  0           0           0           0           0
Clock (Sequential)                     0           0           0           0           0
-----------------------------------------------------------------------------------------
Total                             0.6778      0.5954     0.09611       1.369         100
-----------------------------------------------------------------------------------------


Rail                  Voltage   Internal   Switching     Leakage       Total  Percentage 
                                Power      Power         Power         Power  (%)        
-----------------------------------------------------------------------------------------
VDD                       1.1     0.6778      0.5954     0.09611       1.369         100


Hierarchy                       Internal   Switching     Leakage       Total  Percentage 
                                Power      Power         Power         Power  (%)        
-----------------------------------------------------------------------------------------
 
 
-----------------------------------------------------------------------------------------
*	Power Distribution Summary: 
*              Highest Average Power: mul_123_68_cdnfadd_026_4__5477 (FA_X1):         0.002978
*              Highest Leakage Power:    operand_a_e1_q_reg[32] (DFFR_X2):        0.0001251
*                Total Cap:      1.75719e-11 F
*                Total instances in design:  2341
*                Total instances in design with no power:     0
*                Total instances in design with no activty:     0

*                Total Fillers and Decap:     0
-----------------------------------------------------------------------------------------
 
** INFO:  (VOLTUS_POWR-3465): There are 0 decaps and 0 fillers in the design

Ended Static Power Report Generation: (cpu=0:00:00, real=0:00:00,
mem(process/total/peak)=3594.23MB/11900.66MB/3609.89MB)

