env CDS_WORKAREA is set to /home/ykaraagac/cadence-bitirme/Flows/NanGate45/biriscv_2mul_vs_hybrid/scripts/cadence
             0V	    VSS
           1.1V	    VDD
Using Power View WC_VIEW
.
Load RC corner of view WC_VIEW

Begin Power Analysis

             0V	    VSS
           1.1V	    VDD

Begin Processing Timing Library for Power Calculation

Ended Processing Timing Library for Power Calculation: (cpu=0:00:00, real=0:00:00, mem(process/total/peak)=2790.71MB/7911.53MB/2798.44MB)



Begin Processing Power Net/Grid for Power Calculation

Ended Processing Power Net/Grid for Power Calculation: (cpu=0:00:00, real=0:00:00, mem(process/total/peak)=2790.71MB/7911.53MB/2798.44MB)

Begin Processing Timing Window Data for Power Calculation

clk(100MHz) CK: assigning clock clk to net clk_i
Ended Processing Timing Window Data for Power Calculation: (cpu=0:00:00, real=0:00:00, mem(process/total/peak)=2790.71MB/7911.53MB/2798.44MB)

Begin Processing User Attributes

Ended Processing User Attributes: (cpu=0:00:00, real=0:00:00, mem(process/total/peak)=2790.71MB/7911.53MB/2798.44MB)

Begin Processing Signal Activity


Starting Activity Propagation
2026-Jun-08 22:14:15 (2026-Jun-08 22:14:15 GMT)
2026-Jun-08 22:14:15 (2026-Jun-08 22:14:15 GMT): 10%
2026-Jun-08 22:14:15 (2026-Jun-08 22:14:15 GMT): 20%

Finished Activity Propagation
2026-Jun-08 22:14:16 (2026-Jun-08 22:14:16 GMT)

Activity annotation summary:
        Primary Inputs : 180/180 = 100%
          Flop outputs : 1909/10414 = 18.3311%
  Memory/Macro outputs : 0/0 = 0%
      Tristate outputs : 0/0 = 0%
            Total Nets : 3867/35059 = 11.03%

Ended Processing Signal Activity: (cpu=0:00:00, real=0:00:00, mem(process/total/peak)=2790.71MB/7911.53MB/2798.44MB)

Begin Power Computation

      ----------------------------------------------------------
      # of cell(s) missing both power/leakage table: 0
      # of cell(s) missing power table: 0
      # of cell(s) missing leakage table: 0
      ----------------------------------------------------------



Starting Calculating power
2026-Jun-08 22:14:16 (2026-Jun-08 22:14:16 GMT)
 ... Calculating switching power
2026-Jun-08 22:14:16 (2026-Jun-08 22:14:16 GMT): 10%
2026-Jun-08 22:14:16 (2026-Jun-08 22:14:16 GMT): 20%
2026-Jun-08 22:14:16 (2026-Jun-08 22:14:16 GMT): 30%
2026-Jun-08 22:14:16 (2026-Jun-08 22:14:16 GMT): 40%
2026-Jun-08 22:14:16 (2026-Jun-08 22:14:16 GMT): 50%
 ... Calculating internal and leakage power
2026-Jun-08 22:14:16 (2026-Jun-08 22:14:16 GMT): 60%
2026-Jun-08 22:14:17 (2026-Jun-08 22:14:17 GMT): 70%
2026-Jun-08 22:14:18 (2026-Jun-08 22:14:18 GMT): 80%
2026-Jun-08 22:14:19 (2026-Jun-08 22:14:19 GMT): 90%

Finished Calculating power
2026-Jun-08 22:14:19 (2026-Jun-08 22:14:19 GMT)
      # of MSMV cell(s) missing power_level: 0
Ended Power Computation: (cpu=0:00:03, real=0:00:03, mem(process/total/peak)=2790.71MB/7911.53MB/2798.44MB)

Begin Processing User Attributes

Begin Processing set_power
Ended Processing set_power: (cpu=0:00:00, real=0:00:00,
mem(process/total/peak)=2790.71MB/7911.53MB/2798.44MB)
Ended Processing User Attributes: (cpu=0:00:00, real=0:00:00, mem(process/total/peak)=2790.71MB/7911.53MB/2798.44MB)

Ended Power Analysis: (cpu=0:00:04, real=0:00:04, mem(process/total/peak)=2790.71MB/7911.53MB/2798.44MB)

Begin Boundary Leakage Calculation
Ended Boundary Leakage Calculation: (cpu=0:00:00, real=0:00:00,
mem(process/total/peak)=2790.71MB/7911.53MB/2798.44MB)
Begin Static Power Report Generation
*----------------------------------------------------------------------------------------
*	Innovus 25.12-s079_1 (64bit) 11/18/2025 12:56 (Linux 4.18.0-305.el8.x86_64)
*	
*
* 	Date & Time:	2026-Jun-08 22:14:19 (2026-Jun-08 22:14:19 GMT)
*
*----------------------------------------------------------------------------------------
*
*	Design: riscv_core
*
*	Liberty Libraries used:
*	        /home/ykaraagac/cadence-bitirme/Enablements/NanGate45/lib/NangateOpenCellLibrary_typical.lib
*
*	Parasitic Files used:
*
*       Dynamic View: WC_VIEW
*
*       Leakage View: WC_VIEW
*
*       User-Defined Activity : N.A.
*
*	Switching Activity File used:
*	        /home/ykaraagac/cadence-bitirme/Flows/NanGate45/biriscv_2mul_vs_hybrid/scripts/cadence/outputs/job6_selective_runs/reduction_tree_mul_selective_latency_hidden_mule/vcd/core_hybrid.vcd
*                  Vcd Window used(Start Time, Stop Time):  
*                Vcd Scale Factor: 1
*
*       Hierarchical Global Activity: N.A.
*
*       Global Activity: N.A.
*
*       Sequential Element Activity: 0.200000
*
*       Primary Input Activity: 0.200000
*
*       Default icg ratio: N.A.
*
*       Global Comb ClockGate Ratio: N.A.
*
*	Power Units = 1mW
*
*	Time Units = 1e-09 secs
*
*       report_power -hierarchy all
*
-----------------------------------------------------------------------------------------
*



Total Power
-----------------------------------------------------------------------------------------
Total Internal Power:        4.38081998 	   53.5288%
Total Switching Power:       2.61954479 	   32.0080%
Total Leakage Power:         1.18367729 	   14.4632%
Total Power:                 8.18404206
-----------------------------------------------------------------------------------------


Group                           Internal   Switching     Leakage       Total  Percentage 
                                Power      Power         Power         Power  (%)        
-----------------------------------------------------------------------------------------
Sequential                         2.862      0.3781      0.4993       3.739       45.69
Macro                                  0           0           0           0           0
IO                                     0           0           0           0           0
Combinational                      1.042       1.261      0.6704       2.974       36.34
Clock (Combinational)             0.4766      0.9803     0.01403       1.471       17.97
Clock (Sequential)                     0           0           0           0           0
-----------------------------------------------------------------------------------------
Total                              4.381        2.62       1.184       8.184         100
-----------------------------------------------------------------------------------------


Clock                           Internal   Switching     Leakage       Total  Percentage 
                                Power      Power         Power         Power  (%)        
-----------------------------------------------------------------------------------------
clk                               0.4766      0.9803     0.01403       1.471       17.97
-----------------------------------------------------------------------------------------
Total                             0.4766      0.9803     0.01403       1.471       17.97
-----------------------------------------------------------------------------------------
Clock: clk
Clock Period: 0.010000 usec 
Clock Toggle Rate:   200.0000 Mhz 
Clock Static Probability:  0.5000
  


Rail                  Voltage   Internal   Switching     Leakage       Total  Percentage 
                                Power      Power         Power         Power  (%)        
-----------------------------------------------------------------------------------------
VDD                       1.1      4.381        2.62       1.184       8.184         100


Hierarchy                       Internal   Switching     Leakage       Total  Percentage 
                                Power      Power         Power         Power  (%)        
-----------------------------------------------------------------------------------------
u_csr                             0.1928     0.02564     0.06064      0.2791       3.411 
u_div                             0.1372     0.02777     0.04567      0.2106       2.574 
u_exec0                          0.08058     0.06189     0.04245      0.1849       2.259 
u_exec1                          0.09306     0.07873     0.04123       0.213       2.603 
u_frontend                          1.84      0.8017      0.4619       3.103       37.92 
u_issue                            1.225      0.8215      0.3748       2.421       29.59 
u_lsu                            0.09471     0.03702     0.02784      0.1596        1.95 
u_mul                             0.4874      0.4304     0.08585       1.004       12.26 
u_mule                             0.074     0.01652     0.03832      0.1288       1.574 
u_csr/u_csrfile                   0.1334     0.01051     0.04428      0.1882       2.299 
u_frontend/u_decode               0.1353     0.04152     0.03021       0.207        2.53 
u_frontend/u_fetch                0.1058     0.02504     0.02768      0.1586       1.937 
u_frontend/u_npc                   1.563      0.6663      0.4027       2.632       32.16 
u_issue/u_pipe0_ctrl              0.1707     0.03489     0.04225      0.2478       3.028 
u_issue/u_pipe1_ctrl             0.09826     0.01723     0.02758      0.1431       1.748 
u_issue/u_regfile                 0.8413       0.521      0.2371       1.599       19.54 
u_lsu/u_lsu_request              0.03805    0.004541    0.009328     0.05192      0.6344 
u_exec0/u_alu                    0.02958     0.03774     0.02061     0.08793       1.074 
u_exec1/u_alu                    0.03019     0.04249     0.02013     0.09281       1.134 
u_frontend/u_decode/genblk1.u_fifo
                                  0.1327     0.03917      0.0253      0.1972       2.409 
u_frontend/u_npc/BRANCH_PREDICTION.u_lru
                                 0.01081    0.001633    0.001928     0.01437      0.1756 
u_frontend/u_decode/genblk1.u_dec0
                               0.0005649   0.0005704    0.001669    0.002804     0.03426 
u_frontend/u_decode/genblk1.u_dec1
                               0.0007136   0.0008622    0.001694     0.00327     0.03995 
 
 
-----------------------------------------------------------------------------------------
*	Power Distribution Summary: 
*              Highest Average Power: u_frontend/u_npc/FE_OFC1066_branch_info_source_w_2 (CLKBUF_X3):         0.004948
*              Highest Leakage Power:            u_issue/g33248 (AND4_X4):        0.0001893
*                Total Cap:      2.19821e-10 F
*                Total instances in design: 28954
*                Total instances in design with no power:     0
*                Total instances in design with no activty:     0

*                Total Fillers and Decap:     0
-----------------------------------------------------------------------------------------
 
** INFO:  (VOLTUS_POWR-3465): There are 0 decaps and 0 fillers in the design

Ended Static Power Report Generation: (cpu=0:00:00, real=0:00:00,
mem(process/total/peak)=2790.71MB/7911.53MB/2798.44MB)

