Power Unit: W
Area Unit: Um^2
PDB Frame : /stim#0/frame#0
----------------------------------------------------------------------------------------------------
Cells Pct_cells     Leakage    Internal   Switching       Total Lvl Instance                        
----------------------------------------------------------------------------------------------------
32197   100.00% 3.15232e-06 5.63819e-06 1.33095e-06 1.01215e-05   0 /riscv_core                     
11115    34.52% 1.05395e-06 2.49745e-06 3.64309e-07 3.91571e-06   1 /riscv_core/u_frontend          
 9772    30.35% 9.10773e-07 2.07250e-06 2.69357e-07 3.25263e-06   2 /riscv_core/u_frontend/u_npc    
  577     1.79% 5.82880e-08 2.13223e-07 6.04111e-08 3.31923e-07   2 /riscv_core/u_frontend/u_fetch  
  766     2.38% 8.48890e-08 2.11725e-07 3.45414e-08 3.31156e-07   2 /riscv_core/u_frontend/u_decode 
 9037    28.07% 8.94921e-07 1.49020e-06 2.87657e-07 2.67278e-06   1 /riscv_core/u_issue             
 4954    15.39% 5.48044e-07 8.21932e-07 6.73901e-08 1.43737e-06   2 /riscv_core/u_issue/u_regfile   
  927     2.88% 1.00204e-07 3.69875e-07 5.41074e-08 5.24186e-07   2 /riscv_core/u_issue/u_pipe0_ctrl
  598     1.86% 6.14664e-08 2.16510e-07 5.22859e-08 3.30262e-07   2 /riscv_core/u_issue/u_pipe1_ctrl
 3047     9.46% 2.92329e-07 3.09276e-07 3.93929e-07 9.95534e-07   1 /riscv_core/u_mul               
 1564     4.86% 1.63121e-07 4.09274e-07 4.49511e-08 6.17346e-07   1 /riscv_core/u_csr               
 1250     3.88% 1.27362e-07 3.08267e-07 3.99783e-08 4.75608e-07   2 /riscv_core/u_csr/u_csrfile     
 1117     3.47% 1.26556e-07 1.93363e-07 1.20341e-07 4.40260e-07   1 /riscv_core/u_mule              
 1220     3.79% 1.32616e-07 2.61523e-07 2.66977e-08 4.20837e-07   1 /riscv_core/u_div               
 1271     3.95% 1.24121e-07 1.71627e-07 5.11372e-08 3.46885e-07   1 /riscv_core/u_cbm               
  738     2.29% 7.82486e-08 1.68978e-07 2.38749e-08 2.71101e-07   1 /riscv_core/u_lsu               
  202     0.63% 2.35932e-08 9.23229e-08 1.36965e-08 1.29613e-07   2 /riscv_core/u_lsu/u_lsu_request 
 1570     4.88% 1.44016e-07 6.84145e-08 7.31497e-09 2.19746e-07   1 /riscv_core/u_exec1             
  855     2.66% 7.42359e-08 0.00000e+00 0.00000e+00 7.42359e-08   2 /riscv_core/u_exec1/u_alu       
 1518     4.71% 1.42437e-07 6.80854e-08 8.16235e-09 2.18684e-07   1 /riscv_core/u_exec0             
  847     2.63% 7.79025e-08 0.00000e+00 0.00000e+00 7.79025e-08   2 /riscv_core/u_exec0/u_alu       
----------------------------------------------------------------------------------------------------
