env CDS_WORKAREA is set to /home/ykaraagac/cadence-bitirme/Flows/NanGate45/biriscv_2mul_vs_hybrid/scripts/cadence
             0V	    VSS
           1.1V	    VDD
Using Power View WC_VIEW
.
Load RC corner of view WC_VIEW

Begin Power Analysis

             0V	    VSS
           1.1V	    VDD

Begin Processing Timing Library for Power Calculation

Ended Processing Timing Library for Power Calculation: (cpu=0:00:00, real=0:00:00, mem(process/total/peak)=2791.38MB/5729.50MB/2791.38MB)



Begin Processing Power Net/Grid for Power Calculation

Ended Processing Power Net/Grid for Power Calculation: (cpu=0:00:00, real=0:00:00, mem(process/total/peak)=2791.38MB/5729.50MB/2791.38MB)

Begin Processing Timing Window Data for Power Calculation

clk(100MHz) CK: assigning clock clk to net clk_i
Ended Processing Timing Window Data for Power Calculation: (cpu=0:00:00, real=0:00:00, mem(process/total/peak)=2791.38MB/5729.50MB/2791.38MB)

Begin Processing User Attributes

Ended Processing User Attributes: (cpu=0:00:00, real=0:00:00, mem(process/total/peak)=2791.38MB/5729.50MB/2791.38MB)

Begin Processing Signal Activity


Starting Activity Propagation
2026-Jun-09 07:55:59 (2026-Jun-09 07:55:59 GMT)
2026-Jun-09 07:55:59 (2026-Jun-09 07:55:59 GMT): 10%
2026-Jun-09 07:55:59 (2026-Jun-09 07:55:59 GMT): 20%

Finished Activity Propagation
2026-Jun-09 07:55:59 (2026-Jun-09 07:55:59 GMT)

Activity annotation summary:
        Primary Inputs : 180/180 = 100%
          Flop outputs : 1909/10414 = 18.3311%
  Memory/Macro outputs : 0/0 = 0%
      Tristate outputs : 0/0 = 0%
            Total Nets : 3867/35059 = 11.03%

Ended Processing Signal Activity: (cpu=0:00:00, real=0:00:00, mem(process/total/peak)=2791.38MB/5729.50MB/2791.38MB)

Begin Power Computation

      ----------------------------------------------------------
      # of cell(s) missing both power/leakage table: 0
      # of cell(s) missing power table: 0
      # of cell(s) missing leakage table: 0
      ----------------------------------------------------------



Starting Calculating power
2026-Jun-09 07:55:59 (2026-Jun-09 07:55:59 GMT)
 ... Calculating switching power
2026-Jun-09 07:55:59 (2026-Jun-09 07:55:59 GMT): 10%
2026-Jun-09 07:55:59 (2026-Jun-09 07:55:59 GMT): 20%
2026-Jun-09 07:55:59 (2026-Jun-09 07:55:59 GMT): 30%
2026-Jun-09 07:56:00 (2026-Jun-09 07:56:00 GMT): 40%
2026-Jun-09 07:56:00 (2026-Jun-09 07:56:00 GMT): 50%
 ... Calculating internal and leakage power
2026-Jun-09 07:56:00 (2026-Jun-09 07:56:00 GMT): 60%
2026-Jun-09 07:56:00 (2026-Jun-09 07:56:00 GMT): 70%
2026-Jun-09 07:56:02 (2026-Jun-09 07:56:02 GMT): 80%
2026-Jun-09 07:56:02 (2026-Jun-09 07:56:02 GMT): 90%

Finished Calculating power
2026-Jun-09 07:56:03 (2026-Jun-09 07:56:03 GMT)
      # of MSMV cell(s) missing power_level: 0
Ended Power Computation: (cpu=0:00:03, real=0:00:03, mem(process/total/peak)=2791.38MB/5729.50MB/2791.38MB)

Begin Processing User Attributes

Begin Processing set_power
Ended Processing set_power: (cpu=0:00:00, real=0:00:00,
mem(process/total/peak)=2791.38MB/5729.50MB/2791.38MB)
Ended Processing User Attributes: (cpu=0:00:00, real=0:00:00, mem(process/total/peak)=2791.38MB/5729.50MB/2791.38MB)

Ended Power Analysis: (cpu=0:00:04, real=0:00:04, mem(process/total/peak)=2791.38MB/5729.50MB/2791.38MB)

Begin Boundary Leakage Calculation
Ended Boundary Leakage Calculation: (cpu=0:00:00, real=0:00:00,
mem(process/total/peak)=2791.38MB/5729.50MB/2791.38MB)
Begin Static Power Report Generation
*----------------------------------------------------------------------------------------
*	Innovus 25.12-s079_1 (64bit) 11/18/2025 12:56 (Linux 4.18.0-305.el8.x86_64)
*	
*
* 	Date & Time:	2026-Jun-09 07:56:03 (2026-Jun-09 07:56:03 GMT)
*
*----------------------------------------------------------------------------------------
*
*	Design: riscv_core
*
*	Liberty Libraries used:
*	        /home/ykaraagac/cadence-bitirme/Enablements/NanGate45/lib/NangateOpenCellLibrary_typical.lib
*
*	Parasitic Files used:
*
*       Dynamic View: WC_VIEW
*
*       Leakage View: WC_VIEW
*
*       User-Defined Activity : N.A.
*
*	Switching Activity File used:
*	        /home/ykaraagac/cadence-bitirme/Flows/NanGate45/biriscv_2mul_vs_hybrid/scripts/cadence/outputs/job7_near_free_runs/unrolled_dot8_near_free_relaxed_mule/vcd/core_hybrid.vcd
*                  Vcd Window used(Start Time, Stop Time):  
*                Vcd Scale Factor: 1
*
*       Hierarchical Global Activity: N.A.
*
*       Global Activity: N.A.
*
*       Sequential Element Activity: 0.200000
*
*       Primary Input Activity: 0.200000
*
*       Default icg ratio: N.A.
*
*       Global Comb ClockGate Ratio: N.A.
*
*	Power Units = 1mW
*
*	Time Units = 1e-09 secs
*
*       report_power -hierarchy all
*
-----------------------------------------------------------------------------------------
*



Total Power
-----------------------------------------------------------------------------------------
Total Internal Power:        4.43473847 	   53.1141%
Total Switching Power:       2.73068895 	   32.7050%
Total Leakage Power:         1.18402524 	   14.1809%
Total Power:                 8.34945266
-----------------------------------------------------------------------------------------


Group                           Internal   Switching     Leakage       Total  Percentage 
                                Power      Power         Power         Power  (%)        
-----------------------------------------------------------------------------------------
Sequential                         2.864      0.3787      0.4993       3.742       44.82
Macro                                  0           0           0           0           0
IO                                     0           0           0           0           0
Combinational                      1.094       1.372      0.6707       3.136       37.56
Clock (Combinational)             0.4766      0.9803     0.01403       1.471       17.62
Clock (Sequential)                     0           0           0           0           0
-----------------------------------------------------------------------------------------
Total                              4.435       2.731       1.184       8.349         100
-----------------------------------------------------------------------------------------


Clock                           Internal   Switching     Leakage       Total  Percentage 
                                Power      Power         Power         Power  (%)        
-----------------------------------------------------------------------------------------
clk                               0.4766      0.9803     0.01403       1.471       17.62
-----------------------------------------------------------------------------------------
Total                             0.4766      0.9803     0.01403       1.471       17.62
-----------------------------------------------------------------------------------------
Clock: clk
Clock Period: 0.010000 usec 
Clock Toggle Rate:   200.0000 Mhz 
Clock Static Probability:  0.5000
  


Rail                  Voltage   Internal   Switching     Leakage       Total  Percentage 
                                Power      Power         Power         Power  (%)        
-----------------------------------------------------------------------------------------
VDD                       1.1      4.435       2.731       1.184       8.349         100


Hierarchy                       Internal   Switching     Leakage       Total  Percentage 
                                Power      Power         Power         Power  (%)        
-----------------------------------------------------------------------------------------
u_csr                             0.1934     0.02557     0.06059      0.2795       3.348 
u_div                             0.1396     0.03017     0.04572      0.2154        2.58 
u_exec0                          0.09798     0.08845     0.04254       0.229       2.742 
u_exec1                          0.08294     0.06456     0.04125      0.1887       2.261 
u_frontend                         1.855       0.857      0.4619       3.174       38.02 
u_issue                            1.243      0.8527      0.3749       2.471       29.59 
u_lsu                            0.09924     0.04312     0.02795      0.1703        2.04 
u_mul                             0.4957      0.4376     0.08591       1.019       12.21 
u_mule                           0.07158      0.0128     0.03826      0.1226       1.469 
u_csr/u_csrfile                   0.1337     0.01069     0.04427      0.1887        2.26 
u_frontend/u_decode               0.1398     0.04876     0.03022      0.2188       2.621 
u_frontend/u_fetch                0.1039      0.0213     0.02766      0.1528        1.83 
u_frontend/u_npc                   1.576      0.7179      0.4027       2.697        32.3 
u_issue/u_pipe0_ctrl               0.174     0.03696     0.04248      0.2534       3.035 
u_issue/u_pipe1_ctrl             0.09934     0.01614      0.0276      0.1431       1.714 
u_issue/u_regfile                 0.8475       0.533      0.2369       1.617       19.37 
u_lsu/u_lsu_request              0.04012    0.006679    0.009442     0.05625      0.6736 
u_exec0/u_alu                    0.04563     0.06031      0.0206      0.1265       1.516 
u_exec1/u_alu                    0.02186     0.03184      0.0201     0.07381       0.884 
u_frontend/u_decode/genblk1.u_fifo
                                  0.1341     0.04325     0.02532      0.2027       2.427 
u_frontend/u_npc/BRANCH_PREDICTION.u_lru
                                 0.01061    0.001574    0.001928     0.01411       0.169 
u_frontend/u_decode/genblk1.u_dec0
                                0.001214    0.001289    0.001666    0.004168     0.04992 
u_frontend/u_decode/genblk1.u_dec1
                                0.001774    0.002332    0.001678    0.005784     0.06928 
 
 
-----------------------------------------------------------------------------------------
*	Power Distribution Summary: 
*              Highest Average Power:            u_issue/g31226 (AND2_X2):          0.00606
*              Highest Leakage Power:            u_issue/g33248 (AND4_X4):        0.0001893
*                Total Cap:      2.19821e-10 F
*                Total instances in design: 28954
*                Total instances in design with no power:     0
*                Total instances in design with no activty:     0

*                Total Fillers and Decap:     0
-----------------------------------------------------------------------------------------
 
** INFO:  (VOLTUS_POWR-3465): There are 0 decaps and 0 fillers in the design

Ended Static Power Report Generation: (cpu=0:00:00, real=0:00:00,
mem(process/total/peak)=2791.38MB/5729.50MB/2791.38MB)

