Power Unit: W
Area Unit: Um^2
PDB Frame : /stim#0/frame#0
----------------------------------------------------------------------------------------------------
Cells Pct_cells     Leakage    Internal   Switching       Total Lvl Instance                        
----------------------------------------------------------------------------------------------------
32197   100.00% 3.08917e-06 9.74308e-01 7.69937e-02 1.05130e+00   0 /riscv_core                     
11115    34.52% 1.05039e-06 4.90868e-01 5.86877e-02 5.49557e-01   1 /riscv_core/u_frontend          
 9772    30.35% 9.07475e-07 4.05318e-01 3.92241e-02 4.44543e-01   2 /riscv_core/u_frontend/u_npc    
  766     2.38% 8.54585e-08 4.99953e-02 1.33132e-02 6.33086e-02   2 /riscv_core/u_frontend/u_decode 
  577     1.79% 5.74605e-08 3.55553e-02 6.15046e-03 4.17058e-02   2 /riscv_core/u_frontend/u_fetch  
 9037    28.07% 8.63797e-07 2.55889e-01 1.41698e-02 2.70060e-01   1 /riscv_core/u_issue             
 4954    15.39% 5.21973e-07 1.52127e-01 1.18111e-03 1.53309e-01   2 /riscv_core/u_issue/u_regfile   
  927     2.88% 9.89494e-08 5.84757e-02 4.02430e-03 6.25001e-02   2 /riscv_core/u_issue/u_pipe0_ctrl
  598     1.86% 6.05875e-08 3.51835e-02 2.70828e-03 3.78918e-02   2 /riscv_core/u_issue/u_pipe1_ctrl
 1564     4.86% 1.56740e-07 6.54556e-02 3.73292e-04 6.58290e-02   1 /riscv_core/u_csr               
 1250     3.88% 1.21494e-07 4.73359e-02 3.60413e-04 4.76964e-02   2 /riscv_core/u_csr/u_csrfile     
 1220     3.79% 1.34969e-07 4.45192e-02 0.00000e+00 4.45193e-02   1 /riscv_core/u_div               
  738     2.29% 7.91303e-08 2.87290e-02 1.07296e-03 2.98021e-02   1 /riscv_core/u_lsu               
  202     0.63% 2.36090e-08 1.40934e-02 6.64849e-04 1.47582e-02   2 /riscv_core/u_lsu/u_lsu_request 
 1271     3.95% 1.25405e-07 2.44152e-02 1.52928e-03 2.59446e-02   1 /riscv_core/u_cbm               
 1117     3.47% 1.18195e-07 2.31906e-02 0.00000e+00 2.31907e-02   1 /riscv_core/u_mule              
 3047     9.46% 2.74718e-07 1.67673e-02 8.96805e-05 1.68573e-02   1 /riscv_core/u_mul               
 1518     4.71% 1.42115e-07 1.25560e-02 6.31170e-04 1.31873e-02   1 /riscv_core/u_exec0             
  847     2.63% 7.79025e-08 0.00000e+00 0.00000e+00 7.79025e-08   2 /riscv_core/u_exec0/u_alu       
 1570     4.88% 1.43708e-07 1.19175e-02 3.37690e-04 1.22553e-02   1 /riscv_core/u_exec1             
  855     2.66% 7.42359e-08 0.00000e+00 0.00000e+00 7.42359e-08   2 /riscv_core/u_exec1/u_alu       
----------------------------------------------------------------------------------------------------
