

Working Directory = /home/ziyx/cadence-bitirme/Flows/ASAP7/biriscv-2standard/scripts/cadence
QoS Summary for riscv_core
================================================================================
Metric                          final          
================================================================================
Slack (ps):                 1,997,344
  R2R (ps):                 1,997,344
  I2R (ps):                  no_value
  R2O (ps):                  no_value
  I2O (ps):                  no_value
  CG  (ps):                  no_value
TNS (ps):                           0
  R2R (ps):                         0
  I2R (ps):                  no_value
  R2O (ps):                  no_value
  I2O (ps):                  no_value
  CG  (ps):                  no_value
Failing Paths:                      0
Cell Area:                      4,387
Total Cell Area:                4,387
Leaf Instances:                32,548
Total Instances:               32,548
Utilization (%):                 0.00
Tot. Net Length (um):        no_value
Avg. Net Length (um):        no_value
Route Overflow H (%):        no_value
Route Overflow V (%):        no_value
MBCI(%) (bits/gate) :            0.00
Norm Cong Hotspot Area:
  Max Cong:                  no_value
  Tot Cong:                  no_value
================================================================================
CPU  Runtime (h:m:s):        00:12:47
Real Runtime (h:m:s):        00:09:52
CPU  Elapsed (h:m:s):        00:12:50
Real Elapsed (h:m:s):        00:09:53
Memory (MB):                  2405.98
================================================================================
================================================================================
Flow Settings:
================================================================================
Total Runtime (h:m:s): 00:09:53
Total Memory (MB):     2405.98
Executable Version:    23.13-s073_1
================================================================================
Total Cell Area =  Cell Area + Physical Cell Area
Total Instances =  Leaf Instances + Physical Instances


