============================================================
  Generated by:           Genus(TM) Synthesis Solution 23.13-s073_1
  Generated on:           Jan 10 2026  11:22:08 am
  Module:                 riscv_core
  Technology libraries:   sram_asap7_64x256_1rw 1.0
                          asap7sc7p5t_OA_RVT_FF_nldm_201020 1.0
                          asap7sc7p5t_SEQ_RVT_FF_nldm_201020 1.0
                          sram_asap7_16x256_1rw 1.0
                          sram_asap7_64x64_1rw 1.0
                          asap7sc7p5t_AO_RVT_FF_nldm_201020 1.0
                          asap7sc7p5t_INVBUF_RVT_FF_nldm_201020 1.0
                          asap7sc7p5t_SIMPLE_RVT_FF_nldm_201020 1.0
                          sram_asap7_32x256_1rw 1.0
  Operating conditions:   tt_1.0_25.0 (balanced_tree)
  Wireload mode:          enclosed
  Area mode:              timing library
============================================================

                                               
           Gate            Instances    Area                    Library                 
----------------------------------------------------------------------------------------
A2O1A1Ixp33_ASAP7_75t_R          118    10.323    asap7sc7p5t_AO_RVT_FF_nldm_201020     
A2O1A1O1Ixp25_ASAP7_75t_R          4     0.525    asap7sc7p5t_AO_RVT_FF_nldm_201020     
AND2x2_ASAP7_75t_R               357    31.230    asap7sc7p5t_SIMPLE_RVT_FF_nldm_201020 
AND3x1_ASAP7_75t_R                29     2.537    asap7sc7p5t_SIMPLE_RVT_FF_nldm_201020 
AND4x1_ASAP7_75t_R               309    31.537    asap7sc7p5t_SIMPLE_RVT_FF_nldm_201020 
AND5x1_ASAP7_75t_R               144    16.796    asap7sc7p5t_SIMPLE_RVT_FF_nldm_201020 
AO21x1_ASAP7_75t_R                64     5.599    asap7sc7p5t_AO_RVT_FF_nldm_201020     
AO221x1_ASAP7_75t_R               42     6.124    asap7sc7p5t_AO_RVT_FF_nldm_201020     
AO222x2_ASAP7_75t_R               73    12.772    asap7sc7p5t_AO_RVT_FF_nldm_201020     
AO22x1_ASAP7_75t_R               969   127.152    asap7sc7p5t_AO_RVT_FF_nldm_201020     
AO32x1_ASAP7_75t_R                13     1.516    asap7sc7p5t_AO_RVT_FF_nldm_201020     
AO331x1_ASAP7_75t_R                2     0.292    asap7sc7p5t_AO_RVT_FF_nldm_201020     
AO332x1_ASAP7_75t_R                1     0.160    asap7sc7p5t_AO_RVT_FF_nldm_201020     
AO33x2_ASAP7_75t_R                 6     0.875    asap7sc7p5t_AO_RVT_FF_nldm_201020     
AOI211xp5_ASAP7_75t_R            114     9.973    asap7sc7p5t_AO_RVT_FF_nldm_201020     
AOI21xp33_ASAP7_75t_R            111     8.092    asap7sc7p5t_AO_RVT_FF_nldm_201020     
AOI21xp5_ASAP7_75t_R             157    11.445    asap7sc7p5t_AO_RVT_FF_nldm_201020     
AOI221xp5_ASAP7_75t_R           1051   107.265    asap7sc7p5t_AO_RVT_FF_nldm_201020     
AOI222xp33_ASAP7_75t_R          1504   219.283    asap7sc7p5t_AO_RVT_FF_nldm_201020     
AOI22xp33_ASAP7_75t_R           3423   299.444    asap7sc7p5t_AO_RVT_FF_nldm_201020     
AOI22xp5_ASAP7_75t_R            4805   420.341    asap7sc7p5t_AO_RVT_FF_nldm_201020     
AOI311xp33_ASAP7_75t_R             3     0.306    asap7sc7p5t_AO_RVT_FF_nldm_201020     
AOI31xp33_ASAP7_75t_R              6     0.525    asap7sc7p5t_AO_RVT_FF_nldm_201020     
AOI321xp33_ASAP7_75t_R            23     2.683    asap7sc7p5t_AO_RVT_FF_nldm_201020     
AOI322xp5_ASAP7_75t_R              2     0.262    asap7sc7p5t_AO_RVT_FF_nldm_201020     
AOI32xp33_ASAP7_75t_R            652    66.543    asap7sc7p5t_AO_RVT_FF_nldm_201020     
ASYNC_DFFHx1_ASAP7_75t_R        4184  1586.071    asap7sc7p5t_SEQ_RVT_FF_nldm_201020    
BUFx2_ASAP7_75t_R                  6     0.437    asap7sc7p5t_INVBUF_RVT_FF_nldm_201020 
BUFx4_ASAP7_75t_R                  1     0.102    asap7sc7p5t_INVBUF_RVT_FF_nldm_201020 
DFFHQNx1_ASAP7_75t_R             992   289.267    asap7sc7p5t_SEQ_RVT_FF_nldm_201020    
FAx1_ASAP7_75t_R                 649   132.474    asap7sc7p5t_SIMPLE_RVT_FF_nldm_201020 
HAxp5_ASAP7_75t_R                 41     5.380    asap7sc7p5t_SIMPLE_RVT_FF_nldm_201020 
INVx1_ASAP7_75t_R               1539    67.316    asap7sc7p5t_INVBUF_RVT_FF_nldm_201020 
INVx2_ASAP7_75t_R                 14     0.816    asap7sc7p5t_INVBUF_RVT_FF_nldm_201020 
INVx4_ASAP7_75t_R                  1     0.087    asap7sc7p5t_INVBUF_RVT_FF_nldm_201020 
INVxp33_ASAP7_75t_R              265    11.591    asap7sc7p5t_INVBUF_RVT_FF_nldm_201020 
INVxp67_ASAP7_75t_R             1104    48.289    asap7sc7p5t_INVBUF_RVT_FF_nldm_201020 
MAJIxp5_ASAP7_75t_R              826    84.302    asap7sc7p5t_SIMPLE_RVT_FF_nldm_201020 
MAJx2_ASAP7_75t_R                138    18.108    asap7sc7p5t_SIMPLE_RVT_FF_nldm_201020 
NAND2x1_ASAP7_75t_R                1     0.087    asap7sc7p5t_SIMPLE_RVT_FF_nldm_201020 
NAND2xp33_ASAP7_75t_R            184    10.731    asap7sc7p5t_SIMPLE_RVT_FF_nldm_201020 
NAND2xp5_ASAP7_75t_R            1747   101.885    asap7sc7p5t_SIMPLE_RVT_FF_nldm_201020 
NAND3xp33_ASAP7_75t_R            157    11.445    asap7sc7p5t_SIMPLE_RVT_FF_nldm_201020 
NAND4xp25_ASAP7_75t_R            206    18.021    asap7sc7p5t_SIMPLE_RVT_FF_nldm_201020 
NAND5xp2_ASAP7_75t_R             318    32.455    asap7sc7p5t_SIMPLE_RVT_FF_nldm_201020 
NOR2x1_ASAP7_75t_R               142    12.422    asap7sc7p5t_SIMPLE_RVT_FF_nldm_201020 
NOR2x1p5_ASAP7_75t_R               2     0.233    asap7sc7p5t_SIMPLE_RVT_FF_nldm_201020 
NOR2xp33_ASAP7_75t_R            1541    89.871    asap7sc7p5t_SIMPLE_RVT_FF_nldm_201020 
NOR3xp33_ASAP7_75t_R             140    10.206    asap7sc7p5t_SIMPLE_RVT_FF_nldm_201020 
NOR4xp25_ASAP7_75t_R              47     4.112    asap7sc7p5t_SIMPLE_RVT_FF_nldm_201020 
NOR5xp2_ASAP7_75t_R              135    13.778    asap7sc7p5t_SIMPLE_RVT_FF_nldm_201020 
O2A1O1Ixp33_ASAP7_75t_R           51     4.461    asap7sc7p5t_OA_RVT_FF_nldm_201020     
OA211x2_ASAP7_75t_R               16     1.866    asap7sc7p5t_OA_RVT_FF_nldm_201020     
OA21x2_ASAP7_75t_R                68     6.940    asap7sc7p5t_OA_RVT_FF_nldm_201020     
OA222x2_ASAP7_75t_R                7     1.225    asap7sc7p5t_OA_RVT_FF_nldm_201020     
OA332x1_ASAP7_75t_R                1     0.160    asap7sc7p5t_OA_RVT_FF_nldm_201020     
OAI211xp5_ASAP7_75t_R            323    28.256    asap7sc7p5t_OA_RVT_FF_nldm_201020     
OAI21xp33_ASAP7_75t_R             10     0.729    asap7sc7p5t_OA_RVT_FF_nldm_201020     
OAI21xp5_ASAP7_75t_R             333    24.276    asap7sc7p5t_OA_RVT_FF_nldm_201020     
OAI221xp5_ASAP7_75t_R            930    94.916    asap7sc7p5t_OA_RVT_FF_nldm_201020     
OAI222xp33_ASAP7_75t_R            34     4.957    asap7sc7p5t_OA_RVT_FF_nldm_201020     
OAI22xp33_ASAP7_75t_R             52     4.549    asap7sc7p5t_OA_RVT_FF_nldm_201020     
OAI22xp5_ASAP7_75t_R             600    52.488    asap7sc7p5t_OA_RVT_FF_nldm_201020     
OAI311xp33_ASAP7_75t_R             1     0.102    asap7sc7p5t_OA_RVT_FF_nldm_201020     
OAI31xp33_ASAP7_75t_R             23     2.012    asap7sc7p5t_OA_RVT_FF_nldm_201020     
OAI321xp33_ASAP7_75t_R             3     0.350    asap7sc7p5t_OA_RVT_FF_nldm_201020     
OAI322xp33_ASAP7_75t_R             2     0.262    asap7sc7p5t_OA_RVT_FF_nldm_201020     
OAI32xp33_ASAP7_75t_R            132    13.472    asap7sc7p5t_OA_RVT_FF_nldm_201020     
OAI33xp33_ASAP7_75t_R             26     3.033    asap7sc7p5t_OA_RVT_FF_nldm_201020     
OR2x2_ASAP7_75t_R                 71     6.211    asap7sc7p5t_SIMPLE_RVT_FF_nldm_201020 
OR2x4_ASAP7_75t_R                  1     0.117    asap7sc7p5t_SIMPLE_RVT_FF_nldm_201020 
OR3x1_ASAP7_75t_R                 32     2.799    asap7sc7p5t_SIMPLE_RVT_FF_nldm_201020 
OR4x1_ASAP7_75t_R                 22     2.245    asap7sc7p5t_SIMPLE_RVT_FF_nldm_201020 
OR5x1_ASAP7_75t_R                 75     8.748    asap7sc7p5t_SIMPLE_RVT_FF_nldm_201020 
XNOR2xp5_ASAP7_75t_R             653    85.687    asap7sc7p5t_SIMPLE_RVT_FF_nldm_201020 
XOR2xp5_ASAP7_75t_R              720    94.478    asap7sc7p5t_SIMPLE_RVT_FF_nldm_201020 
----------------------------------------------------------------------------------------
total                          32548  4387.428                                          


               Library                Instances   Area   Instances % 
---------------------------------------------------------------------
asap7sc7p5t_AO_RVT_FF_nldm_201020         13143 1311.500        40.4 
asap7sc7p5t_INVBUF_RVT_FF_nldm_201020      2930  128.639         9.0 
asap7sc7p5t_OA_RVT_FF_nldm_201020          2612  244.055         8.0 
asap7sc7p5t_SEQ_RVT_FF_nldm_201020         5176 1875.338        15.9 
asap7sc7p5t_SIMPLE_RVT_FF_nldm_201020      8687  827.896        26.7 

                                         
     Type      Instances   Area   Area % 
-----------------------------------------
sequential          5176 1875.338   42.7 
inverter            2923  128.100    2.9 
buffer                 7    0.539    0.0 
logic              24442 2383.451   54.3 
physical_cells         0    0.000    0.0 
-----------------------------------------
total              32548 4387.428  100.0 

