xrun(64): 25.09-s003: (c) Copyright 1995-2026 Cadence Design Systems, Inc.
TOOL:	xrun(64)	25.09-s003: Started on Jun 07, 2026 at 20:54:35 UTC
xrun
	-64bit
	-sv
	-licqueue
	-timescale 1ns/1ps
	+access+r
	+define+TRACE=1
	+define+verilog_sim
	-f files.f
		+incdir+/home/ykaraagac/biriscv-2standard/src/core
		+incdir+/home/ykaraagac/biriscv-2standard/src/tcm
		/home/ykaraagac/biriscv-2standard/src/core/biriscv_alu.v
		/home/ykaraagac/biriscv-2standard/src/core/biriscv_csr.v
		/home/ykaraagac/biriscv-2standard/src/core/biriscv_csr_regfile.v
		/home/ykaraagac/biriscv-2standard/src/core/biriscv_decode.v
		/home/ykaraagac/biriscv-2standard/src/core/biriscv_decoder.v
		/home/ykaraagac/biriscv-2standard/src/core/biriscv_defs.v
		/home/ykaraagac/biriscv-2standard/src/core/biriscv_divider.v
		/home/ykaraagac/biriscv-2standard/src/core/biriscv_exec.v
		/home/ykaraagac/biriscv-2standard/src/core/biriscv_fetch.v
		/home/ykaraagac/biriscv-2standard/src/core/biriscv_frontend.v
		/home/ykaraagac/biriscv-2standard/src/core/biriscv_issue.v
		/home/ykaraagac/biriscv-2standard/src/core/biriscv_lsu.v
		/home/ykaraagac/biriscv-2standard/src/core/biriscv_mmu.v
		/home/ykaraagac/biriscv-2standard/src/core/biriscv_multiplier.v
		/home/ykaraagac/biriscv-2standard/src/core/biriscv_multiplier_efficient.v
		/home/ykaraagac/biriscv-2standard/src/core/biriscv_npc.v
		/home/ykaraagac/biriscv-2standard/src/core/biriscv_pipe_ctrl.v
		/home/ykaraagac/biriscv-2standard/src/core/biriscv_regfile.v
		/home/ykaraagac/biriscv-2standard/src/core/biriscv_trace_sim.v
		/home/ykaraagac/biriscv-2standard/src/core/biriscv_xilinx_2r1w.v
		/home/ykaraagac/biriscv-2standard/src/core/riscv_core.v
		/home/ykaraagac/biriscv-2standard/src/tcm/tcm_mem.v
		/home/ykaraagac/biriscv-2standard/src/tcm/tcm_mem_ram.v
		/home/ykaraagac/biriscv-2standard/src/tcm/tcm_mem_pmem.v
		/home/ykaraagac/cadence-bitirme/Flows/NanGate45/biriscv_2mul_vs_hybrid/scripts/cadence/outputs/work/core_matmul_no_mule/core_2standard/tb_parallel_matmul.v
	-top tb_parallel_matmul
	-input "@run; exit"
	-l /home/ykaraagac/cadence-bitirme/Flows/NanGate45/biriscv_2mul_vs_hybrid/scripts/cadence/logs/xrun_core_2standard_matmul.log
file: /home/ykaraagac/biriscv-2standard/src/core/biriscv_alu.v
	module worklib.biriscv_alu:v
		errors: 0, warnings: 0
file: /home/ykaraagac/biriscv-2standard/src/core/biriscv_csr.v
	module worklib.biriscv_csr:v
		errors: 0, warnings: 0
file: /home/ykaraagac/biriscv-2standard/src/core/biriscv_csr_regfile.v
	module worklib.biriscv_csr_regfile:v
		errors: 0, warnings: 0
file: /home/ykaraagac/biriscv-2standard/src/core/biriscv_decode.v
	module worklib.biriscv_decode:v
		errors: 0, warnings: 0
	module worklib.fetch_fifo:v
		errors: 0, warnings: 0
file: /home/ykaraagac/biriscv-2standard/src/core/biriscv_decoder.v
	module worklib.biriscv_decoder:v
		errors: 0, warnings: 0
file: /home/ykaraagac/biriscv-2standard/src/core/biriscv_defs.v
file: /home/ykaraagac/biriscv-2standard/src/core/biriscv_divider.v
	module worklib.biriscv_divider:v
		errors: 0, warnings: 0
file: /home/ykaraagac/biriscv-2standard/src/core/biriscv_exec.v
	module worklib.biriscv_exec:v
		errors: 0, warnings: 0
file: /home/ykaraagac/biriscv-2standard/src/core/biriscv_fetch.v
	module worklib.biriscv_fetch:v
		errors: 0, warnings: 0
file: /home/ykaraagac/biriscv-2standard/src/core/biriscv_frontend.v
	module worklib.biriscv_frontend:v
		errors: 0, warnings: 0
file: /home/ykaraagac/biriscv-2standard/src/core/biriscv_issue.v
	module worklib.biriscv_issue:v
		errors: 0, warnings: 0
file: /home/ykaraagac/biriscv-2standard/src/core/biriscv_lsu.v
	module worklib.biriscv_lsu:v
		errors: 0, warnings: 0
	module worklib.biriscv_lsu_fifo:v
		errors: 0, warnings: 0
file: /home/ykaraagac/biriscv-2standard/src/core/biriscv_mmu.v
	module worklib.biriscv_mmu:v
		errors: 0, warnings: 0
file: /home/ykaraagac/biriscv-2standard/src/core/biriscv_multiplier.v
	module worklib.biriscv_multiplier:v
		errors: 0, warnings: 0
file: /home/ykaraagac/biriscv-2standard/src/core/biriscv_multiplier_efficient.v
	module worklib.biriscv_multiplier_efficient:v
		errors: 0, warnings: 0
file: /home/ykaraagac/biriscv-2standard/src/core/biriscv_npc.v
	module worklib.biriscv_npc:v
		errors: 0, warnings: 0
	module worklib.biriscv_npc_lfsr:v
		errors: 0, warnings: 0
file: /home/ykaraagac/biriscv-2standard/src/core/biriscv_pipe_ctrl.v
	module worklib.biriscv_pipe_ctrl:v
		errors: 0, warnings: 0
file: /home/ykaraagac/biriscv-2standard/src/core/biriscv_regfile.v
	module worklib.biriscv_regfile:v
		errors: 0, warnings: 0
file: /home/ykaraagac/biriscv-2standard/src/core/biriscv_trace_sim.v
	module worklib.biriscv_trace_sim:v
		errors: 0, warnings: 0
file: /home/ykaraagac/biriscv-2standard/src/core/biriscv_xilinx_2r1w.v
	module worklib.biriscv_xilinx_2r1w:v
		errors: 0, warnings: 0
file: /home/ykaraagac/biriscv-2standard/src/core/riscv_core.v
	module worklib.riscv_core:v
		errors: 0, warnings: 0
file: /home/ykaraagac/biriscv-2standard/src/tcm/tcm_mem.v
	module worklib.tcm_mem:v
		errors: 0, warnings: 0
file: /home/ykaraagac/biriscv-2standard/src/tcm/tcm_mem_ram.v
	module worklib.tcm_mem_ram:v
		errors: 0, warnings: 0
file: /home/ykaraagac/biriscv-2standard/src/tcm/tcm_mem_pmem.v
	module worklib.tcm_mem_pmem:v
		errors: 0, warnings: 0
	module worklib.tcm_mem_pmem_fifo2:v
		errors: 0, warnings: 0
file: /home/ykaraagac/cadence-bitirme/Flows/NanGate45/biriscv_2mul_vs_hybrid/scripts/cadence/outputs/work/core_matmul_no_mule/core_2standard/tb_parallel_matmul.v
	module worklib.tb_parallel_matmul:v
		errors: 0, warnings: 0
xmvlog: *W,SPDUSD: Include directory /home/ykaraagac/biriscv-2standard/src/tcm given but not used.
	Total errors/warnings found outside modules and primitives:
		errors: 0, warnings: 1
	Elaborating the design hierarchy:
		Caching library 'worklib' ....... Done
u_mem
    |
xmelab: *W,CUVWSP (./tb_parallel_matmul.v,204|4): 11 output ports were not connected:
xmelab: (/home/ykaraagac/biriscv-2standard/src/tcm/tcm_mem.v,71): axi_awready_o
xmelab: (/home/ykaraagac/biriscv-2standard/src/tcm/tcm_mem.v,72): axi_wready_o
xmelab: (/home/ykaraagac/biriscv-2standard/src/tcm/tcm_mem.v,73): axi_bvalid_o
xmelab: (/home/ykaraagac/biriscv-2standard/src/tcm/tcm_mem.v,74): axi_bresp_o
xmelab: (/home/ykaraagac/biriscv-2standard/src/tcm/tcm_mem.v,75): axi_bid_o
xmelab: (/home/ykaraagac/biriscv-2standard/src/tcm/tcm_mem.v,76): axi_arready_o
xmelab: (/home/ykaraagac/biriscv-2standard/src/tcm/tcm_mem.v,77): axi_rvalid_o
xmelab: (/home/ykaraagac/biriscv-2standard/src/tcm/tcm_mem.v,78): axi_rdata_o
xmelab: (/home/ykaraagac/biriscv-2standard/src/tcm/tcm_mem.v,79): axi_rresp_o
xmelab: (/home/ykaraagac/biriscv-2standard/src/tcm/tcm_mem.v,80): axi_rid_o
xmelab: (/home/ykaraagac/biriscv-2standard/src/tcm/tcm_mem.v,81): axi_rlast_o

u_mem
    |
xmelab: *W,CUVWSI (./tb_parallel_matmul.v,204|4): 16 input ports were not connected:
xmelab: (/home/ykaraagac/biriscv-2standard/src/tcm/tcm_mem.v,44): axi_awvalid_i
xmelab: (/home/ykaraagac/biriscv-2standard/src/tcm/tcm_mem.v,45): axi_awaddr_i
xmelab: (/home/ykaraagac/biriscv-2standard/src/tcm/tcm_mem.v,46): axi_awid_i
xmelab: (/home/ykaraagac/biriscv-2standard/src/tcm/tcm_mem.v,47): axi_awlen_i
xmelab: (/home/ykaraagac/biriscv-2standard/src/tcm/tcm_mem.v,48): axi_awburst_i
xmelab: (/home/ykaraagac/biriscv-2standard/src/tcm/tcm_mem.v,49): axi_wvalid_i
xmelab: (/home/ykaraagac/biriscv-2standard/src/tcm/tcm_mem.v,50): axi_wdata_i
xmelab: (/home/ykaraagac/biriscv-2standard/src/tcm/tcm_mem.v,51): axi_wstrb_i
xmelab: (/home/ykaraagac/biriscv-2standard/src/tcm/tcm_mem.v,52): axi_wlast_i
xmelab: (/home/ykaraagac/biriscv-2standard/src/tcm/tcm_mem.v,53): axi_bready_i
xmelab: (/home/ykaraagac/biriscv-2standard/src/tcm/tcm_mem.v,54): axi_arvalid_i
xmelab: (/home/ykaraagac/biriscv-2standard/src/tcm/tcm_mem.v,55): axi_araddr_i
xmelab: (/home/ykaraagac/biriscv-2standard/src/tcm/tcm_mem.v,56): axi_arid_i
xmelab: (/home/ykaraagac/biriscv-2standard/src/tcm/tcm_mem.v,57): axi_arlen_i
xmelab: (/home/ykaraagac/biriscv-2standard/src/tcm/tcm_mem.v,58): axi_arburst_i
xmelab: (/home/ykaraagac/biriscv-2standard/src/tcm/tcm_mem.v,59): axi_rready_i

	Top level design units:
		worklib.tb_parallel_matmul:v (module)
	Building instance overlay tables: .................... Done
	Generating native compiled code:
		worklib.tcm_mem_pmem_fifo2:v <0x2b069c28>
			streams:   7, words:  2935
		worklib.tcm_mem_pmem_fifo2:v <0x3b14433c>
			streams:   7, words:  2962
		worklib.tcm_mem_pmem:v <0x2daffc10>
			streams:  27, words: 14627
		worklib.tcm_mem:v <0x323af7de>
			streams:  19, words:  5731
		worklib.biriscv_alu:v <0x51b71475>
			streams:   2, words:  6022
		worklib.biriscv_exec:v <0x2fe12759>
			streams:  14, words: 25274
		worklib.biriscv_regfile:v <0x4e98e681>
			streams:  97, words: 50716
		worklib.biriscv_divider:v <0x74ffe109>
			streams:  16, words:  9353
		worklib.biriscv_multiplier:v <0x1f1522c6>
			streams:  13, words:  6589
		worklib.biriscv_csr_regfile:v <0x40404bf0>
			streams:  16, words: 32385
		worklib.biriscv_csr:v <0x6610b003>
			streams:  39, words: 13820
		worklib.biriscv_lsu_fifo:v <0x60878d37>
			streams:   8, words:  4317
		worklib.biriscv_lsu:v <0x6ccfb4d1>
			streams:  31, words: 26828
		worklib.biriscv_mmu:v <0x65509025>
			streams:   9, words:  1637
		worklib.biriscv_fetch:v <0x0edf2760>
			streams:  36, words: 12969
		worklib.biriscv_decoder:v <0x570bf2bb>
			streams:   7, words: 14318
		worklib.fetch_fifo:v <0x117ef170>
			streams:  22, words: 12653
		worklib.biriscv_decode:v <0x74fb07a0>
			streams:   4, words:   785
		worklib.biriscv_npc_lfsr:v <0x1ca63f52>
			streams:   3, words:   826
		worklib.biriscv_npc:v <0x3fd81964>
			streams:  60, words: 34049
		worklib.biriscv_frontend:v <0x714e5ed4>
			streams:   0, words:     0
		worklib.riscv_core:v <0x0780ded8>
			streams:   5, words:  1635
		worklib.tb_parallel_matmul:v <0x136c3588>
			streams:  24, words: 18725
		worklib.tcm_mem_ram:v <0x32735ac1>
			streams:  20, words: 15888
		worklib.biriscv_issue:v <0x462022fb>
			streams:  97, words: 48869
		worklib.biriscv_pipe_ctrl:v <0x737ee499>
			streams:  66, words: 39202
	Building instance specific data structures.
	Loading native compiled code:     .................... Done
	Design hierarchy summary:
		                 Instances  Unique
		Modules:                31      25
		Registers:             442     386
		Scalar wires:          320       -
		Expanded wires:         40       3
		Vectored wires:        263       -
		Always blocks:         112     116
		Initial blocks:          3       3
		Cont. assignments:     263     541
		Pseudo assignments:     21       -
		Sparse arrays:           1       -
		Process Clocks:         63       2
		Simulation timescale:  1ps
	Writing initial simulation snapshot: worklib.tb_parallel_matmul:v
Loading snapshot worklib.tb_parallel_matmul:v .................... Done
xcelium> source /eda/cadence/XCELIUM2509/tools/xcelium/files/xmsimrc
xcelium> run; exit
Starting Parallel MatMul Benchmark (normal-MUL-only)
xmsim: *W,PRUASZ: Unpacked array at "tb_parallel_matmul.mem" of 131073 elements exceeds limit of 16384 - not probed
 Use 'probe -create -unpacked 131073 tb_parallel_matmul.mem' or 'setenv SHM_UNPACKED_LIMIT 131073' to adjust limit.
Loaded 944 bytes from tcm.bin
[C59] E1: p0_mul=1(pc=0x800001a8) p1_mul=1(pc=0x800001ac)
[C62] E1: p0_mul=1(pc=0x800001b0) p1_mul=1(pc=0x800001b4)
[C92] E1: p0_mul=1(pc=0x800001f8) p1_mul=1(pc=0x800001fc)
[C95] E1: p0_mul=1(pc=0x80000200) p1_mul=1(pc=0x80000204)
[C125] E1: p0_mul=1(pc=0x80000248) p1_mul=1(pc=0x8000024c)
[C128] E1: p0_mul=1(pc=0x80000250) p1_mul=1(pc=0x80000254)
[C158] E1: p0_mul=1(pc=0x80000298) p1_mul=1(pc=0x8000029c)
[C161] E1: p0_mul=1(pc=0x800002a0) p1_mul=1(pc=0x800002a4)
[C214] E1: p0_mul=1(pc=0x800001a8) p1_mul=1(pc=0x800001ac)
[C217] E1: p0_mul=1(pc=0x800001b0) p1_mul=1(pc=0x800001b4)
[C246] E1: p0_mul=1(pc=0x800001f8) p1_mul=0(pc=0x00000000)
[C247] E1: p0_mul=1(pc=0x800001fc) p1_mul=0(pc=0x00000000)
[C248] E1: p0_mul=1(pc=0x80000200) p1_mul=0(pc=0x00000000)
[C249] E1: p0_mul=1(pc=0x80000204) p1_mul=0(pc=0x00000000)
[C277] E1: p0_mul=1(pc=0x80000248) p1_mul=1(pc=0x8000024c)
[C280] E1: p0_mul=1(pc=0x80000250) p1_mul=1(pc=0x80000254)
[C309] E1: p0_mul=1(pc=0x80000298) p1_mul=0(pc=0x00000000)
[C310] E1: p0_mul=1(pc=0x8000029c) p1_mul=0(pc=0x00000000)
[C311] E1: p0_mul=1(pc=0x800002a0) p1_mul=1(pc=0x800002a4)
[C364] E1: p0_mul=1(pc=0x800001a8) p1_mul=1(pc=0x800001ac)

========================================
*** PARALLEL MATMUL PASS ***
========================================
Total cycles       : 12616
Dual-MUL cycles    : 383  (both pipes MUL)
Single-MUL cycles  : 514  (one pipe MUL)
Total MUL ops      : 1280
Dual-issue ratio   : 42%
========================================
TOOL:	xrun(64)	25.09-s003: Exiting on Jun 07, 2026 at 20:55:48 UTC  (total: 00:01:13)
