env CDS_WORKAREA is set to /home/ykaraagac/cadence-bitirme/Flows/NanGate45/biriscv_2mul_vs_hybrid/scripts/cadence
             0V	    VSS
           1.1V	    VDD
Using Power View WC_VIEW
.
Load RC corner of view WC_VIEW

Begin Power Analysis

             0V	    VSS
           1.1V	    VDD

Begin Processing Timing Library for Power Calculation

Ended Processing Timing Library for Power Calculation: (cpu=0:00:00, real=0:00:00, mem(process/total/peak)=2865.50MB/8689.54MB/2865.50MB)



Begin Processing Power Net/Grid for Power Calculation

Ended Processing Power Net/Grid for Power Calculation: (cpu=0:00:00, real=0:00:00, mem(process/total/peak)=2865.50MB/8689.54MB/2865.50MB)

Begin Processing Timing Window Data for Power Calculation

clk(100MHz) CK: assigning clock clk to net clk_i
Ended Processing Timing Window Data for Power Calculation: (cpu=0:00:00, real=0:00:00, mem(process/total/peak)=2866.50MB/8689.54MB/2866.50MB)

Begin Processing User Attributes

Ended Processing User Attributes: (cpu=0:00:00, real=0:00:00, mem(process/total/peak)=2866.50MB/8689.54MB/2866.50MB)

Begin Processing Signal Activity


Starting Activity Propagation
2026-Jun-08 22:02:49 (2026-Jun-08 22:02:49 GMT)
2026-Jun-08 22:02:50 (2026-Jun-08 22:02:50 GMT): 10%
2026-Jun-08 22:02:50 (2026-Jun-08 22:02:50 GMT): 20%

Finished Activity Propagation
2026-Jun-08 22:02:50 (2026-Jun-08 22:02:50 GMT)

Activity annotation summary:
        Primary Inputs : 180/180 = 100%
          Flop outputs : 1909/10414 = 18.3311%
  Memory/Macro outputs : 0/0 = 0%
      Tristate outputs : 0/0 = 0%
            Total Nets : 3867/35059 = 11.03%

Ended Processing Signal Activity: (cpu=0:00:00, real=0:00:00, mem(process/total/peak)=2866.50MB/8689.54MB/2866.50MB)

Begin Power Computation

      ----------------------------------------------------------
      # of cell(s) missing both power/leakage table: 0
      # of cell(s) missing power table: 0
      # of cell(s) missing leakage table: 0
      ----------------------------------------------------------



Starting Calculating power
2026-Jun-08 22:02:50 (2026-Jun-08 22:02:50 GMT)
 ... Calculating switching power
2026-Jun-08 22:02:50 (2026-Jun-08 22:02:50 GMT): 10%
2026-Jun-08 22:02:50 (2026-Jun-08 22:02:50 GMT): 20%
2026-Jun-08 22:02:50 (2026-Jun-08 22:02:50 GMT): 30%
2026-Jun-08 22:02:50 (2026-Jun-08 22:02:50 GMT): 40%
2026-Jun-08 22:02:50 (2026-Jun-08 22:02:50 GMT): 50%
 ... Calculating internal and leakage power
2026-Jun-08 22:02:51 (2026-Jun-08 22:02:51 GMT): 60%
2026-Jun-08 22:02:51 (2026-Jun-08 22:02:51 GMT): 70%
2026-Jun-08 22:02:53 (2026-Jun-08 22:02:53 GMT): 80%
2026-Jun-08 22:02:53 (2026-Jun-08 22:02:53 GMT): 90%

Finished Calculating power
2026-Jun-08 22:02:53 (2026-Jun-08 22:02:53 GMT)
      # of MSMV cell(s) missing power_level: 0
Ended Power Computation: (cpu=0:00:03, real=0:00:03, mem(process/total/peak)=2866.50MB/8689.54MB/2866.50MB)

Begin Processing User Attributes

Begin Processing set_power
Ended Processing set_power: (cpu=0:00:00, real=0:00:00,
mem(process/total/peak)=2866.50MB/8689.54MB/2866.50MB)
Ended Processing User Attributes: (cpu=0:00:00, real=0:00:00, mem(process/total/peak)=2866.50MB/8689.54MB/2866.50MB)

Ended Power Analysis: (cpu=0:00:04, real=0:00:04, mem(process/total/peak)=2866.50MB/8689.54MB/2866.50MB)

Begin Boundary Leakage Calculation
Ended Boundary Leakage Calculation: (cpu=0:00:00, real=0:00:00,
mem(process/total/peak)=2866.50MB/8689.54MB/2866.50MB)
Begin Static Power Report Generation
*----------------------------------------------------------------------------------------
*	Innovus 25.12-s079_1 (64bit) 11/18/2025 12:56 (Linux 4.18.0-305.el8.x86_64)
*	
*
* 	Date & Time:	2026-Jun-08 22:02:54 (2026-Jun-08 22:02:54 GMT)
*
*----------------------------------------------------------------------------------------
*
*	Design: riscv_core
*
*	Liberty Libraries used:
*	        /home/ykaraagac/cadence-bitirme/Enablements/NanGate45/lib/NangateOpenCellLibrary_typical.lib
*
*	Parasitic Files used:
*
*       Dynamic View: WC_VIEW
*
*       Leakage View: WC_VIEW
*
*       User-Defined Activity : N.A.
*
*	Switching Activity File used:
*	        /home/ykaraagac/cadence-bitirme/Flows/NanGate45/biriscv_2mul_vs_hybrid/scripts/cadence/outputs/job6_selective_runs/filter_bank_4out_selective_latency_hidden_mule/vcd/core_hybrid.vcd
*                  Vcd Window used(Start Time, Stop Time):  
*                Vcd Scale Factor: 1
*
*       Hierarchical Global Activity: N.A.
*
*       Global Activity: N.A.
*
*       Sequential Element Activity: 0.200000
*
*       Primary Input Activity: 0.200000
*
*       Default icg ratio: N.A.
*
*       Global Comb ClockGate Ratio: N.A.
*
*	Power Units = 1mW
*
*	Time Units = 1e-09 secs
*
*       report_power -hierarchy all
*
-----------------------------------------------------------------------------------------
*



Total Power
-----------------------------------------------------------------------------------------
Total Internal Power:        4.44098437 	   53.2258%
Total Switching Power:       2.71833026 	   32.5796%
Total Leakage Power:         1.18434718 	   14.1946%
Total Power:                 8.34366181
-----------------------------------------------------------------------------------------


Group                           Internal   Switching     Leakage       Total  Percentage 
                                Power      Power         Power         Power  (%)        
-----------------------------------------------------------------------------------------
Sequential                          2.87      0.3837      0.4993       3.753       44.98
Macro                                  0           0           0           0           0
IO                                     0           0           0           0           0
Combinational                      1.095       1.354       0.671        3.12        37.4
Clock (Combinational)             0.4766      0.9803     0.01403       1.471       17.63
Clock (Sequential)                     0           0           0           0           0
-----------------------------------------------------------------------------------------
Total                              4.441       2.718       1.184       8.344         100
-----------------------------------------------------------------------------------------


Clock                           Internal   Switching     Leakage       Total  Percentage 
                                Power      Power         Power         Power  (%)        
-----------------------------------------------------------------------------------------
clk                               0.4766      0.9803     0.01403       1.471       17.63
-----------------------------------------------------------------------------------------
Total                             0.4766      0.9803     0.01403       1.471       17.63
-----------------------------------------------------------------------------------------
Clock: clk
Clock Period: 0.010000 usec 
Clock Toggle Rate:   200.0000 Mhz 
Clock Static Probability:  0.5000
  


Rail                  Voltage   Internal   Switching     Leakage       Total  Percentage 
                                Power      Power         Power         Power  (%)        
-----------------------------------------------------------------------------------------
VDD                       1.1      4.441       2.718       1.184       8.344         100


Hierarchy                       Internal   Switching     Leakage       Total  Percentage 
                                Power      Power         Power         Power  (%)        
-----------------------------------------------------------------------------------------
u_csr                             0.1934     0.02588     0.06057      0.2798       3.354 
u_div                              0.138      0.0289      0.0457      0.2126       2.548 
u_exec0                          0.08116     0.06374     0.04255      0.1874       2.247 
u_exec1                          0.08203     0.06574     0.04128       0.189       2.266 
u_frontend                         1.849      0.8285      0.4618        3.14       37.63 
u_issue                            1.262      0.8818      0.3751       2.519       30.19 
u_lsu                            0.09591     0.03722     0.02783       0.161       1.929 
u_mul                             0.5053      0.4462     0.08598       1.037       12.43 
u_mule                           0.07773     0.02216     0.03856      0.1385       1.659 
u_csr/u_csrfile                   0.1335     0.01072     0.04431      0.1886        2.26 
u_frontend/u_decode               0.1372     0.04461      0.0302       0.212       2.541 
u_frontend/u_fetch                0.1057     0.02449     0.02767      0.1579       1.892 
u_frontend/u_npc                   1.571      0.6898      0.4026       2.663       31.92 
u_issue/u_pipe0_ctrl              0.1772     0.04073      0.0423      0.2602       3.118 
u_issue/u_pipe1_ctrl             0.09942     0.01925      0.0276      0.1463       1.753 
u_issue/u_regfile                 0.8605      0.5536      0.2373       1.651       19.79 
u_lsu/u_lsu_request              0.03889    0.004951    0.009366      0.0532      0.6377 
u_exec0/u_alu                    0.02913     0.03901     0.02068     0.08882       1.065 
u_exec1/u_alu                    0.02304     0.03211     0.02021     0.07536      0.9033 
u_frontend/u_decode/genblk1.u_fifo
                                  0.1339     0.04165      0.0253      0.2009       2.408 
u_frontend/u_npc/BRANCH_PREDICTION.u_lru
                                 0.01083    0.001637    0.001928     0.01439      0.1725 
u_frontend/u_decode/genblk1.u_dec0
                               0.0007735   0.0007735    0.001682    0.003229     0.03869 
u_frontend/u_decode/genblk1.u_dec1
                               0.0008354    0.001016     0.00167    0.003521      0.0422 
 
 
-----------------------------------------------------------------------------------------
*	Power Distribution Summary: 
*              Highest Average Power: u_frontend/u_npc/FE_OFC1066_branch_info_source_w_2 (CLKBUF_X3):         0.005535
*              Highest Leakage Power:            u_issue/g33248 (AND4_X4):        0.0001893
*                Total Cap:      2.19821e-10 F
*                Total instances in design: 28954
*                Total instances in design with no power:     0
*                Total instances in design with no activty:     0

*                Total Fillers and Decap:     0
-----------------------------------------------------------------------------------------
 
** INFO:  (VOLTUS_POWR-3465): There are 0 decaps and 0 fillers in the design

Ended Static Power Report Generation: (cpu=0:00:00, real=0:00:00,
mem(process/total/peak)=2866.50MB/8689.54MB/2866.50MB)

