============================================================
  Generated by:           Genus(TM) Synthesis Solution 25.12-s067_1
  Generated on:           Mar 24 2026  03:51:11 pm
  Technology library:     NangateOpenCellLibrary revision 1.0
  Operating conditions:   typical (balanced_tree)
  Wireload mode:          enclosed
  Area mode:              timing library
============================================================

                                                      
   Gate    Instances    Area           Library        
------------------------------------------------------
AND2_X1          416   442.624 NangateOpenCellLibrary 
AND2_X2          260   345.800 NangateOpenCellLibrary 
AND2_X4            9    21.546 NangateOpenCellLibrary 
AND3_X1           26    34.580 NangateOpenCellLibrary 
AND3_X2           76   121.296 NangateOpenCellLibrary 
AND3_X4            2     5.852 NangateOpenCellLibrary 
AND4_X1           28    44.688 NangateOpenCellLibrary 
AND4_X2            8    14.896 NangateOpenCellLibrary 
AND4_X4            3    10.374 NangateOpenCellLibrary 
AOI211_X1         44    58.520 NangateOpenCellLibrary 
AOI211_X4          1     2.926 NangateOpenCellLibrary 
AOI21_X1         340   361.760 NangateOpenCellLibrary 
AOI221_X1       1271  2028.516 NangateOpenCellLibrary 
AOI222_X1        741  1576.848 NangateOpenCellLibrary 
AOI22_X1        5519  7340.270 NangateOpenCellLibrary 
BUF_X2             4     4.256 NangateOpenCellLibrary 
BUF_X4             1     1.862 NangateOpenCellLibrary 
CLKBUF_X1          1     0.798 NangateOpenCellLibrary 
CLKBUF_X3          2     2.660 NangateOpenCellLibrary 
DFFR_X1         1247  6634.040 NangateOpenCellLibrary 
DFFR_X2           49   286.748 NangateOpenCellLibrary 
DFFS_X1            8    42.560 NangateOpenCellLibrary 
DFFS_X2            1     5.586 NangateOpenCellLibrary 
DFF_X1           992  4485.824 NangateOpenCellLibrary 
FA_X1            926  3941.056 NangateOpenCellLibrary 
HA_X1             33    87.780 NangateOpenCellLibrary 
INV_X1          2614  1390.648 NangateOpenCellLibrary 
INV_X16            2     9.044 NangateOpenCellLibrary 
INV_X2           118    94.164 NangateOpenCellLibrary 
INV_X4            24    31.920 NangateOpenCellLibrary 
INV_X8             3     7.182 NangateOpenCellLibrary 
MUX2_X1          697  1297.814 NangateOpenCellLibrary 
MUX2_X2           32    76.608 NangateOpenCellLibrary 
NAND2_X1        1465  1169.070 NangateOpenCellLibrary 
NAND2_X2          62    82.460 NangateOpenCellLibrary 
NAND2_X4           4     9.576 NangateOpenCellLibrary 
NAND3_X1         435   462.840 NangateOpenCellLibrary 
NAND3_X2           2     3.724 NangateOpenCellLibrary 
NAND4_X1         855  1137.150 NangateOpenCellLibrary 
NOR2_X1         1849  1475.502 NangateOpenCellLibrary 
NOR2_X2            7     9.310 NangateOpenCellLibrary 
NOR2_X4            4     9.576 NangateOpenCellLibrary 
NOR3_X1          119   126.616 NangateOpenCellLibrary 
NOR3_X2            2     3.724 NangateOpenCellLibrary 
NOR4_X1          305   405.650 NangateOpenCellLibrary 
OAI211_X1        168   223.440 NangateOpenCellLibrary 
OAI21_X1        1424  1515.136 NangateOpenCellLibrary 
OAI221_X1        746  1190.616 NangateOpenCellLibrary 
OAI221_X4          2     6.916 NangateOpenCellLibrary 
OAI222_X1         24    51.072 NangateOpenCellLibrary 
OAI22_X1        1382  1838.060 NangateOpenCellLibrary 
OAI22_X2           1     2.394 NangateOpenCellLibrary 
OAI33_X1          29    53.998 NangateOpenCellLibrary 
OR2_X1           128   136.192 NangateOpenCellLibrary 
OR2_X2            50    66.500 NangateOpenCellLibrary 
OR2_X4             3     7.182 NangateOpenCellLibrary 
OR3_X1            18    23.940 NangateOpenCellLibrary 
OR3_X2             2     3.192 NangateOpenCellLibrary 
OR4_X1           168   268.128 NangateOpenCellLibrary 
OR4_X2             5     9.310 NangateOpenCellLibrary 
OR4_X4             1     3.458 NangateOpenCellLibrary 
SDFFR_X1        1846 12275.900 NangateOpenCellLibrary 
SDFFR_X2           2    13.832 NangateOpenCellLibrary 
SDFFS_X1        1025  6816.250 NangateOpenCellLibrary 
XNOR2_X1        1271  2028.516 NangateOpenCellLibrary 
XOR2_X1          251   400.596 NangateOpenCellLibrary 
------------------------------------------------------
total          29153 62640.872                        
                                          
     Type      Instances    Area   Area % 
------------------------------------------
sequential          5170 30560.740   48.8 
inverter            2761  1532.958    2.4 
buffer                 8     9.576    0.0 
logic              21214 30537.598   48.8 
physical_cells         0     0.000    0.0 
------------------------------------------
total              29153 62640.872  100.0 
