============================================================
  Generated by:           Genus(TM) Synthesis Solution 25.12-s067_1
  Generated on:           Mar 24 2026  03:51:07 pm
  Module:                 riscv_core
  Technology library:     NangateOpenCellLibrary revision 1.0
  Operating conditions:   typical (balanced_tree)
  Wireload mode:          enclosed
  Area mode:              timing library
============================================================

Timing
--------

Clock  Period 
--------------
clk   10000.0 


  Cost    Critical         Violating 
 Group   Path Slack  TNS     Paths   
-------------------------------------
clk          4237.0   0.0          0 
default    No paths   0.0            
-------------------------------------
Total                 0.0          0 

Instance Count
--------------
Leaf Instance Count             29153 
Physical Instance count             0 
Sequential Instance Count        5170 
Combinational Instance Count    23983 
Hierarchical Instance Count        23 

Area
----
Cell Area                          62640.872
Physical Cell Area                 0.000
Total Cell Area (Cell+Physical)    62640.872
Net Area                           0.000
Total Area (Cell+Physical+Net)     62640.872

Runtime                            1.0 seconds
Elapsed Runtime                    1000 seconds
Genus peak memory usage            2488.12 
Innovus peak memory usage          no_value 
Hostname                           dockereda-rocky8
