============================================================
  Generated by:           Genus(TM) Synthesis Solution 25.12-s067_1
  Generated on:           Mar 24 2026  03:47:02 pm
  Module:                 riscv_core
  Technology library:     NangateOpenCellLibrary revision 1.0
  Operating conditions:   typical (balanced_tree)
  Wireload mode:          enclosed
  Area mode:              timing library
============================================================

Timing
--------

Clock  Period 
--------------
clk   10000.0 


  Cost    Critical         Violating 
 Group   Path Slack  TNS     Paths   
-------------------------------------
clk          1908.4   0.0          0 
default    No paths   0.0            
-------------------------------------
Total                 0.0          0 

Instance Count
--------------
Leaf Instance Count             75095 
Physical Instance count             0 
Sequential Instance Count        5170 
Combinational Instance Count    69925 
Hierarchical Instance Count        59 

Area
----
Cell Area                          143212.350
Physical Cell Area                 0.000
Total Cell Area (Cell+Physical)    143212.350
Net Area                           0.000
Total Area (Cell+Physical+Net)     143212.350

Runtime                            2.0 seconds
Elapsed Runtime                    756 seconds
Genus peak memory usage            2494.26 
Innovus peak memory usage          no_value 
Hostname                           dockereda-rocky8
