============================================================
  Generated by:           Genus(TM) Synthesis Solution 25.12-s067_1
  Generated on:           Mar 24 2026  03:50:31 pm
  Technology library:     NangateOpenCellLibrary revision 1.0
  Operating conditions:   typical (balanced_tree)
  Wireload mode:          enclosed
  Area mode:              timing library
============================================================

                                  Leakage                          
   Gate    Instances    Area    Power (nW)          Library        
-------------------------------------------------------------------
AND2_X1          421   447.944    10347.115 NangateOpenCellLibrary 
AND2_X2          259   344.470    12954.347 NangateOpenCellLibrary 
AND2_X4            9    21.546      856.988 NangateOpenCellLibrary 
AND3_X1           24    31.920      639.233 NangateOpenCellLibrary 
AND3_X2           76   121.296     4957.839 NangateOpenCellLibrary 
AND3_X4            2     5.852      223.402 NangateOpenCellLibrary 
AND4_X1           28    44.688      863.770 NangateOpenCellLibrary 
AND4_X2            8    14.896      390.576 NangateOpenCellLibrary 
AND4_X4            3    10.374      329.030 NangateOpenCellLibrary 
AOI211_X1         44    58.520     1421.797 NangateOpenCellLibrary 
AOI211_X4          1     2.926      135.948 NangateOpenCellLibrary 
AOI21_X1         342   363.888     9113.716 NangateOpenCellLibrary 
AOI221_X1       1272  2030.112    34966.307 NangateOpenCellLibrary 
AOI222_X1        739  1572.592    21574.961 NangateOpenCellLibrary 
AOI22_X1        5521  7342.930   135097.301 NangateOpenCellLibrary 
BUF_X1             3     2.394       69.541 NangateOpenCellLibrary 
BUF_X2            82    87.248     3679.063 NangateOpenCellLibrary 
BUF_X4            66   122.892     5650.710 NangateOpenCellLibrary 
BUF_X8             1     3.458      181.178 NangateOpenCellLibrary 
CLKBUF_X1          8     6.384       93.634 NangateOpenCellLibrary 
CLKBUF_X2          1     1.064       23.745 NangateOpenCellLibrary 
DFFR_X1         1239  6591.480   107859.614 NangateOpenCellLibrary 
DFFR_X2           57   333.564     7277.834 NangateOpenCellLibrary 
DFFS_X1            8    42.560      698.732 NangateOpenCellLibrary 
DFFS_X2            1     5.586      122.099 NangateOpenCellLibrary 
DFF_X1           992  4485.824    78482.793 NangateOpenCellLibrary 
FA_X1            944  4017.664    58169.033 NangateOpenCellLibrary 
HA_X1             33    87.780     1830.875 NangateOpenCellLibrary 
INV_X1          4109  2185.988    58609.369 NangateOpenCellLibrary 
INV_X16            3    13.566      711.277 NangateOpenCellLibrary 
INV_X2           182   145.236     5285.708 NangateOpenCellLibrary 
INV_X4            22    29.260     1305.626 NangateOpenCellLibrary 
INV_X8             2     4.788      276.569 NangateOpenCellLibrary 
MUX2_X1          699  1301.538    22539.721 NangateOpenCellLibrary 
MUX2_X2           29    69.426     1892.636 NangateOpenCellLibrary 
NAND2_X1        1467  1170.666    25236.906 NangateOpenCellLibrary 
NAND2_X2          62    82.460     2119.836 NangateOpenCellLibrary 
NAND2_X4           4     9.576      516.441 NangateOpenCellLibrary 
NAND3_X1         437   464.968    16876.430 NangateOpenCellLibrary 
NAND3_X2           2     3.724       19.970 NangateOpenCellLibrary 
NAND4_X1         855  1137.150    47313.064 NangateOpenCellLibrary 
NOR2_X1         1852  1477.896    47682.084 NangateOpenCellLibrary 
NOR2_X2            7     9.310      315.075 NangateOpenCellLibrary 
NOR2_X4            4     9.576      325.965 NangateOpenCellLibrary 
NOR3_X1          118   125.552     3158.335 NangateOpenCellLibrary 
NOR3_X2            2     3.724      119.569 NangateOpenCellLibrary 
NOR4_X1          305   405.650    11778.657 NangateOpenCellLibrary 
OAI211_X1        170   226.100     8506.261 NangateOpenCellLibrary 
OAI21_X1        1423  1514.072    38944.653 NangateOpenCellLibrary 
OAI221_X1        751  1198.596    32990.482 NangateOpenCellLibrary 
OAI221_X4          2     6.916      344.793 NangateOpenCellLibrary 
OAI222_X1         23    48.944     1556.382 NangateOpenCellLibrary 
OAI22_X1        1383  1839.390    62389.186 NangateOpenCellLibrary 
OAI22_X2           1     2.394       74.725 NangateOpenCellLibrary 
OAI33_X1          29    53.998     1456.349 NangateOpenCellLibrary 
OR2_X1           127   135.128     3055.732 NangateOpenCellLibrary 
OR2_X2            53    70.490     2670.341 NangateOpenCellLibrary 
OR2_X4             3     7.182      266.348 NangateOpenCellLibrary 
OR3_X1            17    22.610      441.761 NangateOpenCellLibrary 
OR3_X2             3     4.788      140.044 NangateOpenCellLibrary 
OR4_X1           167   266.532     6165.222 NangateOpenCellLibrary 
OR4_X2             6    11.172      387.344 NangateOpenCellLibrary 
OR4_X4             1     3.458      158.174 NangateOpenCellLibrary 
SDFFR_X1        1846 12275.900   196540.370 NangateOpenCellLibrary 
SDFFR_X2           2    13.832      286.644 NangateOpenCellLibrary 
SDFFS_X1        1025  6816.250   111804.048 NangateOpenCellLibrary 
XNOR2_X1        1267  2022.132    47083.364 NangateOpenCellLibrary 
XOR2_X1          260   414.960     8395.132 NangateOpenCellLibrary 
-------------------------------------------------------------------
total          30904 63806.750  1267751.771                        
                                            Leakage   Leakage 
     Type      Instances    Area   Area %  Power (nW) Power % 
--------------------------------------------------------------
sequential          5170 30564.996   47.9  503072.134    39.7 
inverter            4318  2378.838    3.7   66188.549     5.2 
buffer               161   223.440    0.4    9697.871     0.8 
logic              21255 30639.476   48.0  688793.217    54.3 
physical_cells         0     0.000    0.0       0.000     0.0 
--------------------------------------------------------------
total              30904 63806.750  100.0 1267751.771   100.0 
