============================================================
  Generated by:           Genus(TM) Synthesis Solution 25.12-s067_1
  Generated on:           Mar 24 2026  03:50:28 pm
  Module:                 riscv_core
  Technology library:     NangateOpenCellLibrary revision 1.0
  Operating conditions:   typical (balanced_tree)
  Wireload mode:          enclosed
  Area mode:              timing library
============================================================

Timing
--------

Clock  Period 
--------------
clk   10000.0 


  Cost    Critical         Violating 
 Group   Path Slack  TNS     Paths   
-------------------------------------
clk          4435.1   0.0          0 
default    No paths   0.0            
-------------------------------------
Total                 0.0          0 

Instance Count
--------------
Leaf Instance Count             30904 
Physical Instance count             0 
Sequential Instance Count        5170 
Combinational Instance Count    25734 
Hierarchical Instance Count        23 

Area
----
Cell Area                          63806.750
Physical Cell Area                 0.000
Total Cell Area (Cell+Physical)    63806.750
Net Area                           0.000
Total Area (Cell+Physical+Net)     63806.750

Runtime                            1.0 seconds
Elapsed Runtime                    962 seconds
Genus peak memory usage            2488.12 
Innovus peak memory usage          no_value 
Hostname                           dockereda-rocky8
