env CDS_WORKAREA is set to /home/ykaraagac/cadence-bitirme/Flows/NanGate45/biriscv_2mul_vs_hybrid/scripts/cadence
             0V	    VSS
           1.1V	    VDD
Using Power View WC_VIEW
.
Load RC corner of view WC_VIEW

Begin Power Analysis

             0V	    VSS
           1.1V	    VDD

Begin Processing Timing Library for Power Calculation

Ended Processing Timing Library for Power Calculation: (cpu=0:00:00, real=0:00:00, mem(process/total/peak)=2794.16MB/5983.66MB/2799.11MB)



Begin Processing Power Net/Grid for Power Calculation

Ended Processing Power Net/Grid for Power Calculation: (cpu=0:00:00, real=0:00:00, mem(process/total/peak)=2794.16MB/5983.66MB/2799.11MB)

Begin Processing Timing Window Data for Power Calculation

clk(100MHz) CK: assigning clock clk to net clk_i
Ended Processing Timing Window Data for Power Calculation: (cpu=0:00:00, real=0:00:00, mem(process/total/peak)=2794.16MB/5983.66MB/2799.11MB)

Begin Processing User Attributes

Ended Processing User Attributes: (cpu=0:00:00, real=0:00:00, mem(process/total/peak)=2794.16MB/5983.66MB/2799.11MB)

Begin Processing Signal Activity


Starting Activity Propagation
2026-Jun-08 22:04:18 (2026-Jun-08 22:04:18 GMT)
2026-Jun-08 22:04:18 (2026-Jun-08 22:04:18 GMT): 10%
2026-Jun-08 22:04:18 (2026-Jun-08 22:04:18 GMT): 20%

Finished Activity Propagation
2026-Jun-08 22:04:19 (2026-Jun-08 22:04:19 GMT)

Activity annotation summary:
        Primary Inputs : 180/180 = 100%
          Flop outputs : 1909/10414 = 18.3311%
  Memory/Macro outputs : 0/0 = 0%
      Tristate outputs : 0/0 = 0%
            Total Nets : 3867/35059 = 11.03%

Ended Processing Signal Activity: (cpu=0:00:00, real=0:00:00, mem(process/total/peak)=2794.16MB/5983.66MB/2799.11MB)

Begin Power Computation

      ----------------------------------------------------------
      # of cell(s) missing both power/leakage table: 0
      # of cell(s) missing power table: 0
      # of cell(s) missing leakage table: 0
      ----------------------------------------------------------



Starting Calculating power
2026-Jun-08 22:04:19 (2026-Jun-08 22:04:19 GMT)
 ... Calculating switching power
2026-Jun-08 22:04:19 (2026-Jun-08 22:04:19 GMT): 10%
2026-Jun-08 22:04:19 (2026-Jun-08 22:04:19 GMT): 20%
2026-Jun-08 22:04:19 (2026-Jun-08 22:04:19 GMT): 30%
2026-Jun-08 22:04:19 (2026-Jun-08 22:04:19 GMT): 40%
2026-Jun-08 22:04:19 (2026-Jun-08 22:04:19 GMT): 50%
 ... Calculating internal and leakage power
2026-Jun-08 22:04:19 (2026-Jun-08 22:04:19 GMT): 60%
2026-Jun-08 22:04:20 (2026-Jun-08 22:04:20 GMT): 70%
2026-Jun-08 22:04:21 (2026-Jun-08 22:04:21 GMT): 80%
2026-Jun-08 22:04:21 (2026-Jun-08 22:04:21 GMT): 90%

Finished Calculating power
2026-Jun-08 22:04:22 (2026-Jun-08 22:04:22 GMT)
      # of MSMV cell(s) missing power_level: 0
Ended Power Computation: (cpu=0:00:03, real=0:00:03, mem(process/total/peak)=2794.16MB/5983.66MB/2799.11MB)

Begin Processing User Attributes

Begin Processing set_power
Ended Processing set_power: (cpu=0:00:00, real=0:00:00,
mem(process/total/peak)=2794.16MB/5983.66MB/2799.11MB)
Ended Processing User Attributes: (cpu=0:00:00, real=0:00:00, mem(process/total/peak)=2794.16MB/5983.66MB/2799.11MB)

Ended Power Analysis: (cpu=0:00:04, real=0:00:04, mem(process/total/peak)=2794.16MB/5983.66MB/2799.11MB)

Begin Boundary Leakage Calculation
Ended Boundary Leakage Calculation: (cpu=0:00:00, real=0:00:00,
mem(process/total/peak)=2794.16MB/5983.66MB/2799.11MB)
Begin Static Power Report Generation
*----------------------------------------------------------------------------------------
*	Innovus 25.12-s079_1 (64bit) 11/18/2025 12:56 (Linux 4.18.0-305.el8.x86_64)
*	
*
* 	Date & Time:	2026-Jun-08 22:04:22 (2026-Jun-08 22:04:22 GMT)
*
*----------------------------------------------------------------------------------------
*
*	Design: riscv_core
*
*	Liberty Libraries used:
*	        /home/ykaraagac/cadence-bitirme/Enablements/NanGate45/lib/NangateOpenCellLibrary_typical.lib
*
*	Parasitic Files used:
*
*       Dynamic View: WC_VIEW
*
*       Leakage View: WC_VIEW
*
*       User-Defined Activity : N.A.
*
*	Switching Activity File used:
*	        /home/ykaraagac/cadence-bitirme/Flows/NanGate45/biriscv_2mul_vs_hybrid/scripts/cadence/outputs/job6_selective_runs/unrolled_dot32_selective_latency_hidden_mule/vcd/core_hybrid.vcd
*                  Vcd Window used(Start Time, Stop Time):  
*                Vcd Scale Factor: 1
*
*       Hierarchical Global Activity: N.A.
*
*       Global Activity: N.A.
*
*       Sequential Element Activity: 0.200000
*
*       Primary Input Activity: 0.200000
*
*       Default icg ratio: N.A.
*
*       Global Comb ClockGate Ratio: N.A.
*
*	Power Units = 1mW
*
*	Time Units = 1e-09 secs
*
*       report_power -hierarchy all
*
-----------------------------------------------------------------------------------------
*



Total Power
-----------------------------------------------------------------------------------------
Total Internal Power:        4.39292525 	   53.4188%
Total Switching Power:       2.64699958 	   32.1880%
Total Leakage Power:         1.18363907 	   14.3933%
Total Power:                 8.22356390
-----------------------------------------------------------------------------------------


Group                           Internal   Switching     Leakage       Total  Percentage 
                                Power      Power         Power         Power  (%)        
-----------------------------------------------------------------------------------------
Sequential                         2.874      0.3798      0.4992       3.753       45.64
Macro                                  0           0           0           0           0
IO                                     0           0           0           0           0
Combinational                      1.042       1.287      0.6704       2.999       36.47
Clock (Combinational)             0.4766      0.9803     0.01403       1.471       17.89
Clock (Sequential)                     0           0           0           0           0
-----------------------------------------------------------------------------------------
Total                              4.393       2.647       1.184       8.224         100
-----------------------------------------------------------------------------------------


Clock                           Internal   Switching     Leakage       Total  Percentage 
                                Power      Power         Power         Power  (%)        
-----------------------------------------------------------------------------------------
clk                               0.4766      0.9803     0.01403       1.471       17.89
-----------------------------------------------------------------------------------------
Total                             0.4766      0.9803     0.01403       1.471       17.89
-----------------------------------------------------------------------------------------
Clock: clk
Clock Period: 0.010000 usec 
Clock Toggle Rate:   200.0000 Mhz 
Clock Static Probability:  0.5000
  


Rail                  Voltage   Internal   Switching     Leakage       Total  Percentage 
                                Power      Power         Power         Power  (%)        
-----------------------------------------------------------------------------------------
VDD                       1.1      4.393       2.647       1.184       8.224         100


Hierarchy                       Internal   Switching     Leakage       Total  Percentage 
                                Power      Power         Power         Power  (%)        
-----------------------------------------------------------------------------------------
u_csr                             0.1943     0.02775     0.06066      0.2827       3.438 
u_div                             0.1392     0.03003     0.04569      0.2149       2.614 
u_exec0                          0.08292     0.06639     0.04227      0.1916        2.33 
u_exec1                          0.07751     0.06472      0.0413      0.1835       2.232 
u_frontend                         1.847      0.8088      0.4619       3.118       37.92 
u_issue                            1.238      0.8437      0.3749       2.457       29.87 
u_lsu                            0.09829     0.04165      0.0278      0.1677        2.04 
u_mul                              0.482      0.4258     0.08576      0.9936       12.08 
u_mule                           0.07676     0.01972     0.03842      0.1349        1.64 
u_csr/u_csrfile                   0.1338     0.01085     0.04428      0.1889       2.297 
u_frontend/u_decode               0.1418     0.05029     0.03018      0.2223       2.703 
u_frontend/u_fetch                0.1088     0.02772     0.02775      0.1642       1.997 
u_frontend/u_npc                   1.561      0.6618      0.4027       2.626       31.93 
u_issue/u_pipe0_ctrl              0.1762     0.03912     0.04201      0.2573       3.129 
u_issue/u_pipe1_ctrl              0.1027     0.02223     0.02765      0.1526       1.856 
u_issue/u_regfile                 0.8353      0.5106      0.2375       1.583       19.25 
u_lsu/u_lsu_request              0.03954    0.005977    0.009373     0.05489      0.6675 
u_exec0/u_alu                    0.02928     0.03941     0.02055     0.08925       1.085 
u_exec1/u_alu                    0.02507     0.03584     0.02021     0.08112      0.9864 
u_frontend/u_decode/genblk1.u_fifo
                                  0.1369     0.04554     0.02531      0.2078       2.527 
u_frontend/u_npc/BRANCH_PREDICTION.u_lru
                                 0.01122    0.001754    0.001927      0.0149      0.1812 
u_frontend/u_decode/genblk1.u_dec0
                                0.001428    0.001511    0.001642    0.004581     0.05571 
u_frontend/u_decode/genblk1.u_dec1
                                  0.0014    0.001814    0.001661    0.004875     0.05928 
 
 
-----------------------------------------------------------------------------------------
*	Power Distribution Summary: 
*              Highest Average Power:            u_issue/g33021 (AND3_X2):         0.004793
*              Highest Leakage Power:            u_issue/g33248 (AND4_X4):        0.0001893
*                Total Cap:      2.19821e-10 F
*                Total instances in design: 28954
*                Total instances in design with no power:     0
*                Total instances in design with no activty:     0

*                Total Fillers and Decap:     0
-----------------------------------------------------------------------------------------
 
** INFO:  (VOLTUS_POWR-3465): There are 0 decaps and 0 fillers in the design

Ended Static Power Report Generation: (cpu=0:00:00, real=0:00:00,
mem(process/total/peak)=2794.16MB/5983.66MB/2799.11MB)

