env CDS_WORKAREA is set to /home/ykaraagac/cadence-bitirme/Flows/NanGate45/biriscv_2mul_vs_hybrid/scripts/cadence
             0V	    VSS
           1.1V	    VDD
Using Power View WC_VIEW
.
Load RC corner of view WC_VIEW

Begin Power Analysis

             0V	    VSS
           1.1V	    VDD

Begin Processing Timing Library for Power Calculation

Ended Processing Timing Library for Power Calculation: (cpu=0:00:00, real=0:00:00, mem(process/total/peak)=2798.94MB/8679.79MB/2798.94MB)



Begin Processing Power Net/Grid for Power Calculation

Ended Processing Power Net/Grid for Power Calculation: (cpu=0:00:00, real=0:00:00, mem(process/total/peak)=2798.94MB/8679.79MB/2798.94MB)

Begin Processing Timing Window Data for Power Calculation

clk(100MHz) CK: assigning clock clk to net clk_i
Ended Processing Timing Window Data for Power Calculation: (cpu=0:00:00, real=0:00:00, mem(process/total/peak)=2798.94MB/8679.79MB/2798.94MB)

Begin Processing User Attributes

Ended Processing User Attributes: (cpu=0:00:00, real=0:00:00, mem(process/total/peak)=2798.94MB/8679.79MB/2798.94MB)

Begin Processing Signal Activity


Starting Activity Propagation
2026-Jun-08 22:11:27 (2026-Jun-08 22:11:27 GMT)
2026-Jun-08 22:11:28 (2026-Jun-08 22:11:28 GMT): 10%
2026-Jun-08 22:11:28 (2026-Jun-08 22:11:28 GMT): 20%

Finished Activity Propagation
2026-Jun-08 22:11:28 (2026-Jun-08 22:11:28 GMT)

Activity annotation summary:
        Primary Inputs : 180/180 = 100%
          Flop outputs : 1909/10414 = 18.3311%
  Memory/Macro outputs : 0/0 = 0%
      Tristate outputs : 0/0 = 0%
            Total Nets : 3867/35059 = 11.03%

Ended Processing Signal Activity: (cpu=0:00:00, real=0:00:00, mem(process/total/peak)=2798.94MB/8679.79MB/2798.94MB)

Begin Power Computation

      ----------------------------------------------------------
      # of cell(s) missing both power/leakage table: 0
      # of cell(s) missing power table: 0
      # of cell(s) missing leakage table: 0
      ----------------------------------------------------------



Starting Calculating power
2026-Jun-08 22:11:28 (2026-Jun-08 22:11:28 GMT)
 ... Calculating switching power
2026-Jun-08 22:11:28 (2026-Jun-08 22:11:28 GMT): 10%
2026-Jun-08 22:11:28 (2026-Jun-08 22:11:28 GMT): 20%
2026-Jun-08 22:11:28 (2026-Jun-08 22:11:28 GMT): 30%
2026-Jun-08 22:11:28 (2026-Jun-08 22:11:28 GMT): 40%
2026-Jun-08 22:11:28 (2026-Jun-08 22:11:28 GMT): 50%
 ... Calculating internal and leakage power
2026-Jun-08 22:11:29 (2026-Jun-08 22:11:29 GMT): 60%
2026-Jun-08 22:11:29 (2026-Jun-08 22:11:29 GMT): 70%
2026-Jun-08 22:11:30 (2026-Jun-08 22:11:30 GMT): 80%
2026-Jun-08 22:11:31 (2026-Jun-08 22:11:31 GMT): 90%

Finished Calculating power
2026-Jun-08 22:11:31 (2026-Jun-08 22:11:31 GMT)
      # of MSMV cell(s) missing power_level: 0
Ended Power Computation: (cpu=0:00:03, real=0:00:03, mem(process/total/peak)=2798.94MB/8679.79MB/2798.94MB)

Begin Processing User Attributes

Begin Processing set_power
Ended Processing set_power: (cpu=0:00:00, real=0:00:00,
mem(process/total/peak)=2798.94MB/8679.79MB/2798.94MB)
Ended Processing User Attributes: (cpu=0:00:00, real=0:00:00, mem(process/total/peak)=2798.94MB/8679.79MB/2798.94MB)

Ended Power Analysis: (cpu=0:00:04, real=0:00:04, mem(process/total/peak)=2798.94MB/8679.79MB/2798.94MB)

Begin Boundary Leakage Calculation
Ended Boundary Leakage Calculation: (cpu=0:00:00, real=0:00:00,
mem(process/total/peak)=2798.94MB/8679.79MB/2798.94MB)
Begin Static Power Report Generation
*----------------------------------------------------------------------------------------
*	Innovus 25.12-s079_1 (64bit) 11/18/2025 12:56 (Linux 4.18.0-305.el8.x86_64)
*	
*
* 	Date & Time:	2026-Jun-08 22:11:31 (2026-Jun-08 22:11:31 GMT)
*
*----------------------------------------------------------------------------------------
*
*	Design: riscv_core
*
*	Liberty Libraries used:
*	        /home/ykaraagac/cadence-bitirme/Enablements/NanGate45/lib/NangateOpenCellLibrary_typical.lib
*
*	Parasitic Files used:
*
*       Dynamic View: WC_VIEW
*
*       Leakage View: WC_VIEW
*
*       User-Defined Activity : N.A.
*
*	Switching Activity File used:
*	        /home/ykaraagac/cadence-bitirme/Flows/NanGate45/biriscv_2mul_vs_hybrid/scripts/cadence/outputs/job6_selective_runs/rdr_like_corr_selective_latency_hidden_mule/vcd/core_hybrid.vcd
*                  Vcd Window used(Start Time, Stop Time):  
*                Vcd Scale Factor: 1
*
*       Hierarchical Global Activity: N.A.
*
*       Global Activity: N.A.
*
*       Sequential Element Activity: 0.200000
*
*       Primary Input Activity: 0.200000
*
*       Default icg ratio: N.A.
*
*       Global Comb ClockGate Ratio: N.A.
*
*	Power Units = 1mW
*
*	Time Units = 1e-09 secs
*
*       report_power -hierarchy all
*
-----------------------------------------------------------------------------------------
*



Total Power
-----------------------------------------------------------------------------------------
Total Internal Power:        4.40216901 	   53.3898%
Total Switching Power:       2.65818759 	   32.2387%
Total Leakage Power:         1.18497686 	   14.3715%
Total Power:                 8.24533346
-----------------------------------------------------------------------------------------


Group                           Internal   Switching     Leakage       Total  Percentage 
                                Power      Power         Power         Power  (%)        
-----------------------------------------------------------------------------------------
Sequential                         2.867      0.3833      0.4994        3.75       45.48
Macro                                  0           0           0           0           0
IO                                     0           0           0           0           0
Combinational                      1.058       1.295      0.6715       3.024       36.68
Clock (Combinational)             0.4766      0.9803     0.01403       1.471       17.84
Clock (Sequential)                     0           0           0           0           0
-----------------------------------------------------------------------------------------
Total                              4.402       2.658       1.185       8.245         100
-----------------------------------------------------------------------------------------


Clock                           Internal   Switching     Leakage       Total  Percentage 
                                Power      Power         Power         Power  (%)        
-----------------------------------------------------------------------------------------
clk                               0.4766      0.9803     0.01403       1.471       17.84
-----------------------------------------------------------------------------------------
Total                             0.4766      0.9803     0.01403       1.471       17.84
-----------------------------------------------------------------------------------------
Clock: clk
Clock Period: 0.010000 usec 
Clock Toggle Rate:   200.0000 Mhz 
Clock Static Probability:  0.5000
  


Rail                  Voltage   Internal   Switching     Leakage       Total  Percentage 
                                Power      Power         Power         Power  (%)        
-----------------------------------------------------------------------------------------
VDD                       1.1      4.402       2.658       1.185       8.245         100


Hierarchy                       Internal   Switching     Leakage       Total  Percentage 
                                Power      Power         Power         Power  (%)        
-----------------------------------------------------------------------------------------
u_csr                              0.193     0.02602     0.06062      0.2796       3.391 
u_div                             0.1397     0.02989     0.04565      0.2152        2.61 
u_exec0                          0.08667     0.06766     0.04263       0.197       2.389 
u_exec1                          0.07627     0.05686     0.04145      0.1746       2.117 
u_frontend                         1.842      0.8172      0.4618       3.121       37.85 
u_issue                            1.235      0.8413      0.3753       2.452       29.74 
u_lsu                            0.09591     0.03809     0.02803       0.162       1.965 
u_mul                             0.5002      0.4415     0.08596       1.028       12.46 
u_mule                           0.07672     0.02101     0.03858      0.1363       1.653 
u_csr/u_csrfile                   0.1333     0.01049     0.04431      0.1881       2.282 
u_frontend/u_decode               0.1366     0.04346     0.03024      0.2103        2.55 
u_frontend/u_fetch                0.1076     0.02669     0.02776      0.1621       1.965 
u_frontend/u_npc                   1.563      0.6784      0.4025       2.643       32.06 
u_issue/u_pipe0_ctrl              0.1773     0.04091     0.04237      0.2606       3.161 
u_issue/u_pipe1_ctrl             0.09702     0.01638     0.02759       0.141        1.71 
u_issue/u_regfile                 0.8404      0.5228      0.2372         1.6       19.41 
u_lsu/u_lsu_request              0.03829    0.004759      0.0095     0.05255      0.6373 
u_exec0/u_alu                    0.03048     0.03852     0.02075     0.08975       1.088 
u_exec1/u_alu                    0.01829     0.02426     0.02032     0.06288      0.7626 
u_frontend/u_decode/genblk1.u_fifo
                                  0.1334     0.04049     0.02531      0.1992       2.416 
u_frontend/u_npc/BRANCH_PREDICTION.u_lru
                                 0.01086    0.001649    0.001928     0.01444      0.1751 
u_frontend/u_decode/genblk1.u_dec0
                               0.0009458   0.0009719    0.001665    0.003583     0.04345 
u_frontend/u_decode/genblk1.u_dec1
                               0.0007296   0.0009566    0.001708    0.003394     0.04117 
 
 
-----------------------------------------------------------------------------------------
*	Power Distribution Summary: 
*              Highest Average Power: u_frontend/u_npc/FE_OFC1066_branch_info_source_w_2 (CLKBUF_X3):         0.004798
*              Highest Leakage Power:            u_issue/g33248 (AND4_X4):        0.0001893
*                Total Cap:      2.19821e-10 F
*                Total instances in design: 28954
*                Total instances in design with no power:     0
*                Total instances in design with no activty:     0

*                Total Fillers and Decap:     0
-----------------------------------------------------------------------------------------
 
** INFO:  (VOLTUS_POWR-3465): There are 0 decaps and 0 fillers in the design

Ended Static Power Report Generation: (cpu=0:00:00, real=0:00:00,
mem(process/total/peak)=2798.94MB/8679.79MB/2798.94MB)

