============================================================
  Generated by:           Genus(TM) Synthesis Solution 23.13-s073_1
  Generated on:           Dec 19 2025  03:56:40 pm
  Module:                 biriscv_multiplier
  Technology libraries:   asap7sc7p5t_AO_RVT_FF_nldm_201020 1.0
                          asap7sc7p5t_INVBUF_RVT_FF_nldm_201020 1.0
                          asap7sc7p5t_OA_RVT_FF_nldm_201020 1.0
                          asap7sc7p5t_SEQ_RVT_FF_nldm_201020 1.0
                          asap7sc7p5t_SIMPLE_RVT_FF_nldm_201020 1.0
  Operating conditions:   PVT_0P77V_0C (balanced_tree)
  Wireload mode:          enclosed
  Area mode:              timing library
============================================================

                                             
          Gate            Instances   Area                    Library                 
--------------------------------------------------------------------------------------
A2O1A1Ixp33_ASAP7_75t_R           2    0.175    asap7sc7p5t_AO_RVT_FF_nldm_201020     
AND2x2_ASAP7_75t_R               16    1.400    asap7sc7p5t_SIMPLE_RVT_FF_nldm_201020 
AND3x1_ASAP7_75t_R                1    0.087    asap7sc7p5t_SIMPLE_RVT_FF_nldm_201020 
AO21x1_ASAP7_75t_R               11    0.962    asap7sc7p5t_AO_RVT_FF_nldm_201020     
AO22x1_ASAP7_75t_R               26    3.412    asap7sc7p5t_AO_RVT_FF_nldm_201020     
AOI211xp5_ASAP7_75t_R             2    0.175    asap7sc7p5t_AO_RVT_FF_nldm_201020     
AOI21x1_ASAP7_75t_R               1    0.117    asap7sc7p5t_AO_RVT_FF_nldm_201020     
AOI21xp5_ASAP7_75t_R             34    2.479    asap7sc7p5t_AO_RVT_FF_nldm_201020     
AOI221xp5_ASAP7_75t_R            19    1.939    asap7sc7p5t_AO_RVT_FF_nldm_201020     
AOI222xp33_ASAP7_75t_R           32    4.666    asap7sc7p5t_AO_RVT_FF_nldm_201020     
AOI22xp33_ASAP7_75t_R           189   16.534    asap7sc7p5t_AO_RVT_FF_nldm_201020     
AOI22xp5_ASAP7_75t_R            385   33.680    asap7sc7p5t_AO_RVT_FF_nldm_201020     
AOI32xp33_ASAP7_75t_R             1    0.102    asap7sc7p5t_AO_RVT_FF_nldm_201020     
ASYNC_DFFHx1_ASAP7_75t_R         99   37.529    asap7sc7p5t_SEQ_RVT_FF_nldm_201020    
BUFx2_ASAP7_75t_R                 1    0.073    asap7sc7p5t_INVBUF_RVT_FF_nldm_201020 
FAx1_ASAP7_75t_R                252   51.438    asap7sc7p5t_SIMPLE_RVT_FF_nldm_201020 
INVx1_ASAP7_75t_R               175    7.655    asap7sc7p5t_INVBUF_RVT_FF_nldm_201020 
INVx2_ASAP7_75t_R                13    0.758    asap7sc7p5t_INVBUF_RVT_FF_nldm_201020 
INVx3_ASAP7_75t_R                 8    0.583    asap7sc7p5t_INVBUF_RVT_FF_nldm_201020 
INVxp33_ASAP7_75t_R              16    0.700    asap7sc7p5t_INVBUF_RVT_FF_nldm_201020 
INVxp67_ASAP7_75t_R             259   11.329    asap7sc7p5t_INVBUF_RVT_FF_nldm_201020 
MAJIxp5_ASAP7_75t_R             292   29.802    asap7sc7p5t_SIMPLE_RVT_FF_nldm_201020 
MAJx2_ASAP7_75t_R               170   22.307    asap7sc7p5t_SIMPLE_RVT_FF_nldm_201020 
NAND2xp33_ASAP7_75t_R             6    0.350    asap7sc7p5t_SIMPLE_RVT_FF_nldm_201020 
NAND2xp5_ASAP7_75t_R            116    6.765    asap7sc7p5t_SIMPLE_RVT_FF_nldm_201020 
NAND3xp33_ASAP7_75t_R             2    0.146    asap7sc7p5t_SIMPLE_RVT_FF_nldm_201020 
NAND4xp25_ASAP7_75t_R             3    0.262    asap7sc7p5t_SIMPLE_RVT_FF_nldm_201020 
NAND5xp2_ASAP7_75t_R              1    0.102    asap7sc7p5t_SIMPLE_RVT_FF_nldm_201020 
NOR2xp33_ASAP7_75t_R            100    5.832    asap7sc7p5t_SIMPLE_RVT_FF_nldm_201020 
NOR3xp33_ASAP7_75t_R              3    0.219    asap7sc7p5t_SIMPLE_RVT_FF_nldm_201020 
NOR4xp25_ASAP7_75t_R              4    0.350    asap7sc7p5t_SIMPLE_RVT_FF_nldm_201020 
O2A1O1Ixp33_ASAP7_75t_R          19    1.662    asap7sc7p5t_OA_RVT_FF_nldm_201020     
OA21x2_ASAP7_75t_R                8    0.816    asap7sc7p5t_OA_RVT_FF_nldm_201020     
OA22x2_ASAP7_75t_R                8    1.166    asap7sc7p5t_OA_RVT_FF_nldm_201020     
OAI211xp5_ASAP7_75t_R             1    0.087    asap7sc7p5t_OA_RVT_FF_nldm_201020     
OAI21xp5_ASAP7_75t_R             62    4.520    asap7sc7p5t_OA_RVT_FF_nldm_201020     
OAI221xp5_ASAP7_75t_R            16    1.633    asap7sc7p5t_OA_RVT_FF_nldm_201020     
OAI22x1_ASAP7_75t_R               1    0.146    asap7sc7p5t_OA_RVT_FF_nldm_201020     
OAI22xp33_ASAP7_75t_R            99    8.661    asap7sc7p5t_OA_RVT_FF_nldm_201020     
OAI22xp5_ASAP7_75t_R            429   37.529    asap7sc7p5t_OA_RVT_FF_nldm_201020     
OAI321xp33_ASAP7_75t_R            1    0.117    asap7sc7p5t_OA_RVT_FF_nldm_201020     
OAI32xp33_ASAP7_75t_R             1    0.102    asap7sc7p5t_OA_RVT_FF_nldm_201020     
OR2x2_ASAP7_75t_R                18    1.575    asap7sc7p5t_SIMPLE_RVT_FF_nldm_201020 
XNOR2xp5_ASAP7_75t_R            336   44.090    asap7sc7p5t_SIMPLE_RVT_FF_nldm_201020 
XOR2xp5_ASAP7_75t_R             194   25.457    asap7sc7p5t_SIMPLE_RVT_FF_nldm_201020 
--------------------------------------------------------------------------------------
total                          3432  369.486                                          


               Library                Instances   Area  Instances % 
--------------------------------------------------------------------
asap7sc7p5t_AO_RVT_FF_nldm_201020           702  64.239        20.5 
asap7sc7p5t_INVBUF_RVT_FF_nldm_201020       472  21.097        13.8 
asap7sc7p5t_OA_RVT_FF_nldm_201020           645  56.439        18.8 
asap7sc7p5t_SEQ_RVT_FF_nldm_201020           99  37.529         2.9 
asap7sc7p5t_SIMPLE_RVT_FF_nldm_201020      1514 190.182        44.1 

                                        
     Type      Instances   Area  Area % 
----------------------------------------
sequential            99  37.529   10.2 
inverter             471  21.024    5.7 
buffer                 1   0.073    0.0 
logic               2861 310.860   84.1 
physical_cells         0   0.000    0.0 
----------------------------------------
total               3432 369.486  100.0 

