============================================================
  Generated by:           Genus(TM) Synthesis Solution 23.13-s073_1
  Generated on:           Dec 19 2025  03:56:40 pm
  Module:                 biriscv_multiplier
  Operating conditions:   PVT_0P77V_0C (balanced_tree)
  Wireload mode:          enclosed
  Area mode:              timing library
============================================================


Path 1: MET (0 ps) Setup Check with Pin result_e2_q_reg[31]/CLK->D
          Group: clk_i
     Startpoint: (R) operand_b_e1_q_reg[13]/CLK
          Clock: (R) clk_i
       Endpoint: (R) result_e2_q_reg[31]/D
          Clock: (R) clk_i

                     Capture       Launch     
        Clock Edge:+    1000            0     
       Src Latency:+       0            0     
       Net Latency:+       0 (I)        0 (I) 
           Arrival:=    1000            0     
                                              
             Setup:-      13                  
     Required Time:=     987                  
      Launch Clock:-       0                  
         Data Path:-     987                  
             Slack:=       0                  

#--------------------------------------------------------------------------------------------------------------------
#       Timing Point         Flags    Arc    Edge           Cell            Fanout Load Trans Delay Arrival Instance 
#                                                                                  (fF)  (ps)  (ps)   (ps)  Location 
#--------------------------------------------------------------------------------------------------------------------
  operand_b_e1_q_reg[13]/CLK -       -       R     (arrival)                    99    -     0     0       0    (-,-) 
  operand_b_e1_q_reg[13]/QN  -       CLK->QN R     ASYNC_DFFHx1_ASAP7_75t_R     39 20.5   128    96      96    (-,-) 
  mul_123_68_g50714/Y        -       A->Y    F     INVx3_ASAP7_75t_R            35 17.0    54    41     137    (-,-) 
  mul_123_68_g49405/Y        -       B2->Y   F     OA22x2_ASAP7_75t_R           21 12.5    36    47     184    (-,-) 
  mul_123_68_g48802/Y        -       B->Y    F     AND2x2_ASAP7_75t_R           16  9.7    30    38     222    (-,-) 
  mul_123_68_g48516/Y        -       A2->Y   R     AOI22xp5_ASAP7_75t_R          2  3.4    53    30     253    (-,-) 
  g51150/SN                  -       B->SN   F     FAx1_ASAP7_75t_R              2  2.0    44    64     316    (-,-) 
  mul_123_68_g47182__2802/Y  -       A->Y    F     XNOR2xp5_ASAP7_75t_R          2  2.0    33    35     351    (-,-) 
  mul_123_68_g47005__6783/Y  -       B->Y    F     XOR2xp5_ASAP7_75t_R           1  1.0    23    24     375    (-,-) 
  mul_123_68_g46875__5477/Y  -       B->Y    F     XNOR2xp5_ASAP7_75t_R          2  2.2    31    29     404    (-,-) 
  g50960/SN                  -       CI->SN  R     FAx1_ASAP7_75t_R              3  1.6    50    49     453    (-,-) 
  mul_123_68_g46654__9945/Y  -       B->Y    F     NAND2xp5_ASAP7_75t_R          3  1.9    31    25     478    (-,-) 
  mul_123_68_g46638/Y        -       A->Y    R     INVx1_ASAP7_75t_R             1  0.4    10     9     486    (-,-) 
  mul_123_68_g46593__2346/Y  -       B->Y    F     NOR2xp33_ASAP7_75t_R          1  0.5    21    10     497    (-,-) 
  mul_123_68_g46337__7098/Y  -       A2->Y   R     AOI221xp5_ASAP7_75t_R         2  1.5    38    24     521    (-,-) 
  mul_123_68_g46334__1705/Y  -       B->Y    F     NOR2xp33_ASAP7_75t_R          2  1.0    26    23     544    (-,-) 
  g50932/Y                   -       A2->Y   R     O2A1O1Ixp33_ASAP7_75t_R       2  1.5    36    24     568    (-,-) 
  mul_123_68_g46327__4319/Y  -       A2->Y   F     OAI21xp5_ASAP7_75t_R          2  2.2    30    21     589    (-,-) 
  mul_123_68_g46325__5107/Y  -       A1->Y   R     AOI21x1_ASAP7_75t_R           4  2.7    26    17     606    (-,-) 
  mul_123_68_g46324__2398/Y  -       B->Y    F     NOR2xp33_ASAP7_75t_R          1  0.6    17    16     622    (-,-) 
  mul_123_68_g46320__1666/Y  -       A1->Y   R     AOI21xp5_ASAP7_75t_R          2  1.3    22    14     636    (-,-) 
  mul_123_68_g46316__9315/Y  -       B->Y    F     NOR2xp33_ASAP7_75t_R          2  1.0    24    18     654    (-,-) 
  g50931/Y                   -       A2->Y   R     O2A1O1Ixp33_ASAP7_75t_R       2  1.7    39    25     680    (-,-) 
  mul_123_68_g46309__7098/Y  -       A2->Y   F     OAI21xp5_ASAP7_75t_R          2  1.6    25    19     699    (-,-) 
  mul_123_68_g46307__5122/Y  -       A1->Y   R     AOI21xp5_ASAP7_75t_R          4  2.2    32    21     719    (-,-) 
  mul_123_68_g46306/Y        -       A->Y    F     INVx1_ASAP7_75t_R             3  1.7    16    13     732    (-,-) 
  mul_123_68_g46305__1705/Y  -       A->Y    R     NAND3xp33_ASAP7_75t_R         1  0.6    16    11     743    (-,-) 
  mul_123_68_g46301__6783/Y  -       A->Y    F     NAND4xp25_ASAP7_75t_R         4  2.8    64    34     778    (-,-) 
  mul_123_68_g46298__4319/Y  -       B->Y    R     NAND2xp5_ASAP7_75t_R          1  0.5    20    18     796    (-,-) 
  mul_123_68_g46289__2883/Y  -       B->Y    F     OAI211xp5_ASAP7_75t_R         4  2.7    46    26     822    (-,-) 
  mul_123_68_g46272__6783/Y  -       A2->Y   R     AOI211xp5_ASAP7_75t_R         4  2.9    62    41     862    (-,-) 
  mul_123_68_g46253__1881/Y  -       A1->Y   F     OAI321xp33_ASAP7_75t_R        2  1.6    36    23     886    (-,-) 
  mul_123_68_g46249__5122/Y  -       B->Y    F     AND2x2_ASAP7_75t_R            2  1.2     8    26     911    (-,-) 
  g2/Y                       -       A1->Y   R     O2A1O1Ixp33_ASAP7_75t_R       2  1.7    40    22     933    (-,-) 
  mul_123_68_g46237__5477/Y  -       A2->Y   F     OAI21xp5_ASAP7_75t_R          1  1.0    20    15     948    (-,-) 
  mul_123_68_g46236__6417/Y  -       B->Y    F     XNOR2xp5_ASAP7_75t_R          1  0.6    18    21     969    (-,-) 
  g5899__6161/Y              -       A1->Y   R     AOI222xp33_ASAP7_75t_R        1  0.6    57    18     987    (-,-) 
  result_e2_q_reg[31]/D      -       -       R     ASYNC_DFFHx1_ASAP7_75t_R      1    -     -     0     987    (-,-) 
#--------------------------------------------------------------------------------------------------------------------

