============================================================
  Generated by:           Genus(TM) Synthesis Solution 23.13-s073_1
  Generated on:           Jan 11 2026  03:29:36 pm
  Module:                 riscv_core
  Operating conditions:   tt_1.0_25.0 (balanced_tree)
  Wireload mode:          enclosed
  Area mode:              timing library
============================================================


Path 1: MET (1997469 ps) Setup Check with Pin u_issue/pc_x_q_reg[31]/CLK->D
          Group: core_clock
     Startpoint: (R) u_frontend/u_decode/genblk1.u_fifo/rd_ptr_q_reg[0]/CLK
          Clock: (R) core_clock
       Endpoint: (R) u_issue/pc_x_q_reg[31]/D
          Clock: (R) core_clock

                      Capture       Launch     
        Clock Edge:+  2000000            0     
       Src Latency:+        0            0     
       Net Latency:+        0 (I)        0 (I) 
           Arrival:=  2000000            0     
                                               
             Setup:-       13                  
     Required Time:=  1999987                  
      Launch Clock:-        0                  
         Data Path:-     2518                  
             Slack:=  1997469                  

#------------------------------------------------------------------------------------------------------------------------------------------------
#                     Timing Point                       Flags    Arc    Edge           Cell            Fanout Load Trans Delay Arrival Instance 
#                                                                                                              (fF)  (ps)  (ps)   (ps)  Location 
#------------------------------------------------------------------------------------------------------------------------------------------------
  u_frontend/u_decode/genblk1.u_fifo/rd_ptr_q_reg[0]/CLK -       -       R     (arrival)                  5356    -     0     0       0    (-,-) 
  u_frontend/u_decode/genblk1.u_fifo/rd_ptr_q_reg[0]/QN  -       CLK->QN R     ASYNC_DFFHx1_ASAP7_75t_R      1  0.6    13    36      36    (-,-) 
  u_frontend/u_decode/genblk1.u_fifo/g2479/Y             -       A->Y    R     BUFx2_ASAP7_75t_R           102 51.6   156    82     118    (-,-) 
  u_frontend/u_decode/genblk1.u_fifo/g2891/Y             -       A->Y    F     INVx2_ASAP7_75t_R            97 48.2   144   106     224    (-,-) 
  u_frontend/u_decode/genblk1.u_fifo/g2804/Y             -       A2->Y   F     AO22x1_ASAP7_75t_R            3  2.0    17    40     264    (-,-) 
  u_issue/g28658/Y                                       -       B->Y    R     XNOR2xp5_ASAP7_75t_R          1  0.5    18    14     278    (-,-) 
  u_issue/g28644/Y                                       -       D->Y    F     NAND4xp25_ASAP7_75t_R         1  0.6    25    17     296    (-,-) 
  u_issue/g28641/Y                                       -       A->Y    R     NOR5xp2_ASAP7_75t_R           1  0.5    41    23     319    (-,-) 
  u_issue/g28640/Y                                       -       A->Y    F     NAND5xp2_ASAP7_75t_R          2  1.1    46    30     349    (-,-) 
  u_issue/g28639/Y                                       -       A->Y    F     OR5x1_ASAP7_75t_R             3  1.6    19    44     393    (-,-) 
  u_issue/g28638/Y                                       -       A->Y    F     OR2x2_ASAP7_75t_R            20 10.4    33    37     430    (-,-) 
  u_issue/g45300/Y                                       -       A->Y    R     INVx2_ASAP7_75t_R            99 56.3   169    87     517    (-,-) 
  u_issue/g28291/Y                                       -       B2->Y   R     AO22x1_ASAP7_75t_R           22 11.2    71    64     581    (-,-) 
  u_issue/g45298/Y                                       -       A->Y    F     INVx1_ASAP7_75t_R            17  9.2    58    44     624    (-,-) 
  u_issue/g44952/Y                                       -       A->Y    R     NAND2xp5_ASAP7_75t_R          4  2.1    37    32     656    (-,-) 
  u_issue/g44832/Y                                       -       A->Y    F     NOR3xp33_ASAP7_75t_R          2  0.8    28    15     671    (-,-) 
  u_issue/g44639/Y                                       -       A->Y    R     NOR2xp33_ASAP7_75t_R          3  1.7    40    27     698    (-,-) 
  u_issue/g44554/Y                                       -       A->Y    F     NAND3xp33_ASAP7_75t_R         4  2.9    55    36     734    (-,-) 
  u_issue/g44546/Y                                       -       A->Y    R     NOR3xp33_ASAP7_75t_R          3  1.9    55    38     772    (-,-) 
  u_issue/g44542/Y                                       -       A->Y    F     INVx1_ASAP7_75t_R             1  0.6    13    10     782    (-,-) 
  u_issue/g44512/Y                                       -       A->Y    R     NOR4xp25_ASAP7_75t_R         17  8.8   245   118     900    (-,-) 
  u_issue/drc_bufs45344/Y                                -       A->Y    F     INVx1_ASAP7_75t_R             1  0.7    32    15     915    (-,-) 
  u_issue/drc_bufs45343/Y                                -       A->Y    R     INVx1_ASAP7_75t_R            16  8.1    53    34     949    (-,-) 
  u_issue/g44217/Y                                       -       A1->Y   F     AOI222xp33_ASAP7_75t_R        1  0.6    62    20     969    (-,-) 
  u_issue/g44110/Y                                       -       B->Y    R     NAND2xp5_ASAP7_75t_R          1  0.5    20    18     987    (-,-) 
  u_issue/g44019/Y                                       -       C->Y    F     AOI221xp5_ASAP7_75t_R         1  0.6    36    12     999    (-,-) 
  u_issue/g43925/Y                                       -       B->Y    R     NAND2xp5_ASAP7_75t_R         18  9.2   102    58    1057    (-,-) 
  u_exec0/greater_than_signed_350_25:sub_285_12_g745/Y   -       A->Y    F     INVx1_ASAP7_75t_R             2  2.4    31    23    1080    (-,-) 
  u_exec0/less_than_signed_345_25:sub_267_12_g9594/Y     -       B->Y    R     MAJIxp5_ASAP7_75t_R           1  0.6    30    20    1100    (-,-) 
  u_exec0/less_than_signed_345_25:sub_267_12_g9595/Y     -       A->Y    F     MAJIxp5_ASAP7_75t_R           1  0.6    28    15    1115    (-,-) 
  u_exec0/less_than_signed_345_25:sub_267_12_g9596/Y     -       A->Y    R     MAJIxp5_ASAP7_75t_R           1  0.6    30    17    1132    (-,-) 
  u_exec0/less_than_signed_345_25:sub_267_12_g9597/Y     -       A->Y    F     MAJIxp5_ASAP7_75t_R           1  0.6    29    15    1147    (-,-) 
  u_exec0/less_than_signed_345_25:sub_267_12_g9598/Y     -       A->Y    R     MAJIxp5_ASAP7_75t_R           1  0.6    31    18    1165    (-,-) 
  u_exec0/less_than_signed_345_25:sub_267_12_g9599/Y     -       A->Y    F     MAJIxp5_ASAP7_75t_R           1  0.6    29    15    1180    (-,-) 
  u_exec0/less_than_signed_345_25:sub_267_12_g9600/Y     -       A->Y    R     MAJIxp5_ASAP7_75t_R           1  0.6    30    18    1198    (-,-) 
  u_exec0/less_than_signed_345_25:sub_267_12_g9601/Y     -       A->Y    F     MAJIxp5_ASAP7_75t_R           1  0.6    30    15    1212    (-,-) 
  u_exec0/less_than_signed_345_25:sub_267_12_g9602/Y     -       A->Y    R     MAJIxp5_ASAP7_75t_R           1  0.6    30    18    1230    (-,-) 
  u_exec0/less_than_signed_345_25:sub_267_12_g9603/Y     -       A->Y    F     MAJIxp5_ASAP7_75t_R           1  0.6    29    15    1245    (-,-) 
  u_exec0/less_than_signed_345_25:sub_267_12_g9604/Y     -       A->Y    R     MAJIxp5_ASAP7_75t_R           1  0.6    30    18    1263    (-,-) 
  u_exec0/less_than_signed_345_25:sub_267_12_g9605/Y     -       A->Y    F     MAJIxp5_ASAP7_75t_R           1  0.6    30    15    1278    (-,-) 
  u_exec0/less_than_signed_345_25:sub_267_12_g9606/Y     -       A->Y    R     MAJIxp5_ASAP7_75t_R           1  0.6    31    18    1296    (-,-) 
  u_exec0/less_than_signed_345_25:sub_267_12_g9607/Y     -       A->Y    F     MAJIxp5_ASAP7_75t_R           1  0.6    30    15    1311    (-,-) 
  u_exec0/less_than_signed_345_25:sub_267_12_g9608/Y     -       A->Y    R     MAJIxp5_ASAP7_75t_R           1  0.6    29    18    1328    (-,-) 
  u_exec0/less_than_signed_345_25:sub_267_12_g9609/Y     -       A->Y    F     MAJIxp5_ASAP7_75t_R           1  0.6    30    15    1343    (-,-) 
  u_exec0/less_than_signed_345_25:sub_267_12_g9610/Y     -       A->Y    R     MAJIxp5_ASAP7_75t_R           1  0.6    31    18    1361    (-,-) 
  u_exec0/less_than_signed_345_25:sub_267_12_g9611/Y     -       A->Y    F     MAJIxp5_ASAP7_75t_R           1  0.6    30    15    1376    (-,-) 
  u_exec0/less_than_signed_345_25:sub_267_12_g9612/Y     -       A->Y    R     MAJIxp5_ASAP7_75t_R           1  0.6    30    18    1394    (-,-) 
  u_exec0/less_than_signed_345_25:sub_267_12_g9613/Y     -       A->Y    F     MAJIxp5_ASAP7_75t_R           1  0.6    30    15    1408    (-,-) 
  u_exec0/less_than_signed_345_25:sub_267_12_g9614/Y     -       A->Y    R     MAJIxp5_ASAP7_75t_R           1  0.6    30    18    1426    (-,-) 
  u_exec0/less_than_signed_345_25:sub_267_12_g9615/Y     -       A->Y    F     MAJIxp5_ASAP7_75t_R           1  0.6    29    15    1441    (-,-) 
  u_exec0/less_than_signed_345_25:sub_267_12_g9616/Y     -       A->Y    R     MAJIxp5_ASAP7_75t_R           1  0.6    30    18    1459    (-,-) 
  u_exec0/less_than_signed_345_25:sub_267_12_g9617/Y     -       A->Y    F     MAJIxp5_ASAP7_75t_R           1  0.6    30    15    1474    (-,-) 
  u_exec0/less_than_signed_345_25:sub_267_12_g9618/Y     -       A->Y    R     MAJIxp5_ASAP7_75t_R           1  0.6    31    18    1492    (-,-) 
  u_exec0/less_than_signed_345_25:sub_267_12_g9619/Y     -       A->Y    F     MAJIxp5_ASAP7_75t_R           1  0.6    30    15    1507    (-,-) 
  u_exec0/less_than_signed_345_25:sub_267_12_g9620/Y     -       A->Y    R     MAJIxp5_ASAP7_75t_R           1  0.6    31    18    1525    (-,-) 
  u_exec0/less_than_signed_345_25:sub_267_12_g9621/Y     -       A->Y    F     MAJIxp5_ASAP7_75t_R           1  0.6    30    15    1540    (-,-) 
  u_exec0/less_than_signed_345_25:sub_267_12_g9622/Y     -       A->Y    R     MAJIxp5_ASAP7_75t_R           1  0.6    30    18    1558    (-,-) 
  u_exec0/less_than_signed_345_25:sub_267_12_g9623/Y     -       A->Y    F     MAJIxp5_ASAP7_75t_R           2  1.2    37    19    1576    (-,-) 
  u_exec0/gte_360_46_Y_lt_355_46_g705/Y                  -       A->Y    R     MAJIxp5_ASAP7_75t_R           2  1.0    38    23    1599    (-,-) 
  u_exec0/g9545/Y                                        -       A->Y    F     INVxp67_ASAP7_75t_R           1  0.6    13    10    1609    (-,-) 
  u_exec0/g9476/Y                                        -       B1->Y   R     OAI221xp5_ASAP7_75t_R         1  0.6    30    14    1623    (-,-) 
  u_exec0/g9262/Y                                        -       C1->Y   F     AOI322xp5_ASAP7_75t_R         1  0.5    30    16    1639    (-,-) 
  u_exec0/g9261/Y                                        -       A1->Y   R     OAI221xp5_ASAP7_75t_R         3  1.6    44    31    1670    (-,-) 
  u_exec0/g9260/Y                                        -       B->Y    F     NOR2xp33_ASAP7_75t_R          4  2.1    59    34    1704    (-,-) 
  u_issue/g45404/Y                                       -       B->Y    R     NOR4xp25_ASAP7_75t_R          3  1.6    71    44    1748    (-,-) 
  u_issue/add_243_22_Y_add_241_22_g419/Y                 -       B->Y    F     NAND2xp5_ASAP7_75t_R          3  3.3    48    38    1786    (-,-) 
  u_issue/add_243_22_Y_add_241_22_g418/Y                 -       A->Y    R     INVx1_ASAP7_75t_R             1  0.6    14    12    1798    (-,-) 
  u_issue/add_243_22_Y_add_241_22_g415/Y                 -       A->Y    R     MAJx2_ASAP7_75t_R             2  1.2    10    21    1819    (-,-) 
  u_issue/add_243_22_Y_add_241_22_g413/Y                 -       B->Y    F     NAND2xp5_ASAP7_75t_R          3  1.6    22    13    1832    (-,-) 
  u_issue/add_243_22_Y_add_241_22_g411/Y                 -       B->Y    R     NOR2xp33_ASAP7_75t_R          3  1.8    42    27    1859    (-,-) 
  u_issue/add_243_22_Y_add_241_22_g409/Y                 -       B->Y    F     NAND2xp5_ASAP7_75t_R          3  1.6    27    21    1881    (-,-) 
  u_issue/add_243_22_Y_add_241_22_g407/Y                 -       B->Y    R     NOR2xp33_ASAP7_75t_R          3  1.8    43    28    1909    (-,-) 
  u_issue/add_243_22_Y_add_241_22_g405/Y                 -       B->Y    F     NAND2xp5_ASAP7_75t_R          3  1.6    27    22    1931    (-,-) 
  u_issue/add_243_22_Y_add_241_22_g403/Y                 -       B->Y    R     NOR2xp33_ASAP7_75t_R          3  1.8    43    28    1959    (-,-) 
  u_issue/add_243_22_Y_add_241_22_g401/Y                 -       B->Y    F     NAND2xp5_ASAP7_75t_R          3  1.6    27    22    1981    (-,-) 
  u_issue/add_243_22_Y_add_241_22_g399/Y                 -       B->Y    R     NOR2xp33_ASAP7_75t_R          3  1.8    43    28    2009    (-,-) 
  u_issue/add_243_22_Y_add_241_22_g397/Y                 -       B->Y    F     NAND2xp5_ASAP7_75t_R          3  1.6    27    22    2031    (-,-) 
  u_issue/add_243_22_Y_add_241_22_g395/Y                 -       B->Y    R     NOR2xp33_ASAP7_75t_R          3  1.8    43    28    2059    (-,-) 
  u_issue/add_243_22_Y_add_241_22_g393/Y                 -       B->Y    F     NAND2xp5_ASAP7_75t_R          3  1.6    27    22    2081    (-,-) 
  u_issue/add_243_22_Y_add_241_22_g391/Y                 -       B->Y    R     NOR2xp33_ASAP7_75t_R          3  1.8    43    28    2109    (-,-) 
  u_issue/add_243_22_Y_add_241_22_g389/Y                 -       B->Y    F     NAND2xp5_ASAP7_75t_R          3  1.6    27    22    2131    (-,-) 
  u_issue/add_243_22_Y_add_241_22_g387/Y                 -       B->Y    R     NOR2xp33_ASAP7_75t_R          3  1.8    43    28    2159    (-,-) 
  u_issue/add_243_22_Y_add_241_22_g385/Y                 -       B->Y    F     NAND2xp5_ASAP7_75t_R          3  1.6    27    22    2181    (-,-) 
  u_issue/add_243_22_Y_add_241_22_g383/Y                 -       B->Y    R     NOR2xp33_ASAP7_75t_R          3  1.8    43    28    2209    (-,-) 
  u_issue/add_243_22_Y_add_241_22_g381/Y                 -       B->Y    F     NAND2xp5_ASAP7_75t_R          3  1.6    27    22    2231    (-,-) 
  u_issue/add_243_22_Y_add_241_22_g379/Y                 -       B->Y    R     NOR2xp33_ASAP7_75t_R          3  1.8    43    28    2259    (-,-) 
  u_issue/add_243_22_Y_add_241_22_g377/Y                 -       B->Y    F     NAND2xp5_ASAP7_75t_R          3  1.6    27    22    2281    (-,-) 
  u_issue/add_243_22_Y_add_241_22_g375/Y                 -       B->Y    R     NOR2xp33_ASAP7_75t_R          3  1.8    43    28    2309    (-,-) 
  u_issue/add_243_22_Y_add_241_22_g373/Y                 -       B->Y    F     NAND2xp5_ASAP7_75t_R          3  1.6    27    22    2331    (-,-) 
  u_issue/add_243_22_Y_add_241_22_g371/Y                 -       B->Y    R     NOR2xp33_ASAP7_75t_R          3  1.8    43    28    2359    (-,-) 
  u_issue/add_243_22_Y_add_241_22_g369/Y                 -       B->Y    F     NAND2xp5_ASAP7_75t_R          3  1.6    27    22    2381    (-,-) 
  u_issue/add_243_22_Y_add_241_22_g367/Y                 -       B->Y    R     NOR2xp33_ASAP7_75t_R          3  1.8    43    28    2409    (-,-) 
  u_issue/add_243_22_Y_add_241_22_g365/Y                 -       B->Y    F     NAND2xp5_ASAP7_75t_R          3  1.6    27    22    2431    (-,-) 
  u_issue/add_243_22_Y_add_241_22_g363/Y                 -       B->Y    R     NOR2xp33_ASAP7_75t_R          3  1.8    43    28    2459    (-,-) 
  u_issue/add_243_22_Y_add_241_22_g361/Y                 -       B->Y    F     NAND2xp5_ASAP7_75t_R          2  1.6    27    22    2481    (-,-) 
  u_issue/add_243_22_Y_add_241_22_g359/Y                 -       B->Y    F     XNOR2xp5_ASAP7_75t_R          1  0.5    15    22    2502    (-,-) 
  u_issue/g29240/Y                                       -       A1->Y   R     AOI221xp5_ASAP7_75t_R         1  0.6    38    16    2518    (-,-) 
  u_issue/pc_x_q_reg[31]/D                               <<<     -       R     ASYNC_DFFHx1_ASAP7_75t_R      1    -     -     0    2518    (-,-) 
#------------------------------------------------------------------------------------------------------------------------------------------------

