Power Unit: W
Area Unit: Um^2
PDB Frame : /stim#0/frame#0
----------------------------------------------------------------------------------------------------
Cells Pct_cells     Leakage    Internal   Switching       Total Lvl Instance                        
----------------------------------------------------------------------------------------------------
32197   100.00% 3.08786e-06 9.86127e-01 8.94125e-02 1.07554e+00   0 /riscv_core                     
11115    34.52% 1.05038e-06 4.97189e-01 6.56434e-02 5.62833e-01   1 /riscv_core/u_frontend          
 9772    30.35% 9.07444e-07 4.08014e-01 4.29191e-02 4.50934e-01   2 /riscv_core/u_frontend/u_npc    
  766     2.38% 8.56174e-08 5.29320e-02 1.52668e-02 6.81989e-02   2 /riscv_core/u_frontend/u_decode 
  577     1.79% 5.73135e-08 3.62429e-02 7.45748e-03 4.37004e-02   2 /riscv_core/u_frontend/u_fetch  
 9037    28.07% 8.64264e-07 2.59311e-01 1.79135e-02 2.77225e-01   1 /riscv_core/u_issue             
 4954    15.39% 5.22357e-07 1.53010e-01 2.61263e-03 1.55623e-01   2 /riscv_core/u_issue/u_regfile   
  927     2.88% 9.91833e-08 5.99140e-02 4.79437e-03 6.47084e-02   2 /riscv_core/u_issue/u_pipe0_ctrl
  598     1.86% 6.06809e-08 3.55963e-02 3.05432e-03 3.86507e-02   2 /riscv_core/u_issue/u_pipe1_ctrl
 1564     4.86% 1.56753e-07 6.54703e-02 3.77588e-04 6.58481e-02   1 /riscv_core/u_csr               
 1250     3.88% 1.21501e-07 4.73497e-02 3.63209e-04 4.77131e-02   2 /riscv_core/u_csr/u_csrfile     
 1220     3.79% 1.34969e-07 4.45192e-02 0.00000e+00 4.45193e-02   1 /riscv_core/u_div               
  738     2.29% 7.92025e-08 2.90065e-02 1.17135e-03 3.01779e-02   1 /riscv_core/u_lsu               
  202     0.63% 2.36243e-08 1.40938e-02 6.64849e-04 1.47586e-02   2 /riscv_core/u_lsu/u_lsu_request 
 1271     3.95% 1.22417e-07 2.40370e-02 0.00000e+00 2.40371e-02   1 /riscv_core/u_cbm               
 1117     3.47% 1.18195e-07 2.31906e-02 0.00000e+00 2.31907e-02   1 /riscv_core/u_mule              
 3047     9.46% 2.75627e-07 1.85769e-02 3.14772e-03 2.17249e-02   1 /riscv_core/u_mul               
 1518     4.71% 1.42264e-07 1.27979e-02 6.71490e-04 1.34695e-02   1 /riscv_core/u_exec0             
  847     2.63% 7.79025e-08 0.00000e+00 0.00000e+00 7.79025e-08   2 /riscv_core/u_exec0/u_alu       
 1570     4.88% 1.43798e-07 1.20284e-02 3.62764e-04 1.23913e-02   1 /riscv_core/u_exec1             
  855     2.66% 7.42359e-08 0.00000e+00 0.00000e+00 7.42359e-08   2 /riscv_core/u_exec1/u_alu       
----------------------------------------------------------------------------------------------------
