env CDS_WORKAREA is set to /home/ykaraagac/cadence-bitirme/Flows/NanGate45/biriscv_2mul_vs_hybrid/scripts/cadence
             0V	    VSS
           1.1V	    VDD
Using Power View WC_VIEW
.
Load RC corner of view WC_VIEW

Begin Power Analysis

             0V	    VSS
           1.1V	    VDD

Begin Processing Timing Library for Power Calculation

Ended Processing Timing Library for Power Calculation: (cpu=0:00:00, real=0:00:00, mem(process/total/peak)=3273.07MB/13012.78MB/7482.54MB)



Begin Processing Power Net/Grid for Power Calculation

Ended Processing Power Net/Grid for Power Calculation: (cpu=0:00:00, real=0:00:00, mem(process/total/peak)=3273.07MB/13012.78MB/7482.54MB)

Begin Processing Timing Window Data for Power Calculation

clk(100MHz) CK: assigning clock clk to net clk_i
Ended Processing Timing Window Data for Power Calculation: (cpu=0:00:00, real=0:00:00, mem(process/total/peak)=3273.07MB/13012.78MB/7482.54MB)

Begin Processing User Attributes

Ended Processing User Attributes: (cpu=0:00:00, real=0:00:00, mem(process/total/peak)=3273.07MB/13012.78MB/7482.54MB)

Begin Processing Signal Activity


Starting Activity Propagation
2026-Jun-23 12:11:35 (2026-Jun-23 12:11:35 GMT)
2026-Jun-23 12:11:36 (2026-Jun-23 12:11:36 GMT): 10%

Finished Activity Propagation
2026-Jun-23 12:11:37 (2026-Jun-23 12:11:37 GMT)

Activity annotation summary:
        Primary Inputs : 180/180 = 100%
          Flop outputs : 3874/14346 = 27.004%
  Memory/Macro outputs : 0/0 = 0%
      Tristate outputs : 0/0 = 0%
            Total Nets : 19975/72373 = 27.6001%

Ended Processing Signal Activity: (cpu=0:00:01, real=0:00:01, mem(process/total/peak)=3273.07MB/13012.78MB/7482.54MB)

Begin Power Computation

      ----------------------------------------------------------
      # of cell(s) missing both power/leakage table: 0
      # of cell(s) missing power table: 0
      # of cell(s) missing leakage table: 0
      ----------------------------------------------------------



Starting Calculating power
2026-Jun-23 12:11:37 (2026-Jun-23 12:11:37 GMT)
 ... Calculating switching power
2026-Jun-23 12:11:37 (2026-Jun-23 12:11:37 GMT): 10%
2026-Jun-23 12:11:37 (2026-Jun-23 12:11:37 GMT): 20%
2026-Jun-23 12:11:37 (2026-Jun-23 12:11:37 GMT): 30%
2026-Jun-23 12:11:37 (2026-Jun-23 12:11:37 GMT): 40%
2026-Jun-23 12:11:37 (2026-Jun-23 12:11:37 GMT): 50%
 ... Calculating internal and leakage power
2026-Jun-23 12:11:38 (2026-Jun-23 12:11:38 GMT): 60%
2026-Jun-23 12:11:40 (2026-Jun-23 12:11:40 GMT): 70%
2026-Jun-23 12:11:41 (2026-Jun-23 12:11:41 GMT): 80%
2026-Jun-23 12:11:41 (2026-Jun-23 12:11:41 GMT): 90%

Finished Calculating power
2026-Jun-23 12:11:42 (2026-Jun-23 12:11:42 GMT)
      # of MSMV cell(s) missing power_level: 0
Ended Power Computation: (cpu=0:00:05, real=0:00:05, mem(process/total/peak)=3273.07MB/13012.78MB/7482.54MB)

Begin Processing User Attributes

Begin Processing set_power
Ended Processing set_power: (cpu=0:00:00, real=0:00:00,
mem(process/total/peak)=3273.07MB/13012.78MB/7482.54MB)
Ended Processing User Attributes: (cpu=0:00:00, real=0:00:00, mem(process/total/peak)=3273.07MB/13012.78MB/7482.54MB)

Ended Power Analysis: (cpu=0:00:07, real=0:00:07, mem(process/total/peak)=3273.07MB/13012.78MB/7482.54MB)

Begin Boundary Leakage Calculation
Ended Boundary Leakage Calculation: (cpu=0:00:00, real=0:00:00,
mem(process/total/peak)=3273.07MB/13012.78MB/7482.54MB)
Begin Static Power Report Generation
*----------------------------------------------------------------------------------------
*	Innovus 25.12-s079_1 (64bit) 11/18/2025 12:56 (Linux 4.18.0-305.el8.x86_64)
*	
*
* 	Date & Time:	2026-Jun-23 12:11:42 (2026-Jun-23 12:11:42 GMT)
*
*----------------------------------------------------------------------------------------
*
*	Design: riscv_core
*
*	Liberty Libraries used:
*	        /home/ykaraagac/cadence-bitirme/Enablements/NanGate45/lib/NangateOpenCellLibrary_typical.lib
*
*	Parasitic Files used:
*
*       Dynamic View: WC_VIEW
*
*       Leakage View: WC_VIEW
*
*       User-Defined Activity : N.A.
*
*	Switching Activity File used:
*	        /home/ykaraagac/cadence-bitirme/Flows/NanGate45/biriscv_2mul_vs_hybrid/scripts/cadence/outputs/mul_update_latency_hiding_power_vcds/estrin_poly/vcd/core_hybrid.vcd
*                  Vcd Window used(Start Time, Stop Time):  
*                Vcd Scale Factor: 1
*
*       Hierarchical Global Activity: N.A.
*
*       Global Activity: N.A.
*
*       Sequential Element Activity: 0.200000
*
*       Primary Input Activity: 0.200000
*
*       Default icg ratio: N.A.
*
*       Global Comb ClockGate Ratio: N.A.
*
*	Power Units = 1mW
*
*	Time Units = 1e-09 secs
*
*       report_power -hierarchy all
*
-----------------------------------------------------------------------------------------
*



Total Power
-----------------------------------------------------------------------------------------
Total Internal Power:        6.20494395 	   49.5364%
Total Switching Power:       4.13273779 	   32.9932%
Total Leakage Power:         2.18835042 	   17.4704%
Total Power:                12.52603216
-----------------------------------------------------------------------------------------


Group                           Internal   Switching     Leakage       Total  Percentage 
                                Power      Power         Power         Power  (%)        
-----------------------------------------------------------------------------------------
Sequential                          3.75      0.4736      0.6648       4.889       39.03
Macro                                  0           0           0           0           0
IO                                     0           0           0           0           0
Combinational                      1.791       2.303       1.504       5.598       44.69
Clock (Combinational)             0.6642       1.356     0.01956        2.04       16.29
Clock (Sequential)                     0           0           0           0           0
-----------------------------------------------------------------------------------------
Total                              6.205       4.133       2.188       12.53         100
-----------------------------------------------------------------------------------------


Clock                           Internal   Switching     Leakage       Total  Percentage 
                                Power      Power         Power         Power  (%)        
-----------------------------------------------------------------------------------------
clk                               0.6642       1.356     0.01956        2.04       16.29
-----------------------------------------------------------------------------------------
Total                             0.6642       1.356     0.01956        2.04       16.29
-----------------------------------------------------------------------------------------
Clock: clk
Clock Period: 0.010000 usec 
Clock Toggle Rate:   200.0000 Mhz 
Clock Static Probability:  0.5000
  


Rail                  Voltage   Internal   Switching     Leakage       Total  Percentage 
                                Power      Power         Power         Power  (%)        
-----------------------------------------------------------------------------------------
VDD                       1.1      6.205       4.133       2.188       12.53         100


Hierarchy                       Internal   Switching     Leakage       Total  Percentage 
                                Power      Power         Power         Power  (%)        
-----------------------------------------------------------------------------------------
u_cbm                             0.1253     0.07036     0.04135       0.237       1.892 
u_csr                             0.1945     0.03107     0.06161      0.2872       2.293 
u_div                             0.1424     0.03636     0.04959      0.2283       1.823 
u_exec0                           0.1136      0.1061      0.0432      0.2628       2.098 
u_exec1                            0.104     0.09093     0.04372      0.2386       1.905 
u_frontend                         1.833       0.815      0.4567       3.105       24.78 
u_issue                            1.464        1.32      0.5319       3.315       26.47 
u_lsu                             0.1024     0.04753     0.03224      0.1822       1.455 
u_mul                             0.5283      0.4678     0.08698       1.083       8.647 
u_mul_array                       0.2342      0.1526     0.04639      0.4332       3.458 
u_mul_bw                         0.05062     0.02397     0.04127      0.1159       0.925 
u_mul_wallace                    0.05503     0.02711     0.04437      0.1265        1.01 
u_mulc                           0.08576     0.01682      0.0259      0.1285       1.026 
u_mule                           0.06868     0.01146     0.03817      0.1183      0.9445 
u_mule2                          0.08627     0.02569     0.07428      0.1862       1.487 
u_mule2n                         0.08559     0.02512     0.07429       0.185       1.477 
u_mule3                          0.09262     0.03466     0.07372       0.201       1.605 
u_mule3n                         0.09752     0.04364     0.07416      0.2153       1.719 
u_mule5                           0.1141     0.04557      0.0812      0.2409       1.923 
u_mule5n                          0.1097     0.03869     0.08092      0.2293        1.83 
u_mulen                          0.06851     0.01382     0.03823      0.1206      0.9624 
u_mulp                           0.05055     0.02413     0.04127       0.116      0.9257 
u_mulr                            0.1184     0.09334     0.09785      0.3096       2.471 
u_cbm/u_cbm_core                  0.1251     0.07025     0.04115      0.2365       1.888 
u_csr/u_csrfile                   0.1363     0.01662     0.04432      0.1973       1.575 
u_frontend/u_decode               0.1426     0.05015     0.03294      0.2257       1.802 
u_frontend/u_fetch                0.1024     0.02568      0.0281      0.1562       1.247 
u_frontend/u_npc                    1.57      0.6994      0.3949       2.664       21.27 
u_issue/u_pipe0_ctrl              0.1826     0.04511      0.0588      0.2865       2.287 
u_issue/u_pipe1_ctrl              0.1046      0.0163     0.03414       0.155       1.237 
u_issue/u_regfile                 0.8364      0.5272      0.2414       1.605       12.81 
u_lsu/u_lsu_request              0.03714    0.004352    0.009854     0.05135      0.4099 
u_exec0/u_alu                    0.04673      0.0638     0.02157      0.1321       1.055 
u_exec1/u_alu                    0.03815     0.05235     0.02118      0.1117      0.8917 
u_mul_bw/g_array_reduce[1].u_csa
                                0.001136   0.0005613    0.001457    0.003153     0.02518 
u_mul_bw/g_array_reduce[2].u_csa
                                0.001262   0.0007455    0.001516    0.003524     0.02813 
u_mul_bw/g_array_reduce[3].u_csa
                                0.001426    0.000885    0.001475    0.003786     0.03022 
u_mul_bw/g_array_reduce[4].u_csa
                                0.001628    0.001003     0.00144    0.004072      0.0325 
u_mul_bw/g_array_reduce[5].u_csa
                                0.001704    0.001053    0.001396    0.004154     0.03316 
u_mul_bw/g_array_reduce[6].u_csa
                                0.001837    0.001161    0.001351    0.004349     0.03472 
u_mul_bw/g_array_reduce[7].u_csa
                                0.001792    0.001121      0.0013    0.004213     0.03364 
u_mul_bw/g_array_reduce[8].u_csa
                                0.001646    0.001023    0.001243    0.003912     0.03123 
u_mul_bw/g_array_reduce[9].u_csa
                                0.001675    0.001076    0.001198    0.003948     0.03152 
u_mul_bw/g_array_reduce[10].u_csa
                                0.001653     0.00105    0.001149    0.003852     0.03075 
u_mul_bw/g_array_reduce[11].u_csa
                                0.001432   0.0009147    0.001088    0.003435     0.02742 
u_mul_bw/g_array_reduce[12].u_csa
                                0.001392   0.0009125    0.001041    0.003345     0.02671 
u_mul_bw/g_array_reduce[13].u_csa
                                0.001281   0.0008274   0.0009872    0.003096     0.02472 
u_mul_bw/g_array_reduce[14].u_csa
                                  0.0011   0.0007486   0.0009296    0.002778     0.02218 
u_mul_bw/g_array_reduce[15].u_csa
                               0.0009453   0.0006394   0.0008751     0.00246     0.01964 
u_mul_bw/g_array_reduce[16].u_csa
                               0.0008442    0.000572   0.0008239     0.00224     0.01788 
u_mul_bw/g_array_reduce[17].u_csa
                               0.0007549   0.0005036   0.0007723    0.002031     0.01621 
u_mul_bw/g_array_reduce[18].u_csa
                               0.0006737   0.0004675   0.0007217    0.001863     0.01487 
u_mul_bw/g_array_reduce[19].u_csa
                               0.0005958   0.0004002   0.0006706    0.001667     0.01331 
u_mul_bw/g_array_reduce[20].u_csa
                               0.0005253   0.0003589   0.0006208    0.001505     0.01202 
u_mul_bw/g_array_reduce[21].u_csa
                               0.0004597   0.0003203   0.0005706    0.001351     0.01078 
u_mul_bw/g_array_reduce[22].u_csa
                               0.0004062   0.0002663   0.0005208    0.001193    0.009526 
u_mul_bw/g_array_reduce[23].u_csa
                               0.0003512   0.0002553   0.0004707    0.001077      0.0086 
u_mul_bw/g_array_reduce[24].u_csa
                               0.0002963   0.0001982   0.0004208   0.0009153    0.007307 
u_mul_bw/g_array_reduce[25].u_csa
                               0.0002517   0.0001716   0.0003714   0.0007947    0.006344 
u_mul_bw/g_array_reduce[26].u_csa
                               0.0002146   0.0001453    0.000322   0.0006819    0.005444 
u_mul_bw/g_array_reduce[27].u_csa
                               0.0001722   0.0001147   0.0002726   0.0005596    0.004467 
u_mul_bw/g_array_reduce[28].u_csa
                               0.0001375    9.65e-05   0.0002232   0.0004572     0.00365 
u_mul_bw/g_array_reduce[29].u_csa
                               0.0001051    7.73e-05   0.0001741   0.0003565    0.002846 
u_mul_bw/g_array_reduce[30].u_csa
                               7.175e-05   5.184e-05   0.0001251   0.0002487    0.001985 
u_mul_bw/g_array_reduce[31].u_csa
                               7.373e-05   3.495e-05   7.547e-05   0.0001842     0.00147 
u_mul_wallace/g_w1[0].u_csa
                                0.001379    0.001009     0.00157    0.003957     0.03159 
u_mul_wallace/g_w1[1].u_csa
                                0.001575   0.0009403    0.001439    0.003954     0.03157 
u_mul_wallace/g_w1[2].u_csa
                                0.001398   0.0009603    0.001284    0.003642     0.02908 
u_mul_wallace/g_w1[3].u_csa
                                 0.00117   0.0008813    0.001128    0.003179     0.02538 
u_mul_wallace/g_w1[4].u_csa
                               0.0008048   0.0004741   0.0009679    0.002247     0.01794 
u_mul_wallace/g_w1[5].u_csa
                               0.0003367   0.0002007   0.0008079    0.001345     0.01074 
u_mul_wallace/g_w1[6].u_csa
                               0.0002748   0.0001774    0.000661    0.001113    0.008888 
u_mul_wallace/g_w1[7].u_csa
                               0.0001919   0.0001314   0.0005136   0.0008369    0.006681 
u_mul_wallace/g_w1[8].u_csa
                               0.0001177   7.881e-05   0.0003665    0.000563    0.004495 
u_mul_wallace/g_w1[9].u_csa
                                5.75e-05   3.794e-05     0.00022   0.0003155    0.002519 
u_mul_wallace/g_w2[0].u_csa
                                0.001983    0.001412    0.001543    0.004938     0.03942 
u_mul_wallace/g_w2[1].u_csa
                                0.001469   0.0009113    0.001324    0.003705     0.02957 
u_mul_wallace/g_w2[2].u_csa
                                0.001399   0.0009177    0.001084    0.003402     0.02716 
u_mul_wallace/g_w2[3].u_csa
                               0.0003642   0.0002407   0.0008539    0.001459     0.01165 
u_mul_wallace/g_w2[4].u_csa
                               0.0003085   0.0002059   0.0006129    0.001127       0.009 
u_mul_wallace/g_w2[5].u_csa
                               0.0001345    9.42e-05   0.0004133    0.000642    0.005126 
u_mul_wallace/g_w2[6].u_csa
                                4.61e-05   2.897e-05   0.0001712   0.0002462    0.001966 
u_mul_wallace/g_w3[0].u_csa
                                0.002381    0.001704    0.001511    0.005596     0.04468 
u_mul_wallace/g_w3[1].u_csa
                                0.001431   0.0008553    0.001177    0.003463     0.02764 
u_mul_wallace/g_w3[2].u_csa
                               0.0004437   0.0002684   0.0008085    0.001521     0.01214 
u_mul_wallace/g_w3[3].u_csa
                               0.0001724   0.0001054   0.0004624   0.0007401    0.005908 
u_mul_wallace/g_w3[4].u_csa
                               6.199e-05   4.885e-05   0.0001229   0.0002338    0.001866 
u_mul_wallace/g_w4[0].u_csa
                                0.002667    0.001907    0.001467     0.00604     0.04822 
u_mul_wallace/g_w4[1].u_csa
                                0.000611    0.000351   0.0009064    0.001868     0.01492 
u_mul_wallace/g_w4[2].u_csa
                                0.000202   0.0001337   0.0004117   0.0007474    0.005967 
u_mul_wallace/g_w5[0].u_csa
                                0.002547    0.001717    0.001395    0.005659     0.04518 
u_mul_wallace/g_w5[1].u_csa
                               0.0002609   0.0001604   0.0005569   0.0009782    0.007809 
u_mul_wallace/u_w6_csa          0.002379    0.001526    0.001308    0.005212     0.04161 
u_mul_wallace/u_w7_csa          0.002217    0.001332    0.001224    0.004773      0.0381 
u_mul_wallace/u_w8_csa          0.002113    0.001265    0.001148    0.004526     0.03613 
u_mul_wallace/u_wallace_ks
                                0.001625   0.0009039    0.001193    0.003722     0.02971 
u_mule2/g_ppm_reduce[1].u_ppm_csa
                                       0           0    0.001428    0.001428      0.0114 
u_mule2/g_ppm_reduce[2].u_ppm_csa
                                       0           0    0.001471    0.001471     0.01174 
u_mule2/g_ppm_reduce[3].u_ppm_csa
                                       0           0    0.001423    0.001423     0.01136 
u_mule2/g_ppm_reduce[4].u_ppm_csa
                                       0           0    0.001375    0.001375     0.01098 
u_mule2/g_ppm_reduce[5].u_ppm_csa
                                       0           0    0.001327    0.001327     0.01059 
u_mule2/g_ppm_reduce[6].u_ppm_csa
                                       0           0    0.001279    0.001279     0.01021 
u_mule2/g_ppm_reduce[7].u_ppm_csa
                                       0           0     0.00123     0.00123    0.009823 
u_mule2/g_ppm_reduce[8].u_ppm_csa
                                       0           0    0.001182    0.001182    0.009439 
u_mule2/g_ppm_reduce[9].u_ppm_csa
                                       0           0    0.001134    0.001134    0.009055 
u_mule2/g_ppm_reduce[10].u_ppm_csa
                                       0           0    0.001086    0.001086    0.008671 
u_mule2/g_ppm_reduce[11].u_ppm_csa
                                       0           0    0.001038    0.001038    0.008287 
u_mule2/g_ppm_reduce[12].u_ppm_csa
                                       0           0   0.0009899   0.0009899    0.007903 
u_mule2/g_ppm_reduce[13].u_ppm_csa
                                       0           0   0.0009418   0.0009418    0.007519 
u_mule2/g_ppm_reduce[14].u_ppm_csa
                                       0           0   0.0008937   0.0008937    0.007135 
u_mule2/g_ppm_reduce[15].u_ppm_csa
                                       0           0   0.0008456   0.0008456    0.006751 
u_mule2/u_feedback_csa0                0           0    0.001572    0.001572     0.01255 
u_mule2/u_feedback_csa1                0           0    0.001506    0.001506     0.01202 
u_mule2n/g_ppm_reduce[1].u_ppm_csa
                                       0           0    0.001428    0.001428      0.0114 
u_mule2n/g_ppm_reduce[2].u_ppm_csa
                                       0           0    0.001471    0.001471     0.01174 
u_mule2n/g_ppm_reduce[3].u_ppm_csa
                                       0           0    0.001423    0.001423     0.01136 
u_mule2n/g_ppm_reduce[4].u_ppm_csa
                                       0           0    0.001375    0.001375     0.01098 
u_mule2n/g_ppm_reduce[5].u_ppm_csa
                                       0           0    0.001327    0.001327     0.01059 
u_mule2n/g_ppm_reduce[6].u_ppm_csa
                                       0           0    0.001279    0.001279     0.01021 
u_mule2n/g_ppm_reduce[7].u_ppm_csa
                                       0           0     0.00123     0.00123    0.009823 
u_mule2n/g_ppm_reduce[8].u_ppm_csa
                                       0           0    0.001182    0.001182    0.009439 
u_mule2n/g_ppm_reduce[9].u_ppm_csa
                                       0           0    0.001134    0.001134    0.009055 
u_mule2n/g_ppm_reduce[10].u_ppm_csa
                                       0           0    0.001086    0.001086    0.008671 
u_mule2n/g_ppm_reduce[11].u_ppm_csa
                                       0           0    0.001038    0.001038    0.008287 
u_mule2n/g_ppm_reduce[12].u_ppm_csa
                                       0           0   0.0009899   0.0009899    0.007903 
u_mule2n/g_ppm_reduce[13].u_ppm_csa
                                       0           0   0.0009418   0.0009418    0.007519 
u_mule2n/g_ppm_reduce[14].u_ppm_csa
                                       0           0   0.0008937   0.0008937    0.007135 
u_mule2n/g_ppm_reduce[15].u_ppm_csa
                                       0           0   0.0008456   0.0008456    0.006751 
u_mule2n/u_feedback_csa0               0           0    0.001572    0.001572     0.01255 
u_mule2n/u_feedback_csa1               0           0    0.001506    0.001506     0.01202 
u_mule3/g_ppm_reduce[1].u_ppm_csa
                                       0           0    0.001428    0.001428      0.0114 
u_mule3/g_ppm_reduce[2].u_ppm_csa
                                       0           0    0.001471    0.001471     0.01174 
u_mule3/g_ppm_reduce[3].u_ppm_csa
                                       0           0    0.001423    0.001423     0.01136 
u_mule3/g_ppm_reduce[4].u_ppm_csa
                                       0           0    0.001375    0.001375     0.01098 
u_mule3/g_ppm_reduce[5].u_ppm_csa
                                       0           0    0.001327    0.001327     0.01059 
u_mule3/g_ppm_reduce[6].u_ppm_csa
                                       0           0    0.001279    0.001279     0.01021 
u_mule3/g_ppm_reduce[7].u_ppm_csa
                                       0           0     0.00123     0.00123    0.009823 
u_mule3/g_ppm_reduce[8].u_ppm_csa
                                       0           0    0.001182    0.001182    0.009439 
u_mule3/g_ppm_reduce[9].u_ppm_csa
                                       0           0    0.001134    0.001134    0.009055 
u_mule3/g_ppm_reduce[10].u_ppm_csa
                                       0           0    0.001086    0.001086    0.008671 
u_mule3/u_feedback_csa0                0           0    0.001572    0.001572     0.01255 
u_mule3/u_feedback_csa1                0           0    0.001505    0.001505     0.01202 
u_mule3n/g_ppm_reduce[1].u_ppm_csa
                                       0           0    0.001428    0.001428      0.0114 
u_mule3n/g_ppm_reduce[2].u_ppm_csa
                                       0           0    0.001471    0.001471     0.01174 
u_mule3n/g_ppm_reduce[3].u_ppm_csa
                                       0           0    0.001423    0.001423     0.01136 
u_mule3n/g_ppm_reduce[4].u_ppm_csa
                                       0           0    0.001375    0.001375     0.01098 
u_mule3n/g_ppm_reduce[5].u_ppm_csa
                                       0           0    0.001327    0.001327     0.01059 
u_mule3n/g_ppm_reduce[6].u_ppm_csa
                                       0           0    0.001279    0.001279     0.01021 
u_mule3n/g_ppm_reduce[7].u_ppm_csa
                                       0           0     0.00123     0.00123    0.009823 
u_mule3n/g_ppm_reduce[8].u_ppm_csa
                                       0           0    0.001182    0.001182    0.009439 
u_mule3n/g_ppm_reduce[9].u_ppm_csa
                                       0           0    0.001134    0.001134    0.009055 
u_mule3n/g_ppm_reduce[10].u_ppm_csa
                                       0           0    0.001086    0.001086    0.008671 
u_mule3n/u_feedback_csa0               0           0    0.001572    0.001572     0.01255 
u_mule3n/u_feedback_csa1               0           0    0.001505    0.001505     0.01202 
u_mule5/g_ppm_reduce[1].u_ppm_csa
                                       0           0    0.001428    0.001428      0.0114 
u_mule5/g_ppm_reduce[2].u_ppm_csa
                                       0           0    0.001471    0.001471     0.01174 
u_mule5/g_ppm_reduce[3].u_ppm_csa
                                       0           0    0.001423    0.001423     0.01136 
u_mule5/g_ppm_reduce[4].u_ppm_csa
                                       0           0    0.001375    0.001375     0.01098 
u_mule5/g_ppm_reduce[5].u_ppm_csa
                                       0           0    0.001327    0.001327     0.01059 
u_mule5/g_ppm_reduce[6].u_ppm_csa
                                       0           0    0.001279    0.001279     0.01021 
u_mule5/u_feedback_csa0                0           0    0.001572    0.001572     0.01255 
u_mule5/u_feedback_csa1                0           0    0.001511    0.001511     0.01206 
u_mule5n/g_ppm_reduce[1].u_ppm_csa
                                       0           0    0.001428    0.001428      0.0114 
u_mule5n/g_ppm_reduce[2].u_ppm_csa
                                       0           0    0.001471    0.001471     0.01174 
u_mule5n/g_ppm_reduce[3].u_ppm_csa
                                       0           0    0.001423    0.001423     0.01136 
u_mule5n/g_ppm_reduce[4].u_ppm_csa
                                       0           0    0.001375    0.001375     0.01098 
u_mule5n/g_ppm_reduce[5].u_ppm_csa
                                       0           0    0.001327    0.001327     0.01059 
u_mule5n/g_ppm_reduce[6].u_ppm_csa
                                       0           0    0.001279    0.001279     0.01021 
u_mule5n/u_feedback_csa0               0           0    0.001572    0.001572     0.01255 
u_mule5n/u_feedback_csa1               0           0    0.001511    0.001511     0.01206 
u_mulp/g_rows[1].u_csa          0.001136    0.000577    0.001457     0.00317     0.02531 
u_mulp/g_rows[2].u_csa          0.001263   0.0007694    0.001516    0.003548     0.02833 
u_mulp/g_rows[3].u_csa          0.001426   0.0008771    0.001475    0.003778     0.03016 
u_mulp/g_rows[4].u_csa          0.001629    0.001009     0.00144    0.004078     0.03255 
u_mulp/g_rows[5].u_csa          0.001704    0.001049    0.001396    0.004149     0.03312 
u_mulp/g_rows[6].u_csa          0.001836     0.00115    0.001351    0.004338     0.03463 
u_mulp/g_rows[7].u_csa          0.001792    0.001137      0.0013    0.004229     0.03376 
u_mulp/g_rows[8].u_csa          0.001647    0.001042    0.001243    0.003932     0.03139 
u_mulp/g_rows[9].u_csa          0.001675    0.001084    0.001198    0.003957     0.03159 
u_mulp/g_rows[10].u_csa         0.001653    0.001054    0.001149    0.003855     0.03078 
u_mulp/g_rows[11].u_csa         0.001433   0.0009282    0.001088    0.003449     0.02753 
u_mulp/g_rows[12].u_csa         0.001393   0.0009319    0.001041    0.003365     0.02687 
u_mulp/g_rows[13].u_csa         0.001282   0.0008338   0.0009872    0.003103     0.02477 
u_mulp/g_rows[14].u_csa         0.001099   0.0007277   0.0009296    0.002756     0.02201 
u_mulp/g_rows[15].u_csa        0.0009457   0.0006488   0.0008751     0.00247     0.01972 
u_mulp/g_rows[16].u_csa        0.0008444   0.0005793   0.0008239    0.002248     0.01794 
u_mulp/g_rows[17].u_csa        0.0007558   0.0005273   0.0007723    0.002055     0.01641 
u_mulp/g_rows[18].u_csa        0.0006734   0.0004606   0.0007217    0.001856     0.01481 
u_mulp/g_rows[19].u_csa        0.0005966   0.0004198   0.0006706    0.001687     0.01347 
u_mulp/g_rows[20].u_csa        0.0005258   0.0003705   0.0006208    0.001517     0.01211 
u_mulp/g_rows[21].u_csa        0.0004598   0.0003196   0.0005706     0.00135     0.01078 
u_mulp/g_rows[22].u_csa        0.0004073   0.0002912   0.0005208    0.001219    0.009734 
u_mulp/g_rows[23].u_csa        0.0003507   0.0002403   0.0004707    0.001062    0.008476 
u_mulp/g_rows[24].u_csa        0.0002971   0.0002152   0.0004208    0.000933    0.007449 
u_mulp/g_rows[25].u_csa        0.0002517   0.0001691   0.0003714   0.0007922    0.006324 
u_mulp/g_rows[26].u_csa        0.0002145   0.0001389    0.000322   0.0006754    0.005392 
u_mulp/g_rows[27].u_csa        0.0001728   0.0001296   0.0002726   0.0005751    0.004591 
u_mulp/g_rows[28].u_csa        0.0001376   9.619e-05   0.0002232    0.000457    0.003648 
u_mulp/g_rows[29].u_csa         0.000105   7.197e-05   0.0001741    0.000351    0.002803 
u_mulp/g_rows[30].u_csa          7.2e-05   5.982e-05   0.0001251   0.0002569    0.002051 
u_mulp/g_rows[31].u_csa        7.364e-05   3.478e-05   7.547e-05   0.0001839    0.001468 
u_mulr/g_bw[1].u_csa           0.0009917   0.0004587    0.001266    0.002717     0.02169 
u_mulr/g_bw[2].u_csa            0.001196   0.0007156    0.001465    0.003376     0.02696 
u_mulr/g_bw[3].u_csa            0.001432   0.0008706    0.001475    0.003778     0.03016 
u_mulr/g_bw[4].u_csa            0.001638     0.00103     0.00144    0.004107     0.03279 
u_mulr/g_bw[5].u_csa            0.001711    0.001082    0.001396    0.004189     0.03344 
u_mulr/g_bw[6].u_csa            0.001844     0.00114    0.001351    0.004336     0.03461 
u_mulr/g_bw[7].u_csa              0.0018    0.001145      0.0013    0.004244     0.03388 
u_mulr/g_bw[8].u_csa            0.001651    0.001037    0.001243    0.003931     0.03138 
u_mulr/g_bw[9].u_csa            0.001682    0.001083    0.001198    0.003963     0.03164 
u_mulr/g_bw[10].u_csa           0.001659    0.001042    0.001149    0.003851     0.03074 
u_mulr/g_bw[11].u_csa           0.001436   0.0009047    0.001088    0.003429     0.02737 
u_mulr/g_bw[12].u_csa           0.001396   0.0008633    0.001041      0.0033     0.02634 
u_mulr/g_bw[13].u_csa           0.001285   0.0008017   0.0009872    0.003074     0.02454 
u_mulr/g_bw[14].u_csa           0.001098   0.0006658    0.000929    0.002693      0.0215 
u_mulr/g_bw[15].u_csa          0.0009439   0.0005549   0.0008745    0.002373     0.01895 
u_mulr/g_bw[16].u_csa          0.0008452   0.0005104   0.0008234    0.002179      0.0174 
u_mulr/g_bw[17].u_csa          0.0007544   0.0004578   0.0007718    0.001984     0.01584 
u_mulr/g_bw[18].u_csa          0.0006734   0.0004039   0.0007217    0.001799     0.01436 
u_mulr/g_bw[19].u_csa          0.0005978   0.0003705   0.0006712    0.001639     0.01309 
u_mulr/g_bw[20].u_csa          0.0005251   0.0003137   0.0006203    0.001459     0.01165 
u_mulr/g_bw[21].u_csa          0.0004593   0.0002707     0.00057      0.0013     0.01038 
u_mulr/g_bw[22].u_csa          0.0004079   0.0002605   0.0005208    0.001189    0.009494 
u_mulr/g_bw[23].u_csa          0.0003509   0.0002091   0.0004707    0.001031    0.008229 
u_mulr/g_bw[24].u_csa          0.0002967   0.0001807   0.0004208   0.0008982    0.007171 
u_mulr/g_bw[25].u_csa          0.0002511   0.0001502   0.0003714   0.0007727    0.006169 
u_mulr/g_bw[26].u_csa          0.0002143   0.0001298    0.000322    0.000666    0.005317 
u_mulr/g_bw[27].u_csa          0.0001721   0.0001093   0.0002726   0.0005541    0.004423 
u_mulr/g_bw[28].u_csa          0.0001374   8.616e-05   0.0002232   0.0004467    0.003566 
u_mulr/g_bw[29].u_csa          0.0001049   6.903e-05   0.0001741    0.000348    0.002778 
u_mulr/g_bw[30].u_csa          7.197e-05   5.352e-05   0.0001251   0.0002505       0.002 
u_mulr/g_bw[31].u_csa          7.361e-05   4.642e-05   7.547e-05   0.0001955    0.001561 
u_mulr/g_wb1[0].u_csa           0.001348   0.0009621    0.001523    0.003833      0.0306 
u_mulr/g_wb1[1].u_csa           0.001598   0.0009158    0.001437    0.003951     0.03154 
u_mulr/g_wb1[2].u_csa           0.001416   0.0008521    0.001283    0.003551     0.02835 
u_mulr/g_wb1[3].u_csa           0.001189   0.0008229    0.001128    0.003141     0.02507 
u_mulr/g_wb1[4].u_csa          0.0008183   0.0004835   0.0009688    0.002271     0.01813 
u_mulr/g_wb1[5].u_csa          0.0003436   0.0002178   0.0008079    0.001369     0.01093 
u_mulr/g_wb1[6].u_csa          0.0002794   0.0001957   0.0006608    0.001136    0.009068 
u_mulr/g_wb1[7].u_csa          0.0001952   0.0001117   0.0005134   0.0008203    0.006549 
u_mulr/g_wb1[8].u_csa          0.0001141   6.661e-05   0.0003296   0.0005103    0.004074 
u_mulr/g_wb1[9].u_csa          5.724e-05   3.775e-05     0.00022    0.000315    0.002515 
u_mulr/g_wb2[0].u_csa           0.001984    0.001443    0.001542     0.00497     0.03967 
u_mulr/g_wb2[1].u_csa           0.001467   0.0008587    0.001324     0.00365     0.02914 
u_mulr/g_wb2[2].u_csa             0.0014   0.0009076    0.001085    0.003393     0.02708 
u_mulr/g_wb2[3].u_csa          0.0003636   0.0002508   0.0008535    0.001468     0.01172 
u_mulr/g_wb2[4].u_csa          0.0003079   0.0001894   0.0006129     0.00111    0.008863 
u_mulr/g_wb2[5].u_csa           0.000134    8.01e-05   0.0004132   0.0006273    0.005008 
u_mulr/g_wb2[6].u_csa          4.614e-05   2.964e-05   0.0001712   0.0002469    0.001971 
u_mulr/g_wb3[0].u_csa           0.002377    0.001668    0.001511    0.005557     0.04436 
u_mulr/g_wb3[1].u_csa           0.001429    0.000843    0.001177    0.003449     0.02753 
u_mulr/g_wb3[2].u_csa          0.0004464   0.0002968    0.000808    0.001551     0.01238 
u_mulr/g_wb3[3].u_csa          0.0001732   0.0001101   0.0004622   0.0007455    0.005951 
u_mulr/g_wb3[4].u_csa          6.403e-05   4.401e-05   0.0001228   0.0002309    0.001843 
u_mulr/g_wb4[0].u_csa            0.00267    0.001831    0.001467    0.005968     0.04765 
u_mulr/g_wb4[1].u_csa          0.0006134   0.0003527    0.000906    0.001872     0.01495 
u_mulr/g_wb4[2].u_csa          0.0002021   0.0001422   0.0004117    0.000756    0.006036 
u_mulr/g_wb5[0].u_csa           0.002547    0.001618    0.001396    0.005561     0.04439 
u_mulr/g_wb5[1].u_csa           0.000261   0.0001611   0.0005569   0.0009789    0.007815 
u_mulr/u_w6_csa                 0.002376    0.001362    0.001308    0.005046     0.04029 
u_mulr/u_w7_csa                 0.002224    0.001209    0.001231    0.004664     0.03724 
u_mulr/u_w8_csa                 0.002111     0.00116    0.001148    0.004419     0.03528 
u_mulr/u_wallace_ks             0.001641   0.0007543    0.001195     0.00359     0.02866 
u_frontend/u_decode/genblk1.u_fifo
                                   0.138     0.04528     0.02663      0.2099       1.676 
u_frontend/u_npc/BRANCH_PREDICTION.u_lru
                                 0.00986    0.001679    0.001869     0.01341       0.107 
u_frontend/u_decode/genblk1.u_dec0
                                0.001031     0.00134    0.002359     0.00473     0.03776 
u_frontend/u_decode/genblk1.u_dec1
                                0.001448    0.001928    0.002369    0.005744     0.04586 
 
 
-----------------------------------------------------------------------------------------
*	Power Distribution Summary: 
*              Highest Average Power:           u_issue/g109754 (AND3_X2):         0.007371
*              Highest Leakage Power:           u_issue/g162069 (AND4_X4):        0.0001893
*                Total Cap:      4.36518e-10 F
*                Total instances in design: 58275
*                Total instances in design with no power:     0
*                Total instances in design with no activty:     0

*                Total Fillers and Decap:     0
-----------------------------------------------------------------------------------------
 
** INFO:  (VOLTUS_POWR-3465): There are 0 decaps and 0 fillers in the design

Ended Static Power Report Generation: (cpu=0:00:00, real=0:00:00,
mem(process/total/peak)=3274.07MB/13012.78MB/7482.54MB)

