

Working Directory = /home/ziyx/cadence-bitirme/Flows/ASAP7/biriscv/scripts/cadence
QoS Summary for riscv_core
================================================================================
Metric                          generic         map             final          
================================================================================
Slack (ps):                       157               6               0
  R2R (ps):                       157             100               0
  I2R (ps):                       193               6               1
  R2O (ps):                     1,080             873             788
  I2O (ps):                       884             743             711
  CG  (ps):                  no_value        no_value        no_value
TNS (ps):                           0               0               0
  R2R (ps):                         0               0               0
  I2R (ps):                         0               0               0
  R2O (ps):                         0               0               0
  I2O (ps):                         0               0               0
  CG  (ps):                  no_value        no_value        no_value
Failing Paths:                      0               0               0
Cell Area:                      7,525           6,447           6,348
Total Cell Area:                7,525           6,447           6,348
Leaf Instances:                64,906          46,981          45,045
Total Instances:               64,906          46,981          45,045
Utilization (%):                 0.00            0.00            0.00
Tot. Net Length (um):        no_value        no_value        no_value
Avg. Net Length (um):        no_value        no_value        no_value
Route Overflow H (%):        no_value        no_value        no_value
Route Overflow V (%):        no_value        no_value        no_value
MBCI(%) (bits/gate) :            0.00            0.00            0.00
Norm Cong Hotspot Area:
  Max Cong:                  no_value        no_value        no_value
  Tot Cong:                  no_value        no_value        no_value
================================================================================
CPU  Runtime (h:m:s):        00:26:43        00:07:43        00:01:36
Real Runtime (h:m:s):        00:22:46        00:05:16        00:01:25
CPU  Elapsed (h:m:s):        00:26:53        00:34:32        00:36:06
Real Elapsed (h:m:s):        00:22:50        00:28:04        00:29:29
Memory (MB):                  2536.23         2542.96         2578.80
================================================================================
================================================================================
Flow Settings:
================================================================================
Total Runtime (h:m:s): 00:29:29
Total Memory (MB):     2578.80
Executable Version:    23.13-s073_1
================================================================================
Total Cell Area =  Cell Area + Physical Cell Area
Total Instances =  Leaf Instances + Physical Instances


