============================================================
  Generated by:           Genus(TM) Synthesis Solution 23.13-s073_1
  Generated on:           Dec 18 2025  06:57:24 pm
  Module:                 riscv_core
  Operating conditions:   tt_1.0_25.0 (balanced_tree)
  Wireload mode:          enclosed
  Area mode:              timing library
============================================================

Timing
--------

Clock Period 
-------------
clk   2000.0 


  Cost    Critical         Violating 
 Group   Path Slack  TNS     Paths   
-------------------------------------
clk             0.0   0.0          0 
default    No paths   0.0            
-------------------------------------
Total                 0.0          0 

Instance Count
--------------
Leaf Instance Count             45045 
Physical Instance count             0 
Sequential Instance Count        9929 
Combinational Instance Count    35116 
Hierarchical Instance Count         3 

Area
----
Cell Area                          6347.680
Physical Cell Area                 0.000
Total Cell Area (Cell+Physical)    6347.680
Net Area                           0.000
Total Area (Cell+Physical+Net)     6347.680

Runtime                            471.111796 seconds
Elapsed Runtime                    1772 seconds
Genus peak memory usage            2578.80 
Innovus peak memory usage          no_value 
Hostname                           eda-bitirme
