============================================================
  Generated by:           Genus(TM) Synthesis Solution 23.13-s073_1
  Generated on:           Dec 18 2025  06:55:59 pm
  Module:                 riscv_core
  Technology libraries:   sram_asap7_64x256_1rw 1.0
                          asap7sc7p5t_OA_RVT_FF_nldm_201020 1.0
                          asap7sc7p5t_SEQ_RVT_FF_nldm_201020 1.0
                          sram_asap7_16x256_1rw 1.0
                          sram_asap7_64x64_1rw 1.0
                          asap7sc7p5t_AO_RVT_FF_nldm_201020 1.0
                          asap7sc7p5t_INVBUF_RVT_FF_nldm_201020 1.0
                          asap7sc7p5t_SIMPLE_RVT_FF_nldm_201020 1.0
                          sram_asap7_32x256_1rw 1.0
  Operating conditions:   tt_1.0_25.0 (balanced_tree)
  Wireload mode:          enclosed
  Area mode:              timing library
============================================================

Timing
--------

Clock Period 
-------------
clk   2000.0 


  Cost    Critical         Violating 
 Group   Path Slack  TNS     Paths   
-------------------------------------
clk             6.2   0.0          0 
default    No paths   0.0            
-------------------------------------
Total                 0.0          0 

Instance Count
--------------
Leaf Instance Count             46981 
Physical Instance count             0 
Sequential Instance Count        9929 
Combinational Instance Count    37052 
Hierarchical Instance Count         3 

Area
----
Cell Area                          6446.766
Physical Cell Area                 0.000
Total Cell Area (Cell+Physical)    6446.766
Net Area                           0.000
Total Area (Cell+Physical+Net)     6446.766

Runtime                            472.111796 seconds
Elapsed Runtime                    1688 seconds
Genus peak memory usage            2542.96 
Innovus peak memory usage          no_value 
Hostname                           eda-bitirme
