============================================================
  Generated by:           Genus(TM) Synthesis Solution 23.13-s073_1
  Generated on:           Dec 18 2025  06:56:05 pm
  Module:                 riscv_core
  Technology libraries:   sram_asap7_64x256_1rw 1.0
                          asap7sc7p5t_OA_RVT_FF_nldm_201020 1.0
                          asap7sc7p5t_SEQ_RVT_FF_nldm_201020 1.0
                          sram_asap7_16x256_1rw 1.0
                          sram_asap7_64x64_1rw 1.0
                          asap7sc7p5t_AO_RVT_FF_nldm_201020 1.0
                          asap7sc7p5t_INVBUF_RVT_FF_nldm_201020 1.0
                          asap7sc7p5t_SIMPLE_RVT_FF_nldm_201020 1.0
                          sram_asap7_32x256_1rw 1.0
  Operating conditions:   tt_1.0_25.0 (balanced_tree)
  Wireload mode:          enclosed
  Area mode:              timing library
============================================================

                                                 Leakage  
           Gate            Instances    Area   Power (nW)                  Library                 
---------------------------------------------------------------------------------------------------
A2O1A1Ixp33_ASAP7_75t_R          113     9.885      5.383    asap7sc7p5t_AO_RVT_FF_nldm_201020     
A2O1A1O1Ixp25_ASAP7_75t_R          3     0.394      0.272    asap7sc7p5t_AO_RVT_FF_nldm_201020     
AND2x2_ASAP7_75t_R               466    40.766     95.463    asap7sc7p5t_SIMPLE_RVT_FF_nldm_201020 
AND3x1_ASAP7_75t_R                49     4.287      7.407    asap7sc7p5t_SIMPLE_RVT_FF_nldm_201020 
AND3x2_ASAP7_75t_R                 2     0.204      0.335    asap7sc7p5t_SIMPLE_RVT_FF_nldm_201020 
AND4x1_ASAP7_75t_R               305    31.128    105.615    asap7sc7p5t_SIMPLE_RVT_FF_nldm_201020 
AND5x1_ASAP7_75t_R               164    19.129     46.278    asap7sc7p5t_SIMPLE_RVT_FF_nldm_201020 
AO21x1_ASAP7_75t_R               367    32.105     28.922    asap7sc7p5t_AO_RVT_FF_nldm_201020     
AO21x2_ASAP7_75t_R                36     3.674      4.372    asap7sc7p5t_AO_RVT_FF_nldm_201020     
AO221x1_ASAP7_75t_R              129    18.808     12.267    asap7sc7p5t_AO_RVT_FF_nldm_201020     
AO222x2_ASAP7_75t_R               60    10.498      8.680    asap7sc7p5t_AO_RVT_FF_nldm_201020     
AO22x1_ASAP7_75t_R               348    45.665     24.254    asap7sc7p5t_AO_RVT_FF_nldm_201020     
AO22x2_ASAP7_75t_R                 2     0.292      0.233    asap7sc7p5t_AO_RVT_FF_nldm_201020     
AO32x1_ASAP7_75t_R                26     3.033      2.106    asap7sc7p5t_AO_RVT_FF_nldm_201020     
AO33x2_ASAP7_75t_R                 5     0.729      0.589    asap7sc7p5t_AO_RVT_FF_nldm_201020     
AOI211xp5_ASAP7_75t_R            251    21.957      9.227    asap7sc7p5t_AO_RVT_FF_nldm_201020     
AOI21xp33_ASAP7_75t_R            119     8.675      4.313    asap7sc7p5t_AO_RVT_FF_nldm_201020     
AOI21xp5_ASAP7_75t_R            1269    92.510     65.381    asap7sc7p5t_AO_RVT_FF_nldm_201020     
AOI221xp5_ASAP7_75t_R            785    80.117     43.264    asap7sc7p5t_AO_RVT_FF_nldm_201020     
AOI222xp33_ASAP7_75t_R           347    50.593     25.754    asap7sc7p5t_AO_RVT_FF_nldm_201020     
AOI22xp33_ASAP7_75t_R           2169   189.744     94.211    asap7sc7p5t_AO_RVT_FF_nldm_201020     
AOI22xp5_ASAP7_75t_R           10409   910.579    673.573    asap7sc7p5t_AO_RVT_FF_nldm_201020     
AOI311xp33_ASAP7_75t_R             7     0.714      0.418    asap7sc7p5t_AO_RVT_FF_nldm_201020     
AOI31xp33_ASAP7_75t_R             23     2.012      1.211    asap7sc7p5t_AO_RVT_FF_nldm_201020     
AOI321xp33_ASAP7_75t_R             4     0.467      0.234    asap7sc7p5t_AO_RVT_FF_nldm_201020     
AOI322xp5_ASAP7_75t_R             21     2.756      1.626    asap7sc7p5t_AO_RVT_FF_nldm_201020     
AOI32xp33_ASAP7_75t_R            404    41.232     22.248    asap7sc7p5t_AO_RVT_FF_nldm_201020     
AOI33xp33_ASAP7_75t_R              5     0.583      0.292    asap7sc7p5t_AO_RVT_FF_nldm_201020     
ASYNC_DFFHx1_ASAP7_75t_R        5961  2259.696   1201.506    asap7sc7p5t_SEQ_RVT_FF_nldm_201020    
BUFx2_ASAP7_75t_R                  9     0.656      0.826    asap7sc7p5t_INVBUF_RVT_FF_nldm_201020 
BUFx3_ASAP7_75t_R                 18     1.575      2.424    asap7sc7p5t_INVBUF_RVT_FF_nldm_201020 
BUFx4f_ASAP7_75t_R                 2     0.233      0.373    asap7sc7p5t_INVBUF_RVT_FF_nldm_201020 
BUFx6f_ASAP7_75t_R                 4     0.583      1.152    asap7sc7p5t_INVBUF_RVT_FF_nldm_201020 
DFFHQNx1_ASAP7_75t_R            3968  1157.069    597.065    asap7sc7p5t_SEQ_RVT_FF_nldm_201020    
HB1xp67_ASAP7_75t_R              167     9.739      5.455    asap7sc7p5t_INVBUF_RVT_FF_nldm_201020 
INVx1_ASAP7_75t_R               2976   130.170    109.066    asap7sc7p5t_INVBUF_RVT_FF_nldm_201020 
INVx2_ASAP7_75t_R                 33     1.925      2.259    asap7sc7p5t_INVBUF_RVT_FF_nldm_201020 
INVx3_ASAP7_75t_R                  7     0.510      0.704    asap7sc7p5t_INVBUF_RVT_FF_nldm_201020 
INVx4_ASAP7_75t_R                  4     0.350      0.559    asap7sc7p5t_INVBUF_RVT_FF_nldm_201020 
INVx5_ASAP7_75t_R                  1     0.102      0.229    asap7sc7p5t_INVBUF_RVT_FF_nldm_201020 
INVx8_ASAP7_75t_R                  1     0.146      0.366    asap7sc7p5t_INVBUF_RVT_FF_nldm_201020 
INVxp33_ASAP7_75t_R                9     0.394      0.086    asap7sc7p5t_INVBUF_RVT_FF_nldm_201020 
INVxp67_ASAP7_75t_R             2029    88.748     45.478    asap7sc7p5t_INVBUF_RVT_FF_nldm_201020 
MAJIxp5_ASAP7_75t_R              434    44.294     54.881    asap7sc7p5t_SIMPLE_RVT_FF_nldm_201020 
MAJx2_ASAP7_75t_R                125    16.402     35.805    asap7sc7p5t_SIMPLE_RVT_FF_nldm_201020 
NAND2x1_ASAP7_75t_R                2     0.175      0.260    asap7sc7p5t_SIMPLE_RVT_FF_nldm_201020 
NAND2xp33_ASAP7_75t_R            323    18.837     13.150    asap7sc7p5t_SIMPLE_RVT_FF_nldm_201020 
NAND2xp5_ASAP7_75t_R            1777   103.635    115.537    asap7sc7p5t_SIMPLE_RVT_FF_nldm_201020 
NAND3x1_ASAP7_75t_R                1     0.160      0.163    asap7sc7p5t_SIMPLE_RVT_FF_nldm_201020 
NAND3xp33_ASAP7_75t_R            140    10.206     11.605    asap7sc7p5t_SIMPLE_RVT_FF_nldm_201020 
NAND4xp25_ASAP7_75t_R            178    15.571     27.237    asap7sc7p5t_SIMPLE_RVT_FF_nldm_201020 
NAND5xp2_ASAP7_75t_R             319    32.557     54.180    asap7sc7p5t_SIMPLE_RVT_FF_nldm_201020 
NOR2x1_ASAP7_75t_R                67     5.861      4.370    asap7sc7p5t_SIMPLE_RVT_FF_nldm_201020 
NOR2x1p5_ASAP7_75t_R               1     0.117      0.228    asap7sc7p5t_SIMPLE_RVT_FF_nldm_201020 
NOR2xp33_ASAP7_75t_R            3290   191.873     93.750    asap7sc7p5t_SIMPLE_RVT_FF_nldm_201020 
NOR3xp33_ASAP7_75t_R             103     7.509      7.617    asap7sc7p5t_SIMPLE_RVT_FF_nldm_201020 
NOR4xp25_ASAP7_75t_R              41     3.587      3.158    asap7sc7p5t_SIMPLE_RVT_FF_nldm_201020 
NOR5xp2_ASAP7_75t_R              123    12.553      9.445    asap7sc7p5t_SIMPLE_RVT_FF_nldm_201020 
O2A1O1Ixp33_ASAP7_75t_R           82     7.173      3.797    asap7sc7p5t_OA_RVT_FF_nldm_201020     
OA211x2_ASAP7_75t_R               17     1.983      1.853    asap7sc7p5t_OA_RVT_FF_nldm_201020     
OA21x2_ASAP7_75t_R               116    11.839     14.529    asap7sc7p5t_OA_RVT_FF_nldm_201020     
OA222x2_ASAP7_75t_R               74    12.947      9.616    asap7sc7p5t_OA_RVT_FF_nldm_201020     
OA22x2_ASAP7_75t_R                 1     0.146      0.114    asap7sc7p5t_OA_RVT_FF_nldm_201020     
OA33x2_ASAP7_75t_R                 4     0.583      0.444    asap7sc7p5t_OA_RVT_FF_nldm_201020     
OAI211xp5_ASAP7_75t_R            282    24.669     13.475    asap7sc7p5t_OA_RVT_FF_nldm_201020     
OAI21x1_ASAP7_75t_R                3     0.350      0.282    asap7sc7p5t_OA_RVT_FF_nldm_201020     
OAI21xp33_ASAP7_75t_R              4     0.292      0.159    asap7sc7p5t_OA_RVT_FF_nldm_201020     
OAI21xp5_ASAP7_75t_R             863    62.913     48.668    asap7sc7p5t_OA_RVT_FF_nldm_201020     
OAI221xp5_ASAP7_75t_R            906    92.466     48.623    asap7sc7p5t_OA_RVT_FF_nldm_201020     
OAI222xp33_ASAP7_75t_R            80    11.664      3.478    asap7sc7p5t_OA_RVT_FF_nldm_201020     
OAI22xp33_ASAP7_75t_R            229    20.033      8.724    asap7sc7p5t_OA_RVT_FF_nldm_201020     
OAI22xp5_ASAP7_75t_R            2085   182.396    118.029    asap7sc7p5t_OA_RVT_FF_nldm_201020     
OAI311xp33_ASAP7_75t_R             3     0.306      0.126    asap7sc7p5t_OA_RVT_FF_nldm_201020     
OAI31xp33_ASAP7_75t_R             30     2.624      0.837    asap7sc7p5t_OA_RVT_FF_nldm_201020     
OAI321xp33_ASAP7_75t_R             3     0.350      0.119    asap7sc7p5t_OA_RVT_FF_nldm_201020     
OAI322xp33_ASAP7_75t_R             5     0.656      0.280    asap7sc7p5t_OA_RVT_FF_nldm_201020     
OAI32xp33_ASAP7_75t_R             19     1.939      0.588    asap7sc7p5t_OA_RVT_FF_nldm_201020     
OAI332xp33_ASAP7_75t_R             2     0.292      0.095    asap7sc7p5t_OA_RVT_FF_nldm_201020     
OAI33xp33_ASAP7_75t_R              8     0.933      0.285    asap7sc7p5t_OA_RVT_FF_nldm_201020     
OR2x2_ASAP7_75t_R                183    16.009     39.178    asap7sc7p5t_SIMPLE_RVT_FF_nldm_201020 
OR2x4_ASAP7_75t_R                  5     0.583      1.844    asap7sc7p5t_SIMPLE_RVT_FF_nldm_201020 
OR2x6_ASAP7_75t_R                  3     0.525      1.674    asap7sc7p5t_SIMPLE_RVT_FF_nldm_201020 
OR3x1_ASAP7_75t_R                 65     5.686     10.533    asap7sc7p5t_SIMPLE_RVT_FF_nldm_201020 
OR3x2_ASAP7_75t_R                  1     0.102      0.177    asap7sc7p5t_SIMPLE_RVT_FF_nldm_201020 
OR4x1_ASAP7_75t_R                 15     1.531      3.071    asap7sc7p5t_SIMPLE_RVT_FF_nldm_201020 
OR4x2_ASAP7_75t_R                  1     0.117      0.313    asap7sc7p5t_SIMPLE_RVT_FF_nldm_201020 
OR5x1_ASAP7_75t_R                 23     2.683      3.095    asap7sc7p5t_SIMPLE_RVT_FF_nldm_201020 
OR5x2_ASAP7_75t_R                  1     0.131      0.181    asap7sc7p5t_SIMPLE_RVT_FF_nldm_201020 
XNOR2x2_ASAP7_75t_R                2     0.321      0.691    asap7sc7p5t_SIMPLE_RVT_FF_nldm_201020 
XNOR2xp5_ASAP7_75t_R            1014   133.057    201.200    asap7sc7p5t_SIMPLE_RVT_FF_nldm_201020 
XOR2x2_ASAP7_75t_R                 1     0.160      0.345    asap7sc7p5t_SIMPLE_RVT_FF_nldm_201020 
XOR2xp5_ASAP7_75t_R              850   111.537    158.318    asap7sc7p5t_SIMPLE_RVT_FF_nldm_201020 
---------------------------------------------------------------------------------------------------
total                          46981  6446.766   4377.599                                          


                                                                       Leakage  Leakage 
               Library                Instances Instances %   Area   Power (nW) Power % 
----------------------------------------------------------------------------------------
asap7sc7p5t_AO_RVT_FF_nldm_201020         16902        36.0 1527.022   1028.831    23.5 
asap7sc7p5t_INVBUF_RVT_FF_nldm_201020      5260        11.2  235.132    168.977     3.9 
asap7sc7p5t_OA_RVT_FF_nldm_201020          4816        10.3  436.554    274.117     6.3 
asap7sc7p5t_SEQ_RVT_FF_nldm_201020         9929        21.1 3416.765   1798.571    41.1 
asap7sc7p5t_SIMPLE_RVT_FF_nldm_201020     10074        21.4  831.293   1107.104    25.3 

                                           Leakage  Leakage 
     Type      Instances   Area   Area % Power (nW) Power % 
------------------------------------------------------------
sequential          9929 3416.765   53.0   1798.571    41.1 
inverter            5060  222.345    3.4    158.747     3.6 
buffer               200   12.787    0.2     10.230     0.2 
logic              31792 2794.869   43.4   2410.052    55.1 
physical_cells         0    0.000    0.0      0.000     0.0 
------------------------------------------------------------
total              46981 6446.766  100.0   4377.599   100.0 

