============================================================
  Generated by:           Genus(TM) Synthesis Solution 23.13-s073_1
  Generated on:           Dec 18 2025  06:55:59 pm
  Module:                 riscv_core
  Technology libraries:   sram_asap7_64x256_1rw 1.0
                          asap7sc7p5t_OA_RVT_FF_nldm_201020 1.0
                          asap7sc7p5t_SEQ_RVT_FF_nldm_201020 1.0
                          sram_asap7_16x256_1rw 1.0
                          sram_asap7_64x64_1rw 1.0
                          asap7sc7p5t_AO_RVT_FF_nldm_201020 1.0
                          asap7sc7p5t_INVBUF_RVT_FF_nldm_201020 1.0
                          asap7sc7p5t_SIMPLE_RVT_FF_nldm_201020 1.0
                          sram_asap7_32x256_1rw 1.0
  Operating conditions:   tt_1.0_25.0 (balanced_tree)
  Wireload mode:          enclosed
  Area mode:              timing library
============================================================

              Instance                    Module       Cell-Count  Cell-Area  Net-Area   Total-Area   Wireload  
----------------------------------------------------------------------------------------------------------------
riscv_core                           NA                     46981   6446.766     0.000     6446.766 <none> (D)  
  u_exec0_u_alu                      biriscv_alu             1144    104.072     0.000      104.072 <none> (D)  
  u_exec1_u_alu                      biriscv_alu_3001        1161    105.151     0.000      105.151 <none> (D)  
  u_frontend_u_decode_genblk1.u_dec0 biriscv_decoder           72      5.278     0.000        5.278 <none> (D)  
  (D) = wireload is default in technology library
