============================================================
  Generated by:           Genus(TM) Synthesis Solution 23.13-s073_1
  Generated on:           Dec 18 2025  06:57:19 pm
  Module:                 riscv_core
  Technology libraries:   sram_asap7_64x256_1rw 1.0
                          asap7sc7p5t_OA_RVT_FF_nldm_201020 1.0
                          asap7sc7p5t_SEQ_RVT_FF_nldm_201020 1.0
                          sram_asap7_16x256_1rw 1.0
                          sram_asap7_64x64_1rw 1.0
                          asap7sc7p5t_AO_RVT_FF_nldm_201020 1.0
                          asap7sc7p5t_INVBUF_RVT_FF_nldm_201020 1.0
                          asap7sc7p5t_SIMPLE_RVT_FF_nldm_201020 1.0
                          sram_asap7_32x256_1rw 1.0
  Operating conditions:   tt_1.0_25.0 (balanced_tree)
  Wireload mode:          enclosed
  Area mode:              timing library
============================================================

                                               
           Gate            Instances    Area                    Library                 
----------------------------------------------------------------------------------------
A2O1A1Ixp33_ASAP7_75t_R          114     9.973    asap7sc7p5t_AO_RVT_FF_nldm_201020     
A2O1A1O1Ixp25_ASAP7_75t_R          3     0.394    asap7sc7p5t_AO_RVT_FF_nldm_201020     
AND2x2_ASAP7_75t_R               336    29.393    asap7sc7p5t_SIMPLE_RVT_FF_nldm_201020 
AND3x1_ASAP7_75t_R                45     3.937    asap7sc7p5t_SIMPLE_RVT_FF_nldm_201020 
AND4x1_ASAP7_75t_R               305    31.128    asap7sc7p5t_SIMPLE_RVT_FF_nldm_201020 
AND5x1_ASAP7_75t_R               164    19.129    asap7sc7p5t_SIMPLE_RVT_FF_nldm_201020 
AO21x1_ASAP7_75t_R               384    33.592    asap7sc7p5t_AO_RVT_FF_nldm_201020     
AO21x2_ASAP7_75t_R                33     3.368    asap7sc7p5t_AO_RVT_FF_nldm_201020     
AO221x1_ASAP7_75t_R              129    18.808    asap7sc7p5t_AO_RVT_FF_nldm_201020     
AO222x2_ASAP7_75t_R               60    10.498    asap7sc7p5t_AO_RVT_FF_nldm_201020     
AO22x1_ASAP7_75t_R               346    45.402    asap7sc7p5t_AO_RVT_FF_nldm_201020     
AO22x2_ASAP7_75t_R                 3     0.437    asap7sc7p5t_AO_RVT_FF_nldm_201020     
AO32x1_ASAP7_75t_R                26     3.033    asap7sc7p5t_AO_RVT_FF_nldm_201020     
AO33x2_ASAP7_75t_R                 5     0.729    asap7sc7p5t_AO_RVT_FF_nldm_201020     
AOI211xp5_ASAP7_75t_R            250    21.870    asap7sc7p5t_AO_RVT_FF_nldm_201020     
AOI21xp33_ASAP7_75t_R            134     9.769    asap7sc7p5t_AO_RVT_FF_nldm_201020     
AOI21xp5_ASAP7_75t_R            1252    91.271    asap7sc7p5t_AO_RVT_FF_nldm_201020     
AOI221xp5_ASAP7_75t_R            785    80.117    asap7sc7p5t_AO_RVT_FF_nldm_201020     
AOI222xp33_ASAP7_75t_R           348    50.738    asap7sc7p5t_AO_RVT_FF_nldm_201020     
AOI22xp33_ASAP7_75t_R           2087   182.571    asap7sc7p5t_AO_RVT_FF_nldm_201020     
AOI22xp5_ASAP7_75t_R           10383   908.305    asap7sc7p5t_AO_RVT_FF_nldm_201020     
AOI311xp33_ASAP7_75t_R             7     0.714    asap7sc7p5t_AO_RVT_FF_nldm_201020     
AOI31xp33_ASAP7_75t_R             25     2.187    asap7sc7p5t_AO_RVT_FF_nldm_201020     
AOI321xp33_ASAP7_75t_R             4     0.467    asap7sc7p5t_AO_RVT_FF_nldm_201020     
AOI322xp5_ASAP7_75t_R             21     2.756    asap7sc7p5t_AO_RVT_FF_nldm_201020     
AOI32xp33_ASAP7_75t_R            495    50.520    asap7sc7p5t_AO_RVT_FF_nldm_201020     
AOI33xp33_ASAP7_75t_R              5     0.583    asap7sc7p5t_AO_RVT_FF_nldm_201020     
ASYNC_DFFHx1_ASAP7_75t_R        5961  2259.696    asap7sc7p5t_SEQ_RVT_FF_nldm_201020    
BUFx2_ASAP7_75t_R                  4     0.292    asap7sc7p5t_INVBUF_RVT_FF_nldm_201020 
DFFHQNx1_ASAP7_75t_R            3968  1157.069    asap7sc7p5t_SEQ_RVT_FF_nldm_201020    
FAx1_ASAP7_75t_R                 300    61.236    asap7sc7p5t_SIMPLE_RVT_FF_nldm_201020 
HAxp5_ASAP7_75t_R                 46     6.036    asap7sc7p5t_SIMPLE_RVT_FF_nldm_201020 
HB1xp67_ASAP7_75t_R               21     1.225    asap7sc7p5t_INVBUF_RVT_FF_nldm_201020 
INVx13_ASAP7_75t_R                 1     0.219    asap7sc7p5t_INVBUF_RVT_FF_nldm_201020 
INVx1_ASAP7_75t_R               2222    97.190    asap7sc7p5t_INVBUF_RVT_FF_nldm_201020 
INVx2_ASAP7_75t_R                 16     0.933    asap7sc7p5t_INVBUF_RVT_FF_nldm_201020 
INVx3_ASAP7_75t_R                  2     0.146    asap7sc7p5t_INVBUF_RVT_FF_nldm_201020 
INVx4_ASAP7_75t_R                  1     0.087    asap7sc7p5t_INVBUF_RVT_FF_nldm_201020 
INVx6_ASAP7_75t_R                  1     0.117    asap7sc7p5t_INVBUF_RVT_FF_nldm_201020 
INVxp33_ASAP7_75t_R               37     1.618    asap7sc7p5t_INVBUF_RVT_FF_nldm_201020 
INVxp67_ASAP7_75t_R             1581    69.153    asap7sc7p5t_INVBUF_RVT_FF_nldm_201020 
MAJIxp5_ASAP7_75t_R              397    40.518    asap7sc7p5t_SIMPLE_RVT_FF_nldm_201020 
MAJx2_ASAP7_75t_R                120    15.746    asap7sc7p5t_SIMPLE_RVT_FF_nldm_201020 
NAND2xp33_ASAP7_75t_R            313    18.254    asap7sc7p5t_SIMPLE_RVT_FF_nldm_201020 
NAND2xp5_ASAP7_75t_R            1733   101.069    asap7sc7p5t_SIMPLE_RVT_FF_nldm_201020 
NAND3x1_ASAP7_75t_R                2     0.321    asap7sc7p5t_SIMPLE_RVT_FF_nldm_201020 
NAND3xp33_ASAP7_75t_R            139    10.133    asap7sc7p5t_SIMPLE_RVT_FF_nldm_201020 
NAND4xp25_ASAP7_75t_R            179    15.659    asap7sc7p5t_SIMPLE_RVT_FF_nldm_201020 
NAND5xp2_ASAP7_75t_R             320    32.659    asap7sc7p5t_SIMPLE_RVT_FF_nldm_201020 
NOR2x1_ASAP7_75t_R                66     5.774    asap7sc7p5t_SIMPLE_RVT_FF_nldm_201020 
NOR2x1p5_ASAP7_75t_R               1     0.117    asap7sc7p5t_SIMPLE_RVT_FF_nldm_201020 
NOR2xp33_ASAP7_75t_R            3262   190.240    asap7sc7p5t_SIMPLE_RVT_FF_nldm_201020 
NOR3xp33_ASAP7_75t_R             100     7.290    asap7sc7p5t_SIMPLE_RVT_FF_nldm_201020 
NOR4xp25_ASAP7_75t_R              42     3.674    asap7sc7p5t_SIMPLE_RVT_FF_nldm_201020 
NOR5xp2_ASAP7_75t_R              122    12.451    asap7sc7p5t_SIMPLE_RVT_FF_nldm_201020 
O2A1O1Ixp33_ASAP7_75t_R           83     7.261    asap7sc7p5t_OA_RVT_FF_nldm_201020     
OA211x2_ASAP7_75t_R               18     2.100    asap7sc7p5t_OA_RVT_FF_nldm_201020     
OA21x2_ASAP7_75t_R               112    11.431    asap7sc7p5t_OA_RVT_FF_nldm_201020     
OA222x2_ASAP7_75t_R               74    12.947    asap7sc7p5t_OA_RVT_FF_nldm_201020     
OA22x2_ASAP7_75t_R                 1     0.146    asap7sc7p5t_OA_RVT_FF_nldm_201020     
OA33x2_ASAP7_75t_R                 4     0.583    asap7sc7p5t_OA_RVT_FF_nldm_201020     
OAI211xp5_ASAP7_75t_R            281    24.582    asap7sc7p5t_OA_RVT_FF_nldm_201020     
OAI21x1_ASAP7_75t_R                2     0.233    asap7sc7p5t_OA_RVT_FF_nldm_201020     
OAI21xp33_ASAP7_75t_R             20     1.458    asap7sc7p5t_OA_RVT_FF_nldm_201020     
OAI21xp5_ASAP7_75t_R             809    58.976    asap7sc7p5t_OA_RVT_FF_nldm_201020     
OAI221xp5_ASAP7_75t_R            905    92.364    asap7sc7p5t_OA_RVT_FF_nldm_201020     
OAI222xp33_ASAP7_75t_R            80    11.664    asap7sc7p5t_OA_RVT_FF_nldm_201020     
OAI22xp33_ASAP7_75t_R            229    20.033    asap7sc7p5t_OA_RVT_FF_nldm_201020     
OAI22xp5_ASAP7_75t_R            2088   182.658    asap7sc7p5t_OA_RVT_FF_nldm_201020     
OAI311xp33_ASAP7_75t_R             3     0.306    asap7sc7p5t_OA_RVT_FF_nldm_201020     
OAI31xp33_ASAP7_75t_R             30     2.624    asap7sc7p5t_OA_RVT_FF_nldm_201020     
OAI321xp33_ASAP7_75t_R             3     0.350    asap7sc7p5t_OA_RVT_FF_nldm_201020     
OAI322xp33_ASAP7_75t_R             5     0.656    asap7sc7p5t_OA_RVT_FF_nldm_201020     
OAI32xp33_ASAP7_75t_R             18     1.837    asap7sc7p5t_OA_RVT_FF_nldm_201020     
OAI332xp33_ASAP7_75t_R             2     0.292    asap7sc7p5t_OA_RVT_FF_nldm_201020     
OAI33xp33_ASAP7_75t_R              8     0.933    asap7sc7p5t_OA_RVT_FF_nldm_201020     
OR2x2_ASAP7_75t_R                182    15.921    asap7sc7p5t_SIMPLE_RVT_FF_nldm_201020 
OR2x4_ASAP7_75t_R                  2     0.233    asap7sc7p5t_SIMPLE_RVT_FF_nldm_201020 
OR2x6_ASAP7_75t_R                  3     0.525    asap7sc7p5t_SIMPLE_RVT_FF_nldm_201020 
OR3x1_ASAP7_75t_R                 68     5.949    asap7sc7p5t_SIMPLE_RVT_FF_nldm_201020 
OR3x2_ASAP7_75t_R                  1     0.102    asap7sc7p5t_SIMPLE_RVT_FF_nldm_201020 
OR4x1_ASAP7_75t_R                 15     1.531    asap7sc7p5t_SIMPLE_RVT_FF_nldm_201020 
OR4x2_ASAP7_75t_R                  1     0.117    asap7sc7p5t_SIMPLE_RVT_FF_nldm_201020 
OR5x1_ASAP7_75t_R                 23     2.683    asap7sc7p5t_SIMPLE_RVT_FF_nldm_201020 
OR5x2_ASAP7_75t_R                  1     0.131    asap7sc7p5t_SIMPLE_RVT_FF_nldm_201020 
XNOR2x2_ASAP7_75t_R                1     0.160    asap7sc7p5t_SIMPLE_RVT_FF_nldm_201020 
XNOR2xp5_ASAP7_75t_R             747    98.021    asap7sc7p5t_SIMPLE_RVT_FF_nldm_201020 
XOR2x2_ASAP7_75t_R                 1     0.160    asap7sc7p5t_SIMPLE_RVT_FF_nldm_201020 
XOR2xp5_ASAP7_75t_R              519    68.103    asap7sc7p5t_SIMPLE_RVT_FF_nldm_201020 
----------------------------------------------------------------------------------------
total                          45045  6347.680                                          


               Library                Instances   Area   Instances % 
---------------------------------------------------------------------
asap7sc7p5t_AO_RVT_FF_nldm_201020         16899 1528.101        37.5 
asap7sc7p5t_INVBUF_RVT_FF_nldm_201020      3886  170.980         8.6 
asap7sc7p5t_OA_RVT_FF_nldm_201020          4775  433.434        10.6 
asap7sc7p5t_SEQ_RVT_FF_nldm_201020         9929 3416.765        22.0 
asap7sc7p5t_SIMPLE_RVT_FF_nldm_201020      9556  798.401        21.2 

                                         
     Type      Instances   Area   Area % 
-----------------------------------------
sequential          9929 3416.765   53.8 
inverter            3861  169.463    2.7 
buffer                25    1.516    0.0 
logic              31230 2759.936   43.5 
physical_cells         0    0.000    0.0 
-----------------------------------------
total              45045 6347.680  100.0 

