============================================================
  Generated by:           Genus(TM) Synthesis Solution 23.13-s073_1
  Generated on:           Dec 18 2025  06:57:24 pm
  Module:                 riscv_core
  Operating conditions:   tt_1.0_25.0 (balanced_tree)
  Wireload mode:          enclosed
  Area mode:              timing library
============================================================


Path 1: MET (0 ps) Setup Check with Pin retime_s331_639_reg/CLK->D
          Group: clk
     Startpoint: (R) u_mul_mul_123_68_retime_s328_7_reg/CLK
          Clock: (R) clk
       Endpoint: (R) retime_s331_639_reg/D
          Clock: (R) clk

                     Capture       Launch     
        Clock Edge:+    2000            0     
       Src Latency:+       0            0     
       Net Latency:+       0 (I)        0 (I) 
           Arrival:=    2000            0     
                                              
             Setup:-       5                  
       Uncertainty:-     200                  
     Required Time:=    1795                  
      Launch Clock:-       0                  
         Data Path:-    1795                  
             Slack:=       0                  

#--------------------------------------------------------------------------------------------------------------------------------
#             Timing Point               Flags    Arc    Edge           Cell            Fanout Load Trans Delay Arrival Instance 
#                                                                                              (fF)  (ps)  (ps)   (ps)  Location 
#--------------------------------------------------------------------------------------------------------------------------------
  u_mul_mul_123_68_retime_s328_7_reg/CLK -       -       R     (arrival)                  9929    -   100     0       0    (-,-) 
  u_mul_mul_123_68_retime_s328_7_reg/QN  -       CLK->QN R     ASYNC_DFFHx1_ASAP7_75t_R     34 19.5   122   111     111    (-,-) 
  u_mul_mul_123_68_g141115/Y             -       A->Y    F     INVx1_ASAP7_75t_R             4  2.7    36    26     137    (-,-) 
  u_mul_mul_123_68_g193237/Y             -       A->Y    F     XOR2x2_ASAP7_75t_R           22 12.8    40    49     186    (-,-) 
  u_mul_mul_123_68_g192893/Y             -       B->Y    R     NOR2xp33_ASAP7_75t_R         20 11.8   237   123     310    (-,-) 
  u_mul_mul_123_68_g192783/Y             -       B->Y    F     NAND2xp5_ASAP7_75t_R          7  3.8    84    63     373    (-,-) 
  u_mul_mul_123_68_g192037/Y             -       A1->Y   R     OAI221xp5_ASAP7_75t_R         2  1.7    58    47     420    (-,-) 
  u_mul_mul_123_68_g191558/Y             -       B->Y    R     XOR2xp5_ASAP7_75t_R           2  1.6    36    33     453    (-,-) 
  u_mul_mul_123_68_g191110/Y             -       B->Y    R     XOR2xp5_ASAP7_75t_R           1  0.9    28    26     478    (-,-) 
  u_mul_mul_123_68_g190890/Y             -       B->Y    R     XNOR2xp5_ASAP7_75t_R          2  1.5    32    22     501    (-,-) 
  u_mul_mul_123_68_g190638/Y             -       B->Y    R     XNOR2xp5_ASAP7_75t_R          3  1.6    32    23     524    (-,-) 
  u_mul_mul_123_68_g190478/Y             -       B->Y    F     NOR2xp33_ASAP7_75t_R          1  0.6    20    17     541    (-,-) 
  u_mul_mul_123_68_g190076/Y             -       A1->Y   R     OAI21xp5_ASAP7_75t_R          2  1.7    25    17     558    (-,-) 
  u_mul_mul_123_68_g190028/Y             -       A->Y    F     MAJIxp5_ASAP7_75t_R           2  1.7    28    20     578    (-,-) 
  u_mul_mul_123_68_g190015/Y             -       A->Y    R     INVx1_ASAP7_75t_R             1  0.6    11     9     588    (-,-) 
  u_mul_mul_123_68_g189974/Y             -       A1->Y   F     AOI21xp5_ASAP7_75t_R          2  1.6    20    13     601    (-,-) 
  u_mul_mul_123_68_g189950/Y             -       A->Y    R     MAJIxp5_ASAP7_75t_R           2  1.7    34    23     623    (-,-) 
  u_mul_mul_123_68_g189940/Y             -       A1->Y   F     AOI21xp5_ASAP7_75t_R          2  1.6    24    18     642    (-,-) 
  u_mul_mul_123_68_g189939/Y             -       A->Y    R     MAJIxp5_ASAP7_75t_R           2  1.7    34    24     666    (-,-) 
  u_mul_mul_123_68_g189936/Y             -       A1->Y   F     AOI21xp5_ASAP7_75t_R          2  1.6    24    19     684    (-,-) 
  u_mul_mul_123_68_g189935/Y             -       A->Y    R     MAJIxp5_ASAP7_75t_R           2  1.8    35    25     709    (-,-) 
  u_mul_mul_123_68_g189934/Y             -       A->Y    F     INVx1_ASAP7_75t_R             1  0.6    10     8     717    (-,-) 
  u_mul_mul_123_68_g189932/Y             -       A->Y    R     MAJIxp5_ASAP7_75t_R           2  1.5    31    18     736    (-,-) 
  u_mul_mul_123_68_g189930/Y             -       A->Y    F     MAJIxp5_ASAP7_75t_R           2  2.2    33    24     760    (-,-) 
  u_mul_mul_123_68_g189928/Y             -       A->Y    R     MAJIxp5_ASAP7_75t_R           2  1.7    36    27     787    (-,-) 
  u_mul_mul_123_68_g189925/Y             -       A1->Y   F     AOI21xp5_ASAP7_75t_R          2  2.3    30    22     809    (-,-) 
  u_mul_mul_123_68_g189924/Y             -       A->Y    R     INVx1_ASAP7_75t_R             1  0.6    11    10     819    (-,-) 
  u_mul_mul_123_68_g189923/Y             -       A->Y    F     MAJIxp5_ASAP7_75t_R           2  1.6    31    16     834    (-,-) 
  u_mul_mul_123_68_g189920/Y             -       A2->Y   R     OAI21xp5_ASAP7_75t_R          2  1.7    29    21     855    (-,-) 
  u_mul_mul_123_68_g189919/Y             -       A->Y    F     MAJIxp5_ASAP7_75t_R           2  1.6    27    21     876    (-,-) 
  u_mul_mul_123_68_g189916/Y             -       A2->Y   R     OAI21xp5_ASAP7_75t_R          2  1.5    26    19     895    (-,-) 
  u_mul_mul_123_68_g189915/Y             -       A->Y    F     MAJIxp5_ASAP7_75t_R           2  2.2    31    23     918    (-,-) 
  u_mul_mul_123_68_g189913/Y             -       A->Y    R     MAJIxp5_ASAP7_75t_R           2  1.5    34    25     943    (-,-) 
  u_mul_mul_123_68_g189910/Y             -       A1->Y   F     AOI21xp5_ASAP7_75t_R          2  2.2    29    22     964    (-,-) 
  u_mul_mul_123_68_g189909/Y             -       A->Y    R     MAJIxp5_ASAP7_75t_R           2  1.6    36    25     989    (-,-) 
  u_mul_mul_123_68_g189908/Y             -       A->Y    F     INVx1_ASAP7_75t_R             1  0.6    11     8     997    (-,-) 
  u_mul_mul_123_68_g189906/Y             -       A->Y    R     MAJIxp5_ASAP7_75t_R           2  1.5    33    18    1016    (-,-) 
  u_mul_mul_123_68_g189903/Y             -       A1->Y   F     AOI21xp5_ASAP7_75t_R          2  2.2    29    21    1037    (-,-) 
  u_mul_mul_123_68_g189902/Y             -       A->Y    R     MAJIxp5_ASAP7_75t_R           2  1.7    35    25    1062    (-,-) 
  u_mul_mul_123_68_g189899/Y             -       A1->Y   F     AOI21xp5_ASAP7_75t_R          2  1.6    24    19    1081    (-,-) 
  u_mul_mul_123_68_g189897/Y             -       A2->Y   R     OAI21xp5_ASAP7_75t_R          2  1.7    27    20    1101    (-,-) 
  u_mul_mul_123_68_g189895/Y             -       A1->Y   F     AOI21xp5_ASAP7_75t_R          2  2.2    27    20    1121    (-,-) 
  u_mul_mul_123_68_g189894/Y             -       A->Y    F     MAJx2_ASAP7_75t_R             2  1.6    11    29    1150    (-,-) 
  u_mul_mul_123_68_g189891/Y             -       A2->Y   R     OAI21xp5_ASAP7_75t_R          2  1.5    25    15    1164    (-,-) 
  u_mul_mul_123_68_g189889/Y             -       A1->Y   F     AOI21xp5_ASAP7_75t_R          2  1.6    22    17    1181    (-,-) 
  u_mul_mul_123_68_g189887/Y             -       A2->Y   F     OA21x2_ASAP7_75t_R            2  1.6     9    22    1203    (-,-) 
  u_mul_mul_123_68_g189885/Y             -       A2->Y   R     OAI21xp5_ASAP7_75t_R          2  1.7    25    15    1218    (-,-) 
  u_mul_mul_123_68_g189884/Y             -       A->Y    F     MAJIxp5_ASAP7_75t_R           2  1.6    26    20    1238    (-,-) 
  u_mul_mul_123_68_g189881/Y             -       A1->Y   R     AOI21xp5_ASAP7_75t_R          2  1.7    26    18    1256    (-,-) 
  u_mul_mul_123_68_g189879/Y             -       A1->Y   F     AOI21xp5_ASAP7_75t_R          2  2.2    27    20    1275    (-,-) 
  u_mul_mul_123_68_g189878/Y             -       A->Y    R     MAJIxp5_ASAP7_75t_R           2  1.7    37    25    1300    (-,-) 
  u_mul_mul_123_68_g189875/Y             -       A1->Y   F     AOI21xp5_ASAP7_75t_R          2  2.2    30    22    1322    (-,-) 
  u_mul_mul_123_68_g189874/Y             -       A->Y    R     MAJIxp5_ASAP7_75t_R           2  1.7    36    26    1348    (-,-) 
  u_mul_mul_123_68_g189871/Y             -       A->Y    F     MAJIxp5_ASAP7_75t_R           2  2.2    34    26    1374    (-,-) 
  u_mul_mul_123_68_g189870/Y             -       A->Y    R     MAJIxp5_ASAP7_75t_R           2  1.7    36    27    1401    (-,-) 
  u_mul_mul_123_68_g189867/Y             -       A2->Y   F     OAI21xp5_ASAP7_75t_R          2  1.6    24    18    1419    (-,-) 
  u_mul_mul_123_68_g189865/Y             -       A1->Y   R     AOI21xp5_ASAP7_75t_R          2  1.5    24    17    1436    (-,-) 
  u_mul_mul_123_68_g189863/Y             -       A1->Y   F     AOI21xp5_ASAP7_75t_R          2  2.3    28    20    1456    (-,-) 
  u_mul_mul_123_68_g189862/Y             -       A->Y    R     INVx1_ASAP7_75t_R             1  0.6    11     9    1465    (-,-) 
  u_mul_mul_123_68_g189861/Y             -       A->Y    F     MAJIxp5_ASAP7_75t_R           2  2.2    36    18    1483    (-,-) 
  u_mul_mul_123_68_g189859/Y             -       A->Y    R     MAJIxp5_ASAP7_75t_R           2  1.7    37    28    1511    (-,-) 
  u_mul_mul_123_68_g189856/Y             -       A1->Y   F     AOI21xp5_ASAP7_75t_R          2  2.2    30    22    1533    (-,-) 
  u_mul_mul_123_68_g189855/Y             -       A->Y    F     MAJx2_ASAP7_75t_R             2  1.6    11    30    1562    (-,-) 
  u_mul_mul_123_68_g189852/Y             -       A2->Y   R     OAI21xp5_ASAP7_75t_R          2  1.5    23    15    1577    (-,-) 
  u_mul_mul_123_68_g189851/Y             -       A->Y    R     MAJx2_ASAP7_75t_R             2  1.5    11    25    1602    (-,-) 
  u_mul_mul_123_68_g189849/Y             -       A->Y    F     MAJIxp5_ASAP7_75t_R           2  2.3    34    19    1620    (-,-) 
  u_mul_mul_123_68_g189848/Y             -       A->Y    R     INVx1_ASAP7_75t_R             1  0.6    12    10    1631    (-,-) 
  u_mul_mul_123_68_g189846/Y             -       A->Y    F     MAJIxp5_ASAP7_75t_R           2  2.2    36    18    1649    (-,-) 
  u_mul_mul_123_68_g189844/Y             -       A->Y    R     MAJIxp5_ASAP7_75t_R           2  1.5    34    26    1675    (-,-) 
  u_mul_mul_123_68_g189842/Y             -       A->Y    F     MAJIxp5_ASAP7_75t_R           2  2.2    33    25    1701    (-,-) 
  u_mul_mul_123_68_g189840/Y             -       A->Y    R     MAJIxp5_ASAP7_75t_R           2  1.5    34    25    1726    (-,-) 
  u_mul_mul_123_68_g189838/Y             -       A->Y    F     MAJIxp5_ASAP7_75t_R           1  1.0    22    18    1744    (-,-) 
  u_mul_mul_123_68_g189836/Y             -       B->Y    F     XNOR2xp5_ASAP7_75t_R          1  0.5    14    21    1765    (-,-) 
  g723266/Y                              -       A2->Y   F     AO22x1_ASAP7_75t_R            1  0.6     9    19    1784    (-,-) 
  g692666/Y                              -       A2->Y   R     AOI22xp5_ASAP7_75t_R          1  0.6    47    11    1795    (-,-) 
  retime_s331_639_reg/D                  -       -       R     ASYNC_DFFHx1_ASAP7_75t_R      1    -     -     0    1795    (-,-) 
#--------------------------------------------------------------------------------------------------------------------------------



Path 2: MET (1 ps) Setup Check with Pin retime_s331_639_reg/CLK->D
          Group: clk
     Startpoint: (R) u_mul_mul_123_68_retime_s328_7_reg/CLK
          Clock: (R) clk
       Endpoint: (R) retime_s331_639_reg/D
          Clock: (R) clk

                     Capture       Launch     
        Clock Edge:+    2000            0     
       Src Latency:+       0            0     
       Net Latency:+       0 (I)        0 (I) 
           Arrival:=    2000            0     
                                              
             Setup:-       5                  
       Uncertainty:-     200                  
     Required Time:=    1795                  
      Launch Clock:-       0                  
         Data Path:-    1794                  
             Slack:=       1                  

#--------------------------------------------------------------------------------------------------------------------------------
#             Timing Point               Flags    Arc    Edge           Cell            Fanout Load Trans Delay Arrival Instance 
#                                                                                              (fF)  (ps)  (ps)   (ps)  Location 
#--------------------------------------------------------------------------------------------------------------------------------
  u_mul_mul_123_68_retime_s328_7_reg/CLK -       -       R     (arrival)                  9929    -   100     0       0    (-,-) 
  u_mul_mul_123_68_retime_s328_7_reg/QN  -       CLK->QN R     ASYNC_DFFHx1_ASAP7_75t_R     34 19.5   122   111     111    (-,-) 
  u_mul_mul_123_68_g141115/Y             -       A->Y    F     INVx1_ASAP7_75t_R             4  2.7    36    26     137    (-,-) 
  u_mul_mul_123_68_g193237/Y             -       A->Y    F     XOR2x2_ASAP7_75t_R           22 12.8    40    49     186    (-,-) 
  u_mul_mul_123_68_g192893/Y             -       B->Y    R     NOR2xp33_ASAP7_75t_R         20 11.8   237   123     310    (-,-) 
  u_mul_mul_123_68_g192855/Y             -       A->Y    F     INVx1_ASAP7_75t_R             9  5.5    70    50     360    (-,-) 
  u_mul_mul_123_68_g192337/Y             -       A2->Y   R     OAI22xp5_ASAP7_75t_R          3  1.4    36    27     387    (-,-) 
  u_mul_mul_123_68_g191820/Y             -       A->Y    F     NOR2xp33_ASAP7_75t_R          2  1.2    29    25     413    (-,-) 
  u_mul_mul_123_68_g191114/Y             -       A2->Y   R     OAI21xp5_ASAP7_75t_R          2  1.8    29    21     434    (-,-) 
  u_mul_mul_123_68_g191049/Y             -       A->Y    F     INVx1_ASAP7_75t_R             1  0.6    10     8     442    (-,-) 
  u_mul_mul_123_68_g190825/Y             -       A2->Y   R     AOI21xp5_ASAP7_75t_R          2  1.7    27    15     457    (-,-) 
  u_mul_mul_123_68_g190602/Y             -       A2->Y   F     AOI21xp5_ASAP7_75t_R          2  1.6    21    15     472    (-,-) 
  u_mul_mul_123_68_g190452/Y             -       A->Y    R     MAJIxp5_ASAP7_75t_R           2  1.7    34    23     495    (-,-) 
  u_mul_mul_123_68_g190271/Y             -       A1->Y   F     AOI21xp5_ASAP7_75t_R          2  1.6    24    18     514    (-,-) 
  u_mul_mul_123_68_g190170/Y             -       A->Y    F     MAJx2_ASAP7_75t_R             2  1.7    11    28     542    (-,-) 
  u_mul_mul_123_68_g190076/Y             -       A2->Y   R     OAI21xp5_ASAP7_75t_R          2  1.7    25    16     557    (-,-) 
  u_mul_mul_123_68_g190028/Y             -       A->Y    F     MAJIxp5_ASAP7_75t_R           2  1.7    28    20     578    (-,-) 
  u_mul_mul_123_68_g190015/Y             -       A->Y    R     INVx1_ASAP7_75t_R             1  0.6    11     9     587    (-,-) 
  u_mul_mul_123_68_g189974/Y             -       A1->Y   F     AOI21xp5_ASAP7_75t_R          2  1.6    20    13     600    (-,-) 
  u_mul_mul_123_68_g189950/Y             -       A->Y    R     MAJIxp5_ASAP7_75t_R           2  1.7    34    23     622    (-,-) 
  u_mul_mul_123_68_g189940/Y             -       A1->Y   F     AOI21xp5_ASAP7_75t_R          2  1.6    24    18     641    (-,-) 
  u_mul_mul_123_68_g189939/Y             -       A->Y    R     MAJIxp5_ASAP7_75t_R           2  1.7    34    24     665    (-,-) 
  u_mul_mul_123_68_g189936/Y             -       A1->Y   F     AOI21xp5_ASAP7_75t_R          2  1.6    24    19     684    (-,-) 
  u_mul_mul_123_68_g189935/Y             -       A->Y    R     MAJIxp5_ASAP7_75t_R           2  1.8    35    25     708    (-,-) 
  u_mul_mul_123_68_g189934/Y             -       A->Y    F     INVx1_ASAP7_75t_R             1  0.6    10     8     716    (-,-) 
  u_mul_mul_123_68_g189932/Y             -       A->Y    R     MAJIxp5_ASAP7_75t_R           2  1.5    31    18     735    (-,-) 
  u_mul_mul_123_68_g189930/Y             -       A->Y    F     MAJIxp5_ASAP7_75t_R           2  2.2    33    24     759    (-,-) 
  u_mul_mul_123_68_g189928/Y             -       A->Y    R     MAJIxp5_ASAP7_75t_R           2  1.7    36    27     786    (-,-) 
  u_mul_mul_123_68_g189925/Y             -       A1->Y   F     AOI21xp5_ASAP7_75t_R          2  2.3    30    22     808    (-,-) 
  u_mul_mul_123_68_g189924/Y             -       A->Y    R     INVx1_ASAP7_75t_R             1  0.6    11    10     818    (-,-) 
  u_mul_mul_123_68_g189923/Y             -       A->Y    F     MAJIxp5_ASAP7_75t_R           2  1.6    31    16     833    (-,-) 
  u_mul_mul_123_68_g189920/Y             -       A2->Y   R     OAI21xp5_ASAP7_75t_R          2  1.7    29    21     855    (-,-) 
  u_mul_mul_123_68_g189919/Y             -       A->Y    F     MAJIxp5_ASAP7_75t_R           2  1.6    27    21     875    (-,-) 
  u_mul_mul_123_68_g189916/Y             -       A2->Y   R     OAI21xp5_ASAP7_75t_R          2  1.5    26    19     894    (-,-) 
  u_mul_mul_123_68_g189915/Y             -       A->Y    F     MAJIxp5_ASAP7_75t_R           2  2.2    31    23     917    (-,-) 
  u_mul_mul_123_68_g189913/Y             -       A->Y    R     MAJIxp5_ASAP7_75t_R           2  1.5    34    25     942    (-,-) 
  u_mul_mul_123_68_g189910/Y             -       A1->Y   F     AOI21xp5_ASAP7_75t_R          2  2.2    29    22     963    (-,-) 
  u_mul_mul_123_68_g189909/Y             -       A->Y    R     MAJIxp5_ASAP7_75t_R           2  1.6    36    25     988    (-,-) 
  u_mul_mul_123_68_g189908/Y             -       A->Y    F     INVx1_ASAP7_75t_R             1  0.6    11     8     996    (-,-) 
  u_mul_mul_123_68_g189906/Y             -       A->Y    R     MAJIxp5_ASAP7_75t_R           2  1.5    33    18    1015    (-,-) 
  u_mul_mul_123_68_g189903/Y             -       A1->Y   F     AOI21xp5_ASAP7_75t_R          2  2.2    29    21    1036    (-,-) 
  u_mul_mul_123_68_g189902/Y             -       A->Y    R     MAJIxp5_ASAP7_75t_R           2  1.7    35    25    1062    (-,-) 
  u_mul_mul_123_68_g189899/Y             -       A1->Y   F     AOI21xp5_ASAP7_75t_R          2  1.6    24    19    1080    (-,-) 
  u_mul_mul_123_68_g189897/Y             -       A2->Y   R     OAI21xp5_ASAP7_75t_R          2  1.7    27    20    1100    (-,-) 
  u_mul_mul_123_68_g189895/Y             -       A1->Y   F     AOI21xp5_ASAP7_75t_R          2  2.2    27    20    1120    (-,-) 
  u_mul_mul_123_68_g189894/Y             -       A->Y    F     MAJx2_ASAP7_75t_R             2  1.6    11    29    1149    (-,-) 
  u_mul_mul_123_68_g189891/Y             -       A2->Y   R     OAI21xp5_ASAP7_75t_R          2  1.5    25    15    1163    (-,-) 
  u_mul_mul_123_68_g189889/Y             -       A1->Y   F     AOI21xp5_ASAP7_75t_R          2  1.6    22    17    1180    (-,-) 
  u_mul_mul_123_68_g189887/Y             -       A2->Y   F     OA21x2_ASAP7_75t_R            2  1.6     9    22    1202    (-,-) 
  u_mul_mul_123_68_g189885/Y             -       A2->Y   R     OAI21xp5_ASAP7_75t_R          2  1.7    25    15    1217    (-,-) 
  u_mul_mul_123_68_g189884/Y             -       A->Y    F     MAJIxp5_ASAP7_75t_R           2  1.6    26    20    1237    (-,-) 
  u_mul_mul_123_68_g189881/Y             -       A1->Y   R     AOI21xp5_ASAP7_75t_R          2  1.7    26    18    1255    (-,-) 
  u_mul_mul_123_68_g189879/Y             -       A1->Y   F     AOI21xp5_ASAP7_75t_R          2  2.2    27    20    1275    (-,-) 
  u_mul_mul_123_68_g189878/Y             -       A->Y    R     MAJIxp5_ASAP7_75t_R           2  1.7    37    25    1299    (-,-) 
  u_mul_mul_123_68_g189875/Y             -       A1->Y   F     AOI21xp5_ASAP7_75t_R          2  2.2    30    22    1322    (-,-) 
  u_mul_mul_123_68_g189874/Y             -       A->Y    R     MAJIxp5_ASAP7_75t_R           2  1.7    36    26    1347    (-,-) 
  u_mul_mul_123_68_g189871/Y             -       A->Y    F     MAJIxp5_ASAP7_75t_R           2  2.2    34    26    1373    (-,-) 
  u_mul_mul_123_68_g189870/Y             -       A->Y    R     MAJIxp5_ASAP7_75t_R           2  1.7    36    27    1400    (-,-) 
  u_mul_mul_123_68_g189867/Y             -       A2->Y   F     OAI21xp5_ASAP7_75t_R          2  1.6    24    18    1418    (-,-) 
  u_mul_mul_123_68_g189865/Y             -       A1->Y   R     AOI21xp5_ASAP7_75t_R          2  1.5    24    17    1435    (-,-) 
  u_mul_mul_123_68_g189863/Y             -       A1->Y   F     AOI21xp5_ASAP7_75t_R          2  2.3    28    20    1455    (-,-) 
  u_mul_mul_123_68_g189862/Y             -       A->Y    R     INVx1_ASAP7_75t_R             1  0.6    11     9    1464    (-,-) 
  u_mul_mul_123_68_g189861/Y             -       A->Y    F     MAJIxp5_ASAP7_75t_R           2  2.2    36    18    1482    (-,-) 
  u_mul_mul_123_68_g189859/Y             -       A->Y    R     MAJIxp5_ASAP7_75t_R           2  1.7    37    28    1510    (-,-) 
  u_mul_mul_123_68_g189856/Y             -       A1->Y   F     AOI21xp5_ASAP7_75t_R          2  2.2    30    22    1532    (-,-) 
  u_mul_mul_123_68_g189855/Y             -       A->Y    F     MAJx2_ASAP7_75t_R             2  1.6    11    30    1562    (-,-) 
  u_mul_mul_123_68_g189852/Y             -       A2->Y   R     OAI21xp5_ASAP7_75t_R          2  1.5    23    15    1576    (-,-) 
  u_mul_mul_123_68_g189851/Y             -       A->Y    R     MAJx2_ASAP7_75t_R             2  1.5    11    25    1601    (-,-) 
  u_mul_mul_123_68_g189849/Y             -       A->Y    F     MAJIxp5_ASAP7_75t_R           2  2.3    34    19    1620    (-,-) 
  u_mul_mul_123_68_g189848/Y             -       A->Y    R     INVx1_ASAP7_75t_R             1  0.6    12    10    1630    (-,-) 
  u_mul_mul_123_68_g189846/Y             -       A->Y    F     MAJIxp5_ASAP7_75t_R           2  2.2    36    18    1648    (-,-) 
  u_mul_mul_123_68_g189844/Y             -       A->Y    R     MAJIxp5_ASAP7_75t_R           2  1.5    34    26    1674    (-,-) 
  u_mul_mul_123_68_g189842/Y             -       A->Y    F     MAJIxp5_ASAP7_75t_R           2  2.2    33    25    1700    (-,-) 
  u_mul_mul_123_68_g189840/Y             -       A->Y    R     MAJIxp5_ASAP7_75t_R           2  1.5    34    25    1725    (-,-) 
  u_mul_mul_123_68_g189838/Y             -       A->Y    F     MAJIxp5_ASAP7_75t_R           1  1.0    22    18    1744    (-,-) 
  u_mul_mul_123_68_g189836/Y             -       B->Y    F     XNOR2xp5_ASAP7_75t_R          1  0.5    14    21    1764    (-,-) 
  g723266/Y                              -       A2->Y   F     AO22x1_ASAP7_75t_R            1  0.6     9    19    1784    (-,-) 
  g692666/Y                              -       A2->Y   R     AOI22xp5_ASAP7_75t_R          1  0.6    47    11    1794    (-,-) 
  retime_s331_639_reg/D                  -       -       R     ASYNC_DFFHx1_ASAP7_75t_R      1    -     -     0    1794    (-,-) 
#--------------------------------------------------------------------------------------------------------------------------------



Path 3: MET (1 ps) Setup Check with Pin u_exec0_u_alu/retime_s416_51_reg/CLK->D
          Group: clk
     Startpoint: (F) mem_d_ack_i
          Clock: (R) clk
       Endpoint: (R) u_exec0_u_alu/retime_s416_51_reg/D
          Clock: (R) clk

                     Capture       Launch     
        Clock Edge:+    2000            0     
        Drv Adjust:+       0            0     
       Src Latency:+       0            0     
       Net Latency:+       0 (I)        0 (I) 
           Arrival:=    2000            0     
                                              
             Setup:-       5                  
       Uncertainty:-     200                  
     Required Time:=    1795                  
      Launch Clock:-       0                  
       Input Delay:-     300                  
         Data Path:-    1494                  
             Slack:=       1                  

Exceptions/Constraints:
  input_delay             300             riscv_core.sdc_1_line_29_619_1 

#-------------------------------------------------------------------------------------------------------------------------------
#             Timing Point              Flags    Arc    Edge           Cell            Fanout Load Trans Delay Arrival Instance 
#                                                                                             (fF)  (ps)  (ps)   (ps)  Location 
#-------------------------------------------------------------------------------------------------------------------------------
  mem_d_ack_i                           -       -       F     (arrival)                     6  5.0     0     0     300    (-,-) 
  g623287/Y                             -       B->Y    R     NOR2x1p5_ASAP7_75t_R          2  1.8    16     7     307    (-,-) 
  g623234/Y                             -       A->Y    R     OR2x6_ASAP7_75t_R            10  5.8    12    22     329    (-,-) 
  g623201/Y                             -       B->Y    F     NOR2xp33_ASAP7_75t_R          3  1.7    35    20     350    (-,-) 
  g623182/Y                             -       B->Y    F     AO21x1_ASAP7_75t_R            3  2.1    14    25     374    (-,-) 
  g623141/Y                             -       A->Y    R     NOR2x1_ASAP7_75t_R            2  1.9    18    14     388    (-,-) 
  g623117/Y                             -       A->Y    F     NAND3x1_ASAP7_75t_R           3  2.8    23    15     403    (-,-) 
  g623091/Y                             -       A->Y    F     OR2x6_ASAP7_75t_R            31 19.5    25    37     440    (-,-) 
  g623090/Y                             -       A->Y    R     INVx2_ASAP7_75t_R            11  6.2    24    18     458    (-,-) 
  g623063/Y                             -       B2->Y   R     AO22x2_ASAP7_75t_R           24 12.4    41    37     495    (-,-) 
  g730027/Y                             -       B->Y    F     NOR2xp33_ASAP7_75t_R          4  2.3    45    35     530    (-,-) 
  g662877/Y                             -       B->Y    R     NAND2xp5_ASAP7_75t_R          4  1.9    32    26     556    (-,-) 
  g662682/Y                             -       B->Y    R     OR2x2_ASAP7_75t_R             7  4.2    19    28     584    (-,-) 
  g662599/Y                             -       B->Y    F     NOR2xp33_ASAP7_75t_R          3  1.8    48    24     608    (-,-) 
  g662454/Y                             -       A->Y    R     NOR3xp33_ASAP7_75t_R          2  1.3    42    31     639    (-,-) 
  g661916/Y                             -       A->Y    F     NAND3xp33_ASAP7_75t_R         2  1.8    39    28     667    (-,-) 
  g661896/Y                             -       A->Y    R     INVx1_ASAP7_75t_R             2  1.2    17    14     681    (-,-) 
  g661816/Y                             -       A->Y    F     NAND3xp33_ASAP7_75t_R         2  1.8    38    21     702    (-,-) 
  g661768/Y                             -       A->Y    R     INVx1_ASAP7_75t_R             2  1.2    17    14     716    (-,-) 
  g661718/Y                             -       A->Y    R     AND3x1_ASAP7_75t_R            9  5.7    44    39     754    (-,-) 
  g661677/Y                             -       A->Y    F     INVx2_ASAP7_75t_R            24 12.7    39    29     783    (-,-) 
  g661252/Y                             -       A1->Y   R     OAI221xp5_ASAP7_75t_R        10  5.2   103    61     845    (-,-) 
  g719271/Y                             -       A1->Y   R     AO221x1_ASAP7_75t_R          46 25.8   155   108     952    (-,-) 
  u_exec0_u_alu/g45569/Y                -       A->Y    F     INVx1_ASAP7_75t_R            39 23.5   140   104    1057    (-,-) 
  u_exec0_u_alu/sub_57_37_g3919__2346/Y -       C->Y    F     MAJx2_ASAP7_75t_R             2  2.2    15    48    1105    (-,-) 
  u_exec0_u_alu/sub_57_37_g3916__9315/Y -       A->Y    F     MAJx2_ASAP7_75t_R             2  2.2    13    26    1131    (-,-) 
  u_exec0_u_alu/sub_57_37_g3914__4733/Y -       A->Y    F     MAJx2_ASAP7_75t_R             2  1.6    11    24    1155    (-,-) 
  u_exec0_u_alu/sub_57_37_g3912__5115/Y -       A->Y    F     MAJx2_ASAP7_75t_R             2  1.6    11    24    1179    (-,-) 
  u_exec0_u_alu/sub_57_37_g3910__6131/Y -       A->Y    F     MAJx2_ASAP7_75t_R             2  2.2    13    25    1204    (-,-) 
  u_exec0_u_alu/sub_57_37_g3908__8246/Y -       A->Y    F     MAJx2_ASAP7_75t_R             2  1.6    11    24    1229    (-,-) 
  u_exec0_u_alu/sub_57_37_g3906__1705/Y -       A->Y    F     MAJx2_ASAP7_75t_R             2  1.6    11    24    1253    (-,-) 
  u_exec0_u_alu/sub_57_37_g3904__1617/Y -       A->Y    F     MAJx2_ASAP7_75t_R             2  1.6    11    24    1277    (-,-) 
  u_exec0_u_alu/sub_57_37_g3902__6783/Y -       A->Y    F     MAJx2_ASAP7_75t_R             2  1.6    11    24    1301    (-,-) 
  u_exec0_u_alu/sub_57_37_g3900__8428/Y -       A->Y    F     MAJx2_ASAP7_75t_R             2  2.2    13    25    1326    (-,-) 
  u_exec0_u_alu/sub_57_37_g3898__6260/Y -       A->Y    F     MAJx2_ASAP7_75t_R             2  1.6    11    24    1350    (-,-) 
  u_exec0_u_alu/sub_57_37_g3896__2398/Y -       A->Y    F     MAJx2_ASAP7_75t_R             2  1.6    11    24    1374    (-,-) 
  u_exec0_u_alu/sub_57_37_g3894__6417/Y -       A->Y    F     MAJx2_ASAP7_75t_R             2  2.2    12    25    1399    (-,-) 
  u_exec0_u_alu/sub_57_37_g3892__1666/Y -       A->Y    F     MAJx2_ASAP7_75t_R             2  2.2    12    26    1424    (-,-) 
  u_exec0_u_alu/sub_57_37_g3890__2883/Y -       A->Y    F     MAJx2_ASAP7_75t_R             2  1.6    11    24    1449    (-,-) 
  u_exec0_u_alu/sub_57_37_g3888__9315/Y -       A->Y    F     MAJx2_ASAP7_75t_R             2  1.6    11    24    1472    (-,-) 
  u_exec0_u_alu/sub_57_37_g3886__4733/Y -       A->Y    F     MAJx2_ASAP7_75t_R             2  1.6    11    24    1496    (-,-) 
  u_exec0_u_alu/sub_57_37_g3884__5115/Y -       A->Y    F     MAJx2_ASAP7_75t_R             1  1.6    11    24    1520    (-,-) 
  u_exec0_u_alu/g45625/CON              -       CI->CON R     FAx1_ASAP7_75t_R              1  0.3    27    14    1534    (-,-) 
  u_exec0_u_alu/g45626/Y                -       A->Y    F     INVxp33_ASAP7_75t_R           1  1.6    29    21    1556    (-,-) 
  u_exec0_u_alu/g45623/CON              -       CI->CON R     FAx1_ASAP7_75t_R              1  0.3    28    20    1576    (-,-) 
  u_exec0_u_alu/g4/Y                    -       A->Y    F     INVxp33_ASAP7_75t_R           1  2.0    34    25    1600    (-,-) 
  u_exec0_u_alu/g45629/CON              -       A->CON  R     FAx1_ASAP7_75t_R              1  0.7    32    24    1624    (-,-) 
  u_exec0_u_alu/g3/Y                    -       A->Y    F     INVx1_ASAP7_75t_R             2  2.2    18    14    1639    (-,-) 
  u_exec0_u_alu/sub_57_37_g3876__1617/Y -       A->Y    F     MAJx2_ASAP7_75t_R             2  1.6    11    26    1665    (-,-) 
  u_exec0_u_alu/sub_57_37_g3874__6783/Y -       A->Y    F     MAJx2_ASAP7_75t_R             2  1.6    11    24    1688    (-,-) 
  u_exec0_u_alu/sub_57_37_g3872__8428/Y -       A->Y    R     MAJIxp5_ASAP7_75t_R           2  1.5    32    18    1707    (-,-) 
  u_exec0_u_alu/sub_57_37_g3870__6260/Y -       A->Y    R     MAJx2_ASAP7_75t_R             2  1.5    13    27    1734    (-,-) 
  u_exec0_u_alu/sub_57_37_g3865__7410/Y -       B->Y    R     XNOR2xp5_ASAP7_75t_R          1  0.9    23    17    1751    (-,-) 
  u_exec0_u_alu/sub_57_37_g3864__1666/Y -       B->Y    R     XNOR2xp5_ASAP7_75t_R          1  0.4    22    17    1768    (-,-) 
  u_exec0_u_alu/g39732__7098/Y          -       A->Y    F     NAND2xp33_ASAP7_75t_R         1  0.6    29    12    1780    (-,-) 
  u_exec0_u_alu/g39673__5115/Y          -       A2->Y   R     AOI22xp5_ASAP7_75t_R          1  0.6    47    14    1794    (-,-) 
  u_exec0_u_alu/retime_s416_51_reg/D    -       -       R     ASYNC_DFFHx1_ASAP7_75t_R      1    -     -     0    1794    (-,-) 
#-------------------------------------------------------------------------------------------------------------------------------



Path 4: MET (1 ps) Setup Check with Pin u_exec0_u_alu/retime_s416_51_reg/CLK->D
          Group: clk
     Startpoint: (F) mem_d_ack_i
          Clock: (R) clk
       Endpoint: (R) u_exec0_u_alu/retime_s416_51_reg/D
          Clock: (R) clk

                     Capture       Launch     
        Clock Edge:+    2000            0     
        Drv Adjust:+       0            0     
       Src Latency:+       0            0     
       Net Latency:+       0 (I)        0 (I) 
           Arrival:=    2000            0     
                                              
             Setup:-       5                  
       Uncertainty:-     200                  
     Required Time:=    1795                  
      Launch Clock:-       0                  
       Input Delay:-     300                  
         Data Path:-    1494                  
             Slack:=       1                  

Exceptions/Constraints:
  input_delay             300             riscv_core.sdc_1_line_29_619_1 

#-------------------------------------------------------------------------------------------------------------------------------
#             Timing Point              Flags    Arc    Edge           Cell            Fanout Load Trans Delay Arrival Instance 
#                                                                                             (fF)  (ps)  (ps)   (ps)  Location 
#-------------------------------------------------------------------------------------------------------------------------------
  mem_d_ack_i                           -       -       F     (arrival)                     6  5.0     0     0     300    (-,-) 
  g623287/Y                             -       B->Y    R     NOR2x1p5_ASAP7_75t_R          2  1.8    16     7     307    (-,-) 
  g623234/Y                             -       A->Y    R     OR2x6_ASAP7_75t_R            10  5.8    12    22     329    (-,-) 
  g623201/Y                             -       B->Y    F     NOR2xp33_ASAP7_75t_R          3  1.7    35    20     350    (-,-) 
  g623181/Y                             -       B->Y    F     AO21x1_ASAP7_75t_R            3  2.2    15    25     374    (-,-) 
  g623141/Y                             -       B->Y    R     NOR2x1_ASAP7_75t_R            2  1.9    18    14     388    (-,-) 
  g623117/Y                             -       A->Y    F     NAND3x1_ASAP7_75t_R           3  2.8    23    15     403    (-,-) 
  g623091/Y                             -       A->Y    F     OR2x6_ASAP7_75t_R            31 19.5    25    37     440    (-,-) 
  g623090/Y                             -       A->Y    R     INVx2_ASAP7_75t_R            11  6.2    24    18     458    (-,-) 
  g623063/Y                             -       B2->Y   R     AO22x2_ASAP7_75t_R           24 12.4    41    37     495    (-,-) 
  g730027/Y                             -       B->Y    F     NOR2xp33_ASAP7_75t_R          4  2.3    45    35     530    (-,-) 
  g662877/Y                             -       B->Y    R     NAND2xp5_ASAP7_75t_R          4  1.9    32    26     556    (-,-) 
  g662682/Y                             -       B->Y    R     OR2x2_ASAP7_75t_R             7  4.2    19    28     584    (-,-) 
  g662599/Y                             -       B->Y    F     NOR2xp33_ASAP7_75t_R          3  1.8    48    24     608    (-,-) 
  g662454/Y                             -       A->Y    R     NOR3xp33_ASAP7_75t_R          2  1.3    42    31     638    (-,-) 
  g661916/Y                             -       A->Y    F     NAND3xp33_ASAP7_75t_R         2  1.8    39    28     666    (-,-) 
  g661896/Y                             -       A->Y    R     INVx1_ASAP7_75t_R             2  1.2    17    14     680    (-,-) 
  g661816/Y                             -       A->Y    F     NAND3xp33_ASAP7_75t_R         2  1.8    38    21     701    (-,-) 
  g661768/Y                             -       A->Y    R     INVx1_ASAP7_75t_R             2  1.2    17    14     715    (-,-) 
  g661718/Y                             -       A->Y    R     AND3x1_ASAP7_75t_R            9  5.7    44    39     754    (-,-) 
  g661677/Y                             -       A->Y    F     INVx2_ASAP7_75t_R            24 12.7    39    29     783    (-,-) 
  g661252/Y                             -       A1->Y   R     OAI221xp5_ASAP7_75t_R        10  5.2   103    61     844    (-,-) 
  g719271/Y                             -       A1->Y   R     AO221x1_ASAP7_75t_R          46 25.8   155   108     952    (-,-) 
  u_exec0_u_alu/g45569/Y                -       A->Y    F     INVx1_ASAP7_75t_R            39 23.5   140   104    1056    (-,-) 
  u_exec0_u_alu/sub_57_37_g3919__2346/Y -       C->Y    F     MAJx2_ASAP7_75t_R             2  2.2    15    48    1104    (-,-) 
  u_exec0_u_alu/sub_57_37_g3916__9315/Y -       A->Y    F     MAJx2_ASAP7_75t_R             2  2.2    13    26    1130    (-,-) 
  u_exec0_u_alu/sub_57_37_g3914__4733/Y -       A->Y    F     MAJx2_ASAP7_75t_R             2  1.6    11    24    1155    (-,-) 
  u_exec0_u_alu/sub_57_37_g3912__5115/Y -       A->Y    F     MAJx2_ASAP7_75t_R             2  1.6    11    24    1179    (-,-) 
  u_exec0_u_alu/sub_57_37_g3910__6131/Y -       A->Y    F     MAJx2_ASAP7_75t_R             2  2.2    13    25    1204    (-,-) 
  u_exec0_u_alu/sub_57_37_g3908__8246/Y -       A->Y    F     MAJx2_ASAP7_75t_R             2  1.6    11    24    1229    (-,-) 
  u_exec0_u_alu/sub_57_37_g3906__1705/Y -       A->Y    F     MAJx2_ASAP7_75t_R             2  1.6    11    24    1252    (-,-) 
  u_exec0_u_alu/sub_57_37_g3904__1617/Y -       A->Y    F     MAJx2_ASAP7_75t_R             2  1.6    11    24    1276    (-,-) 
  u_exec0_u_alu/sub_57_37_g3902__6783/Y -       A->Y    F     MAJx2_ASAP7_75t_R             2  1.6    11    24    1300    (-,-) 
  u_exec0_u_alu/sub_57_37_g3900__8428/Y -       A->Y    F     MAJx2_ASAP7_75t_R             2  2.2    13    25    1325    (-,-) 
  u_exec0_u_alu/sub_57_37_g3898__6260/Y -       A->Y    F     MAJx2_ASAP7_75t_R             2  1.6    11    24    1350    (-,-) 
  u_exec0_u_alu/sub_57_37_g3896__2398/Y -       A->Y    F     MAJx2_ASAP7_75t_R             2  1.6    11    24    1374    (-,-) 
  u_exec0_u_alu/sub_57_37_g3894__6417/Y -       A->Y    F     MAJx2_ASAP7_75t_R             2  2.2    12    25    1398    (-,-) 
  u_exec0_u_alu/sub_57_37_g3892__1666/Y -       A->Y    F     MAJx2_ASAP7_75t_R             2  2.2    12    26    1424    (-,-) 
  u_exec0_u_alu/sub_57_37_g3890__2883/Y -       A->Y    F     MAJx2_ASAP7_75t_R             2  1.6    11    24    1448    (-,-) 
  u_exec0_u_alu/sub_57_37_g3888__9315/Y -       A->Y    F     MAJx2_ASAP7_75t_R             2  1.6    11    24    1472    (-,-) 
  u_exec0_u_alu/sub_57_37_g3886__4733/Y -       A->Y    F     MAJx2_ASAP7_75t_R             2  1.6    11    24    1496    (-,-) 
  u_exec0_u_alu/sub_57_37_g3884__5115/Y -       A->Y    F     MAJx2_ASAP7_75t_R             1  1.6    11    24    1520    (-,-) 
  u_exec0_u_alu/g45625/CON              -       CI->CON R     FAx1_ASAP7_75t_R              1  0.3    27    14    1534    (-,-) 
  u_exec0_u_alu/g45626/Y                -       A->Y    F     INVxp33_ASAP7_75t_R           1  1.6    29    21    1555    (-,-) 
  u_exec0_u_alu/g45623/CON              -       CI->CON R     FAx1_ASAP7_75t_R              1  0.3    28    20    1575    (-,-) 
  u_exec0_u_alu/g4/Y                    -       A->Y    F     INVxp33_ASAP7_75t_R           1  2.0    34    25    1600    (-,-) 
  u_exec0_u_alu/g45629/CON              -       A->CON  R     FAx1_ASAP7_75t_R              1  0.7    32    24    1624    (-,-) 
  u_exec0_u_alu/g3/Y                    -       A->Y    F     INVx1_ASAP7_75t_R             2  2.2    18    14    1638    (-,-) 
  u_exec0_u_alu/sub_57_37_g3876__1617/Y -       A->Y    F     MAJx2_ASAP7_75t_R             2  1.6    11    26    1664    (-,-) 
  u_exec0_u_alu/sub_57_37_g3874__6783/Y -       A->Y    F     MAJx2_ASAP7_75t_R             2  1.6    11    24    1688    (-,-) 
  u_exec0_u_alu/sub_57_37_g3872__8428/Y -       A->Y    R     MAJIxp5_ASAP7_75t_R           2  1.5    32    18    1707    (-,-) 
  u_exec0_u_alu/sub_57_37_g3870__6260/Y -       A->Y    R     MAJx2_ASAP7_75t_R             2  1.5    13    27    1733    (-,-) 
  u_exec0_u_alu/sub_57_37_g3865__7410/Y -       B->Y    R     XNOR2xp5_ASAP7_75t_R          1  0.9    23    17    1750    (-,-) 
  u_exec0_u_alu/sub_57_37_g3864__1666/Y -       B->Y    R     XNOR2xp5_ASAP7_75t_R          1  0.4    22    17    1768    (-,-) 
  u_exec0_u_alu/g39732__7098/Y          -       A->Y    F     NAND2xp33_ASAP7_75t_R         1  0.6    29    12    1780    (-,-) 
  u_exec0_u_alu/g39673__5115/Y          -       A2->Y   R     AOI22xp5_ASAP7_75t_R          1  0.6    47    14    1794    (-,-) 
  u_exec0_u_alu/retime_s416_51_reg/D    -       -       R     ASYNC_DFFHx1_ASAP7_75t_R      1    -     -     0    1794    (-,-) 
#-------------------------------------------------------------------------------------------------------------------------------



Path 5: MET (1 ps) Setup Check with Pin u_exec0_u_alu/retime_s416_51_reg/CLK->D
          Group: clk
     Startpoint: (F) mem_d_ack_i
          Clock: (R) clk
       Endpoint: (R) u_exec0_u_alu/retime_s416_51_reg/D
          Clock: (R) clk

                     Capture       Launch     
        Clock Edge:+    2000            0     
        Drv Adjust:+       0            0     
       Src Latency:+       0            0     
       Net Latency:+       0 (I)        0 (I) 
           Arrival:=    2000            0     
                                              
             Setup:-       5                  
       Uncertainty:-     200                  
     Required Time:=    1795                  
      Launch Clock:-       0                  
       Input Delay:-     300                  
         Data Path:-    1494                  
             Slack:=       1                  

Exceptions/Constraints:
  input_delay             300             riscv_core.sdc_1_line_29_619_1 

#-------------------------------------------------------------------------------------------------------------------------------
#             Timing Point              Flags    Arc    Edge           Cell            Fanout Load Trans Delay Arrival Instance 
#                                                                                             (fF)  (ps)  (ps)   (ps)  Location 
#-------------------------------------------------------------------------------------------------------------------------------
  mem_d_ack_i                           -       -       F     (arrival)                     6  5.0     0     0     300    (-,-) 
  g623287/Y                             -       B->Y    R     NOR2x1p5_ASAP7_75t_R          2  1.8    16     7     307    (-,-) 
  g623234/Y                             -       A->Y    R     OR2x6_ASAP7_75t_R            10  5.8    12    22     329    (-,-) 
  g623201/Y                             -       B->Y    F     NOR2xp33_ASAP7_75t_R          3  1.7    35    20     350    (-,-) 
  g623182/Y                             -       B->Y    F     AO21x1_ASAP7_75t_R            3  2.1    14    25     374    (-,-) 
  g623141/Y                             -       A->Y    R     NOR2x1_ASAP7_75t_R            2  1.9    18    14     388    (-,-) 
  g623117/Y                             -       A->Y    F     NAND3x1_ASAP7_75t_R           3  2.8    23    15     403    (-,-) 
  g623093/Y                             -       B->Y    R     NOR2x1_ASAP7_75t_R            5  2.7    28    19     422    (-,-) 
  g623092/Y                             -       A->Y    F     INVx1_ASAP7_75t_R            13  6.4    36    25     447    (-,-) 
  g623075/Y                             -       B->Y    R     NOR2xp33_ASAP7_75t_R          1  0.6    23    19     466    (-,-) 
  g623064/Y                             -       B->Y    R     AO21x2_ASAP7_75t_R           21 10.9    36    30     495    (-,-) 
  g663299/Y                             -       A->Y    F     INVx1_ASAP7_75t_R            17  8.6    47    33     528    (-,-) 
  g662877/Y                             -       A->Y    R     NAND2xp5_ASAP7_75t_R          4  1.9    32    28     556    (-,-) 
  g662682/Y                             -       B->Y    R     OR2x2_ASAP7_75t_R             7  4.2    19    28     584    (-,-) 
  g662599/Y                             -       B->Y    F     NOR2xp33_ASAP7_75t_R          3  1.8    48    24     608    (-,-) 
  g662454/Y                             -       A->Y    R     NOR3xp33_ASAP7_75t_R          2  1.3    42    31     638    (-,-) 
  g661916/Y                             -       A->Y    F     NAND3xp33_ASAP7_75t_R         2  1.8    39    28     666    (-,-) 
  g661896/Y                             -       A->Y    R     INVx1_ASAP7_75t_R             2  1.2    17    14     680    (-,-) 
  g661816/Y                             -       A->Y    F     NAND3xp33_ASAP7_75t_R         2  1.8    38    21     701    (-,-) 
  g661768/Y                             -       A->Y    R     INVx1_ASAP7_75t_R             2  1.2    17    14     715    (-,-) 
  g661718/Y                             -       A->Y    R     AND3x1_ASAP7_75t_R            9  5.7    44    39     754    (-,-) 
  g661677/Y                             -       A->Y    F     INVx2_ASAP7_75t_R            24 12.7    39    29     783    (-,-) 
  g661252/Y                             -       A1->Y   R     OAI221xp5_ASAP7_75t_R        10  5.2   103    61     844    (-,-) 
  g719271/Y                             -       A1->Y   R     AO221x1_ASAP7_75t_R          46 25.8   155   108     952    (-,-) 
  u_exec0_u_alu/g45569/Y                -       A->Y    F     INVx1_ASAP7_75t_R            39 23.5   140   104    1056    (-,-) 
  u_exec0_u_alu/sub_57_37_g3919__2346/Y -       C->Y    F     MAJx2_ASAP7_75t_R             2  2.2    15    48    1104    (-,-) 
  u_exec0_u_alu/sub_57_37_g3916__9315/Y -       A->Y    F     MAJx2_ASAP7_75t_R             2  2.2    13    26    1130    (-,-) 
  u_exec0_u_alu/sub_57_37_g3914__4733/Y -       A->Y    F     MAJx2_ASAP7_75t_R             2  1.6    11    24    1155    (-,-) 
  u_exec0_u_alu/sub_57_37_g3912__5115/Y -       A->Y    F     MAJx2_ASAP7_75t_R             2  1.6    11    24    1179    (-,-) 
  u_exec0_u_alu/sub_57_37_g3910__6131/Y -       A->Y    F     MAJx2_ASAP7_75t_R             2  2.2    13    25    1204    (-,-) 
  u_exec0_u_alu/sub_57_37_g3908__8246/Y -       A->Y    F     MAJx2_ASAP7_75t_R             2  1.6    11    24    1228    (-,-) 
  u_exec0_u_alu/sub_57_37_g3906__1705/Y -       A->Y    F     MAJx2_ASAP7_75t_R             2  1.6    11    24    1252    (-,-) 
  u_exec0_u_alu/sub_57_37_g3904__1617/Y -       A->Y    F     MAJx2_ASAP7_75t_R             2  1.6    11    24    1276    (-,-) 
  u_exec0_u_alu/sub_57_37_g3902__6783/Y -       A->Y    F     MAJx2_ASAP7_75t_R             2  1.6    11    24    1300    (-,-) 
  u_exec0_u_alu/sub_57_37_g3900__8428/Y -       A->Y    F     MAJx2_ASAP7_75t_R             2  2.2    13    25    1325    (-,-) 
  u_exec0_u_alu/sub_57_37_g3898__6260/Y -       A->Y    F     MAJx2_ASAP7_75t_R             2  1.6    11    24    1350    (-,-) 
  u_exec0_u_alu/sub_57_37_g3896__2398/Y -       A->Y    F     MAJx2_ASAP7_75t_R             2  1.6    11    24    1374    (-,-) 
  u_exec0_u_alu/sub_57_37_g3894__6417/Y -       A->Y    F     MAJx2_ASAP7_75t_R             2  2.2    12    25    1398    (-,-) 
  u_exec0_u_alu/sub_57_37_g3892__1666/Y -       A->Y    F     MAJx2_ASAP7_75t_R             2  2.2    12    26    1424    (-,-) 
  u_exec0_u_alu/sub_57_37_g3890__2883/Y -       A->Y    F     MAJx2_ASAP7_75t_R             2  1.6    11    24    1448    (-,-) 
  u_exec0_u_alu/sub_57_37_g3888__9315/Y -       A->Y    F     MAJx2_ASAP7_75t_R             2  1.6    11    24    1472    (-,-) 
  u_exec0_u_alu/sub_57_37_g3886__4733/Y -       A->Y    F     MAJx2_ASAP7_75t_R             2  1.6    11    24    1496    (-,-) 
  u_exec0_u_alu/sub_57_37_g3884__5115/Y -       A->Y    F     MAJx2_ASAP7_75t_R             1  1.6    11    24    1519    (-,-) 
  u_exec0_u_alu/g45625/CON              -       CI->CON R     FAx1_ASAP7_75t_R              1  0.3    27    14    1534    (-,-) 
  u_exec0_u_alu/g45626/Y                -       A->Y    F     INVxp33_ASAP7_75t_R           1  1.6    29    21    1555    (-,-) 
  u_exec0_u_alu/g45623/CON              -       CI->CON R     FAx1_ASAP7_75t_R              1  0.3    28    20    1575    (-,-) 
  u_exec0_u_alu/g4/Y                    -       A->Y    F     INVxp33_ASAP7_75t_R           1  2.0    34    25    1600    (-,-) 
  u_exec0_u_alu/g45629/CON              -       A->CON  R     FAx1_ASAP7_75t_R              1  0.7    32    24    1624    (-,-) 
  u_exec0_u_alu/g3/Y                    -       A->Y    F     INVx1_ASAP7_75t_R             2  2.2    18    14    1638    (-,-) 
  u_exec0_u_alu/sub_57_37_g3876__1617/Y -       A->Y    F     MAJx2_ASAP7_75t_R             2  1.6    11    26    1664    (-,-) 
  u_exec0_u_alu/sub_57_37_g3874__6783/Y -       A->Y    F     MAJx2_ASAP7_75t_R             2  1.6    11    24    1688    (-,-) 
  u_exec0_u_alu/sub_57_37_g3872__8428/Y -       A->Y    R     MAJIxp5_ASAP7_75t_R           2  1.5    32    18    1706    (-,-) 
  u_exec0_u_alu/sub_57_37_g3870__6260/Y -       A->Y    R     MAJx2_ASAP7_75t_R             2  1.5    13    27    1733    (-,-) 
  u_exec0_u_alu/sub_57_37_g3865__7410/Y -       B->Y    R     XNOR2xp5_ASAP7_75t_R          1  0.9    23    17    1750    (-,-) 
  u_exec0_u_alu/sub_57_37_g3864__1666/Y -       B->Y    R     XNOR2xp5_ASAP7_75t_R          1  0.4    22    17    1768    (-,-) 
  u_exec0_u_alu/g39732__7098/Y          -       A->Y    F     NAND2xp33_ASAP7_75t_R         1  0.6    29    12    1780    (-,-) 
  u_exec0_u_alu/g39673__5115/Y          -       A2->Y   R     AOI22xp5_ASAP7_75t_R          1  0.6    47    14    1794    (-,-) 
  u_exec0_u_alu/retime_s416_51_reg/D    -       -       R     ASYNC_DFFHx1_ASAP7_75t_R      1    -     -     0    1794    (-,-) 
#-------------------------------------------------------------------------------------------------------------------------------



Path 6: MET (2 ps) Setup Check with Pin u_exec0_u_alu/retime_s416_51_reg/CLK->D
          Group: clk
     Startpoint: (F) mem_d_ack_i
          Clock: (R) clk
       Endpoint: (R) u_exec0_u_alu/retime_s416_51_reg/D
          Clock: (R) clk

                     Capture       Launch     
        Clock Edge:+    2000            0     
        Drv Adjust:+       0            0     
       Src Latency:+       0            0     
       Net Latency:+       0 (I)        0 (I) 
           Arrival:=    2000            0     
                                              
             Setup:-       5                  
       Uncertainty:-     200                  
     Required Time:=    1795                  
      Launch Clock:-       0                  
       Input Delay:-     300                  
         Data Path:-    1494                  
             Slack:=       2                  

Exceptions/Constraints:
  input_delay             300             riscv_core.sdc_1_line_29_619_1 

#-------------------------------------------------------------------------------------------------------------------------------
#             Timing Point              Flags    Arc    Edge           Cell            Fanout Load Trans Delay Arrival Instance 
#                                                                                             (fF)  (ps)  (ps)   (ps)  Location 
#-------------------------------------------------------------------------------------------------------------------------------
  mem_d_ack_i                           -       -       F     (arrival)                     6  5.0     0     0     300    (-,-) 
  g623233/Y                             -       A1->Y   R     OAI21x1_ASAP7_75t_R           9  5.9    42    20     320    (-,-) 
  g623225/Y                             -       A->Y    F     INVx2_ASAP7_75t_R             3  1.8    13    10     329    (-,-) 
  g623199/Y                             -       B->Y    R     NAND2xp5_ASAP7_75t_R          5  2.9    34    21     350    (-,-) 
  g623151/Y                             -       C->Y    F     NAND3xp33_ASAP7_75t_R         1  0.4    15    13     363    (-,-) 
  g623123/Y                             -       A->Y    R     NOR2xp33_ASAP7_75t_R          1  1.4    36    21     384    (-,-) 
  g623117/Y                             -       B->Y    F     NAND3x1_ASAP7_75t_R           3  2.8    23    18     402    (-,-) 
  g623091/Y                             -       A->Y    F     OR2x6_ASAP7_75t_R            31 19.5    25    37     440    (-,-) 
  g623090/Y                             -       A->Y    R     INVx2_ASAP7_75t_R            11  6.2    24    18     458    (-,-) 
  g623063/Y                             -       B2->Y   R     AO22x2_ASAP7_75t_R           24 12.4    41    37     495    (-,-) 
  g730027/Y                             -       B->Y    F     NOR2xp33_ASAP7_75t_R          4  2.3    45    35     529    (-,-) 
  g662877/Y                             -       B->Y    R     NAND2xp5_ASAP7_75t_R          4  1.9    32    26     556    (-,-) 
  g662682/Y                             -       B->Y    R     OR2x2_ASAP7_75t_R             7  4.2    19    28     584    (-,-) 
  g662599/Y                             -       B->Y    F     NOR2xp33_ASAP7_75t_R          3  1.8    48    24     607    (-,-) 
  g662454/Y                             -       A->Y    R     NOR3xp33_ASAP7_75t_R          2  1.3    42    31     638    (-,-) 
  g661916/Y                             -       A->Y    F     NAND3xp33_ASAP7_75t_R         2  1.8    39    28     666    (-,-) 
  g661896/Y                             -       A->Y    R     INVx1_ASAP7_75t_R             2  1.2    17    14     680    (-,-) 
  g661816/Y                             -       A->Y    F     NAND3xp33_ASAP7_75t_R         2  1.8    38    21     701    (-,-) 
  g661768/Y                             -       A->Y    R     INVx1_ASAP7_75t_R             2  1.2    17    14     715    (-,-) 
  g661718/Y                             -       A->Y    R     AND3x1_ASAP7_75t_R            9  5.7    44    39     754    (-,-) 
  g661677/Y                             -       A->Y    F     INVx2_ASAP7_75t_R            24 12.7    39    29     783    (-,-) 
  g661252/Y                             -       A1->Y   R     OAI221xp5_ASAP7_75t_R        10  5.2   103    61     844    (-,-) 
  g719271/Y                             -       A1->Y   R     AO221x1_ASAP7_75t_R          46 25.8   155   108     952    (-,-) 
  u_exec0_u_alu/g45569/Y                -       A->Y    F     INVx1_ASAP7_75t_R            39 23.5   140   104    1056    (-,-) 
  u_exec0_u_alu/sub_57_37_g3919__2346/Y -       C->Y    F     MAJx2_ASAP7_75t_R             2  2.2    15    48    1104    (-,-) 
  u_exec0_u_alu/sub_57_37_g3916__9315/Y -       A->Y    F     MAJx2_ASAP7_75t_R             2  2.2    13    26    1130    (-,-) 
  u_exec0_u_alu/sub_57_37_g3914__4733/Y -       A->Y    F     MAJx2_ASAP7_75t_R             2  1.6    11    24    1155    (-,-) 
  u_exec0_u_alu/sub_57_37_g3912__5115/Y -       A->Y    F     MAJx2_ASAP7_75t_R             2  1.6    11    24    1179    (-,-) 
  u_exec0_u_alu/sub_57_37_g3910__6131/Y -       A->Y    F     MAJx2_ASAP7_75t_R             2  2.2    13    25    1204    (-,-) 
  u_exec0_u_alu/sub_57_37_g3908__8246/Y -       A->Y    F     MAJx2_ASAP7_75t_R             2  1.6    11    24    1228    (-,-) 
  u_exec0_u_alu/sub_57_37_g3906__1705/Y -       A->Y    F     MAJx2_ASAP7_75t_R             2  1.6    11    24    1252    (-,-) 
  u_exec0_u_alu/sub_57_37_g3904__1617/Y -       A->Y    F     MAJx2_ASAP7_75t_R             2  1.6    11    24    1276    (-,-) 
  u_exec0_u_alu/sub_57_37_g3902__6783/Y -       A->Y    F     MAJx2_ASAP7_75t_R             2  1.6    11    24    1300    (-,-) 
  u_exec0_u_alu/sub_57_37_g3900__8428/Y -       A->Y    F     MAJx2_ASAP7_75t_R             2  2.2    13    25    1325    (-,-) 
  u_exec0_u_alu/sub_57_37_g3898__6260/Y -       A->Y    F     MAJx2_ASAP7_75t_R             2  1.6    11    24    1350    (-,-) 
  u_exec0_u_alu/sub_57_37_g3896__2398/Y -       A->Y    F     MAJx2_ASAP7_75t_R             2  1.6    11    24    1373    (-,-) 
  u_exec0_u_alu/sub_57_37_g3894__6417/Y -       A->Y    F     MAJx2_ASAP7_75t_R             2  2.2    12    25    1398    (-,-) 
  u_exec0_u_alu/sub_57_37_g3892__1666/Y -       A->Y    F     MAJx2_ASAP7_75t_R             2  2.2    12    26    1424    (-,-) 
  u_exec0_u_alu/sub_57_37_g3890__2883/Y -       A->Y    F     MAJx2_ASAP7_75t_R             2  1.6    11    24    1448    (-,-) 
  u_exec0_u_alu/sub_57_37_g3888__9315/Y -       A->Y    F     MAJx2_ASAP7_75t_R             2  1.6    11    24    1472    (-,-) 
  u_exec0_u_alu/sub_57_37_g3886__4733/Y -       A->Y    F     MAJx2_ASAP7_75t_R             2  1.6    11    24    1496    (-,-) 
  u_exec0_u_alu/sub_57_37_g3884__5115/Y -       A->Y    F     MAJx2_ASAP7_75t_R             1  1.6    11    24    1519    (-,-) 
  u_exec0_u_alu/g45625/CON              -       CI->CON R     FAx1_ASAP7_75t_R              1  0.3    27    14    1534    (-,-) 
  u_exec0_u_alu/g45626/Y                -       A->Y    F     INVxp33_ASAP7_75t_R           1  1.6    29    21    1555    (-,-) 
  u_exec0_u_alu/g45623/CON              -       CI->CON R     FAx1_ASAP7_75t_R              1  0.3    28    20    1575    (-,-) 
  u_exec0_u_alu/g4/Y                    -       A->Y    F     INVxp33_ASAP7_75t_R           1  2.0    34    25    1600    (-,-) 
  u_exec0_u_alu/g45629/CON              -       A->CON  R     FAx1_ASAP7_75t_R              1  0.7    32    24    1624    (-,-) 
  u_exec0_u_alu/g3/Y                    -       A->Y    F     INVx1_ASAP7_75t_R             2  2.2    18    14    1638    (-,-) 
  u_exec0_u_alu/sub_57_37_g3876__1617/Y -       A->Y    F     MAJx2_ASAP7_75t_R             2  1.6    11    26    1664    (-,-) 
  u_exec0_u_alu/sub_57_37_g3874__6783/Y -       A->Y    F     MAJx2_ASAP7_75t_R             2  1.6    11    24    1688    (-,-) 
  u_exec0_u_alu/sub_57_37_g3872__8428/Y -       A->Y    R     MAJIxp5_ASAP7_75t_R           2  1.5    32    18    1706    (-,-) 
  u_exec0_u_alu/sub_57_37_g3870__6260/Y -       A->Y    R     MAJx2_ASAP7_75t_R             2  1.5    13    27    1733    (-,-) 
  u_exec0_u_alu/sub_57_37_g3865__7410/Y -       B->Y    R     XNOR2xp5_ASAP7_75t_R          1  0.9    23    17    1750    (-,-) 
  u_exec0_u_alu/sub_57_37_g3864__1666/Y -       B->Y    R     XNOR2xp5_ASAP7_75t_R          1  0.4    22    17    1768    (-,-) 
  u_exec0_u_alu/g39732__7098/Y          -       A->Y    F     NAND2xp33_ASAP7_75t_R         1  0.6    29    12    1780    (-,-) 
  u_exec0_u_alu/g39673__5115/Y          -       A2->Y   R     AOI22xp5_ASAP7_75t_R          1  0.6    47    14    1794    (-,-) 
  u_exec0_u_alu/retime_s416_51_reg/D    -       -       R     ASYNC_DFFHx1_ASAP7_75t_R      1    -     -     0    1794    (-,-) 
#-------------------------------------------------------------------------------------------------------------------------------



Path 7: MET (2 ps) Setup Check with Pin u_exec0_u_alu/retime_s416_51_reg/CLK->D
          Group: clk
     Startpoint: (F) mem_d_ack_i
          Clock: (R) clk
       Endpoint: (R) u_exec0_u_alu/retime_s416_51_reg/D
          Clock: (R) clk

                     Capture       Launch     
        Clock Edge:+    2000            0     
        Drv Adjust:+       0            0     
       Src Latency:+       0            0     
       Net Latency:+       0 (I)        0 (I) 
           Arrival:=    2000            0     
                                              
             Setup:-       5                  
       Uncertainty:-     200                  
     Required Time:=    1795                  
      Launch Clock:-       0                  
       Input Delay:-     300                  
         Data Path:-    1494                  
             Slack:=       2                  

Exceptions/Constraints:
  input_delay             300             riscv_core.sdc_1_line_29_619_1 

#-------------------------------------------------------------------------------------------------------------------------------
#             Timing Point              Flags    Arc    Edge           Cell            Fanout Load Trans Delay Arrival Instance 
#                                                                                             (fF)  (ps)  (ps)   (ps)  Location 
#-------------------------------------------------------------------------------------------------------------------------------
  mem_d_ack_i                           -       -       F     (arrival)                     6  5.0     0     0     300    (-,-) 
  g623287/Y                             -       B->Y    R     NOR2x1p5_ASAP7_75t_R          2  1.8    16     7     307    (-,-) 
  g623234/Y                             -       A->Y    R     OR2x6_ASAP7_75t_R            10  5.8    12    22     329    (-,-) 
  g623201/Y                             -       B->Y    F     NOR2xp33_ASAP7_75t_R          3  1.7    35    20     350    (-,-) 
  g623181/Y                             -       B->Y    F     AO21x1_ASAP7_75t_R            3  2.2    15    25     374    (-,-) 
  g623141/Y                             -       B->Y    R     NOR2x1_ASAP7_75t_R            2  1.9    18    14     388    (-,-) 
  g623117/Y                             -       A->Y    F     NAND3x1_ASAP7_75t_R           3  2.8    23    15     403    (-,-) 
  g623093/Y                             -       B->Y    R     NOR2x1_ASAP7_75t_R            5  2.7    28    19     422    (-,-) 
  g623092/Y                             -       A->Y    F     INVx1_ASAP7_75t_R            13  6.4    36    25     446    (-,-) 
  g623075/Y                             -       B->Y    R     NOR2xp33_ASAP7_75t_R          1  0.6    23    19     465    (-,-) 
  g623064/Y                             -       B->Y    R     AO21x2_ASAP7_75t_R           21 10.9    36    30     495    (-,-) 
  g663299/Y                             -       A->Y    F     INVx1_ASAP7_75t_R            17  8.6    47    33     528    (-,-) 
  g662877/Y                             -       A->Y    R     NAND2xp5_ASAP7_75t_R          4  1.9    32    28     556    (-,-) 
  g662682/Y                             -       B->Y    R     OR2x2_ASAP7_75t_R             7  4.2    19    28     584    (-,-) 
  g662599/Y                             -       B->Y    F     NOR2xp33_ASAP7_75t_R          3  1.8    48    24     607    (-,-) 
  g662454/Y                             -       A->Y    R     NOR3xp33_ASAP7_75t_R          2  1.3    42    31     638    (-,-) 
  g661916/Y                             -       A->Y    F     NAND3xp33_ASAP7_75t_R         2  1.8    39    28     666    (-,-) 
  g661896/Y                             -       A->Y    R     INVx1_ASAP7_75t_R             2  1.2    17    14     680    (-,-) 
  g661816/Y                             -       A->Y    F     NAND3xp33_ASAP7_75t_R         2  1.8    38    21     701    (-,-) 
  g661768/Y                             -       A->Y    R     INVx1_ASAP7_75t_R             2  1.2    17    14     715    (-,-) 
  g661718/Y                             -       A->Y    R     AND3x1_ASAP7_75t_R            9  5.7    44    39     754    (-,-) 
  g661677/Y                             -       A->Y    F     INVx2_ASAP7_75t_R            24 12.7    39    29     783    (-,-) 
  g661252/Y                             -       A1->Y   R     OAI221xp5_ASAP7_75t_R        10  5.2   103    61     844    (-,-) 
  g719271/Y                             -       A1->Y   R     AO221x1_ASAP7_75t_R          46 25.8   155   108     952    (-,-) 
  u_exec0_u_alu/g45569/Y                -       A->Y    F     INVx1_ASAP7_75t_R            39 23.5   140   104    1056    (-,-) 
  u_exec0_u_alu/sub_57_37_g3919__2346/Y -       C->Y    F     MAJx2_ASAP7_75t_R             2  2.2    15    48    1104    (-,-) 
  u_exec0_u_alu/sub_57_37_g3916__9315/Y -       A->Y    F     MAJx2_ASAP7_75t_R             2  2.2    13    26    1130    (-,-) 
  u_exec0_u_alu/sub_57_37_g3914__4733/Y -       A->Y    F     MAJx2_ASAP7_75t_R             2  1.6    11    24    1155    (-,-) 
  u_exec0_u_alu/sub_57_37_g3912__5115/Y -       A->Y    F     MAJx2_ASAP7_75t_R             2  1.6    11    24    1179    (-,-) 
  u_exec0_u_alu/sub_57_37_g3910__6131/Y -       A->Y    F     MAJx2_ASAP7_75t_R             2  2.2    13    25    1204    (-,-) 
  u_exec0_u_alu/sub_57_37_g3908__8246/Y -       A->Y    F     MAJx2_ASAP7_75t_R             2  1.6    11    24    1228    (-,-) 
  u_exec0_u_alu/sub_57_37_g3906__1705/Y -       A->Y    F     MAJx2_ASAP7_75t_R             2  1.6    11    24    1252    (-,-) 
  u_exec0_u_alu/sub_57_37_g3904__1617/Y -       A->Y    F     MAJx2_ASAP7_75t_R             2  1.6    11    24    1276    (-,-) 
  u_exec0_u_alu/sub_57_37_g3902__6783/Y -       A->Y    F     MAJx2_ASAP7_75t_R             2  1.6    11    24    1300    (-,-) 
  u_exec0_u_alu/sub_57_37_g3900__8428/Y -       A->Y    F     MAJx2_ASAP7_75t_R             2  2.2    13    25    1325    (-,-) 
  u_exec0_u_alu/sub_57_37_g3898__6260/Y -       A->Y    F     MAJx2_ASAP7_75t_R             2  1.6    11    24    1349    (-,-) 
  u_exec0_u_alu/sub_57_37_g3896__2398/Y -       A->Y    F     MAJx2_ASAP7_75t_R             2  1.6    11    24    1373    (-,-) 
  u_exec0_u_alu/sub_57_37_g3894__6417/Y -       A->Y    F     MAJx2_ASAP7_75t_R             2  2.2    12    25    1398    (-,-) 
  u_exec0_u_alu/sub_57_37_g3892__1666/Y -       A->Y    F     MAJx2_ASAP7_75t_R             2  2.2    12    26    1424    (-,-) 
  u_exec0_u_alu/sub_57_37_g3890__2883/Y -       A->Y    F     MAJx2_ASAP7_75t_R             2  1.6    11    24    1448    (-,-) 
  u_exec0_u_alu/sub_57_37_g3888__9315/Y -       A->Y    F     MAJx2_ASAP7_75t_R             2  1.6    11    24    1472    (-,-) 
  u_exec0_u_alu/sub_57_37_g3886__4733/Y -       A->Y    F     MAJx2_ASAP7_75t_R             2  1.6    11    24    1495    (-,-) 
  u_exec0_u_alu/sub_57_37_g3884__5115/Y -       A->Y    F     MAJx2_ASAP7_75t_R             1  1.6    11    24    1519    (-,-) 
  u_exec0_u_alu/g45625/CON              -       CI->CON R     FAx1_ASAP7_75t_R              1  0.3    27    14    1534    (-,-) 
  u_exec0_u_alu/g45626/Y                -       A->Y    F     INVxp33_ASAP7_75t_R           1  1.6    29    21    1555    (-,-) 
  u_exec0_u_alu/g45623/CON              -       CI->CON R     FAx1_ASAP7_75t_R              1  0.3    28    20    1575    (-,-) 
  u_exec0_u_alu/g4/Y                    -       A->Y    F     INVxp33_ASAP7_75t_R           1  2.0    34    25    1600    (-,-) 
  u_exec0_u_alu/g45629/CON              -       A->CON  R     FAx1_ASAP7_75t_R              1  0.7    32    24    1623    (-,-) 
  u_exec0_u_alu/g3/Y                    -       A->Y    F     INVx1_ASAP7_75t_R             2  2.2    18    14    1638    (-,-) 
  u_exec0_u_alu/sub_57_37_g3876__1617/Y -       A->Y    F     MAJx2_ASAP7_75t_R             2  1.6    11    26    1664    (-,-) 
  u_exec0_u_alu/sub_57_37_g3874__6783/Y -       A->Y    F     MAJx2_ASAP7_75t_R             2  1.6    11    24    1688    (-,-) 
  u_exec0_u_alu/sub_57_37_g3872__8428/Y -       A->Y    R     MAJIxp5_ASAP7_75t_R           2  1.5    32    18    1706    (-,-) 
  u_exec0_u_alu/sub_57_37_g3870__6260/Y -       A->Y    R     MAJx2_ASAP7_75t_R             2  1.5    13    27    1733    (-,-) 
  u_exec0_u_alu/sub_57_37_g3865__7410/Y -       B->Y    R     XNOR2xp5_ASAP7_75t_R          1  0.9    23    17    1750    (-,-) 
  u_exec0_u_alu/sub_57_37_g3864__1666/Y -       B->Y    R     XNOR2xp5_ASAP7_75t_R          1  0.4    22    17    1767    (-,-) 
  u_exec0_u_alu/g39732__7098/Y          -       A->Y    F     NAND2xp33_ASAP7_75t_R         1  0.6    29    12    1779    (-,-) 
  u_exec0_u_alu/g39673__5115/Y          -       A2->Y   R     AOI22xp5_ASAP7_75t_R          1  0.6    47    14    1794    (-,-) 
  u_exec0_u_alu/retime_s416_51_reg/D    -       -       R     ASYNC_DFFHx1_ASAP7_75t_R      1    -     -     0    1794    (-,-) 
#-------------------------------------------------------------------------------------------------------------------------------



Path 8: MET (2 ps) Setup Check with Pin retime_s331_639_reg/CLK->D
          Group: clk
     Startpoint: (R) u_mul_mul_123_68_retime_s328_7_reg/CLK
          Clock: (R) clk
       Endpoint: (R) retime_s331_639_reg/D
          Clock: (R) clk

                     Capture       Launch     
        Clock Edge:+    2000            0     
       Src Latency:+       0            0     
       Net Latency:+       0 (I)        0 (I) 
           Arrival:=    2000            0     
                                              
             Setup:-       5                  
       Uncertainty:-     200                  
     Required Time:=    1795                  
      Launch Clock:-       0                  
         Data Path:-    1793                  
             Slack:=       2                  

#--------------------------------------------------------------------------------------------------------------------------------
#             Timing Point               Flags    Arc    Edge           Cell            Fanout Load Trans Delay Arrival Instance 
#                                                                                              (fF)  (ps)  (ps)   (ps)  Location 
#--------------------------------------------------------------------------------------------------------------------------------
  u_mul_mul_123_68_retime_s328_7_reg/CLK -       -       R     (arrival)                  9929    -   100     0       0    (-,-) 
  u_mul_mul_123_68_retime_s328_7_reg/QN  -       CLK->QN R     ASYNC_DFFHx1_ASAP7_75t_R     34 19.5   122   111     111    (-,-) 
  u_mul_mul_123_68_g141115/Y             -       A->Y    F     INVx1_ASAP7_75t_R             4  2.7    36    26     137    (-,-) 
  u_mul_mul_123_68_g193237/Y             -       A->Y    F     XOR2x2_ASAP7_75t_R           22 12.8    40    49     186    (-,-) 
  u_mul_mul_123_68_g192893/Y             -       B->Y    R     NOR2xp33_ASAP7_75t_R         20 11.8   237   123     310    (-,-) 
  u_mul_mul_123_68_g192783/Y             -       B->Y    F     NAND2xp5_ASAP7_75t_R          7  3.8    84    63     373    (-,-) 
  u_mul_mul_123_68_g192037/Y             -       A1->Y   R     OAI221xp5_ASAP7_75t_R         2  1.7    58    47     420    (-,-) 
  u_mul_mul_123_68_g191558/Y             -       B->Y    R     XOR2xp5_ASAP7_75t_R           2  1.6    36    33     453    (-,-) 
  u_mul_mul_123_68_g191110/Y             -       B->Y    F     XOR2xp5_ASAP7_75t_R           1  1.0    24    19     472    (-,-) 
  u_mul_mul_123_68_g190890/Y             -       B->Y    F     XNOR2xp5_ASAP7_75t_R          2  1.6    27    26     498    (-,-) 
  u_mul_mul_123_68_g190638/Y             -       B->Y    R     XNOR2xp5_ASAP7_75t_R          3  1.6    32    24     522    (-,-) 
  u_mul_mul_123_68_g190478/Y             -       B->Y    F     NOR2xp33_ASAP7_75t_R          1  0.6    20    17     539    (-,-) 
  u_mul_mul_123_68_g190076/Y             -       A1->Y   R     OAI21xp5_ASAP7_75t_R          2  1.7    25    17     556    (-,-) 
  u_mul_mul_123_68_g190028/Y             -       A->Y    F     MAJIxp5_ASAP7_75t_R           2  1.7    28    20     577    (-,-) 
  u_mul_mul_123_68_g190015/Y             -       A->Y    R     INVx1_ASAP7_75t_R             1  0.6    11     9     586    (-,-) 
  u_mul_mul_123_68_g189974/Y             -       A1->Y   F     AOI21xp5_ASAP7_75t_R          2  1.6    20    13     599    (-,-) 
  u_mul_mul_123_68_g189950/Y             -       A->Y    R     MAJIxp5_ASAP7_75t_R           2  1.7    34    23     622    (-,-) 
  u_mul_mul_123_68_g189940/Y             -       A1->Y   F     AOI21xp5_ASAP7_75t_R          2  1.6    24    18     640    (-,-) 
  u_mul_mul_123_68_g189939/Y             -       A->Y    R     MAJIxp5_ASAP7_75t_R           2  1.7    34    24     664    (-,-) 
  u_mul_mul_123_68_g189936/Y             -       A1->Y   F     AOI21xp5_ASAP7_75t_R          2  1.6    24    19     682    (-,-) 
  u_mul_mul_123_68_g189935/Y             -       A->Y    R     MAJIxp5_ASAP7_75t_R           2  1.8    35    25     707    (-,-) 
  u_mul_mul_123_68_g189934/Y             -       A->Y    F     INVx1_ASAP7_75t_R             1  0.6    10     8     715    (-,-) 
  u_mul_mul_123_68_g189932/Y             -       A->Y    R     MAJIxp5_ASAP7_75t_R           2  1.5    31    18     734    (-,-) 
  u_mul_mul_123_68_g189930/Y             -       A->Y    F     MAJIxp5_ASAP7_75t_R           2  2.2    33    24     758    (-,-) 
  u_mul_mul_123_68_g189928/Y             -       A->Y    R     MAJIxp5_ASAP7_75t_R           2  1.7    36    27     785    (-,-) 
  u_mul_mul_123_68_g189925/Y             -       A1->Y   F     AOI21xp5_ASAP7_75t_R          2  2.3    30    22     807    (-,-) 
  u_mul_mul_123_68_g189924/Y             -       A->Y    R     INVx1_ASAP7_75t_R             1  0.6    11    10     817    (-,-) 
  u_mul_mul_123_68_g189923/Y             -       A->Y    F     MAJIxp5_ASAP7_75t_R           2  1.6    31    16     832    (-,-) 
  u_mul_mul_123_68_g189920/Y             -       A2->Y   R     OAI21xp5_ASAP7_75t_R          2  1.7    29    21     854    (-,-) 
  u_mul_mul_123_68_g189919/Y             -       A->Y    F     MAJIxp5_ASAP7_75t_R           2  1.6    27    21     874    (-,-) 
  u_mul_mul_123_68_g189916/Y             -       A2->Y   R     OAI21xp5_ASAP7_75t_R          2  1.5    26    19     893    (-,-) 
  u_mul_mul_123_68_g189915/Y             -       A->Y    F     MAJIxp5_ASAP7_75t_R           2  2.2    31    23     916    (-,-) 
  u_mul_mul_123_68_g189913/Y             -       A->Y    R     MAJIxp5_ASAP7_75t_R           2  1.5    34    25     941    (-,-) 
  u_mul_mul_123_68_g189910/Y             -       A1->Y   F     AOI21xp5_ASAP7_75t_R          2  2.2    29    22     962    (-,-) 
  u_mul_mul_123_68_g189909/Y             -       A->Y    R     MAJIxp5_ASAP7_75t_R           2  1.6    36    25     987    (-,-) 
  u_mul_mul_123_68_g189908/Y             -       A->Y    F     INVx1_ASAP7_75t_R             1  0.6    11     8     996    (-,-) 
  u_mul_mul_123_68_g189906/Y             -       A->Y    R     MAJIxp5_ASAP7_75t_R           2  1.5    33    18    1014    (-,-) 
  u_mul_mul_123_68_g189903/Y             -       A1->Y   F     AOI21xp5_ASAP7_75t_R          2  2.2    29    21    1035    (-,-) 
  u_mul_mul_123_68_g189902/Y             -       A->Y    R     MAJIxp5_ASAP7_75t_R           2  1.7    35    25    1061    (-,-) 
  u_mul_mul_123_68_g189899/Y             -       A1->Y   F     AOI21xp5_ASAP7_75t_R          2  1.6    24    19    1080    (-,-) 
  u_mul_mul_123_68_g189897/Y             -       A2->Y   R     OAI21xp5_ASAP7_75t_R          2  1.7    27    20    1099    (-,-) 
  u_mul_mul_123_68_g189895/Y             -       A1->Y   F     AOI21xp5_ASAP7_75t_R          2  2.2    27    20    1119    (-,-) 
  u_mul_mul_123_68_g189894/Y             -       A->Y    F     MAJx2_ASAP7_75t_R             2  1.6    11    29    1148    (-,-) 
  u_mul_mul_123_68_g189891/Y             -       A2->Y   R     OAI21xp5_ASAP7_75t_R          2  1.5    25    15    1162    (-,-) 
  u_mul_mul_123_68_g189889/Y             -       A1->Y   F     AOI21xp5_ASAP7_75t_R          2  1.6    22    17    1179    (-,-) 
  u_mul_mul_123_68_g189887/Y             -       A2->Y   F     OA21x2_ASAP7_75t_R            2  1.6     9    22    1201    (-,-) 
  u_mul_mul_123_68_g189885/Y             -       A2->Y   R     OAI21xp5_ASAP7_75t_R          2  1.7    25    15    1216    (-,-) 
  u_mul_mul_123_68_g189884/Y             -       A->Y    F     MAJIxp5_ASAP7_75t_R           2  1.6    26    20    1236    (-,-) 
  u_mul_mul_123_68_g189881/Y             -       A1->Y   R     AOI21xp5_ASAP7_75t_R          2  1.7    26    18    1254    (-,-) 
  u_mul_mul_123_68_g189879/Y             -       A1->Y   F     AOI21xp5_ASAP7_75t_R          2  2.2    27    20    1274    (-,-) 
  u_mul_mul_123_68_g189878/Y             -       A->Y    R     MAJIxp5_ASAP7_75t_R           2  1.7    37    25    1298    (-,-) 
  u_mul_mul_123_68_g189875/Y             -       A1->Y   F     AOI21xp5_ASAP7_75t_R          2  2.2    30    22    1321    (-,-) 
  u_mul_mul_123_68_g189874/Y             -       A->Y    R     MAJIxp5_ASAP7_75t_R           2  1.7    36    26    1346    (-,-) 
  u_mul_mul_123_68_g189871/Y             -       A->Y    F     MAJIxp5_ASAP7_75t_R           2  2.2    34    26    1372    (-,-) 
  u_mul_mul_123_68_g189870/Y             -       A->Y    R     MAJIxp5_ASAP7_75t_R           2  1.7    36    27    1399    (-,-) 
  u_mul_mul_123_68_g189867/Y             -       A2->Y   F     OAI21xp5_ASAP7_75t_R          2  1.6    24    18    1417    (-,-) 
  u_mul_mul_123_68_g189865/Y             -       A1->Y   R     AOI21xp5_ASAP7_75t_R          2  1.5    24    17    1434    (-,-) 
  u_mul_mul_123_68_g189863/Y             -       A1->Y   F     AOI21xp5_ASAP7_75t_R          2  2.3    28    20    1454    (-,-) 
  u_mul_mul_123_68_g189862/Y             -       A->Y    R     INVx1_ASAP7_75t_R             1  0.6    11     9    1463    (-,-) 
  u_mul_mul_123_68_g189861/Y             -       A->Y    F     MAJIxp5_ASAP7_75t_R           2  2.2    36    18    1481    (-,-) 
  u_mul_mul_123_68_g189859/Y             -       A->Y    R     MAJIxp5_ASAP7_75t_R           2  1.7    37    28    1509    (-,-) 
  u_mul_mul_123_68_g189856/Y             -       A1->Y   F     AOI21xp5_ASAP7_75t_R          2  2.2    30    22    1531    (-,-) 
  u_mul_mul_123_68_g189855/Y             -       A->Y    F     MAJx2_ASAP7_75t_R             2  1.6    11    30    1561    (-,-) 
  u_mul_mul_123_68_g189852/Y             -       A2->Y   R     OAI21xp5_ASAP7_75t_R          2  1.5    23    15    1575    (-,-) 
  u_mul_mul_123_68_g189851/Y             -       A->Y    R     MAJx2_ASAP7_75t_R             2  1.5    11    25    1600    (-,-) 
  u_mul_mul_123_68_g189849/Y             -       A->Y    F     MAJIxp5_ASAP7_75t_R           2  2.3    34    19    1619    (-,-) 
  u_mul_mul_123_68_g189848/Y             -       A->Y    R     INVx1_ASAP7_75t_R             1  0.6    12    10    1629    (-,-) 
  u_mul_mul_123_68_g189846/Y             -       A->Y    F     MAJIxp5_ASAP7_75t_R           2  2.2    36    18    1647    (-,-) 
  u_mul_mul_123_68_g189844/Y             -       A->Y    R     MAJIxp5_ASAP7_75t_R           2  1.5    34    26    1674    (-,-) 
  u_mul_mul_123_68_g189842/Y             -       A->Y    F     MAJIxp5_ASAP7_75t_R           2  2.2    33    25    1699    (-,-) 
  u_mul_mul_123_68_g189840/Y             -       A->Y    R     MAJIxp5_ASAP7_75t_R           2  1.5    34    25    1724    (-,-) 
  u_mul_mul_123_68_g189838/Y             -       A->Y    F     MAJIxp5_ASAP7_75t_R           1  1.0    22    18    1743    (-,-) 
  u_mul_mul_123_68_g189836/Y             -       B->Y    F     XNOR2xp5_ASAP7_75t_R          1  0.5    14    21    1764    (-,-) 
  g723266/Y                              -       A2->Y   F     AO22x1_ASAP7_75t_R            1  0.6     9    19    1783    (-,-) 
  g692666/Y                              -       A2->Y   R     AOI22xp5_ASAP7_75t_R          1  0.6    47    11    1793    (-,-) 
  retime_s331_639_reg/D                  -       -       R     ASYNC_DFFHx1_ASAP7_75t_R      1    -     -     0    1793    (-,-) 
#--------------------------------------------------------------------------------------------------------------------------------



Path 9: MET (2 ps) Setup Check with Pin u_exec0_u_alu/retime_s416_51_reg/CLK->D
          Group: clk
     Startpoint: (F) mem_d_ack_i
          Clock: (R) clk
       Endpoint: (R) u_exec0_u_alu/retime_s416_51_reg/D
          Clock: (R) clk

                     Capture       Launch     
        Clock Edge:+    2000            0     
        Drv Adjust:+       0            0     
       Src Latency:+       0            0     
       Net Latency:+       0 (I)        0 (I) 
           Arrival:=    2000            0     
                                              
             Setup:-       5                  
       Uncertainty:-     200                  
     Required Time:=    1795                  
      Launch Clock:-       0                  
       Input Delay:-     300                  
         Data Path:-    1493                  
             Slack:=       2                  

Exceptions/Constraints:
  input_delay             300             riscv_core.sdc_1_line_29_619_1 

#-------------------------------------------------------------------------------------------------------------------------------
#             Timing Point              Flags    Arc    Edge           Cell            Fanout Load Trans Delay Arrival Instance 
#                                                                                             (fF)  (ps)  (ps)   (ps)  Location 
#-------------------------------------------------------------------------------------------------------------------------------
  mem_d_ack_i                           -       -       F     (arrival)                     6  5.0     0     0     300    (-,-) 
  g623233/Y                             -       A1->Y   R     OAI21x1_ASAP7_75t_R           9  5.9    42    20     320    (-,-) 
  g623225/Y                             -       A->Y    F     INVx2_ASAP7_75t_R             3  1.8    13    10     329    (-,-) 
  g623199/Y                             -       B->Y    R     NAND2xp5_ASAP7_75t_R          5  2.9    34    21     350    (-,-) 
  g623151/Y                             -       C->Y    F     NAND3xp33_ASAP7_75t_R         1  0.4    15    13     363    (-,-) 
  g623123/Y                             -       A->Y    R     NOR2xp33_ASAP7_75t_R          1  1.4    36    21     384    (-,-) 
  g623117/Y                             -       B->Y    F     NAND3x1_ASAP7_75t_R           3  2.8    23    18     402    (-,-) 
  g623093/Y                             -       B->Y    R     NOR2x1_ASAP7_75t_R            5  2.7    28    19     421    (-,-) 
  g623092/Y                             -       A->Y    F     INVx1_ASAP7_75t_R            13  6.4    36    25     446    (-,-) 
  g623075/Y                             -       B->Y    R     NOR2xp33_ASAP7_75t_R          1  0.6    23    19     465    (-,-) 
  g623064/Y                             -       B->Y    R     AO21x2_ASAP7_75t_R           21 10.9    36    30     495    (-,-) 
  g663299/Y                             -       A->Y    F     INVx1_ASAP7_75t_R            17  8.6    47    33     527    (-,-) 
  g662877/Y                             -       A->Y    R     NAND2xp5_ASAP7_75t_R          4  1.9    32    28     555    (-,-) 
  g662682/Y                             -       B->Y    R     OR2x2_ASAP7_75t_R             7  4.2    19    28     583    (-,-) 
  g662599/Y                             -       B->Y    F     NOR2xp33_ASAP7_75t_R          3  1.8    48    24     607    (-,-) 
  g662454/Y                             -       A->Y    R     NOR3xp33_ASAP7_75t_R          2  1.3    42    31     638    (-,-) 
  g661916/Y                             -       A->Y    F     NAND3xp33_ASAP7_75t_R         2  1.8    39    28     666    (-,-) 
  g661896/Y                             -       A->Y    R     INVx1_ASAP7_75t_R             2  1.2    17    14     680    (-,-) 
  g661816/Y                             -       A->Y    F     NAND3xp33_ASAP7_75t_R         2  1.8    38    21     701    (-,-) 
  g661768/Y                             -       A->Y    R     INVx1_ASAP7_75t_R             2  1.2    17    14     714    (-,-) 
  g661718/Y                             -       A->Y    R     AND3x1_ASAP7_75t_R            9  5.7    44    39     753    (-,-) 
  g661677/Y                             -       A->Y    F     INVx2_ASAP7_75t_R            24 12.7    39    29     782    (-,-) 
  g661252/Y                             -       A1->Y   R     OAI221xp5_ASAP7_75t_R        10  5.2   103    61     844    (-,-) 
  g719271/Y                             -       A1->Y   R     AO221x1_ASAP7_75t_R          46 25.8   155   108     951    (-,-) 
  u_exec0_u_alu/g45569/Y                -       A->Y    F     INVx1_ASAP7_75t_R            39 23.5   140   104    1056    (-,-) 
  u_exec0_u_alu/sub_57_37_g3919__2346/Y -       C->Y    F     MAJx2_ASAP7_75t_R             2  2.2    15    48    1104    (-,-) 
  u_exec0_u_alu/sub_57_37_g3916__9315/Y -       A->Y    F     MAJx2_ASAP7_75t_R             2  2.2    13    26    1130    (-,-) 
  u_exec0_u_alu/sub_57_37_g3914__4733/Y -       A->Y    F     MAJx2_ASAP7_75t_R             2  1.6    11    24    1154    (-,-) 
  u_exec0_u_alu/sub_57_37_g3912__5115/Y -       A->Y    F     MAJx2_ASAP7_75t_R             2  1.6    11    24    1178    (-,-) 
  u_exec0_u_alu/sub_57_37_g3910__6131/Y -       A->Y    F     MAJx2_ASAP7_75t_R             2  2.2    13    25    1203    (-,-) 
  u_exec0_u_alu/sub_57_37_g3908__8246/Y -       A->Y    F     MAJx2_ASAP7_75t_R             2  1.6    11    24    1228    (-,-) 
  u_exec0_u_alu/sub_57_37_g3906__1705/Y -       A->Y    F     MAJx2_ASAP7_75t_R             2  1.6    11    24    1252    (-,-) 
  u_exec0_u_alu/sub_57_37_g3904__1617/Y -       A->Y    F     MAJx2_ASAP7_75t_R             2  1.6    11    24    1276    (-,-) 
  u_exec0_u_alu/sub_57_37_g3902__6783/Y -       A->Y    F     MAJx2_ASAP7_75t_R             2  1.6    11    24    1300    (-,-) 
  u_exec0_u_alu/sub_57_37_g3900__8428/Y -       A->Y    F     MAJx2_ASAP7_75t_R             2  2.2    13    25    1325    (-,-) 
  u_exec0_u_alu/sub_57_37_g3898__6260/Y -       A->Y    F     MAJx2_ASAP7_75t_R             2  1.6    11    24    1349    (-,-) 
  u_exec0_u_alu/sub_57_37_g3896__2398/Y -       A->Y    F     MAJx2_ASAP7_75t_R             2  1.6    11    24    1373    (-,-) 
  u_exec0_u_alu/sub_57_37_g3894__6417/Y -       A->Y    F     MAJx2_ASAP7_75t_R             2  2.2    12    25    1398    (-,-) 
  u_exec0_u_alu/sub_57_37_g3892__1666/Y -       A->Y    F     MAJx2_ASAP7_75t_R             2  2.2    12    26    1423    (-,-) 
  u_exec0_u_alu/sub_57_37_g3890__2883/Y -       A->Y    F     MAJx2_ASAP7_75t_R             2  1.6    11    24    1448    (-,-) 
  u_exec0_u_alu/sub_57_37_g3888__9315/Y -       A->Y    F     MAJx2_ASAP7_75t_R             2  1.6    11    24    1471    (-,-) 
  u_exec0_u_alu/sub_57_37_g3886__4733/Y -       A->Y    F     MAJx2_ASAP7_75t_R             2  1.6    11    24    1495    (-,-) 
  u_exec0_u_alu/sub_57_37_g3884__5115/Y -       A->Y    F     MAJx2_ASAP7_75t_R             1  1.6    11    24    1519    (-,-) 
  u_exec0_u_alu/g45625/CON              -       CI->CON R     FAx1_ASAP7_75t_R              1  0.3    27    14    1533    (-,-) 
  u_exec0_u_alu/g45626/Y                -       A->Y    F     INVxp33_ASAP7_75t_R           1  1.6    29    21    1555    (-,-) 
  u_exec0_u_alu/g45623/CON              -       CI->CON R     FAx1_ASAP7_75t_R              1  0.3    28    20    1575    (-,-) 
  u_exec0_u_alu/g4/Y                    -       A->Y    F     INVxp33_ASAP7_75t_R           1  2.0    34    25    1599    (-,-) 
  u_exec0_u_alu/g45629/CON              -       A->CON  R     FAx1_ASAP7_75t_R              1  0.7    32    24    1623    (-,-) 
  u_exec0_u_alu/g3/Y                    -       A->Y    F     INVx1_ASAP7_75t_R             2  2.2    18    14    1638    (-,-) 
  u_exec0_u_alu/sub_57_37_g3876__1617/Y -       A->Y    F     MAJx2_ASAP7_75t_R             2  1.6    11    26    1664    (-,-) 
  u_exec0_u_alu/sub_57_37_g3874__6783/Y -       A->Y    F     MAJx2_ASAP7_75t_R             2  1.6    11    24    1688    (-,-) 
  u_exec0_u_alu/sub_57_37_g3872__8428/Y -       A->Y    R     MAJIxp5_ASAP7_75t_R           2  1.5    32    18    1706    (-,-) 
  u_exec0_u_alu/sub_57_37_g3870__6260/Y -       A->Y    R     MAJx2_ASAP7_75t_R             2  1.5    13    27    1733    (-,-) 
  u_exec0_u_alu/sub_57_37_g3865__7410/Y -       B->Y    R     XNOR2xp5_ASAP7_75t_R          1  0.9    23    17    1750    (-,-) 
  u_exec0_u_alu/sub_57_37_g3864__1666/Y -       B->Y    R     XNOR2xp5_ASAP7_75t_R          1  0.4    22    17    1767    (-,-) 
  u_exec0_u_alu/g39732__7098/Y          -       A->Y    F     NAND2xp33_ASAP7_75t_R         1  0.6    29    12    1779    (-,-) 
  u_exec0_u_alu/g39673__5115/Y          -       A2->Y   R     AOI22xp5_ASAP7_75t_R          1  0.6    47    14    1793    (-,-) 
  u_exec0_u_alu/retime_s416_51_reg/D    -       -       R     ASYNC_DFFHx1_ASAP7_75t_R      1    -     -     0    1793    (-,-) 
#-------------------------------------------------------------------------------------------------------------------------------



Path 10: MET (3 ps) Setup Check with Pin u_exec0_u_alu/retime_s416_51_reg/CLK->D
          Group: clk
     Startpoint: (F) mem_d_ack_i
          Clock: (R) clk
       Endpoint: (R) u_exec0_u_alu/retime_s416_51_reg/D
          Clock: (R) clk

                     Capture       Launch     
        Clock Edge:+    2000            0     
        Drv Adjust:+       0            0     
       Src Latency:+       0            0     
       Net Latency:+       0 (I)        0 (I) 
           Arrival:=    2000            0     
                                              
             Setup:-       5                  
       Uncertainty:-     200                  
     Required Time:=    1795                  
      Launch Clock:-       0                  
       Input Delay:-     300                  
         Data Path:-    1493                  
             Slack:=       3                  

Exceptions/Constraints:
  input_delay             300             riscv_core.sdc_1_line_29_619_1 

#-------------------------------------------------------------------------------------------------------------------------------
#             Timing Point              Flags    Arc    Edge           Cell            Fanout Load Trans Delay Arrival Instance 
#                                                                                             (fF)  (ps)  (ps)   (ps)  Location 
#-------------------------------------------------------------------------------------------------------------------------------
  mem_d_ack_i                           -       -       F     (arrival)                     6  5.0     0     0     300    (-,-) 
  g623287/Y                             -       B->Y    R     NOR2x1p5_ASAP7_75t_R          2  1.8    16     7     307    (-,-) 
  g623234/Y                             -       A->Y    R     OR2x6_ASAP7_75t_R            10  5.8    12    22     329    (-,-) 
  g623201/Y                             -       B->Y    F     NOR2xp33_ASAP7_75t_R          3  1.7    35    20     350    (-,-) 
  g623182/Y                             -       B->Y    F     AO21x1_ASAP7_75t_R            3  2.1    14    25     374    (-,-) 
  g623141/Y                             -       A->Y    R     NOR2x1_ASAP7_75t_R            2  1.9    18    14     388    (-,-) 
  g623117/Y                             -       A->Y    F     NAND3x1_ASAP7_75t_R           3  2.8    23    15     403    (-,-) 
  g623091/Y                             -       A->Y    F     OR2x6_ASAP7_75t_R            31 19.5    25    37     440    (-,-) 
  g623090/Y                             -       A->Y    R     INVx2_ASAP7_75t_R            11  6.2    24    18     458    (-,-) 
  g623073/Y                             -       B2->Y   R     AO22x2_ASAP7_75t_R           22 11.3    38    36     494    (-,-) 
  g730027/Y                             -       A->Y    F     NOR2xp33_ASAP7_75t_R          4  2.3    45    34     528    (-,-) 
  g662877/Y                             -       B->Y    R     NAND2xp5_ASAP7_75t_R          4  1.9    32    26     555    (-,-) 
  g662682/Y                             -       B->Y    R     OR2x2_ASAP7_75t_R             7  4.2    19    28     582    (-,-) 
  g662599/Y                             -       B->Y    F     NOR2xp33_ASAP7_75t_R          3  1.8    48    24     606    (-,-) 
  g662454/Y                             -       A->Y    R     NOR3xp33_ASAP7_75t_R          2  1.3    42    31     637    (-,-) 
  g661916/Y                             -       A->Y    F     NAND3xp33_ASAP7_75t_R         2  1.8    39    28     665    (-,-) 
  g661896/Y                             -       A->Y    R     INVx1_ASAP7_75t_R             2  1.2    17    14     679    (-,-) 
  g661816/Y                             -       A->Y    F     NAND3xp33_ASAP7_75t_R         2  1.8    38    21     700    (-,-) 
  g661768/Y                             -       A->Y    R     INVx1_ASAP7_75t_R             2  1.2    17    14     714    (-,-) 
  g661718/Y                             -       A->Y    R     AND3x1_ASAP7_75t_R            9  5.7    44    39     752    (-,-) 
  g661677/Y                             -       A->Y    F     INVx2_ASAP7_75t_R            24 12.7    39    29     782    (-,-) 
  g661252/Y                             -       A1->Y   R     OAI221xp5_ASAP7_75t_R        10  5.2   103    61     843    (-,-) 
  g719271/Y                             -       A1->Y   R     AO221x1_ASAP7_75t_R          46 25.8   155   108     951    (-,-) 
  u_exec0_u_alu/g45569/Y                -       A->Y    F     INVx1_ASAP7_75t_R            39 23.5   140   104    1055    (-,-) 
  u_exec0_u_alu/sub_57_37_g3919__2346/Y -       C->Y    F     MAJx2_ASAP7_75t_R             2  2.2    15    48    1103    (-,-) 
  u_exec0_u_alu/sub_57_37_g3916__9315/Y -       A->Y    F     MAJx2_ASAP7_75t_R             2  2.2    13    26    1129    (-,-) 
  u_exec0_u_alu/sub_57_37_g3914__4733/Y -       A->Y    F     MAJx2_ASAP7_75t_R             2  1.6    11    24    1154    (-,-) 
  u_exec0_u_alu/sub_57_37_g3912__5115/Y -       A->Y    F     MAJx2_ASAP7_75t_R             2  1.6    11    24    1178    (-,-) 
  u_exec0_u_alu/sub_57_37_g3910__6131/Y -       A->Y    F     MAJx2_ASAP7_75t_R             2  2.2    13    25    1203    (-,-) 
  u_exec0_u_alu/sub_57_37_g3908__8246/Y -       A->Y    F     MAJx2_ASAP7_75t_R             2  1.6    11    24    1227    (-,-) 
  u_exec0_u_alu/sub_57_37_g3906__1705/Y -       A->Y    F     MAJx2_ASAP7_75t_R             2  1.6    11    24    1251    (-,-) 
  u_exec0_u_alu/sub_57_37_g3904__1617/Y -       A->Y    F     MAJx2_ASAP7_75t_R             2  1.6    11    24    1275    (-,-) 
  u_exec0_u_alu/sub_57_37_g3902__6783/Y -       A->Y    F     MAJx2_ASAP7_75t_R             2  1.6    11    24    1299    (-,-) 
  u_exec0_u_alu/sub_57_37_g3900__8428/Y -       A->Y    F     MAJx2_ASAP7_75t_R             2  2.2    13    25    1324    (-,-) 
  u_exec0_u_alu/sub_57_37_g3898__6260/Y -       A->Y    F     MAJx2_ASAP7_75t_R             2  1.6    11    24    1348    (-,-) 
  u_exec0_u_alu/sub_57_37_g3896__2398/Y -       A->Y    F     MAJx2_ASAP7_75t_R             2  1.6    11    24    1372    (-,-) 
  u_exec0_u_alu/sub_57_37_g3894__6417/Y -       A->Y    F     MAJx2_ASAP7_75t_R             2  2.2    12    25    1397    (-,-) 
  u_exec0_u_alu/sub_57_37_g3892__1666/Y -       A->Y    F     MAJx2_ASAP7_75t_R             2  2.2    12    26    1423    (-,-) 
  u_exec0_u_alu/sub_57_37_g3890__2883/Y -       A->Y    F     MAJx2_ASAP7_75t_R             2  1.6    11    24    1447    (-,-) 
  u_exec0_u_alu/sub_57_37_g3888__9315/Y -       A->Y    F     MAJx2_ASAP7_75t_R             2  1.6    11    24    1471    (-,-) 
  u_exec0_u_alu/sub_57_37_g3886__4733/Y -       A->Y    F     MAJx2_ASAP7_75t_R             2  1.6    11    24    1494    (-,-) 
  u_exec0_u_alu/sub_57_37_g3884__5115/Y -       A->Y    F     MAJx2_ASAP7_75t_R             1  1.6    11    24    1518    (-,-) 
  u_exec0_u_alu/g45625/CON              -       CI->CON R     FAx1_ASAP7_75t_R              1  0.3    27    14    1533    (-,-) 
  u_exec0_u_alu/g45626/Y                -       A->Y    F     INVxp33_ASAP7_75t_R           1  1.6    29    21    1554    (-,-) 
  u_exec0_u_alu/g45623/CON              -       CI->CON R     FAx1_ASAP7_75t_R              1  0.3    28    20    1574    (-,-) 
  u_exec0_u_alu/g4/Y                    -       A->Y    F     INVxp33_ASAP7_75t_R           1  2.0    34    25    1598    (-,-) 
  u_exec0_u_alu/g45629/CON              -       A->CON  R     FAx1_ASAP7_75t_R              1  0.7    32    24    1622    (-,-) 
  u_exec0_u_alu/g3/Y                    -       A->Y    F     INVx1_ASAP7_75t_R             2  2.2    18    14    1637    (-,-) 
  u_exec0_u_alu/sub_57_37_g3876__1617/Y -       A->Y    F     MAJx2_ASAP7_75t_R             2  1.6    11    26    1663    (-,-) 
  u_exec0_u_alu/sub_57_37_g3874__6783/Y -       A->Y    F     MAJx2_ASAP7_75t_R             2  1.6    11    24    1687    (-,-) 
  u_exec0_u_alu/sub_57_37_g3872__8428/Y -       A->Y    R     MAJIxp5_ASAP7_75t_R           2  1.5    32    18    1705    (-,-) 
  u_exec0_u_alu/sub_57_37_g3870__6260/Y -       A->Y    R     MAJx2_ASAP7_75t_R             2  1.5    13    27    1732    (-,-) 
  u_exec0_u_alu/sub_57_37_g3865__7410/Y -       B->Y    R     XNOR2xp5_ASAP7_75t_R          1  0.9    23    17    1749    (-,-) 
  u_exec0_u_alu/sub_57_37_g3864__1666/Y -       B->Y    R     XNOR2xp5_ASAP7_75t_R          1  0.4    22    17    1766    (-,-) 
  u_exec0_u_alu/g39732__7098/Y          -       A->Y    F     NAND2xp33_ASAP7_75t_R         1  0.6    29    12    1778    (-,-) 
  u_exec0_u_alu/g39673__5115/Y          -       A2->Y   R     AOI22xp5_ASAP7_75t_R          1  0.6    47    14    1793    (-,-) 
  u_exec0_u_alu/retime_s416_51_reg/D    -       -       R     ASYNC_DFFHx1_ASAP7_75t_R      1    -     -     0    1793    (-,-) 
#-------------------------------------------------------------------------------------------------------------------------------

