env CDS_WORKAREA is set to /home/ykaraagac/cadence-bitirme/Flows/NanGate45/biriscv_2mul_vs_hybrid/scripts/cadence
             0V	    VSS
           1.1V	    VDD
Using Power View WC_VIEW
.
Load RC corner of view WC_VIEW

Begin Power Analysis

             0V	    VSS
           1.1V	    VDD

Begin Processing Timing Library for Power Calculation

Ended Processing Timing Library for Power Calculation: (cpu=0:00:00, real=0:00:00, mem(process/total/peak)=2810.26MB/8680.79MB/2810.26MB)



Begin Processing Power Net/Grid for Power Calculation

Ended Processing Power Net/Grid for Power Calculation: (cpu=0:00:00, real=0:00:00, mem(process/total/peak)=2810.26MB/8680.79MB/2810.26MB)

Begin Processing Timing Window Data for Power Calculation

clk(100MHz) CK: assigning clock clk to net clk_i
Ended Processing Timing Window Data for Power Calculation: (cpu=0:00:00, real=0:00:00, mem(process/total/peak)=2810.26MB/8680.79MB/2810.26MB)

Begin Processing User Attributes

Ended Processing User Attributes: (cpu=0:00:00, real=0:00:00, mem(process/total/peak)=2810.26MB/8680.79MB/2810.26MB)

Begin Processing Signal Activity


Starting Activity Propagation
2026-Jun-08 21:28:31 (2026-Jun-08 21:28:31 GMT)
2026-Jun-08 21:28:31 (2026-Jun-08 21:28:31 GMT): 10%
2026-Jun-08 21:28:31 (2026-Jun-08 21:28:31 GMT): 20%

Finished Activity Propagation
2026-Jun-08 21:28:32 (2026-Jun-08 21:28:32 GMT)

Activity annotation summary:
        Primary Inputs : 180/180 = 100%
          Flop outputs : 1909/10414 = 18.3311%
  Memory/Macro outputs : 0/0 = 0%
      Tristate outputs : 0/0 = 0%
            Total Nets : 3867/35059 = 11.03%

Ended Processing Signal Activity: (cpu=0:00:00, real=0:00:00, mem(process/total/peak)=2810.26MB/8680.79MB/2810.26MB)

Begin Power Computation

      ----------------------------------------------------------
      # of cell(s) missing both power/leakage table: 0
      # of cell(s) missing power table: 0
      # of cell(s) missing leakage table: 0
      ----------------------------------------------------------



Starting Calculating power
2026-Jun-08 21:28:32 (2026-Jun-08 21:28:32 GMT)
 ... Calculating switching power
2026-Jun-08 21:28:32 (2026-Jun-08 21:28:32 GMT): 10%
2026-Jun-08 21:28:32 (2026-Jun-08 21:28:32 GMT): 20%
2026-Jun-08 21:28:32 (2026-Jun-08 21:28:32 GMT): 30%
2026-Jun-08 21:28:32 (2026-Jun-08 21:28:32 GMT): 40%
2026-Jun-08 21:28:32 (2026-Jun-08 21:28:32 GMT): 50%
 ... Calculating internal and leakage power
2026-Jun-08 21:28:32 (2026-Jun-08 21:28:32 GMT): 60%
2026-Jun-08 21:28:33 (2026-Jun-08 21:28:33 GMT): 70%
2026-Jun-08 21:28:34 (2026-Jun-08 21:28:34 GMT): 80%
2026-Jun-08 21:28:34 (2026-Jun-08 21:28:34 GMT): 90%

Finished Calculating power
2026-Jun-08 21:28:35 (2026-Jun-08 21:28:35 GMT)
      # of MSMV cell(s) missing power_level: 0
Ended Power Computation: (cpu=0:00:03, real=0:00:03, mem(process/total/peak)=2810.26MB/8680.79MB/2810.26MB)

Begin Processing User Attributes

Begin Processing set_power
Ended Processing set_power: (cpu=0:00:00, real=0:00:00,
mem(process/total/peak)=2810.26MB/8680.79MB/2810.26MB)
Ended Processing User Attributes: (cpu=0:00:00, real=0:00:00, mem(process/total/peak)=2810.26MB/8680.79MB/2810.26MB)

Ended Power Analysis: (cpu=0:00:04, real=0:00:04, mem(process/total/peak)=2810.26MB/8680.79MB/2810.26MB)

Begin Boundary Leakage Calculation
Ended Boundary Leakage Calculation: (cpu=0:00:00, real=0:00:00,
mem(process/total/peak)=2810.26MB/8680.79MB/2810.26MB)
Begin Static Power Report Generation
*----------------------------------------------------------------------------------------
*	Innovus 25.12-s079_1 (64bit) 11/18/2025 12:56 (Linux 4.18.0-305.el8.x86_64)
*	
*
* 	Date & Time:	2026-Jun-08 21:28:35 (2026-Jun-08 21:28:35 GMT)
*
*----------------------------------------------------------------------------------------
*
*	Design: riscv_core
*
*	Liberty Libraries used:
*	        /home/ykaraagac/cadence-bitirme/Enablements/NanGate45/lib/NangateOpenCellLibrary_typical.lib
*
*	Parasitic Files used:
*
*       Dynamic View: WC_VIEW
*
*       Leakage View: WC_VIEW
*
*       User-Defined Activity : N.A.
*
*	Switching Activity File used:
*	        /home/ykaraagac/cadence-bitirme/Flows/NanGate45/biriscv_2mul_vs_hybrid/scripts/cadence/outputs/job6_selective_runs/complex_mul_vec_selective_latency_hidden_mule/vcd/core_hybrid.vcd
*                  Vcd Window used(Start Time, Stop Time):  
*                Vcd Scale Factor: 1
*
*       Hierarchical Global Activity: N.A.
*
*       Global Activity: N.A.
*
*       Sequential Element Activity: 0.200000
*
*       Primary Input Activity: 0.200000
*
*       Default icg ratio: N.A.
*
*       Global Comb ClockGate Ratio: N.A.
*
*	Power Units = 1mW
*
*	Time Units = 1e-09 secs
*
*       report_power -hierarchy all
*
-----------------------------------------------------------------------------------------
*



Total Power
-----------------------------------------------------------------------------------------
Total Internal Power:        4.11992225 	   55.2256%
Total Switching Power:       2.15449017 	   28.8799%
Total Leakage Power:         1.18575312 	   15.8945%
Total Power:                 7.46016554
-----------------------------------------------------------------------------------------


Group                           Internal   Switching     Leakage       Total  Percentage 
                                Power      Power         Power         Power  (%)        
-----------------------------------------------------------------------------------------
Sequential                         2.833      0.3588      0.4994       3.692       49.48
Macro                                  0           0           0           0           0
IO                                     0           0           0           0           0
Combinational                     0.8099      0.8154      0.6723       2.298        30.8
Clock (Combinational)             0.4766      0.9803     0.01403       1.471       19.72
Clock (Sequential)                     0           0           0           0           0
-----------------------------------------------------------------------------------------
Total                               4.12       2.154       1.186        7.46         100
-----------------------------------------------------------------------------------------


Clock                           Internal   Switching     Leakage       Total  Percentage 
                                Power      Power         Power         Power  (%)        
-----------------------------------------------------------------------------------------
clk                               0.4766      0.9803     0.01403       1.471       19.72
-----------------------------------------------------------------------------------------
Total                             0.4766      0.9803     0.01403       1.471       19.72
-----------------------------------------------------------------------------------------
Clock: clk
Clock Period: 0.010000 usec 
Clock Toggle Rate:   200.0000 Mhz 
Clock Static Probability:  0.5000
  


Rail                  Voltage   Internal   Switching     Leakage       Total  Percentage 
                                Power      Power         Power         Power  (%)        
-----------------------------------------------------------------------------------------
VDD                       1.1       4.12       2.154       1.186        7.46         100


Hierarchy                       Internal   Switching     Leakage       Total  Percentage 
                                Power      Power         Power         Power  (%)        
-----------------------------------------------------------------------------------------
u_csr                             0.1888     0.02255     0.06121      0.2726       3.654 
u_div                             0.1463     0.03843     0.04707      0.2318       3.107 
u_exec0                          0.05127     0.02507     0.04275      0.1191       1.596 
u_exec1                          0.05119     0.02512     0.04147      0.1178       1.579 
u_frontend                         1.798      0.7248      0.4623       2.985       40.01 
u_issue                            1.074      0.5297      0.3739       1.978       26.51 
u_lsu                            0.08935     0.02863     0.02803       0.146       1.957 
u_mul                             0.4948      0.4312     0.08596       1.012       13.56 
u_mule                           0.07035     0.01105     0.03814      0.1195       1.602 
u_csr/u_csrfile                   0.1331     0.01003     0.04438      0.1876       2.514 
u_frontend/u_decode               0.1247     0.02772     0.03019      0.1826       2.448 
u_frontend/u_fetch               0.09887     0.01699     0.02792      0.1438       1.927 
u_frontend/u_npc                   1.539      0.6116      0.4028       2.553       34.23 
u_issue/u_pipe0_ctrl              0.1525     0.01717     0.04209      0.2117       2.838 
u_issue/u_pipe1_ctrl             0.09504    0.009686     0.02749      0.1322       1.772 
u_issue/u_regfile                 0.7628      0.3875      0.2366       1.387       18.59 
u_lsu/u_lsu_request              0.03699    0.003381    0.009337     0.04971      0.6664 
u_exec0/u_alu                   0.009929     0.01321     0.02071     0.04385      0.5877 
u_exec1/u_alu                   0.008125     0.01086     0.02039     0.03937      0.5277 
u_frontend/u_decode/genblk1.u_fifo
                                  0.1229     0.02597     0.02529      0.1742       2.335 
u_frontend/u_npc/BRANCH_PREDICTION.u_lru
                                 0.01015    0.001437     0.00193     0.01352      0.1812 
u_frontend/u_decode/genblk1.u_dec0
                               0.0004984   0.0005213    0.001661     0.00268     0.03593 
u_frontend/u_decode/genblk1.u_dec1
                               0.0005423   0.0007141    0.001665    0.002922     0.03916 
 
 
-----------------------------------------------------------------------------------------
*	Power Distribution Summary: 
*              Highest Average Power: u_frontend/u_npc/CTS_ccl_a_buf_00338 (CLKBUF_X3):         0.003758
*              Highest Leakage Power:            u_issue/g33248 (AND4_X4):        0.0001893
*                Total Cap:      2.19821e-10 F
*                Total instances in design: 28954
*                Total instances in design with no power:     0
*                Total instances in design with no activty:     0

*                Total Fillers and Decap:     0
-----------------------------------------------------------------------------------------
 
** INFO:  (VOLTUS_POWR-3465): There are 0 decaps and 0 fillers in the design

Ended Static Power Report Generation: (cpu=0:00:00, real=0:00:00,
mem(process/total/peak)=2810.26MB/8680.79MB/2810.26MB)

