env CDS_WORKAREA is set to /home/ykaraagac/cadence-bitirme/Flows/NanGate45/biriscv_parallel_matmul/scripts/cadence

Power Net Detected:
        Voltage	    Name
             0V	    VSS
           1.1V	    VDD
             0V	    VSS
           1.1V	    VDD
Using Power View WC_VIEW
.
Load RC corner of view WC_VIEW

Begin Power Analysis

             0V	    VSS
           1.1V	    VDD

Begin Processing Timing Library for Power Calculation

Ended Processing Timing Library for Power Calculation: (cpu=0:00:00, real=0:00:00, mem(process/total/peak)=4198.75MB/13073.84MB/4209.55MB)



Begin Processing Power Net/Grid for Power Calculation

Ended Processing Power Net/Grid for Power Calculation: (cpu=0:00:00, real=0:00:00, mem(process/total/peak)=4198.75MB/13073.84MB/4209.55MB)

Begin Processing Timing Window Data for Power Calculation

clk(100MHz) CK: assigning clock clk to net clk_i
Ended Processing Timing Window Data for Power Calculation: (cpu=0:00:00, real=0:00:00, mem(process/total/peak)=4200.75MB/13073.84MB/4209.55MB)

Begin Processing User Attributes

Ended Processing User Attributes: (cpu=0:00:00, real=0:00:00, mem(process/total/peak)=4200.75MB/13073.84MB/4209.55MB)

Begin Processing Signal Activity


Starting Levelizing
2026-Mar-31 09:40:20 (2026-Mar-31 09:40:20 GMT)
2026-Mar-31 09:40:20 (2026-Mar-31 09:40:20 GMT): 10%
2026-Mar-31 09:40:20 (2026-Mar-31 09:40:20 GMT): 20%
2026-Mar-31 09:40:20 (2026-Mar-31 09:40:20 GMT): 30%
2026-Mar-31 09:40:20 (2026-Mar-31 09:40:20 GMT): 40%
2026-Mar-31 09:40:20 (2026-Mar-31 09:40:20 GMT): 50%
2026-Mar-31 09:40:20 (2026-Mar-31 09:40:20 GMT): 60%
2026-Mar-31 09:40:20 (2026-Mar-31 09:40:20 GMT): 70%
2026-Mar-31 09:40:20 (2026-Mar-31 09:40:20 GMT): 80%
2026-Mar-31 09:40:20 (2026-Mar-31 09:40:20 GMT): 90%

Finished Levelizing
2026-Mar-31 09:40:20 (2026-Mar-31 09:40:20 GMT)

Starting Activity Propagation
2026-Mar-31 09:40:20 (2026-Mar-31 09:40:20 GMT)
** INFO:  (VOLTUS_POWR-1356): No default input activity has been set. Defaulting to 0.2.
Use 'set_default_switching_activity -input_activity' command to change the default activity value.

2026-Mar-31 09:40:21 (2026-Mar-31 09:40:21 GMT): 10%
2026-Mar-31 09:40:21 (2026-Mar-31 09:40:21 GMT): 20%

Finished Activity Propagation
2026-Mar-31 09:40:21 (2026-Mar-31 09:40:21 GMT)
Ended Processing Signal Activity: (cpu=0:00:01, real=0:00:01, mem(process/total/peak)=4201.75MB/13073.84MB/4209.55MB)

Begin Power Computation

      ----------------------------------------------------------
      # of cell(s) missing both power/leakage table: 0
      # of cell(s) missing power table: 0
      # of cell(s) missing leakage table: 0
      ----------------------------------------------------------



Starting Calculating power
2026-Mar-31 09:40:21 (2026-Mar-31 09:40:21 GMT)
2026-Mar-31 09:40:22 (2026-Mar-31 09:40:22 GMT): 10%
2026-Mar-31 09:40:22 (2026-Mar-31 09:40:22 GMT): 20%
2026-Mar-31 09:40:22 (2026-Mar-31 09:40:22 GMT): 30%
2026-Mar-31 09:40:22 (2026-Mar-31 09:40:22 GMT): 40%
2026-Mar-31 09:40:22 (2026-Mar-31 09:40:22 GMT): 50%
2026-Mar-31 09:40:22 (2026-Mar-31 09:40:22 GMT): 60%
2026-Mar-31 09:40:22 (2026-Mar-31 09:40:22 GMT): 70%
2026-Mar-31 09:40:22 (2026-Mar-31 09:40:22 GMT): 80%
2026-Mar-31 09:40:22 (2026-Mar-31 09:40:22 GMT): 90%

Finished Calculating power
2026-Mar-31 09:40:22 (2026-Mar-31 09:40:22 GMT)
      # of MSMV cell(s) missing power_level: 0
Ended Power Computation: (cpu=0:00:02, real=0:00:00, mem(process/total/peak)=4205.61MB/13207.85MB/4209.55MB)

Begin Processing User Attributes

Begin Processing set_power
Ended Processing set_power: (cpu=0:00:00, real=0:00:00,
mem(process/total/peak)=4205.61MB/13207.85MB/4209.55MB)
Ended Processing User Attributes: (cpu=0:00:00, real=0:00:00, mem(process/total/peak)=4205.61MB/13207.85MB/4209.55MB)

Ended Power Analysis: (cpu=0:00:03, real=0:00:02, mem(process/total/peak)=4205.61MB/13207.85MB/4209.55MB)

Begin Boundary Leakage Calculation
Ended Boundary Leakage Calculation: (cpu=0:00:00, real=0:00:00,
mem(process/total/peak)=4205.61MB/13207.85MB/4209.55MB)
Begin Static Power Report Generation
*----------------------------------------------------------------------------------------
*	Innovus 25.12-s079_1 (64bit) 11/18/2025 12:56 (Linux 4.18.0-305.el8.x86_64)
*	
*
* 	Date & Time:	2026-Mar-31 09:40:22 (2026-Mar-31 09:40:22 GMT)
*
*----------------------------------------------------------------------------------------
*
*	Design: riscv_core
*
*	Liberty Libraries used:
*	        /home/ykaraagac/cadence-bitirme/Enablements/NanGate45/lib/NangateOpenCellLibrary_typical.lib
*
*	Parasitic Files used:
*
*       Dynamic View: WC_VIEW
*
*       Leakage View: WC_VIEW
*
*       User-Defined Activity : N.A.
*
*       Activity File: N.A.
*
*       Hierarchical Global Activity: N.A.
*
*       Global Activity: N.A.
*
*       Sequential Element Activity: 0.200000
*
*       Primary Input Activity: 0.200000
*
*       Default icg ratio: N.A.
*
*       Global Comb ClockGate Ratio: N.A.
*
*	Power Units = 1mW
*
*	Time Units = 1e-09 secs
*
*       report_power
*
-----------------------------------------------------------------------------------------
*



Total Power
-----------------------------------------------------------------------------------------
Total Internal Power:        5.29065588 	   51.4760%
Total Switching Power:       3.70113696 	   36.0106%
Total Leakage Power:         1.28612392 	   12.5135%
Total Power:                10.27791676
-----------------------------------------------------------------------------------------


Group                           Internal   Switching     Leakage       Total  Percentage 
                                Power      Power         Power         Power  (%)        
-----------------------------------------------------------------------------------------
Sequential                         2.885      0.5534      0.4945       3.933       38.26
Macro                                  0           0           0           0           0
IO                                     0           0           0           0           0
Combinational                      1.939       2.188      0.7779       4.904       47.72
Clock (Combinational)             0.4672      0.9602     0.01375       1.441       14.02
Clock (Sequential)                     0           0           0           0           0
-----------------------------------------------------------------------------------------
Total                              5.291       3.701       1.286       10.28         100
-----------------------------------------------------------------------------------------


Rail                  Voltage   Internal   Switching     Leakage       Total  Percentage 
                                Power      Power         Power         Power  (%)        
-----------------------------------------------------------------------------------------
VDD                       1.1      5.291       3.701       1.286       10.28         100


Clock                           Internal   Switching     Leakage       Total  Percentage 
                                Power      Power         Power         Power  (%)        
-----------------------------------------------------------------------------------------
clk                               0.4672      0.9602     0.01375       1.441       14.02
-----------------------------------------------------------------------------------------
Total                             0.4672      0.9602     0.01375       1.441       14.02
-----------------------------------------------------------------------------------------
Clock: clk
Clock Period: 0.010000 usec 
Clock Toggle Rate:   200.0000 Mhz 
Clock Static Probability:  0.5000
  
 
 
-----------------------------------------------------------------------------------------
*	Power Distribution Summary: 
*              Highest Average Power:  u_frontend/u_npc/g199365 (AND2_X4):         0.004637
*              Highest Leakage Power:         u_div/g8274__4733 (OR4_X4):        0.0001582
*                Total Cap:      2.24543e-10 F
*                Total instances in design: 30021
*                Total instances in design with no power:     0
*                Total instances in design with no activty:     0

*                Total Fillers and Decap:     0
-----------------------------------------------------------------------------------------
 
** INFO:  (VOLTUS_POWR-3465): There are 0 decaps and 0 fillers in the design

Ended Static Power Report Generation: (cpu=0:00:00, real=0:00:00,
mem(process/total/peak)=4213.61MB/13207.85MB/4213.61MB)

