============================================================
  Generated by:           Genus(TM) Synthesis Solution 23.13-s073_1
  Generated on:           Dec 16 2025  05:35:26 pm
  Module:                 riscv_core
  Operating conditions:   tt_1.0_25.0 (balanced_tree)
  Wireload mode:          enclosed
  Area mode:              timing library
============================================================

                                                 Leakage  
           Gate            Instances    Area   Power (nW)                  Library                 
---------------------------------------------------------------------------------------------------
A2O1A1Ixp33_ASAP7_75t_R          126    11.022      5.847    asap7sc7p5t_AO_RVT_FF_nldm_201020     
A2O1A1O1Ixp25_ASAP7_75t_R         34     4.461      2.665    asap7sc7p5t_AO_RVT_FF_nldm_201020     
AND2x2_ASAP7_75t_R              1314   114.949    259.940    asap7sc7p5t_SIMPLE_RVT_FF_nldm_201020 
AND2x4_ASAP7_75t_R               264    38.491    103.344    asap7sc7p5t_SIMPLE_RVT_FF_nldm_201020 
AND2x6_ASAP7_75t_R                21     3.674     11.273    asap7sc7p5t_SIMPLE_RVT_FF_nldm_201020 
AND3x1_ASAP7_75t_R               105     9.185     20.815    asap7sc7p5t_SIMPLE_RVT_FF_nldm_201020 
AND3x2_ASAP7_75t_R                20     2.041      4.025    asap7sc7p5t_SIMPLE_RVT_FF_nldm_201020 
AND3x4_ASAP7_75t_R                 3     0.612      1.145    asap7sc7p5t_SIMPLE_RVT_FF_nldm_201020 
AND4x1_ASAP7_75t_R               544    55.521    179.916    asap7sc7p5t_SIMPLE_RVT_FF_nldm_201020 
AND4x2_ASAP7_75t_R                 4     0.467      0.783    asap7sc7p5t_SIMPLE_RVT_FF_nldm_201020 
AND5x1_ASAP7_75t_R                24     2.799      3.104    asap7sc7p5t_SIMPLE_RVT_FF_nldm_201020 
AO211x2_ASAP7_75t_R               16     3.732      2.169    asap7sc7p5t_AO_RVT_FF_nldm_201020     
AO21x1_ASAP7_75t_R               378    33.067     34.532    asap7sc7p5t_AO_RVT_FF_nldm_201020     
AO21x2_ASAP7_75t_R               138    14.084     16.487    asap7sc7p5t_AO_RVT_FF_nldm_201020     
AO221x1_ASAP7_75t_R               38     5.540      3.378    asap7sc7p5t_AO_RVT_FF_nldm_201020     
AO221x2_ASAP7_75t_R                2     0.321      0.242    asap7sc7p5t_AO_RVT_FF_nldm_201020     
AO222x2_ASAP7_75t_R               68    11.897     10.006    asap7sc7p5t_AO_RVT_FF_nldm_201020     
AO22x1_ASAP7_75t_R               346    45.402     24.554    asap7sc7p5t_AO_RVT_FF_nldm_201020     
AO22x2_ASAP7_75t_R               109    15.892     12.649    asap7sc7p5t_AO_RVT_FF_nldm_201020     
AO32x1_ASAP7_75t_R                 5     0.583      0.399    asap7sc7p5t_AO_RVT_FF_nldm_201020     
AO331x1_ASAP7_75t_R                1     0.146      0.096    asap7sc7p5t_AO_RVT_FF_nldm_201020     
AOI211x1_ASAP7_75t_R              27     4.724      2.187    asap7sc7p5t_AO_RVT_FF_nldm_201020     
AOI211xp5_ASAP7_75t_R            218    19.071     10.272    asap7sc7p5t_AO_RVT_FF_nldm_201020     
AOI21x1_ASAP7_75t_R               50     5.832      4.952    asap7sc7p5t_AO_RVT_FF_nldm_201020     
AOI21xp33_ASAP7_75t_R            510    37.179     22.765    asap7sc7p5t_AO_RVT_FF_nldm_201020     
AOI21xp5_ASAP7_75t_R             874    63.715     46.402    asap7sc7p5t_AO_RVT_FF_nldm_201020     
AOI221x1_ASAP7_75t_R              27     5.511      1.837    asap7sc7p5t_AO_RVT_FF_nldm_201020     
AOI221xp5_ASAP7_75t_R            379    38.681     20.301    asap7sc7p5t_AO_RVT_FF_nldm_201020     
AOI222xp33_ASAP7_75t_R           228    33.242     15.503    asap7sc7p5t_AO_RVT_FF_nldm_201020     
AOI22x1_ASAP7_75t_R               37     5.395      4.711    asap7sc7p5t_AO_RVT_FF_nldm_201020     
AOI22xp33_ASAP7_75t_R           3439   300.844    146.421    asap7sc7p5t_AO_RVT_FF_nldm_201020     
AOI22xp5_ASAP7_75t_R           10897   953.270    703.343    asap7sc7p5t_AO_RVT_FF_nldm_201020     
AOI311xp33_ASAP7_75t_R             7     0.714      0.261    asap7sc7p5t_AO_RVT_FF_nldm_201020     
AOI31xp33_ASAP7_75t_R             42     3.674      1.757    asap7sc7p5t_AO_RVT_FF_nldm_201020     
AOI31xp67_ASAP7_75t_R              1     0.190      0.092    asap7sc7p5t_AO_RVT_FF_nldm_201020     
AOI321xp33_ASAP7_75t_R             8     0.933      0.467    asap7sc7p5t_AO_RVT_FF_nldm_201020     
AOI322xp5_ASAP7_75t_R              1     0.131      0.064    asap7sc7p5t_AO_RVT_FF_nldm_201020     
AOI32xp33_ASAP7_75t_R            374    38.170     20.366    asap7sc7p5t_AO_RVT_FF_nldm_201020     
AOI33xp33_ASAP7_75t_R              2     0.233      0.135    asap7sc7p5t_AO_RVT_FF_nldm_201020     
ASYNC_DFFHx1_ASAP7_75t_R        6692  2536.803   1350.226    asap7sc7p5t_SEQ_RVT_FF_nldm_201020    
BUFx10_ASAP7_75t_R                49    10.002     14.882    asap7sc7p5t_INVBUF_RVT_FF_nldm_201020 
BUFx12_ASAP7_75t_R                 1     0.233      0.325    asap7sc7p5t_INVBUF_RVT_FF_nldm_201020 
BUFx12f_ASAP7_75t_R               49    12.860     24.808    asap7sc7p5t_INVBUF_RVT_FF_nldm_201020 
BUFx16f_ASAP7_75t_R                1     0.321      0.494    asap7sc7p5t_INVBUF_RVT_FF_nldm_201020 
BUFx2_ASAP7_75t_R                207    15.090     17.279    asap7sc7p5t_INVBUF_RVT_FF_nldm_201020 
BUFx3_ASAP7_75t_R                254    22.220     31.535    asap7sc7p5t_INVBUF_RVT_FF_nldm_201020 
BUFx4_ASAP7_75t_R                  9     0.919      1.261    asap7sc7p5t_INVBUF_RVT_FF_nldm_201020 
BUFx4f_ASAP7_75t_R                18     2.100      3.122    asap7sc7p5t_INVBUF_RVT_FF_nldm_201020 
BUFx5_ASAP7_75t_R                  2     0.233      0.287    asap7sc7p5t_INVBUF_RVT_FF_nldm_201020 
BUFx6f_ASAP7_75t_R               255    37.179     64.178    asap7sc7p5t_INVBUF_RVT_FF_nldm_201020 
BUFx8_ASAP7_75t_R                 17     2.974      5.166    asap7sc7p5t_INVBUF_RVT_FF_nldm_201020 
CKINVDCx10_ASAP7_75t_R            14     5.118      6.587    asap7sc7p5t_INVBUF_RVT_FF_nldm_201020 
CKINVDCx11_ASAP7_75t_R             2     0.802      0.510    asap7sc7p5t_INVBUF_RVT_FF_nldm_201020 
CKINVDCx5p33_ASAP7_75t_R           1     0.341      0.258    asap7sc7p5t_INVBUF_RVT_FF_nldm_201020 
CKINVDCx6p67_ASAP7_75t_R           7     2.559      1.974    asap7sc7p5t_INVBUF_RVT_FF_nldm_201020 
CKINVDCx9p33_ASAP7_75t_R           1     0.426      0.441    asap7sc7p5t_INVBUF_RVT_FF_nldm_201020 
DFFHQNx1_ASAP7_75t_R            3968  1157.069    597.146    asap7sc7p5t_SEQ_RVT_FF_nldm_201020    
FAx1_ASAP7_75t_R                  15     3.062      4.645    asap7sc7p5t_SIMPLE_RVT_FF_nldm_201020 
HAxp5_ASAP7_75t_R                 12     1.575      2.355    asap7sc7p5t_SIMPLE_RVT_FF_nldm_201020 
HB1xp67_ASAP7_75t_R              439    25.602     14.040    asap7sc7p5t_INVBUF_RVT_FF_nldm_201020 
INVx11_ASAP7_75t_R                26     4.928     11.944    asap7sc7p5t_INVBUF_RVT_FF_nldm_201020 
INVx13_ASAP7_75t_R                 8     1.750      4.593    asap7sc7p5t_INVBUF_RVT_FF_nldm_201020 
INVx1_ASAP7_75t_R               3802   166.299    131.882    asap7sc7p5t_INVBUF_RVT_FF_nldm_201020 
INVx2_ASAP7_75t_R                988    57.620     72.164    asap7sc7p5t_INVBUF_RVT_FF_nldm_201020 
INVx3_ASAP7_75t_R                192    13.997     19.830    asap7sc7p5t_INVBUF_RVT_FF_nldm_201020 
INVx4_ASAP7_75t_R                190    16.621     25.586    asap7sc7p5t_INVBUF_RVT_FF_nldm_201020 
INVx5_ASAP7_75t_R                 80     8.165     14.273    asap7sc7p5t_INVBUF_RVT_FF_nldm_201020 
INVx6_ASAP7_75t_R                 33     3.849      6.703    asap7sc7p5t_INVBUF_RVT_FF_nldm_201020 
INVx8_ASAP7_75t_R                 47     6.853     13.395    asap7sc7p5t_INVBUF_RVT_FF_nldm_201020 
INVxp33_ASAP7_75t_R              159     6.955      1.683    asap7sc7p5t_INVBUF_RVT_FF_nldm_201020 
INVxp67_ASAP7_75t_R             2750   120.285     60.644    asap7sc7p5t_INVBUF_RVT_FF_nldm_201020 
MAJIxp5_ASAP7_75t_R              301    30.720     37.609    asap7sc7p5t_SIMPLE_RVT_FF_nldm_201020 
MAJx2_ASAP7_75t_R                 90    11.810     24.298    asap7sc7p5t_SIMPLE_RVT_FF_nldm_201020 
NAND2x1_ASAP7_75t_R              104     9.098     13.304    asap7sc7p5t_SIMPLE_RVT_FF_nldm_201020 
NAND2x1p5_ASAP7_75t_R             84     9.798     16.830    asap7sc7p5t_SIMPLE_RVT_FF_nldm_201020 
NAND2x2_ASAP7_75t_R               10     1.458      2.305    asap7sc7p5t_SIMPLE_RVT_FF_nldm_201020 
NAND2xp33_ASAP7_75t_R            296    17.263     12.921    asap7sc7p5t_SIMPLE_RVT_FF_nldm_201020 
NAND2xp5_ASAP7_75t_R            2539   148.074    176.833    asap7sc7p5t_SIMPLE_RVT_FF_nldm_201020 
NAND2xp67_ASAP7_75t_R             21     1.837      1.871    asap7sc7p5t_SIMPLE_RVT_FF_nldm_201020 
NAND3x1_ASAP7_75t_R               34     5.453      5.619    asap7sc7p5t_SIMPLE_RVT_FF_nldm_201020 
NAND3x2_ASAP7_75t_R                2     0.583      0.666    asap7sc7p5t_SIMPLE_RVT_FF_nldm_201020 
NAND3xp33_ASAP7_75t_R            271    19.756     22.604    asap7sc7p5t_SIMPLE_RVT_FF_nldm_201020 
NAND4xp25_ASAP7_75t_R            262    22.920     33.606    asap7sc7p5t_SIMPLE_RVT_FF_nldm_201020 
NAND4xp75_ASAP7_75t_R             71    14.493     15.586    asap7sc7p5t_SIMPLE_RVT_FF_nldm_201020 
NAND5xp2_ASAP7_75t_R             134    13.676     22.276    asap7sc7p5t_SIMPLE_RVT_FF_nldm_201020 
NOR2x1_ASAP7_75t_R               359    31.405     38.046    asap7sc7p5t_SIMPLE_RVT_FF_nldm_201020 
NOR2x1p5_ASAP7_75t_R              67     7.815     10.899    asap7sc7p5t_SIMPLE_RVT_FF_nldm_201020 
NOR2x2_ASAP7_75t_R                 4     0.583      0.634    asap7sc7p5t_SIMPLE_RVT_FF_nldm_201020 
NOR2xp33_ASAP7_75t_R            2382   138.918     77.391    asap7sc7p5t_SIMPLE_RVT_FF_nldm_201020 
NOR2xp67_ASAP7_75t_R             217    18.983     15.985    asap7sc7p5t_SIMPLE_RVT_FF_nldm_201020 
NOR3x1_ASAP7_75t_R                36     5.774      4.433    asap7sc7p5t_SIMPLE_RVT_FF_nldm_201020 
NOR3xp33_ASAP7_75t_R             238    17.350     15.868    asap7sc7p5t_SIMPLE_RVT_FF_nldm_201020 
NOR4xp25_ASAP7_75t_R              67     5.861      5.800    asap7sc7p5t_SIMPLE_RVT_FF_nldm_201020 
NOR4xp75_ASAP7_75t_R               8     1.633      1.149    asap7sc7p5t_SIMPLE_RVT_FF_nldm_201020 
NOR5xp2_ASAP7_75t_R               34     3.470      2.499    asap7sc7p5t_SIMPLE_RVT_FF_nldm_201020 
O2A1O1Ixp33_ASAP7_75t_R          127    11.110      7.043    asap7sc7p5t_OA_RVT_FF_nldm_201020     
O2A1O1Ixp5_ASAP7_75t_R             6     0.700      0.354    asap7sc7p5t_OA_RVT_FF_nldm_201020     
OA211x2_ASAP7_75t_R               40     4.666      4.538    asap7sc7p5t_OA_RVT_FF_nldm_201020     
OA21x2_ASAP7_75t_R               318    32.455     39.027    asap7sc7p5t_OA_RVT_FF_nldm_201020     
OA221x2_ASAP7_75t_R                2     0.467      0.300    asap7sc7p5t_OA_RVT_FF_nldm_201020     
OA222x2_ASAP7_75t_R               33     5.774      4.634    asap7sc7p5t_OA_RVT_FF_nldm_201020     
OA22x2_ASAP7_75t_R               147    21.433     18.333    asap7sc7p5t_OA_RVT_FF_nldm_201020     
OA331x1_ASAP7_75t_R                1     0.146      0.082    asap7sc7p5t_OA_RVT_FF_nldm_201020     
OAI211xp5_ASAP7_75t_R            328    28.693     16.311    asap7sc7p5t_OA_RVT_FF_nldm_201020     
OAI21x1_ASAP7_75t_R               56     6.532      4.416    asap7sc7p5t_OA_RVT_FF_nldm_201020     
OAI21xp33_ASAP7_75t_R            129     9.404      3.920    asap7sc7p5t_OA_RVT_FF_nldm_201020     
OAI21xp5_ASAP7_75t_R            1175    85.658     54.291    asap7sc7p5t_OA_RVT_FF_nldm_201020     
OAI221xp5_ASAP7_75t_R            369    37.660     20.432    asap7sc7p5t_OA_RVT_FF_nldm_201020     
OAI222xp33_ASAP7_75t_R            26     3.791      1.607    asap7sc7p5t_OA_RVT_FF_nldm_201020     
OAI22x1_ASAP7_75t_R               18     2.624      1.715    asap7sc7p5t_OA_RVT_FF_nldm_201020     
OAI22xp33_ASAP7_75t_R            321    28.081     11.071    asap7sc7p5t_OA_RVT_FF_nldm_201020     
OAI22xp5_ASAP7_75t_R            2576   225.348    141.212    asap7sc7p5t_OA_RVT_FF_nldm_201020     
OAI311xp33_ASAP7_75t_R             3     0.306      0.127    asap7sc7p5t_OA_RVT_FF_nldm_201020     
OAI31xp33_ASAP7_75t_R             37     3.237      1.152    asap7sc7p5t_OA_RVT_FF_nldm_201020     
OAI31xp67_ASAP7_75t_R              2     0.379      0.114    asap7sc7p5t_OA_RVT_FF_nldm_201020     
OAI321xp33_ASAP7_75t_R             4     0.467      0.250    asap7sc7p5t_OA_RVT_FF_nldm_201020     
OAI322xp33_ASAP7_75t_R             1     0.131      0.089    asap7sc7p5t_OA_RVT_FF_nldm_201020     
OAI32xp33_ASAP7_75t_R             19     1.939      0.663    asap7sc7p5t_OA_RVT_FF_nldm_201020     
OAI331xp33_ASAP7_75t_R             1     0.131      0.036    asap7sc7p5t_OA_RVT_FF_nldm_201020     
OAI33xp33_ASAP7_75t_R              3     0.350      0.322    asap7sc7p5t_OA_RVT_FF_nldm_201020     
OR2x2_ASAP7_75t_R                322    28.169     69.124    asap7sc7p5t_SIMPLE_RVT_FF_nldm_201020 
OR2x4_ASAP7_75t_R                 16     1.866      5.829    asap7sc7p5t_SIMPLE_RVT_FF_nldm_201020 
OR2x6_ASAP7_75t_R                 41     7.173     24.415    asap7sc7p5t_SIMPLE_RVT_FF_nldm_201020 
OR3x1_ASAP7_75t_R                 35     3.062      5.498    asap7sc7p5t_SIMPLE_RVT_FF_nldm_201020 
OR3x2_ASAP7_75t_R                  5     0.510      1.211    asap7sc7p5t_SIMPLE_RVT_FF_nldm_201020 
OR3x4_ASAP7_75t_R                  3     0.394      1.107    asap7sc7p5t_SIMPLE_RVT_FF_nldm_201020 
OR4x1_ASAP7_75t_R                 31     3.164      4.435    asap7sc7p5t_SIMPLE_RVT_FF_nldm_201020 
OR4x2_ASAP7_75t_R                 14     1.633      2.956    asap7sc7p5t_SIMPLE_RVT_FF_nldm_201020 
OR5x1_ASAP7_75t_R                  8     0.933      0.935    asap7sc7p5t_SIMPLE_RVT_FF_nldm_201020 
OR5x2_ASAP7_75t_R                  2     0.262      0.388    asap7sc7p5t_SIMPLE_RVT_FF_nldm_201020 
XNOR2x1_ASAP7_75t_R               32     5.599     10.753    asap7sc7p5t_SIMPLE_RVT_FF_nldm_201020 
XNOR2x2_ASAP7_75t_R               11     1.764      3.780    asap7sc7p5t_SIMPLE_RVT_FF_nldm_201020 
XNOR2xp5_ASAP7_75t_R             790   103.664    156.586    asap7sc7p5t_SIMPLE_RVT_FF_nldm_201020 
XOR2x1_ASAP7_75t_R                 1     0.175      0.345    asap7sc7p5t_SIMPLE_RVT_FF_nldm_201020 
XOR2x2_ASAP7_75t_R                38     6.094     13.162    asap7sc7p5t_SIMPLE_RVT_FF_nldm_201020 
XOR2xp5_ASAP7_75t_R              460    60.361     87.668    asap7sc7p5t_SIMPLE_RVT_FF_nldm_201020 
---------------------------------------------------------------------------------------------------
total                          56151  7405.242   5482.682                                          


                                                                       Leakage  Leakage 
               Library                Instances Instances %   Area   Power (nW) Power % 
----------------------------------------------------------------------------------------
asap7sc7p5t_AO_RVT_FF_nldm_201020         18382        32.7 1657.659   1114.860    20.3 
asap7sc7p5t_INVBUF_RVT_FF_nldm_201020      9601        17.1  546.299    549.844    10.0 
asap7sc7p5t_OA_RVT_FF_nldm_201020          5742        10.2  511.481    332.041     6.1 
asap7sc7p5t_SEQ_RVT_FF_nldm_201020        10660        19.0 3693.872   1947.371    35.5 
asap7sc7p5t_SIMPLE_RVT_FF_nldm_201020     11766        21.0  995.931   1538.567    28.1 

                                           Leakage  Leakage 
     Type      Instances   Area   Area % Power (nW) Power % 
------------------------------------------------------------
sequential         10660 3693.872   49.9   1947.371    35.5 
inverter            8300  416.567    5.6    372.468     6.8 
buffer              1301  129.733    1.8    177.375     3.2 
logic              35890 3165.070   42.7   2985.468    54.5 
physical_cells         0    0.000    0.0      0.000     0.0 
------------------------------------------------------------
total              56151 7405.242  100.0   5482.682   100.0 

