============================================================
  Generated by:           Genus(TM) Synthesis Solution 23.13-s073_1
  Generated on:           Dec 16 2025  05:35:26 pm
  Module:                 riscv_core
  Operating conditions:   tt_1.0_25.0 (balanced_tree)
  Wireload mode:          enclosed
  Area mode:              timing library
============================================================

Timing
--------

Clock Period 
-------------
clk    500.0 


  Cost    Critical               Violating 
 Group   Path Slack     TNS        Paths   
-------------------------------------------
clk          -187.4   -211498.2       3742 
default    No paths         0.0            
-------------------------------------------
Total                 -211498.2       3742 

Instance Count
--------------
Leaf Instance Count             56151 
Physical Instance count             0 
Sequential Instance Count       10660 
Combinational Instance Count    45491 
Hierarchical Instance Count         2 

Area
----
Cell Area                          7405.242
Physical Cell Area                 0.000
Total Cell Area (Cell+Physical)    7405.242
Net Area                           0.000
Total Area (Cell+Physical+Net)     7405.242

Runtime                            652.480691 seconds
Elapsed Runtime                    3798 seconds
Genus peak memory usage            2769.55 
Innovus peak memory usage          no_value 
Hostname                           eda-bitirme
