

Working Directory = /home/ziyx/cadence-bitirme/Flows/ASAP7/biriscv/scripts/cadence
QoS Summary for riscv_core
================================================================================
Metric                          generic         map             final          
================================================================================
Slack (ps):                      -313            -231            -187
  R2R (ps):                      -313            -231            -187
  I2R (ps):                      -262            -206            -185
  R2O (ps):                        24             -20              47
  I2O (ps):                        48               8              50
  CG  (ps):                  no_value        no_value        no_value
TNS (ps):                    -650,525        -420,127        -211,498
  R2R (ps):                  -580,689        -372,644        -211,498
  I2R (ps):                  -436,347        -264,858        -172,260
  R2O (ps):                         0             -29               0
  I2O (ps):                         0               0               0
  CG  (ps):                  no_value        no_value        no_value
Failing Paths:                 13,683           8,824           3,742
Cell Area:                      7,979           7,498           7,405
Total Cell Area:                7,979           7,498           7,405
Leaf Instances:                68,437          58,904          56,151
Total Instances:               68,437          58,904          56,151
Utilization (%):                 0.00            0.00            0.00
Tot. Net Length (um):        no_value        no_value        no_value
Avg. Net Length (um):        no_value        no_value        no_value
Route Overflow H (%):        no_value        no_value        no_value
Route Overflow V (%):        no_value        no_value        no_value
MBCI(%) (bits/gate) :            0.00            0.00            0.00
Norm Cong Hotspot Area:
  Max Cong:                  no_value        no_value        no_value
  Tot Cong:                  no_value        no_value        no_value
================================================================================
CPU  Runtime (h:m:s):        00:37:08        00:11:01        00:20:13
Real Runtime (h:m:s):        00:38:36        00:07:35        00:17:01
CPU  Elapsed (h:m:s):        00:37:15        00:48:16        01:08:25
Real Elapsed (h:m:s):        00:38:39        00:46:14        01:03:14
Memory (MB):                  2704.52         2717.54         2769.55
================================================================================
================================================================================
Flow Settings:
================================================================================
Total Runtime (h:m:s): 01:03:14
Total Memory (MB):     2769.55
Executable Version:    23.13-s073_1
================================================================================
Total Cell Area =  Cell Area + Physical Cell Area
Total Instances =  Leaf Instances + Physical Instances


