============================================================
  Generated by:           Genus(TM) Synthesis Solution 23.13-s073_1
  Generated on:           Dec 16 2025  05:10:49 pm
  Module:                 riscv_core
  Technology libraries:   sram_asap7_64x256_1rw 1.0
                          asap7sc7p5t_OA_RVT_FF_nldm_201020 1.0
                          asap7sc7p5t_SEQ_RVT_FF_nldm_201020 1.0
                          sram_asap7_16x256_1rw 1.0
                          sram_asap7_64x64_1rw 1.0
                          asap7sc7p5t_AO_RVT_FF_nldm_201020 1.0
                          asap7sc7p5t_INVBUF_RVT_FF_nldm_201020 1.0
                          asap7sc7p5t_SIMPLE_RVT_FF_nldm_201020 1.0
                          sram_asap7_32x256_1rw 1.0
  Operating conditions:   tt_1.0_25.0 (balanced_tree)
  Wireload mode:          enclosed
  Area mode:              timing library
============================================================

Timing
--------

Clock Period 
-------------
clk    500.0 


  Cost    Critical               Violating 
 Group   Path Slack     TNS        Paths   
-------------------------------------------
clk          -313.2   -650525.4      13683 
default    No paths         0.0            
-------------------------------------------
Total                 -650525.4      13683 

Instance Count
--------------
Leaf Instance Count             68437 
Physical Instance count             0 
Sequential Instance Count       10660 
Combinational Instance Count    57777 
Hierarchical Instance Count      4711 

Area
----
Cell Area                          7979.207
Physical Cell Area                 0.000
Total Cell Area (Cell+Physical)    7979.207
Net Area                           0.000
Total Area (Cell+Physical+Net)     7979.207

Runtime                            433.72804300000007 seconds
Elapsed Runtime                    2323 seconds
Genus peak memory usage            2608.47 
Innovus peak memory usage          no_value 
Hostname                           eda-bitirme
