============================================================
  Generated by:           Genus(TM) Synthesis Solution 23.13-s073_1
  Generated on:           Dec 16 2025  05:18:30 pm
  Module:                 riscv_core
  Technology libraries:   sram_asap7_64x256_1rw 1.0
                          asap7sc7p5t_OA_RVT_FF_nldm_201020 1.0
                          asap7sc7p5t_SEQ_RVT_FF_nldm_201020 1.0
                          sram_asap7_16x256_1rw 1.0
                          sram_asap7_64x64_1rw 1.0
                          asap7sc7p5t_AO_RVT_FF_nldm_201020 1.0
                          asap7sc7p5t_INVBUF_RVT_FF_nldm_201020 1.0
                          asap7sc7p5t_SIMPLE_RVT_FF_nldm_201020 1.0
                          sram_asap7_32x256_1rw 1.0
  Operating conditions:   tt_1.0_25.0 (balanced_tree)
  Wireload mode:          enclosed
  Area mode:              timing library
============================================================

                                                 Leakage  
           Gate            Instances    Area   Power (nW)                  Library                 
---------------------------------------------------------------------------------------------------
A2O1A1Ixp33_ASAP7_75t_R          121    10.585      5.970    asap7sc7p5t_AO_RVT_FF_nldm_201020     
A2O1A1O1Ixp25_ASAP7_75t_R         37     4.855      3.001    asap7sc7p5t_AO_RVT_FF_nldm_201020     
AND2x2_ASAP7_75t_R              1363   119.235    266.052    asap7sc7p5t_SIMPLE_RVT_FF_nldm_201020 
AND2x4_ASAP7_75t_R               207    30.181     81.456    asap7sc7p5t_SIMPLE_RVT_FF_nldm_201020 
AND2x6_ASAP7_75t_R                10     1.750      5.303    asap7sc7p5t_SIMPLE_RVT_FF_nldm_201020 
AND3x1_ASAP7_75t_R                88     7.698     16.952    asap7sc7p5t_SIMPLE_RVT_FF_nldm_201020 
AND3x2_ASAP7_75t_R                15     1.531      3.492    asap7sc7p5t_SIMPLE_RVT_FF_nldm_201020 
AND3x4_ASAP7_75t_R                 3     0.612      1.035    asap7sc7p5t_SIMPLE_RVT_FF_nldm_201020 
AND4x1_ASAP7_75t_R               575    58.684    189.660    asap7sc7p5t_SIMPLE_RVT_FF_nldm_201020 
AND4x2_ASAP7_75t_R                 4     0.467      0.760    asap7sc7p5t_SIMPLE_RVT_FF_nldm_201020 
AND5x1_ASAP7_75t_R                20     2.333      2.086    asap7sc7p5t_SIMPLE_RVT_FF_nldm_201020 
AO211x2_ASAP7_75t_R                7     1.633      0.950    asap7sc7p5t_AO_RVT_FF_nldm_201020     
AO21x1_ASAP7_75t_R               375    32.805     34.411    asap7sc7p5t_AO_RVT_FF_nldm_201020     
AO21x2_ASAP7_75t_R               114    11.635     13.786    asap7sc7p5t_AO_RVT_FF_nldm_201020     
AO221x1_ASAP7_75t_R               33     4.811      3.059    asap7sc7p5t_AO_RVT_FF_nldm_201020     
AO221x2_ASAP7_75t_R                1     0.160      0.120    asap7sc7p5t_AO_RVT_FF_nldm_201020     
AO222x2_ASAP7_75t_R               60    10.498      8.924    asap7sc7p5t_AO_RVT_FF_nldm_201020     
AO22x1_ASAP7_75t_R               354    46.452     24.836    asap7sc7p5t_AO_RVT_FF_nldm_201020     
AO22x2_ASAP7_75t_R                79    11.518      9.489    asap7sc7p5t_AO_RVT_FF_nldm_201020     
AO32x1_ASAP7_75t_R                 4     0.467      0.314    asap7sc7p5t_AO_RVT_FF_nldm_201020     
AO331x1_ASAP7_75t_R                2     0.292      0.232    asap7sc7p5t_AO_RVT_FF_nldm_201020     
AOI211x1_ASAP7_75t_R              16     2.799      1.375    asap7sc7p5t_AO_RVT_FF_nldm_201020     
AOI211xp5_ASAP7_75t_R            230    20.120     10.620    asap7sc7p5t_AO_RVT_FF_nldm_201020     
AOI21x1_ASAP7_75t_R               25     2.916      2.424    asap7sc7p5t_AO_RVT_FF_nldm_201020     
AOI21xp33_ASAP7_75t_R            422    30.764     19.094    asap7sc7p5t_AO_RVT_FF_nldm_201020     
AOI21xp5_ASAP7_75t_R             886    64.589     47.947    asap7sc7p5t_AO_RVT_FF_nldm_201020     
AOI221x1_ASAP7_75t_R              16     3.266      1.148    asap7sc7p5t_AO_RVT_FF_nldm_201020     
AOI221xp5_ASAP7_75t_R            422    43.069     22.605    asap7sc7p5t_AO_RVT_FF_nldm_201020     
AOI222xp33_ASAP7_75t_R           219    31.930     15.187    asap7sc7p5t_AO_RVT_FF_nldm_201020     
AOI22x1_ASAP7_75t_R               11     1.604      1.596    asap7sc7p5t_AO_RVT_FF_nldm_201020     
AOI22xp33_ASAP7_75t_R           4185   366.104    176.336    asap7sc7p5t_AO_RVT_FF_nldm_201020     
AOI22xp5_ASAP7_75t_R           10358   906.118    675.395    asap7sc7p5t_AO_RVT_FF_nldm_201020     
AOI311xp33_ASAP7_75t_R             5     0.510      0.145    asap7sc7p5t_AO_RVT_FF_nldm_201020     
AOI31xp33_ASAP7_75t_R             40     3.499      1.721    asap7sc7p5t_AO_RVT_FF_nldm_201020     
AOI321xp33_ASAP7_75t_R             9     1.050      0.535    asap7sc7p5t_AO_RVT_FF_nldm_201020     
AOI322xp5_ASAP7_75t_R              1     0.131      0.073    asap7sc7p5t_AO_RVT_FF_nldm_201020     
AOI32xp33_ASAP7_75t_R            318    32.455     17.891    asap7sc7p5t_AO_RVT_FF_nldm_201020     
AOI331xp33_ASAP7_75t_R             1     0.131      0.107    asap7sc7p5t_AO_RVT_FF_nldm_201020     
AOI33xp33_ASAP7_75t_R              2     0.233      0.135    asap7sc7p5t_AO_RVT_FF_nldm_201020     
ASYNC_DFFHx1_ASAP7_75t_R        6692  2536.803   1348.656    asap7sc7p5t_SEQ_RVT_FF_nldm_201020    
BUFx10_ASAP7_75t_R               109    22.249     31.531    asap7sc7p5t_INVBUF_RVT_FF_nldm_201020 
BUFx12_ASAP7_75t_R                 1     0.233      0.453    asap7sc7p5t_INVBUF_RVT_FF_nldm_201020 
BUFx12f_ASAP7_75t_R                7     1.837      3.667    asap7sc7p5t_INVBUF_RVT_FF_nldm_201020 
BUFx2_ASAP7_75t_R                381    27.775     30.994    asap7sc7p5t_INVBUF_RVT_FF_nldm_201020 
BUFx3_ASAP7_75t_R                231    20.208     29.098    asap7sc7p5t_INVBUF_RVT_FF_nldm_201020 
BUFx4_ASAP7_75t_R                  8     0.816      1.123    asap7sc7p5t_INVBUF_RVT_FF_nldm_201020 
BUFx4f_ASAP7_75t_R                17     1.983      2.736    asap7sc7p5t_INVBUF_RVT_FF_nldm_201020 
BUFx5_ASAP7_75t_R                  1     0.117      0.194    asap7sc7p5t_INVBUF_RVT_FF_nldm_201020 
BUFx6f_ASAP7_75t_R               138    20.120     36.447    asap7sc7p5t_INVBUF_RVT_FF_nldm_201020 
BUFx8_ASAP7_75t_R                  8     1.400      1.741    asap7sc7p5t_INVBUF_RVT_FF_nldm_201020 
CKINVDCx10_ASAP7_75t_R            19     6.946      8.952    asap7sc7p5t_INVBUF_RVT_FF_nldm_201020 
CKINVDCx11_ASAP7_75t_R            21     8.418     10.299    asap7sc7p5t_INVBUF_RVT_FF_nldm_201020 
CKINVDCx5p33_ASAP7_75t_R          33    11.247      8.512    asap7sc7p5t_INVBUF_RVT_FF_nldm_201020 
CKINVDCx6p67_ASAP7_75t_R          53    19.375     16.899    asap7sc7p5t_INVBUF_RVT_FF_nldm_201020 
CKINVDCx9p33_ASAP7_75t_R          10     4.256      4.405    asap7sc7p5t_INVBUF_RVT_FF_nldm_201020 
DFFHQNx1_ASAP7_75t_R            3968  1157.069    597.007    asap7sc7p5t_SEQ_RVT_FF_nldm_201020    
HB1xp67_ASAP7_75t_R             1049    61.178     32.907    asap7sc7p5t_INVBUF_RVT_FF_nldm_201020 
INVx11_ASAP7_75t_R                 7     1.327      2.691    asap7sc7p5t_INVBUF_RVT_FF_nldm_201020 
INVx1_ASAP7_75t_R               5170   226.136    183.047    asap7sc7p5t_INVBUF_RVT_FF_nldm_201020 
INVx2_ASAP7_75t_R                629    36.683     41.445    asap7sc7p5t_INVBUF_RVT_FF_nldm_201020 
INVx3_ASAP7_75t_R                124     9.040     13.081    asap7sc7p5t_INVBUF_RVT_FF_nldm_201020 
INVx4_ASAP7_75t_R                 94     8.223     11.880    asap7sc7p5t_INVBUF_RVT_FF_nldm_201020 
INVx5_ASAP7_75t_R                 35     3.572      5.922    asap7sc7p5t_INVBUF_RVT_FF_nldm_201020 
INVx6_ASAP7_75t_R                 18     2.100      3.543    asap7sc7p5t_INVBUF_RVT_FF_nldm_201020 
INVx8_ASAP7_75t_R                 11     1.604      2.890    asap7sc7p5t_INVBUF_RVT_FF_nldm_201020 
INVxp33_ASAP7_75t_R               45     1.968      0.500    asap7sc7p5t_INVBUF_RVT_FF_nldm_201020 
INVxp67_ASAP7_75t_R             4378   191.494     96.924    asap7sc7p5t_INVBUF_RVT_FF_nldm_201020 
MAJIxp5_ASAP7_75t_R              299    30.516     36.257    asap7sc7p5t_SIMPLE_RVT_FF_nldm_201020 
MAJx2_ASAP7_75t_R                 79    10.366     20.869    asap7sc7p5t_SIMPLE_RVT_FF_nldm_201020 
NAND2x1_ASAP7_75t_R               68     5.949      8.409    asap7sc7p5t_SIMPLE_RVT_FF_nldm_201020 
NAND2x1p5_ASAP7_75t_R             74     8.631     14.791    asap7sc7p5t_SIMPLE_RVT_FF_nldm_201020 
NAND2x2_ASAP7_75t_R                4     0.583      0.881    asap7sc7p5t_SIMPLE_RVT_FF_nldm_201020 
NAND2xp33_ASAP7_75t_R            294    17.146     12.803    asap7sc7p5t_SIMPLE_RVT_FF_nldm_201020 
NAND2xp5_ASAP7_75t_R            2590   151.049    178.454    asap7sc7p5t_SIMPLE_RVT_FF_nldm_201020 
NAND2xp67_ASAP7_75t_R              9     0.787      0.797    asap7sc7p5t_SIMPLE_RVT_FF_nldm_201020 
NAND3x1_ASAP7_75t_R               21     3.368      3.851    asap7sc7p5t_SIMPLE_RVT_FF_nldm_201020 
NAND3x2_ASAP7_75t_R                2     0.583      0.660    asap7sc7p5t_SIMPLE_RVT_FF_nldm_201020 
NAND3xp33_ASAP7_75t_R            220    16.038     17.974    asap7sc7p5t_SIMPLE_RVT_FF_nldm_201020 
NAND4xp25_ASAP7_75t_R            306    26.769     40.324    asap7sc7p5t_SIMPLE_RVT_FF_nldm_201020 
NAND4xp75_ASAP7_75t_R             48     9.798      9.771    asap7sc7p5t_SIMPLE_RVT_FF_nldm_201020 
NAND5xp2_ASAP7_75t_R             134    13.676     23.290    asap7sc7p5t_SIMPLE_RVT_FF_nldm_201020 
NOR2x1_ASAP7_75t_R               285    24.932     30.810    asap7sc7p5t_SIMPLE_RVT_FF_nldm_201020 
NOR2x1p5_ASAP7_75t_R              41     4.782      7.920    asap7sc7p5t_SIMPLE_RVT_FF_nldm_201020 
NOR2x2_ASAP7_75t_R                 2     0.292      0.276    asap7sc7p5t_SIMPLE_RVT_FF_nldm_201020 
NOR2xp33_ASAP7_75t_R            2577   150.291     85.276    asap7sc7p5t_SIMPLE_RVT_FF_nldm_201020 
NOR2xp67_ASAP7_75t_R             133    11.635      8.577    asap7sc7p5t_SIMPLE_RVT_FF_nldm_201020 
NOR3x1_ASAP7_75t_R                43     6.896      5.619    asap7sc7p5t_SIMPLE_RVT_FF_nldm_201020 
NOR3xp33_ASAP7_75t_R             218    15.892     13.715    asap7sc7p5t_SIMPLE_RVT_FF_nldm_201020 
NOR4xp25_ASAP7_75t_R              79     6.911      5.748    asap7sc7p5t_SIMPLE_RVT_FF_nldm_201020 
NOR4xp75_ASAP7_75t_R               2     0.408      0.073    asap7sc7p5t_SIMPLE_RVT_FF_nldm_201020 
NOR5xp2_ASAP7_75t_R               35     3.572      2.763    asap7sc7p5t_SIMPLE_RVT_FF_nldm_201020 
O2A1O1Ixp33_ASAP7_75t_R          127    11.110      7.040    asap7sc7p5t_OA_RVT_FF_nldm_201020     
O2A1O1Ixp5_ASAP7_75t_R             3     0.350      0.061    asap7sc7p5t_OA_RVT_FF_nldm_201020     
OA211x2_ASAP7_75t_R               28     3.266      3.206    asap7sc7p5t_OA_RVT_FF_nldm_201020     
OA21x2_ASAP7_75t_R               266    27.148     32.678    asap7sc7p5t_OA_RVT_FF_nldm_201020     
OA221x2_ASAP7_75t_R                1     0.233      0.135    asap7sc7p5t_OA_RVT_FF_nldm_201020     
OA222x2_ASAP7_75t_R               27     4.724      3.932    asap7sc7p5t_OA_RVT_FF_nldm_201020     
OA22x2_ASAP7_75t_R               145    21.141     17.992    asap7sc7p5t_OA_RVT_FF_nldm_201020     
OA331x1_ASAP7_75t_R                1     0.146      0.082    asap7sc7p5t_OA_RVT_FF_nldm_201020     
OAI211xp5_ASAP7_75t_R            316    27.644     15.588    asap7sc7p5t_OA_RVT_FF_nldm_201020     
OAI21x1_ASAP7_75t_R               32     3.732      2.534    asap7sc7p5t_OA_RVT_FF_nldm_201020     
OAI21xp33_ASAP7_75t_R             66     4.811      1.972    asap7sc7p5t_OA_RVT_FF_nldm_201020     
OAI21xp5_ASAP7_75t_R            1245    90.761     55.422    asap7sc7p5t_OA_RVT_FF_nldm_201020     
OAI221xp5_ASAP7_75t_R            408    41.640     22.226    asap7sc7p5t_OA_RVT_FF_nldm_201020     
OAI222xp33_ASAP7_75t_R            24     3.499      1.428    asap7sc7p5t_OA_RVT_FF_nldm_201020     
OAI22x1_ASAP7_75t_R                7     1.021      0.617    asap7sc7p5t_OA_RVT_FF_nldm_201020     
OAI22xp33_ASAP7_75t_R            249    21.783      8.905    asap7sc7p5t_OA_RVT_FF_nldm_201020     
OAI22xp5_ASAP7_75t_R            2689   235.234    139.396    asap7sc7p5t_OA_RVT_FF_nldm_201020     
OAI311xp33_ASAP7_75t_R             4     0.408      0.159    asap7sc7p5t_OA_RVT_FF_nldm_201020     
OAI31xp33_ASAP7_75t_R             34     2.974      1.081    asap7sc7p5t_OA_RVT_FF_nldm_201020     
OAI31xp67_ASAP7_75t_R              2     0.379      0.119    asap7sc7p5t_OA_RVT_FF_nldm_201020     
OAI321xp33_ASAP7_75t_R             4     0.467      0.210    asap7sc7p5t_OA_RVT_FF_nldm_201020     
OAI322xp33_ASAP7_75t_R             1     0.131      0.089    asap7sc7p5t_OA_RVT_FF_nldm_201020     
OAI32xp33_ASAP7_75t_R             19     1.939      0.635    asap7sc7p5t_OA_RVT_FF_nldm_201020     
OAI33xp33_ASAP7_75t_R              6     0.700      0.398    asap7sc7p5t_OA_RVT_FF_nldm_201020     
OR2x2_ASAP7_75t_R                271    23.707     58.416    asap7sc7p5t_SIMPLE_RVT_FF_nldm_201020 
OR2x4_ASAP7_75t_R                 25     2.916      8.985    asap7sc7p5t_SIMPLE_RVT_FF_nldm_201020 
OR2x6_ASAP7_75t_R                 47     8.223     28.191    asap7sc7p5t_SIMPLE_RVT_FF_nldm_201020 
OR3x1_ASAP7_75t_R                 31     2.712      3.864    asap7sc7p5t_SIMPLE_RVT_FF_nldm_201020 
OR3x2_ASAP7_75t_R                  2     0.204      0.483    asap7sc7p5t_SIMPLE_RVT_FF_nldm_201020 
OR4x1_ASAP7_75t_R                 27     2.756      3.744    asap7sc7p5t_SIMPLE_RVT_FF_nldm_201020 
OR4x2_ASAP7_75t_R                 14     1.633      2.943    asap7sc7p5t_SIMPLE_RVT_FF_nldm_201020 
OR5x1_ASAP7_75t_R                  8     0.933      0.995    asap7sc7p5t_SIMPLE_RVT_FF_nldm_201020 
XNOR2x1_ASAP7_75t_R               38     6.648     12.774    asap7sc7p5t_SIMPLE_RVT_FF_nldm_201020 
XNOR2x2_ASAP7_75t_R               10     1.604      3.465    asap7sc7p5t_SIMPLE_RVT_FF_nldm_201020 
XNOR2xp5_ASAP7_75t_R             778   102.089    154.609    asap7sc7p5t_SIMPLE_RVT_FF_nldm_201020 
XOR2x1_ASAP7_75t_R                 2     0.350      0.694    asap7sc7p5t_SIMPLE_RVT_FF_nldm_201020 
XOR2x2_ASAP7_75t_R                25     4.010      8.716    asap7sc7p5t_SIMPLE_RVT_FF_nldm_201020 
XOR2xp5_ASAP7_75t_R              464    60.886     86.826    asap7sc7p5t_SIMPLE_RVT_FF_nldm_201020 
---------------------------------------------------------------------------------------------------
total                          58904  7498.451   5414.281                                          


                                                                       Leakage  Leakage 
               Library                Instances Instances %   Area   Power (nW) Power % 
----------------------------------------------------------------------------------------
asap7sc7p5t_AO_RVT_FF_nldm_201020         18353        31.2 1647.001   1099.427    20.3 
asap7sc7p5t_INVBUF_RVT_FF_nldm_201020     12597        21.4  690.305    581.878    10.7 
asap7sc7p5t_OA_RVT_FF_nldm_201020          5704         9.7  505.241    315.906     5.8 
asap7sc7p5t_SEQ_RVT_FF_nldm_201020        10660        18.1 3693.872   1945.663    35.9 
asap7sc7p5t_SIMPLE_RVT_FF_nldm_201020     11590        19.7  962.032   1471.407    27.2 

                                           Leakage  Leakage 
     Type      Instances   Area   Area % Power (nW) Power % 
------------------------------------------------------------
sequential         10660 3693.872   49.3   1945.663    35.9 
inverter           10647  532.389    7.1    410.987     7.6 
buffer              1950  157.916    2.1    170.890     3.2 
logic              35647 3114.273   41.5   2886.741    53.3 
physical_cells         0    0.000    0.0      0.000     0.0 
------------------------------------------------------------
total              58904 7498.451  100.0   5414.281   100.0 

