============================================================
  Generated by:           Genus(TM) Synthesis Solution 23.13-s073_1
  Generated on:           Dec 16 2025  05:35:25 pm
  Module:                 riscv_core
  Operating conditions:   tt_1.0_25.0 (balanced_tree)
  Wireload mode:          enclosed
  Area mode:              timing library
============================================================


Path 1: VIOLATED (-187 ps) Setup Check with Pin u_frontend_u_npc_BRANCH_PREDICTION.ras_stack_q_reg[5][0]/CLK->D
          Group: clk
     Startpoint: (R) retime_s56_1_reg/CLK
          Clock: (R) clk
       Endpoint: (R) u_frontend_u_npc_BRANCH_PREDICTION.ras_stack_q_reg[5][0]/D
          Clock: (R) clk

                     Capture       Launch     
        Clock Edge:+     500            0     
       Src Latency:+       0            0     
       Net Latency:+       0 (I)        0 (I) 
           Arrival:=     500            0     
                                              
             Setup:-       6                  
       Uncertainty:-      50                  
     Required Time:=     444                  
      Launch Clock:-       0                  
         Data Path:-     631                  
             Slack:=    -187                  

#----------------------------------------------------------------------------------------------------------------------------------------------------
#                       Timing Point                         Flags    Arc    Edge           Cell            Fanout Load Trans Delay Arrival Instance 
#                                                                                                                  (fF)  (ps)  (ps)   (ps)  Location 
#----------------------------------------------------------------------------------------------------------------------------------------------------
  retime_s56_1_reg/CLK                                       -       -       R     (arrival)                 10660    -    25     0       0    (-,-) 
  retime_s56_1_reg/QN                                        -       CLK->QN F     ASYNC_DFFHx1_ASAP7_75t_R      2  2.6    24    50      50    (-,-) 
  fopt973426/Y                                               -       A->Y    F     BUFx6f_ASAP7_75t_R            8  6.5    10    19      69    (-,-) 
  g1022349/Y                                                 -       A2->Y   R     AOI21xp33_ASAP7_75t_R         1  1.6    34    19      88    (-,-) 
  g773804/Y                                                  -       A->Y    F     NAND2x1p5_ASAP7_75t_R         3  1.6    12    12     100    (-,-) 
  g776591/Y                                                  -       A->Y    R     INVx1_ASAP7_75t_R             1  0.6     8     7     106    (-,-) 
  g972354/Y                                                  -       B1->Y   R     AO22x2_ASAP7_75t_R            1  1.6    10    16     123    (-,-) 
  g972500/Y                                                  -       B->Y    F     NAND4xp75_ASAP7_75t_R         3  1.9    24    16     138    (-,-) 
  g972499/Y                                                  -       A->Y    R     INVx1_ASAP7_75t_R             1  0.6    10     9     147    (-,-) 
  g972496/Y                                                  -       B->Y    F     NAND2xp5_ASAP7_75t_R          1  1.1    15    11     158    (-,-) 
  g971454/Y                                                  -       B->Y    R     NOR2x1_ASAP7_75t_R            1  1.1    15    11     169    (-,-) 
  g972930/Y                                                  -       B->Y    R     AND2x4_ASAP7_75t_R            4  4.6    13    21     190    (-,-) 
  g972929/Y                                                  -       A->Y    F     INVx2_ASAP7_75t_R             2  2.6     9     8     198    (-,-) 
  g972634/Y                                                  -       A->Y    R     NAND2x1_ASAP7_75t_R           2  1.4    16    12     210    (-,-) 
  g972633/Y                                                  -       A2->Y   F     AOI21x1_ASAP7_75t_R           1  1.3    14     9     219    (-,-) 
  fopt1042200/Y                                              -       A->Y    F     BUFx6f_ASAP7_75t_R           16 12.5    14    19     238    (-,-) 
  fopt1042199/Y                                              -       A->Y    R     INVx2_ASAP7_75t_R             2  1.2     8     7     245    (-,-) 
  g1042204/Y                                                 -       A1->Y   R     OA22x2_ASAP7_75t_R            4  3.6    15    21     266    (-,-) 
  fopt1042207/Y                                              -       A->Y    R     BUFx6f_ASAP7_75t_R           10  8.8    12    17     283    (-,-) 
  fopt1041879/Y                                              -       A->Y    F     INVx3_ASAP7_75t_R             6  3.6     9     8     291    (-,-) 
  g1041886/Y                                                 -       B2->Y   R     AOI22xp5_ASAP7_75t_R          1  0.5    15    10     301    (-,-) 
  g1023685/Y                                                 -       C->Y    F     OAI211xp5_ASAP7_75t_R         1  1.1    23    15     316    (-,-) 
  g1023684/Y                                                 -       A->Y    R     NOR2x1_ASAP7_75t_R            1  1.6    18    15     331    (-,-) 
  g1023683/Y                                                 -       C->Y    F     NAND4xp75_ASAP7_75t_R         1  1.4    21    17     348    (-,-) 
  g1023252/Y                                                 -       A->Y    R     NOR3x1_ASAP7_75t_R            2  0.8    16    12     359    (-,-) 
  g972063/Y                                                  -       A->Y    F     NAND2xp5_ASAP7_75t_R          2  0.9    14    11     370    (-,-) 
  g973794/Y                                                  -       B->Y    R     OAI21xp5_ASAP7_75t_R          2  1.3    20    11     381    (-,-) 
  g944853/Y                                                  -       B->Y    F     NOR2xp67_ASAP7_75t_R          1  0.6    12    11     392    (-,-) 
  g973828/Y                                                  -       A->Y    R     NAND3xp33_ASAP7_75t_R         1  1.0    18    12     404    (-,-) 
  g971711/Y                                                  -       A->Y    F     NOR2x1_ASAP7_75t_R            2  1.7    16    14     418    (-,-) 
  g974102/Y                                                  -       B->Y    F     AND2x2_ASAP7_75t_R            2  1.8     9    20     438    (-,-) 
  g974101/Y                                                  -       A->Y    R     INVx2_ASAP7_75t_R             2  1.9     8     7     445    (-,-) 
  fopt965843/Y                                               -       A->Y    F     INVx2_ASAP7_75t_R             3  2.5     8     7     452    (-,-) 
  fopt965646/Y                                               -       A->Y    R     INVxp33_ASAP7_75t_R           1  0.5    12     9     461    (-,-) 
  g974729/Y                                                  -       A2->Y   F     OAI31xp33_ASAP7_75t_R         2  0.9    20    13     473    (-,-) 
  g974728/Y                                                  -       A2->Y   R     AOI22xp5_ASAP7_75t_R          2  0.8    18    14     487    (-,-) 
  g974650/Y                                                  -       B->Y    F     NAND4xp25_ASAP7_75t_R         1  1.1    33    21     509    (-,-) 
  g973819/Y                                                  -       A->Y    R     NOR2x1_ASAP7_75t_R            1  1.3    17    16     524    (-,-) 
  g973818/Y                                                  -       C->Y    F     NAND3x1_ASAP7_75t_R           2  1.3    13    11     536    (-,-) 
  g972588/Y                                                  -       A2->Y   F     AO21x1_ASAP7_75t_R            1  1.6    12    18     554    (-,-) 
  g971746/Y                                                  -       B->Y    R     NOR2x1p5_ASAP7_75t_R          2  1.9    15    11     565    (-,-) 
  g969573/Y                                                  -       A->Y    F     INVxp67_ASAP7_75t_R           2  1.2    12    10     575    (-,-) 
  g974836/Y                                                  -       B->Y    R     A2O1A1Ixp33_ASAP7_75t_R       1  1.1    21    14     589    (-,-) 
  g56/Y                                                      -       B->Y    F     NOR2x1_ASAP7_75t_R            2  1.1    12    12     601    (-,-) 
  g830707/Y                                                  -       A->Y    R     NAND2xp5_ASAP7_75t_R          2  1.3    18    14     614    (-,-) 
  g830683/Y                                                  -       A->Y    F     INVx1_ASAP7_75t_R             1  0.6     8     7     621    (-,-) 
  g830587/Y                                                  -       A2->Y   R     AOI22xp5_ASAP7_75t_R          1  0.6    20    10     631    (-,-) 
  u_frontend_u_npc_BRANCH_PREDICTION.ras_stack_q_reg[5][0]/D -       -       R     ASYNC_DFFHx1_ASAP7_75t_R      1    -     -     0     631    (-,-) 
#----------------------------------------------------------------------------------------------------------------------------------------------------



Path 2: VIOLATED (-187 ps) Setup Check with Pin u_frontend_u_npc_BRANCH_PREDICTION.ras_stack_q_reg[5][0]/CLK->D
          Group: clk
     Startpoint: (R) retime_s56_1_reg/CLK
          Clock: (R) clk
       Endpoint: (R) u_frontend_u_npc_BRANCH_PREDICTION.ras_stack_q_reg[5][0]/D
          Clock: (R) clk

                     Capture       Launch     
        Clock Edge:+     500            0     
       Src Latency:+       0            0     
       Net Latency:+       0 (I)        0 (I) 
           Arrival:=     500            0     
                                              
             Setup:-       6                  
       Uncertainty:-      50                  
     Required Time:=     444                  
      Launch Clock:-       0                  
         Data Path:-     631                  
             Slack:=    -187                  

#----------------------------------------------------------------------------------------------------------------------------------------------------
#                       Timing Point                         Flags    Arc    Edge           Cell            Fanout Load Trans Delay Arrival Instance 
#                                                                                                                  (fF)  (ps)  (ps)   (ps)  Location 
#----------------------------------------------------------------------------------------------------------------------------------------------------
  retime_s56_1_reg/CLK                                       -       -       R     (arrival)                 10660    -    25     0       0    (-,-) 
  retime_s56_1_reg/QN                                        -       CLK->QN F     ASYNC_DFFHx1_ASAP7_75t_R      2  2.6    24    50      50    (-,-) 
  fopt973426/Y                                               -       A->Y    F     BUFx6f_ASAP7_75t_R            8  6.5    10    19      69    (-,-) 
  g1022349/Y                                                 -       A2->Y   R     AOI21xp33_ASAP7_75t_R         1  1.6    34    19      88    (-,-) 
  g773804/Y                                                  -       A->Y    F     NAND2x1p5_ASAP7_75t_R         3  1.6    12    12     100    (-,-) 
  g776591/Y                                                  -       A->Y    R     INVx1_ASAP7_75t_R             1  0.6     8     7     106    (-,-) 
  g972354/Y                                                  -       B1->Y   R     AO22x2_ASAP7_75t_R            1  1.6    10    16     123    (-,-) 
  g972500/Y                                                  -       B->Y    F     NAND4xp75_ASAP7_75t_R         3  1.9    24    16     138    (-,-) 
  g972499/Y                                                  -       A->Y    R     INVx1_ASAP7_75t_R             1  0.6    10     9     147    (-,-) 
  g972496/Y                                                  -       B->Y    F     NAND2xp5_ASAP7_75t_R          1  1.1    15    11     158    (-,-) 
  g971454/Y                                                  -       B->Y    R     NOR2x1_ASAP7_75t_R            1  1.1    15    11     169    (-,-) 
  g972930/Y                                                  -       B->Y    R     AND2x4_ASAP7_75t_R            4  4.6    13    21     190    (-,-) 
  g972929/Y                                                  -       A->Y    F     INVx2_ASAP7_75t_R             2  2.6     9     8     198    (-,-) 
  g972634/Y                                                  -       A->Y    R     NAND2x1_ASAP7_75t_R           2  1.4    16    12     210    (-,-) 
  g972633/Y                                                  -       A2->Y   F     AOI21x1_ASAP7_75t_R           1  1.3    14     9     219    (-,-) 
  fopt1042200/Y                                              -       A->Y    F     BUFx6f_ASAP7_75t_R           16 12.5    14    19     238    (-,-) 
  fopt1042199/Y                                              -       A->Y    R     INVx2_ASAP7_75t_R             2  1.2     8     7     245    (-,-) 
  g1042204/Y                                                 -       A1->Y   R     OA22x2_ASAP7_75t_R            4  3.6    15    21     266    (-,-) 
  fopt1042207/Y                                              -       A->Y    R     BUFx6f_ASAP7_75t_R           10  8.8    12    17     283    (-,-) 
  fopt1041879/Y                                              -       A->Y    F     INVx3_ASAP7_75t_R             6  3.6     9     8     291    (-,-) 
  g1041886/Y                                                 -       B2->Y   R     AOI22xp5_ASAP7_75t_R          1  0.5    15    10     301    (-,-) 
  g1023685/Y                                                 -       C->Y    F     OAI211xp5_ASAP7_75t_R         1  1.1    23    15     316    (-,-) 
  g1023684/Y                                                 -       A->Y    R     NOR2x1_ASAP7_75t_R            1  1.6    18    15     331    (-,-) 
  g1023683/Y                                                 -       C->Y    F     NAND4xp75_ASAP7_75t_R         1  1.4    21    17     348    (-,-) 
  g1023252/Y                                                 -       A->Y    R     NOR3x1_ASAP7_75t_R            2  0.8    16    12     359    (-,-) 
  g972063/Y                                                  -       A->Y    F     NAND2xp5_ASAP7_75t_R          2  0.9    14    11     370    (-,-) 
  g973794/Y                                                  -       B->Y    R     OAI21xp5_ASAP7_75t_R          2  1.3    20    11     381    (-,-) 
  g944853/Y                                                  -       B->Y    F     NOR2xp67_ASAP7_75t_R          1  0.6    12    11     392    (-,-) 
  g973828/Y                                                  -       A->Y    R     NAND3xp33_ASAP7_75t_R         1  1.0    18    12     404    (-,-) 
  g971711/Y                                                  -       A->Y    F     NOR2x1_ASAP7_75t_R            2  1.7    16    14     418    (-,-) 
  g974102/Y                                                  -       B->Y    F     AND2x2_ASAP7_75t_R            2  1.8     9    20     438    (-,-) 
  g974101/Y                                                  -       A->Y    R     INVx2_ASAP7_75t_R             2  1.9     8     7     445    (-,-) 
  fopt965843/Y                                               -       A->Y    F     INVx2_ASAP7_75t_R             3  2.5     8     7     452    (-,-) 
  g1957/Y                                                    -       A1->Y   R     AOI22xp5_ASAP7_75t_R          2  0.9    18    13     464    (-,-) 
  g1255/Y                                                    -       A2->Y   F     OAI21xp5_ASAP7_75t_R          2  1.3    17    13     478    (-,-) 
  g1252/Y                                                    -       B->Y    R     AOI211x1_ASAP7_75t_R          1  0.6    14    11     489    (-,-) 
  g974650/Y                                                  -       A->Y    F     NAND4xp25_ASAP7_75t_R         1  1.1    33    20     509    (-,-) 
  g973819/Y                                                  -       A->Y    R     NOR2x1_ASAP7_75t_R            1  1.3    17    16     524    (-,-) 
  g973818/Y                                                  -       C->Y    F     NAND3x1_ASAP7_75t_R           2  1.3    13    11     536    (-,-) 
  g972588/Y                                                  -       A2->Y   F     AO21x1_ASAP7_75t_R            1  1.6    12    18     554    (-,-) 
  g971746/Y                                                  -       B->Y    R     NOR2x1p5_ASAP7_75t_R          2  1.9    15    11     565    (-,-) 
  g969573/Y                                                  -       A->Y    F     INVxp67_ASAP7_75t_R           2  1.2    12    10     575    (-,-) 
  g974836/Y                                                  -       B->Y    R     A2O1A1Ixp33_ASAP7_75t_R       1  1.1    21    14     589    (-,-) 
  g56/Y                                                      -       B->Y    F     NOR2x1_ASAP7_75t_R            2  1.1    12    12     601    (-,-) 
  g830707/Y                                                  -       A->Y    R     NAND2xp5_ASAP7_75t_R          2  1.3    18    14     614    (-,-) 
  g830683/Y                                                  -       A->Y    F     INVx1_ASAP7_75t_R             1  0.6     8     7     621    (-,-) 
  g830587/Y                                                  -       A2->Y   R     AOI22xp5_ASAP7_75t_R          1  0.6    20    10     631    (-,-) 
  u_frontend_u_npc_BRANCH_PREDICTION.ras_stack_q_reg[5][0]/D -       -       R     ASYNC_DFFHx1_ASAP7_75t_R      1    -     -     0     631    (-,-) 
#----------------------------------------------------------------------------------------------------------------------------------------------------



Path 3: VIOLATED (-187 ps) Setup Check with Pin u_frontend_u_npc_BRANCH_PREDICTION.ras_stack_q_reg[7][0]/CLK->D
          Group: clk
     Startpoint: (R) retime_s56_1_reg/CLK
          Clock: (R) clk
       Endpoint: (R) u_frontend_u_npc_BRANCH_PREDICTION.ras_stack_q_reg[7][0]/D
          Clock: (R) clk

                     Capture       Launch     
        Clock Edge:+     500            0     
       Src Latency:+       0            0     
       Net Latency:+       0 (I)        0 (I) 
           Arrival:=     500            0     
                                              
             Setup:-       6                  
       Uncertainty:-      50                  
     Required Time:=     444                  
      Launch Clock:-       0                  
         Data Path:-     631                  
             Slack:=    -187                  

#----------------------------------------------------------------------------------------------------------------------------------------------------
#                       Timing Point                         Flags    Arc    Edge           Cell            Fanout Load Trans Delay Arrival Instance 
#                                                                                                                  (fF)  (ps)  (ps)   (ps)  Location 
#----------------------------------------------------------------------------------------------------------------------------------------------------
  retime_s56_1_reg/CLK                                       -       -       R     (arrival)                 10660    -    25     0       0    (-,-) 
  retime_s56_1_reg/QN                                        -       CLK->QN F     ASYNC_DFFHx1_ASAP7_75t_R      2  2.6    24    50      50    (-,-) 
  fopt973426/Y                                               -       A->Y    F     BUFx6f_ASAP7_75t_R            8  6.5    10    19      69    (-,-) 
  g1022349/Y                                                 -       A2->Y   R     AOI21xp33_ASAP7_75t_R         1  1.6    34    19      88    (-,-) 
  g773804/Y                                                  -       A->Y    F     NAND2x1p5_ASAP7_75t_R         3  1.6    12    12     100    (-,-) 
  g776591/Y                                                  -       A->Y    R     INVx1_ASAP7_75t_R             1  0.6     8     7     106    (-,-) 
  g972354/Y                                                  -       B1->Y   R     AO22x2_ASAP7_75t_R            1  1.6    10    16     123    (-,-) 
  g972500/Y                                                  -       B->Y    F     NAND4xp75_ASAP7_75t_R         3  1.9    24    16     138    (-,-) 
  g972499/Y                                                  -       A->Y    R     INVx1_ASAP7_75t_R             1  0.6    10     9     147    (-,-) 
  g972496/Y                                                  -       B->Y    F     NAND2xp5_ASAP7_75t_R          1  1.1    15    11     158    (-,-) 
  g971454/Y                                                  -       B->Y    R     NOR2x1_ASAP7_75t_R            1  1.1    15    11     169    (-,-) 
  g972930/Y                                                  -       B->Y    R     AND2x4_ASAP7_75t_R            4  4.6    13    21     190    (-,-) 
  g972929/Y                                                  -       A->Y    F     INVx2_ASAP7_75t_R             2  2.6     9     8     198    (-,-) 
  g972634/Y                                                  -       A->Y    R     NAND2x1_ASAP7_75t_R           2  1.4    16    12     210    (-,-) 
  g972633/Y                                                  -       A2->Y   F     AOI21x1_ASAP7_75t_R           1  1.3    14     9     219    (-,-) 
  fopt1042200/Y                                              -       A->Y    F     BUFx6f_ASAP7_75t_R           16 12.5    14    19     238    (-,-) 
  fopt1042199/Y                                              -       A->Y    R     INVx2_ASAP7_75t_R             2  1.2     8     7     245    (-,-) 
  g1042204/Y                                                 -       A1->Y   R     OA22x2_ASAP7_75t_R            4  3.6    15    21     266    (-,-) 
  fopt1042207/Y                                              -       A->Y    R     BUFx6f_ASAP7_75t_R           10  8.8    12    17     283    (-,-) 
  fopt1041879/Y                                              -       A->Y    F     INVx3_ASAP7_75t_R             6  3.6     9     8     291    (-,-) 
  g1041886/Y                                                 -       B2->Y   R     AOI22xp5_ASAP7_75t_R          1  0.5    15    10     301    (-,-) 
  g1023685/Y                                                 -       C->Y    F     OAI211xp5_ASAP7_75t_R         1  1.1    23    15     316    (-,-) 
  g1023684/Y                                                 -       A->Y    R     NOR2x1_ASAP7_75t_R            1  1.6    18    15     331    (-,-) 
  g1023683/Y                                                 -       C->Y    F     NAND4xp75_ASAP7_75t_R         1  1.4    21    17     348    (-,-) 
  g1023252/Y                                                 -       A->Y    R     NOR3x1_ASAP7_75t_R            2  0.8    16    12     359    (-,-) 
  g972063/Y                                                  -       A->Y    F     NAND2xp5_ASAP7_75t_R          2  0.9    14    11     370    (-,-) 
  g973794/Y                                                  -       B->Y    R     OAI21xp5_ASAP7_75t_R          2  1.3    20    11     381    (-,-) 
  g944853/Y                                                  -       B->Y    F     NOR2xp67_ASAP7_75t_R          1  0.6    12    11     392    (-,-) 
  g973828/Y                                                  -       A->Y    R     NAND3xp33_ASAP7_75t_R         1  1.0    18    12     404    (-,-) 
  g971711/Y                                                  -       A->Y    F     NOR2x1_ASAP7_75t_R            2  1.7    16    14     418    (-,-) 
  g974102/Y                                                  -       B->Y    F     AND2x2_ASAP7_75t_R            2  1.8     9    20     438    (-,-) 
  g974101/Y                                                  -       A->Y    R     INVx2_ASAP7_75t_R             2  1.9     8     7     445    (-,-) 
  fopt965843/Y                                               -       A->Y    F     INVx2_ASAP7_75t_R             3  2.5     8     7     452    (-,-) 
  fopt965646/Y                                               -       A->Y    R     INVxp33_ASAP7_75t_R           1  0.5    12     9     461    (-,-) 
  g974729/Y                                                  -       A2->Y   F     OAI31xp33_ASAP7_75t_R         2  0.9    20    13     473    (-,-) 
  g974728/Y                                                  -       A2->Y   R     AOI22xp5_ASAP7_75t_R          2  0.8    18    14     487    (-,-) 
  g974650/Y                                                  -       B->Y    F     NAND4xp25_ASAP7_75t_R         1  1.1    33    21     509    (-,-) 
  g973819/Y                                                  -       A->Y    R     NOR2x1_ASAP7_75t_R            1  1.3    17    16     524    (-,-) 
  g973818/Y                                                  -       C->Y    F     NAND3x1_ASAP7_75t_R           2  1.3    13    11     536    (-,-) 
  g972588/Y                                                  -       A2->Y   F     AO21x1_ASAP7_75t_R            1  1.6    12    18     554    (-,-) 
  g971746/Y                                                  -       B->Y    R     NOR2x1p5_ASAP7_75t_R          2  1.9    15    11     565    (-,-) 
  g969573/Y                                                  -       A->Y    F     INVxp67_ASAP7_75t_R           2  1.2    12    10     575    (-,-) 
  g80_0/Y                                                    -       B->Y    R     A2O1A1Ixp33_ASAP7_75t_R       1  1.1    21    14     589    (-,-) 
  g974370/Y                                                  -       B->Y    F     NOR2x1_ASAP7_75t_R            2  1.0    12    11     600    (-,-) 
  g974369/Y                                                  -       A->Y    R     NAND2xp5_ASAP7_75t_R          2  1.3    18    14     614    (-,-) 
  g830685/Y                                                  -       A->Y    F     INVx1_ASAP7_75t_R             1  0.6     8     7     621    (-,-) 
  g830591/Y                                                  -       A2->Y   R     AOI22xp5_ASAP7_75t_R          1  0.6    20    10     631    (-,-) 
  u_frontend_u_npc_BRANCH_PREDICTION.ras_stack_q_reg[7][0]/D -       -       R     ASYNC_DFFHx1_ASAP7_75t_R      1    -     -     0     631    (-,-) 
#----------------------------------------------------------------------------------------------------------------------------------------------------



Path 4: VIOLATED (-187 ps) Setup Check with Pin u_frontend_u_npc_BRANCH_PREDICTION.ras_stack_q_reg[7][0]/CLK->D
          Group: clk
     Startpoint: (R) retime_s56_1_reg/CLK
          Clock: (R) clk
       Endpoint: (R) u_frontend_u_npc_BRANCH_PREDICTION.ras_stack_q_reg[7][0]/D
          Clock: (R) clk

                     Capture       Launch     
        Clock Edge:+     500            0     
       Src Latency:+       0            0     
       Net Latency:+       0 (I)        0 (I) 
           Arrival:=     500            0     
                                              
             Setup:-       6                  
       Uncertainty:-      50                  
     Required Time:=     444                  
      Launch Clock:-       0                  
         Data Path:-     631                  
             Slack:=    -187                  

#----------------------------------------------------------------------------------------------------------------------------------------------------
#                       Timing Point                         Flags    Arc    Edge           Cell            Fanout Load Trans Delay Arrival Instance 
#                                                                                                                  (fF)  (ps)  (ps)   (ps)  Location 
#----------------------------------------------------------------------------------------------------------------------------------------------------
  retime_s56_1_reg/CLK                                       -       -       R     (arrival)                 10660    -    25     0       0    (-,-) 
  retime_s56_1_reg/QN                                        -       CLK->QN F     ASYNC_DFFHx1_ASAP7_75t_R      2  2.6    24    50      50    (-,-) 
  fopt973426/Y                                               -       A->Y    F     BUFx6f_ASAP7_75t_R            8  6.5    10    19      69    (-,-) 
  g1022349/Y                                                 -       A2->Y   R     AOI21xp33_ASAP7_75t_R         1  1.6    34    19      88    (-,-) 
  g773804/Y                                                  -       A->Y    F     NAND2x1p5_ASAP7_75t_R         3  1.6    12    12     100    (-,-) 
  g776591/Y                                                  -       A->Y    R     INVx1_ASAP7_75t_R             1  0.6     8     7     106    (-,-) 
  g972354/Y                                                  -       B1->Y   R     AO22x2_ASAP7_75t_R            1  1.6    10    16     123    (-,-) 
  g972500/Y                                                  -       B->Y    F     NAND4xp75_ASAP7_75t_R         3  1.9    24    16     138    (-,-) 
  g972499/Y                                                  -       A->Y    R     INVx1_ASAP7_75t_R             1  0.6    10     9     147    (-,-) 
  g972496/Y                                                  -       B->Y    F     NAND2xp5_ASAP7_75t_R          1  1.1    15    11     158    (-,-) 
  g971454/Y                                                  -       B->Y    R     NOR2x1_ASAP7_75t_R            1  1.1    15    11     169    (-,-) 
  g972930/Y                                                  -       B->Y    R     AND2x4_ASAP7_75t_R            4  4.6    13    21     190    (-,-) 
  g972929/Y                                                  -       A->Y    F     INVx2_ASAP7_75t_R             2  2.6     9     8     198    (-,-) 
  g972634/Y                                                  -       A->Y    R     NAND2x1_ASAP7_75t_R           2  1.4    16    12     210    (-,-) 
  g972633/Y                                                  -       A2->Y   F     AOI21x1_ASAP7_75t_R           1  1.3    14     9     219    (-,-) 
  fopt1042200/Y                                              -       A->Y    F     BUFx6f_ASAP7_75t_R           16 12.5    14    19     238    (-,-) 
  fopt1042199/Y                                              -       A->Y    R     INVx2_ASAP7_75t_R             2  1.2     8     7     245    (-,-) 
  g1042204/Y                                                 -       A1->Y   R     OA22x2_ASAP7_75t_R            4  3.6    15    21     266    (-,-) 
  fopt1042207/Y                                              -       A->Y    R     BUFx6f_ASAP7_75t_R           10  8.8    12    17     283    (-,-) 
  fopt1041879/Y                                              -       A->Y    F     INVx3_ASAP7_75t_R             6  3.6     9     8     291    (-,-) 
  g1041886/Y                                                 -       B2->Y   R     AOI22xp5_ASAP7_75t_R          1  0.5    15    10     301    (-,-) 
  g1023685/Y                                                 -       C->Y    F     OAI211xp5_ASAP7_75t_R         1  1.1    23    15     316    (-,-) 
  g1023684/Y                                                 -       A->Y    R     NOR2x1_ASAP7_75t_R            1  1.6    18    15     331    (-,-) 
  g1023683/Y                                                 -       C->Y    F     NAND4xp75_ASAP7_75t_R         1  1.4    21    17     348    (-,-) 
  g1023252/Y                                                 -       A->Y    R     NOR3x1_ASAP7_75t_R            2  0.8    16    12     359    (-,-) 
  g972063/Y                                                  -       A->Y    F     NAND2xp5_ASAP7_75t_R          2  0.9    14    11     370    (-,-) 
  g973794/Y                                                  -       B->Y    R     OAI21xp5_ASAP7_75t_R          2  1.3    20    11     381    (-,-) 
  g944853/Y                                                  -       B->Y    F     NOR2xp67_ASAP7_75t_R          1  0.6    12    11     392    (-,-) 
  g973828/Y                                                  -       A->Y    R     NAND3xp33_ASAP7_75t_R         1  1.0    18    12     404    (-,-) 
  g971711/Y                                                  -       A->Y    F     NOR2x1_ASAP7_75t_R            2  1.7    16    14     418    (-,-) 
  g974102/Y                                                  -       B->Y    F     AND2x2_ASAP7_75t_R            2  1.8     9    20     438    (-,-) 
  g974101/Y                                                  -       A->Y    R     INVx2_ASAP7_75t_R             2  1.9     8     7     445    (-,-) 
  fopt965843/Y                                               -       A->Y    F     INVx2_ASAP7_75t_R             3  2.5     8     7     452    (-,-) 
  g1957/Y                                                    -       A1->Y   R     AOI22xp5_ASAP7_75t_R          2  0.9    18    13     464    (-,-) 
  g1255/Y                                                    -       A2->Y   F     OAI21xp5_ASAP7_75t_R          2  1.3    17    13     478    (-,-) 
  g1252/Y                                                    -       B->Y    R     AOI211x1_ASAP7_75t_R          1  0.6    14    11     489    (-,-) 
  g974650/Y                                                  -       A->Y    F     NAND4xp25_ASAP7_75t_R         1  1.1    33    20     509    (-,-) 
  g973819/Y                                                  -       A->Y    R     NOR2x1_ASAP7_75t_R            1  1.3    17    16     524    (-,-) 
  g973818/Y                                                  -       C->Y    F     NAND3x1_ASAP7_75t_R           2  1.3    13    11     536    (-,-) 
  g972588/Y                                                  -       A2->Y   F     AO21x1_ASAP7_75t_R            1  1.6    12    18     554    (-,-) 
  g971746/Y                                                  -       B->Y    R     NOR2x1p5_ASAP7_75t_R          2  1.9    15    11     565    (-,-) 
  g969573/Y                                                  -       A->Y    F     INVxp67_ASAP7_75t_R           2  1.2    12    10     575    (-,-) 
  g80_0/Y                                                    -       B->Y    R     A2O1A1Ixp33_ASAP7_75t_R       1  1.1    21    14     589    (-,-) 
  g974370/Y                                                  -       B->Y    F     NOR2x1_ASAP7_75t_R            2  1.0    12    11     600    (-,-) 
  g974369/Y                                                  -       A->Y    R     NAND2xp5_ASAP7_75t_R          2  1.3    18    14     614    (-,-) 
  g830685/Y                                                  -       A->Y    F     INVx1_ASAP7_75t_R             1  0.6     8     7     621    (-,-) 
  g830591/Y                                                  -       A2->Y   R     AOI22xp5_ASAP7_75t_R          1  0.6    20    10     631    (-,-) 
  u_frontend_u_npc_BRANCH_PREDICTION.ras_stack_q_reg[7][0]/D -       -       R     ASYNC_DFFHx1_ASAP7_75t_R      1    -     -     0     631    (-,-) 
#----------------------------------------------------------------------------------------------------------------------------------------------------



Path 5: VIOLATED (-187 ps) Setup Check with Pin u_frontend_u_npc_BRANCH_PREDICTION.ras_stack_q_reg[5][0]/CLK->D
          Group: clk
     Startpoint: (R) retime_s56_1_reg/CLK
          Clock: (R) clk
       Endpoint: (R) u_frontend_u_npc_BRANCH_PREDICTION.ras_stack_q_reg[5][0]/D
          Clock: (R) clk

                     Capture       Launch     
        Clock Edge:+     500            0     
       Src Latency:+       0            0     
       Net Latency:+       0 (I)        0 (I) 
           Arrival:=     500            0     
                                              
             Setup:-       6                  
       Uncertainty:-      50                  
     Required Time:=     444                  
      Launch Clock:-       0                  
         Data Path:-     631                  
             Slack:=    -187                  

#----------------------------------------------------------------------------------------------------------------------------------------------------
#                       Timing Point                         Flags    Arc    Edge           Cell            Fanout Load Trans Delay Arrival Instance 
#                                                                                                                  (fF)  (ps)  (ps)   (ps)  Location 
#----------------------------------------------------------------------------------------------------------------------------------------------------
  retime_s56_1_reg/CLK                                       -       -       R     (arrival)                 10660    -    25     0       0    (-,-) 
  retime_s56_1_reg/QN                                        -       CLK->QN F     ASYNC_DFFHx1_ASAP7_75t_R      2  2.6    24    50      50    (-,-) 
  fopt973426/Y                                               -       A->Y    F     BUFx6f_ASAP7_75t_R            8  6.5    10    19      69    (-,-) 
  g1022349/Y                                                 -       A2->Y   R     AOI21xp33_ASAP7_75t_R         1  1.6    34    19      88    (-,-) 
  g773804/Y                                                  -       A->Y    F     NAND2x1p5_ASAP7_75t_R         3  1.6    12    12     100    (-,-) 
  g776591/Y                                                  -       A->Y    R     INVx1_ASAP7_75t_R             1  0.6     8     7     106    (-,-) 
  g972354/Y                                                  -       B1->Y   R     AO22x2_ASAP7_75t_R            1  1.6    10    16     123    (-,-) 
  g972500/Y                                                  -       B->Y    F     NAND4xp75_ASAP7_75t_R         3  1.9    24    16     138    (-,-) 
  g972499/Y                                                  -       A->Y    R     INVx1_ASAP7_75t_R             1  0.6    10     9     147    (-,-) 
  g972496/Y                                                  -       B->Y    F     NAND2xp5_ASAP7_75t_R          1  1.1    15    11     158    (-,-) 
  g971454/Y                                                  -       B->Y    R     NOR2x1_ASAP7_75t_R            1  1.1    15    11     169    (-,-) 
  g972930/Y                                                  -       B->Y    R     AND2x4_ASAP7_75t_R            4  4.6    13    21     190    (-,-) 
  g972929/Y                                                  -       A->Y    F     INVx2_ASAP7_75t_R             2  2.6     9     8     198    (-,-) 
  g972634/Y                                                  -       A->Y    R     NAND2x1_ASAP7_75t_R           2  1.4    16    12     210    (-,-) 
  g972633/Y                                                  -       A2->Y   F     AOI21x1_ASAP7_75t_R           1  1.3    14     9     219    (-,-) 
  fopt1042200/Y                                              -       A->Y    F     BUFx6f_ASAP7_75t_R           16 12.5    14    19     238    (-,-) 
  g1023497/Y                                                 -       B2->Y   R     OAI22xp5_ASAP7_75t_R          1  1.3    24    16     255    (-,-) 
  g1023496/Y                                                 -       A->Y    R     BUFx6f_ASAP7_75t_R           13 13.4    17    22     276    (-,-) 
  g1023501/Y                                                 -       A->Y    F     INVx8_ASAP7_75t_R            32 17.9    16    12     288    (-,-) 
  g967592/Y                                                  -       A->Y    R     INVx1_ASAP7_75t_R             3  1.8    15    12     300    (-,-) 
  g967591/Y                                                  -       B2->Y   F     AOI22xp5_ASAP7_75t_R          1  0.5    14     9     309    (-,-) 
  g971640/Y                                                  -       A->Y    R     NAND2xp5_ASAP7_75t_R          1  1.1    17    14     322    (-,-) 
  g1023687/Y                                                 -       B->Y    F     NOR2x1_ASAP7_75t_R            1  1.6    15    12     334    (-,-) 
  g87/Y                                                      -       A->Y    R     NAND4xp75_ASAP7_75t_R         1  1.0    13     9     344    (-,-) 
  g86/Y                                                      -       A->Y    F     NOR2x1_ASAP7_75t_R            2  1.0    11    11     355    (-,-) 
  g974166/Y                                                  -       A->Y    R     NAND2xp5_ASAP7_75t_R          2  1.0    15    12     367    (-,-) 
  fopt984508/Y                                               -       A->Y    F     INVxp67_ASAP7_75t_R           1  0.5     8     7     374    (-,-) 
  fopt984507/Y                                               -       A->Y    R     INVxp67_ASAP7_75t_R           3  1.4    15    10     384    (-,-) 
  g1042031/Y                                                 -       A->Y    F     NAND3xp33_ASAP7_75t_R         3  1.4    28    18     402    (-,-) 
  g973756/Y                                                  -       A->Y    R     NOR2xp33_ASAP7_75t_R          2  1.2    31    22     424    (-,-) 
  g974742/Y                                                  -       A->Y    F     NAND2xp5_ASAP7_75t_R          3  1.4    20    16     440    (-,-) 
  g974740/Y                                                  -       B->Y    R     NOR3xp33_ASAP7_75t_R          2  1.6    41    27     466    (-,-) 
  g974747/Y                                                  -       A1->Y   F     OAI21x1_ASAP7_75t_R           2  1.1    13    10     477    (-,-) 
  g969937/Y                                                  -       B->Y    R     OAI21xp5_ASAP7_75t_R          2  1.0    16    10     486    (-,-) 
  g971132/Y                                                  -       B->Y    F     AOI211xp5_ASAP7_75t_R         1  0.5    14    10     497    (-,-) 
  g971131/Y                                                  -       A->Y    R     NAND2xp5_ASAP7_75t_R          1  1.1    17    14     510    (-,-) 
  g973819/Y                                                  -       B->Y    F     NOR2x1_ASAP7_75t_R            1  1.2    15    11     521    (-,-) 
  g973818/Y                                                  -       C->Y    R     NAND3x1_ASAP7_75t_R           2  1.3    21    18     539    (-,-) 
  fopt973817/Y                                               -       A->Y    F     INVx1_ASAP7_75t_R             2  1.3    12    10     548    (-,-) 
  g974835/Y                                                  -       B->Y    R     NAND2xp5_ASAP7_75t_R          2  1.9    24    16     564    (-,-) 
  g974834/Y                                                  -       A->Y    F     INVx1_ASAP7_75t_R             2  1.2    12    10     574    (-,-) 
  g974836/Y                                                  -       A2->Y   R     A2O1A1Ixp33_ASAP7_75t_R       1  1.1    21    15     589    (-,-) 
  g56/Y                                                      -       B->Y    F     NOR2x1_ASAP7_75t_R            2  1.1    12    12     601    (-,-) 
  g830707/Y                                                  -       A->Y    R     NAND2xp5_ASAP7_75t_R          2  1.3    18    14     614    (-,-) 
  g830683/Y                                                  -       A->Y    F     INVx1_ASAP7_75t_R             1  0.6     8     7     621    (-,-) 
  g830587/Y                                                  -       A2->Y   R     AOI22xp5_ASAP7_75t_R          1  0.6    20    10     631    (-,-) 
  u_frontend_u_npc_BRANCH_PREDICTION.ras_stack_q_reg[5][0]/D -       -       R     ASYNC_DFFHx1_ASAP7_75t_R      1    -     -     0     631    (-,-) 
#----------------------------------------------------------------------------------------------------------------------------------------------------



Path 6: VIOLATED (-187 ps) Setup Check with Pin u_frontend_u_npc_BRANCH_PREDICTION.ras_stack_q_reg[5][0]/CLK->D
          Group: clk
     Startpoint: (R) retime_s56_1_reg/CLK
          Clock: (R) clk
       Endpoint: (R) u_frontend_u_npc_BRANCH_PREDICTION.ras_stack_q_reg[5][0]/D
          Clock: (R) clk

                     Capture       Launch     
        Clock Edge:+     500            0     
       Src Latency:+       0            0     
       Net Latency:+       0 (I)        0 (I) 
           Arrival:=     500            0     
                                              
             Setup:-       6                  
       Uncertainty:-      50                  
     Required Time:=     444                  
      Launch Clock:-       0                  
         Data Path:-     631                  
             Slack:=    -187                  

#----------------------------------------------------------------------------------------------------------------------------------------------------
#                       Timing Point                         Flags    Arc    Edge           Cell            Fanout Load Trans Delay Arrival Instance 
#                                                                                                                  (fF)  (ps)  (ps)   (ps)  Location 
#----------------------------------------------------------------------------------------------------------------------------------------------------
  retime_s56_1_reg/CLK                                       -       -       R     (arrival)                 10660    -    25     0       0    (-,-) 
  retime_s56_1_reg/QN                                        -       CLK->QN F     ASYNC_DFFHx1_ASAP7_75t_R      2  2.6    24    50      50    (-,-) 
  fopt973426/Y                                               -       A->Y    F     BUFx6f_ASAP7_75t_R            8  6.5    10    19      69    (-,-) 
  g1022349/Y                                                 -       A2->Y   R     AOI21xp33_ASAP7_75t_R         1  1.6    34    19      88    (-,-) 
  g773804/Y                                                  -       A->Y    F     NAND2x1p5_ASAP7_75t_R         3  1.6    12    12     100    (-,-) 
  g776591/Y                                                  -       A->Y    R     INVx1_ASAP7_75t_R             1  0.6     8     7     106    (-,-) 
  g972354/Y                                                  -       B1->Y   R     AO22x2_ASAP7_75t_R            1  1.6    10    16     123    (-,-) 
  g972500/Y                                                  -       B->Y    F     NAND4xp75_ASAP7_75t_R         3  1.9    24    16     138    (-,-) 
  g972499/Y                                                  -       A->Y    R     INVx1_ASAP7_75t_R             1  0.6    10     9     147    (-,-) 
  g972496/Y                                                  -       B->Y    F     NAND2xp5_ASAP7_75t_R          1  1.1    15    11     158    (-,-) 
  g971454/Y                                                  -       B->Y    R     NOR2x1_ASAP7_75t_R            1  1.1    15    11     169    (-,-) 
  g972930/Y                                                  -       B->Y    R     AND2x4_ASAP7_75t_R            4  4.6    13    21     190    (-,-) 
  g972932/Y                                                  -       A2->Y   F     OAI21xp5_ASAP7_75t_R          1  1.3    19    12     202    (-,-) 
  g975418/Y                                                  -       A->Y    F     BUFx6f_ASAP7_75t_R           17 15.4    17    22     224    (-,-) 
  fopt966715/Y                                               -       A->Y    R     INVx4_ASAP7_75t_R             8  5.2    12    10     234    (-,-) 
  g975419/Y                                                  -       A1->Y   F     AOI21xp33_ASAP7_75t_R         1  0.6    14    11     245    (-,-) 
  g974652/Y                                                  -       A1->Y   F     AO22x2_ASAP7_75t_R            3  2.7    12    24     268    (-,-) 
  fopt980809/Y                                               -       A->Y    F     BUFx6f_ASAP7_75t_R           21 16.5    18    20     289    (-,-) 
  fopt980803/Y                                               -       A->Y    R     INVx4_ASAP7_75t_R             7  3.0     9     8     297    (-,-) 
  g1041869/Y                                                 -       B2->Y   F     AOI22xp5_ASAP7_75t_R          1  0.5    14     8     304    (-,-) 
  g946409/Y                                                  -       B->Y    R     NAND4xp25_ASAP7_75t_R         1  0.8    18    13     318    (-,-) 
  g1023663/Y                                                 -       A->Y    F     NOR2xp67_ASAP7_75t_R          1  1.0    15    14     332    (-,-) 
  g1023662/Y                                                 -       A->Y    R     NAND2x1_ASAP7_75t_R           1  1.6    18    15     347    (-,-) 
  g1023658/Y                                                 -       B->Y    F     NOR2x1p5_ASAP7_75t_R          4  2.9    15    13     360    (-,-) 
  g1023378/Y                                                 -       A2->Y   R     AOI21x1_ASAP7_75t_R           2  1.0    14    10     371    (-,-) 
  g1023380/Y                                                 -       A->Y    F     NAND2xp5_ASAP7_75t_R          1  0.5    11     8     379    (-,-) 
  g971759/Y                                                  -       C->Y    R     NOR3xp33_ASAP7_75t_R          1  0.5    20    15     394    (-,-) 
  g971713/Y                                                  -       A->Y    F     NAND2xp5_ASAP7_75t_R          1  1.1    16    13     406    (-,-) 
  g971711/Y                                                  -       B->Y    R     NOR2x1_ASAP7_75t_R            2  1.7    18    13     420    (-,-) 
  g974102/Y                                                  -       B->Y    R     AND2x2_ASAP7_75t_R            2  1.8    11    21     441    (-,-) 
  g974101/Y                                                  -       A->Y    F     INVx2_ASAP7_75t_R             2  1.9     7     6     447    (-,-) 
  fopt965843/Y                                               -       A->Y    R     INVx2_ASAP7_75t_R             3  2.5     9     7     454    (-,-) 
  fopt965646/Y                                               -       A->Y    F     INVxp33_ASAP7_75t_R           1  0.5    10     8     463    (-,-) 
  g974729/Y                                                  -       A2->Y   R     OAI31xp33_ASAP7_75t_R         2  0.9    24    15     478    (-,-) 
  g974728/Y                                                  -       A2->Y   F     AOI22xp5_ASAP7_75t_R          2  0.8    18    14     492    (-,-) 
  g974650/Y                                                  -       B->Y    R     NAND4xp25_ASAP7_75t_R         1  1.0    23    16     507    (-,-) 
  g973819/Y                                                  -       A->Y    F     NOR2x1_ASAP7_75t_R            1  1.2    15    14     521    (-,-) 
  g973818/Y                                                  -       C->Y    R     NAND3x1_ASAP7_75t_R           2  1.3    21    18     539    (-,-) 
  fopt973817/Y                                               -       A->Y    F     INVx1_ASAP7_75t_R             2  1.3    12    10     548    (-,-) 
  g974835/Y                                                  -       B->Y    R     NAND2xp5_ASAP7_75t_R          2  1.9    24    16     564    (-,-) 
  g974834/Y                                                  -       A->Y    F     INVx1_ASAP7_75t_R             2  1.2    12    10     574    (-,-) 
  g974836/Y                                                  -       A2->Y   R     A2O1A1Ixp33_ASAP7_75t_R       1  1.1    21    15     589    (-,-) 
  g56/Y                                                      -       B->Y    F     NOR2x1_ASAP7_75t_R            2  1.1    12    12     601    (-,-) 
  g830707/Y                                                  -       A->Y    R     NAND2xp5_ASAP7_75t_R          2  1.3    18    14     614    (-,-) 
  g830683/Y                                                  -       A->Y    F     INVx1_ASAP7_75t_R             1  0.6     8     7     621    (-,-) 
  g830587/Y                                                  -       A2->Y   R     AOI22xp5_ASAP7_75t_R          1  0.6    20    10     631    (-,-) 
  u_frontend_u_npc_BRANCH_PREDICTION.ras_stack_q_reg[5][0]/D -       -       R     ASYNC_DFFHx1_ASAP7_75t_R      1    -     -     0     631    (-,-) 
#----------------------------------------------------------------------------------------------------------------------------------------------------



Path 7: VIOLATED (-187 ps) Setup Check with Pin u_frontend_u_npc_BRANCH_PREDICTION.ras_stack_q_reg[5][0]/CLK->D
          Group: clk
     Startpoint: (R) retime_s56_1_reg/CLK
          Clock: (R) clk
       Endpoint: (R) u_frontend_u_npc_BRANCH_PREDICTION.ras_stack_q_reg[5][0]/D
          Clock: (R) clk

                     Capture       Launch     
        Clock Edge:+     500            0     
       Src Latency:+       0            0     
       Net Latency:+       0 (I)        0 (I) 
           Arrival:=     500            0     
                                              
             Setup:-       6                  
       Uncertainty:-      50                  
     Required Time:=     444                  
      Launch Clock:-       0                  
         Data Path:-     631                  
             Slack:=    -187                  

#----------------------------------------------------------------------------------------------------------------------------------------------------
#                       Timing Point                         Flags    Arc    Edge           Cell            Fanout Load Trans Delay Arrival Instance 
#                                                                                                                  (fF)  (ps)  (ps)   (ps)  Location 
#----------------------------------------------------------------------------------------------------------------------------------------------------
  retime_s56_1_reg/CLK                                       -       -       R     (arrival)                 10660    -    25     0       0    (-,-) 
  retime_s56_1_reg/QN                                        -       CLK->QN F     ASYNC_DFFHx1_ASAP7_75t_R      2  2.6    24    50      50    (-,-) 
  fopt973426/Y                                               -       A->Y    F     BUFx6f_ASAP7_75t_R            8  6.5    10    19      69    (-,-) 
  g1022349/Y                                                 -       A2->Y   R     AOI21xp33_ASAP7_75t_R         1  1.6    34    19      88    (-,-) 
  g773804/Y                                                  -       A->Y    F     NAND2x1p5_ASAP7_75t_R         3  1.6    12    12     100    (-,-) 
  g776591/Y                                                  -       A->Y    R     INVx1_ASAP7_75t_R             1  0.6     8     7     106    (-,-) 
  g972354/Y                                                  -       B1->Y   R     AO22x2_ASAP7_75t_R            1  1.6    10    16     123    (-,-) 
  g972500/Y                                                  -       B->Y    F     NAND4xp75_ASAP7_75t_R         3  1.9    24    16     138    (-,-) 
  g972499/Y                                                  -       A->Y    R     INVx1_ASAP7_75t_R             1  0.6    10     9     147    (-,-) 
  g972496/Y                                                  -       B->Y    F     NAND2xp5_ASAP7_75t_R          1  1.1    15    11     158    (-,-) 
  g971454/Y                                                  -       B->Y    R     NOR2x1_ASAP7_75t_R            1  1.1    15    11     169    (-,-) 
  g972930/Y                                                  -       B->Y    R     AND2x4_ASAP7_75t_R            4  4.6    13    21     190    (-,-) 
  g972929/Y                                                  -       A->Y    F     INVx2_ASAP7_75t_R             2  2.6     9     8     198    (-,-) 
  g972634/Y                                                  -       A->Y    R     NAND2x1_ASAP7_75t_R           2  1.4    16    12     210    (-,-) 
  g972633/Y                                                  -       A2->Y   F     AOI21x1_ASAP7_75t_R           1  1.3    14     9     219    (-,-) 
  fopt1042200/Y                                              -       A->Y    F     BUFx6f_ASAP7_75t_R           16 12.5    14    19     238    (-,-) 
  fopt1042199/Y                                              -       A->Y    R     INVx2_ASAP7_75t_R             2  1.2     8     7     245    (-,-) 
  g1042204/Y                                                 -       A1->Y   R     OA22x2_ASAP7_75t_R            4  3.6    15    21     266    (-,-) 
  fopt1042207/Y                                              -       A->Y    R     BUFx6f_ASAP7_75t_R           10  8.8    12    17     283    (-,-) 
  fopt1041879/Y                                              -       A->Y    F     INVx3_ASAP7_75t_R             6  3.6     9     8     291    (-,-) 
  g1041886/Y                                                 -       B2->Y   R     AOI22xp5_ASAP7_75t_R          1  0.5    15    10     301    (-,-) 
  g1023685/Y                                                 -       C->Y    F     OAI211xp5_ASAP7_75t_R         1  1.1    23    15     316    (-,-) 
  g1023684/Y                                                 -       A->Y    R     NOR2x1_ASAP7_75t_R            1  1.6    18    15     331    (-,-) 
  g1023683/Y                                                 -       C->Y    F     NAND4xp75_ASAP7_75t_R         1  1.4    21    17     348    (-,-) 
  g1023252/Y                                                 -       A->Y    R     NOR3x1_ASAP7_75t_R            2  0.8    16    12     359    (-,-) 
  g972063/Y                                                  -       A->Y    F     NAND2xp5_ASAP7_75t_R          2  0.9    14    11     370    (-,-) 
  g973794/Y                                                  -       B->Y    R     OAI21xp5_ASAP7_75t_R          2  1.3    20    11     381    (-,-) 
  g944853/Y                                                  -       B->Y    F     NOR2xp67_ASAP7_75t_R          1  0.6    12    11     392    (-,-) 
  g973828/Y                                                  -       A->Y    R     NAND3xp33_ASAP7_75t_R         1  1.0    18    12     404    (-,-) 
  g971711/Y                                                  -       A->Y    F     NOR2x1_ASAP7_75t_R            2  1.7    16    14     418    (-,-) 
  g974866/Y                                                  -       B->Y    F     AND2x4_ASAP7_75t_R            4  5.5    12    21     440    (-,-) 
  g964770/Y                                                  -       B->Y    F     AND2x4_ASAP7_75t_R            9  6.8    13    21     460    (-,-) 
  g244_0/Y                                                   -       A2->Y   F     AO21x1_ASAP7_75t_R            1  0.6     7    15     476    (-,-) 
  g1260/Y                                                    -       B2->Y   R     AOI22xp5_ASAP7_75t_R          2  0.8    18    11     487    (-,-) 
  g974650/Y                                                  -       C->Y    F     NAND4xp25_ASAP7_75t_R         1  1.1    33    22     508    (-,-) 
  g973819/Y                                                  -       A->Y    R     NOR2x1_ASAP7_75t_R            1  1.3    17    16     524    (-,-) 
  g973818/Y                                                  -       C->Y    F     NAND3x1_ASAP7_75t_R           2  1.3    13    11     536    (-,-) 
  g972588/Y                                                  -       A2->Y   F     AO21x1_ASAP7_75t_R            1  1.6    12    18     554    (-,-) 
  g971746/Y                                                  -       B->Y    R     NOR2x1p5_ASAP7_75t_R          2  1.9    15    11     564    (-,-) 
  g969573/Y                                                  -       A->Y    F     INVxp67_ASAP7_75t_R           2  1.2    12    10     575    (-,-) 
  g974836/Y                                                  -       B->Y    R     A2O1A1Ixp33_ASAP7_75t_R       1  1.1    21    14     589    (-,-) 
  g56/Y                                                      -       B->Y    F     NOR2x1_ASAP7_75t_R            2  1.1    12    12     601    (-,-) 
  g830707/Y                                                  -       A->Y    R     NAND2xp5_ASAP7_75t_R          2  1.3    18    14     614    (-,-) 
  g830683/Y                                                  -       A->Y    F     INVx1_ASAP7_75t_R             1  0.6     8     7     621    (-,-) 
  g830587/Y                                                  -       A2->Y   R     AOI22xp5_ASAP7_75t_R          1  0.6    20    10     631    (-,-) 
  u_frontend_u_npc_BRANCH_PREDICTION.ras_stack_q_reg[5][0]/D -       -       R     ASYNC_DFFHx1_ASAP7_75t_R      1    -     -     0     631    (-,-) 
#----------------------------------------------------------------------------------------------------------------------------------------------------



Path 8: VIOLATED (-187 ps) Setup Check with Pin u_frontend_u_npc_BRANCH_PREDICTION.ras_stack_q_reg[5][0]/CLK->D
          Group: clk
     Startpoint: (R) retime_s56_1_reg/CLK
          Clock: (R) clk
       Endpoint: (R) u_frontend_u_npc_BRANCH_PREDICTION.ras_stack_q_reg[5][0]/D
          Clock: (R) clk

                     Capture       Launch     
        Clock Edge:+     500            0     
       Src Latency:+       0            0     
       Net Latency:+       0 (I)        0 (I) 
           Arrival:=     500            0     
                                              
             Setup:-       6                  
       Uncertainty:-      50                  
     Required Time:=     444                  
      Launch Clock:-       0                  
         Data Path:-     631                  
             Slack:=    -187                  

#----------------------------------------------------------------------------------------------------------------------------------------------------
#                       Timing Point                         Flags    Arc    Edge           Cell            Fanout Load Trans Delay Arrival Instance 
#                                                                                                                  (fF)  (ps)  (ps)   (ps)  Location 
#----------------------------------------------------------------------------------------------------------------------------------------------------
  retime_s56_1_reg/CLK                                       -       -       R     (arrival)                 10660    -    25     0       0    (-,-) 
  retime_s56_1_reg/QN                                        -       CLK->QN R     ASYNC_DFFHx1_ASAP7_75t_R      2  2.6    26    52      52    (-,-) 
  fopt973426/Y                                               -       A->Y    R     BUFx6f_ASAP7_75t_R            8  6.5    10    18      70    (-,-) 
  fopt969806/Y                                               -       A->Y    F     INVx2_ASAP7_75t_R             4  2.3     8     7      77    (-,-) 
  g773852/Y                                                  -       A2->Y   F     OA21x2_ASAP7_75t_R            1  1.6     8    18      95    (-,-) 
  g773803/Y                                                  -       A->Y    R     NAND2x1p5_ASAP7_75t_R         3  2.2    14    11     106    (-,-) 
  g776655/Y                                                  -       A->Y    F     INVx2_ASAP7_75t_R             1  0.6     5     5     111    (-,-) 
  g972353/Y                                                  -       B2->Y   F     OA22x2_ASAP7_75t_R            1  1.6     9    19     130    (-,-) 
  g972500/Y                                                  -       A->Y    R     NAND4xp75_ASAP7_75t_R         3  2.0    19    10     140    (-,-) 
  g972499/Y                                                  -       A->Y    F     INVx1_ASAP7_75t_R             1  0.6     8     7     147    (-,-) 
  g972496/Y                                                  -       B->Y    R     NAND2xp5_ASAP7_75t_R          1  1.1    16    11     157    (-,-) 
  g971454/Y                                                  -       B->Y    F     NOR2x1_ASAP7_75t_R            1  1.1    14    10     168    (-,-) 
  g972930/Y                                                  -       B->Y    F     AND2x4_ASAP7_75t_R            4  4.5    10    20     187    (-,-) 
  g972933/Y                                                  -       A2->Y   F     OA21x2_ASAP7_75t_R            2  2.0    10    19     207    (-,-) 
  fopt966564/Y                                               -       A->Y    F     BUFx3_ASAP7_75t_R             6  4.8    11    17     224    (-,-) 
  fopt966560/Y                                               -       A->Y    R     INVx2_ASAP7_75t_R             5  3.4    13    10     233    (-,-) 
  g965457/Y                                                  -       A2->Y   F     AOI22xp5_ASAP7_75t_R          2  0.9    16    12     245    (-,-) 
  g975387/Y                                                  -       A1->Y   F     AO22x2_ASAP7_75t_R            4  4.0    15    26     271    (-,-) 
  fopt965261/Y                                               -       A->Y    F     BUFx6f_ASAP7_75t_R           13 10.5    12    19     290    (-,-) 
  fopt965260/Y                                               -       A->Y    R     INVx4_ASAP7_75t_R             7  3.9     9     8     297    (-,-) 
  g969455/Y                                                  -       A2->Y   F     AOI22xp5_ASAP7_75t_R          1  0.5    13     9     306    (-,-) 
  g972433/Y                                                  -       A->Y    R     NAND2xp5_ASAP7_75t_R          1  1.1    17    13     320    (-,-) 
  g972431/Y                                                  -       B->Y    F     NOR2x1_ASAP7_75t_R            1  1.6    15    12     332    (-,-) 
  g1023683/Y                                                 -       A->Y    R     NAND4xp75_ASAP7_75t_R         1  1.4    16    10     342    (-,-) 
  g1023252/Y                                                 -       A->Y    F     NOR3x1_ASAP7_75t_R            2  0.8    16    11     353    (-,-) 
  g972063/Y                                                  -       A->Y    R     NAND2xp5_ASAP7_75t_R          2  0.9    16    13     366    (-,-) 
  g973794/Y                                                  -       B->Y    F     OAI21xp5_ASAP7_75t_R          2  1.2    16    12     378    (-,-) 
  fopt969307/Y                                               -       A->Y    R     INVxp67_ASAP7_75t_R           2  1.0    13    11     389    (-,-) 
  g972643/Y                                                  -       B->Y    R     AND2x2_ASAP7_75t_R            4  2.2    12    21     409    (-,-) 
  g974108/Y                                                  -       C->Y    R     AND3x2_ASAP7_75t_R            2  1.8    13    26     436    (-,-) 
  g974781/Y                                                  -       A->Y    F     NAND2xp5_ASAP7_75t_R          2  1.1    18    11     447    (-,-) 
  g972935/Y                                                  -       A->Y    R     INVx1_ASAP7_75t_R             2  1.2    12    10     457    (-,-) 
  g1957/Y                                                    -       B2->Y   F     AOI22xp5_ASAP7_75t_R          2  0.9    15    10     467    (-,-) 
  g1255/Y                                                    -       A2->Y   R     OAI21xp5_ASAP7_75t_R          2  1.3    21    15     482    (-,-) 
  g1252/Y                                                    -       B->Y    F     AOI211x1_ASAP7_75t_R          1  0.6    18    10     492    (-,-) 
  g974650/Y                                                  -       A->Y    R     NAND4xp25_ASAP7_75t_R         1  1.0    23    15     507    (-,-) 
  g973819/Y                                                  -       A->Y    F     NOR2x1_ASAP7_75t_R            1  1.2    15    14     521    (-,-) 
  g973818/Y                                                  -       C->Y    R     NAND3x1_ASAP7_75t_R           2  1.3    21    18     539    (-,-) 
  fopt973817/Y                                               -       A->Y    F     INVx1_ASAP7_75t_R             2  1.3    12    10     548    (-,-) 
  g974835/Y                                                  -       B->Y    R     NAND2xp5_ASAP7_75t_R          2  1.9    24    16     564    (-,-) 
  g974834/Y                                                  -       A->Y    F     INVx1_ASAP7_75t_R             2  1.2    12    10     574    (-,-) 
  g974836/Y                                                  -       A2->Y   R     A2O1A1Ixp33_ASAP7_75t_R       1  1.1    21    15     589    (-,-) 
  g56/Y                                                      -       B->Y    F     NOR2x1_ASAP7_75t_R            2  1.1    12    12     601    (-,-) 
  g830707/Y                                                  -       A->Y    R     NAND2xp5_ASAP7_75t_R          2  1.3    18    14     614    (-,-) 
  g830683/Y                                                  -       A->Y    F     INVx1_ASAP7_75t_R             1  0.6     8     7     621    (-,-) 
  g830587/Y                                                  -       A2->Y   R     AOI22xp5_ASAP7_75t_R          1  0.6    20    10     631    (-,-) 
  u_frontend_u_npc_BRANCH_PREDICTION.ras_stack_q_reg[5][0]/D -       -       R     ASYNC_DFFHx1_ASAP7_75t_R      1    -     -     0     631    (-,-) 
#----------------------------------------------------------------------------------------------------------------------------------------------------



Path 9: VIOLATED (-187 ps) Setup Check with Pin u_frontend_u_npc_BRANCH_PREDICTION.ras_stack_q_reg[5][0]/CLK->D
          Group: clk
     Startpoint: (R) retime_s56_1_reg/CLK
          Clock: (R) clk
       Endpoint: (R) u_frontend_u_npc_BRANCH_PREDICTION.ras_stack_q_reg[5][0]/D
          Clock: (R) clk

                     Capture       Launch     
        Clock Edge:+     500            0     
       Src Latency:+       0            0     
       Net Latency:+       0 (I)        0 (I) 
           Arrival:=     500            0     
                                              
             Setup:-       6                  
       Uncertainty:-      50                  
     Required Time:=     444                  
      Launch Clock:-       0                  
         Data Path:-     631                  
             Slack:=    -187                  

#----------------------------------------------------------------------------------------------------------------------------------------------------
#                       Timing Point                         Flags    Arc    Edge           Cell            Fanout Load Trans Delay Arrival Instance 
#                                                                                                                  (fF)  (ps)  (ps)   (ps)  Location 
#----------------------------------------------------------------------------------------------------------------------------------------------------
  retime_s56_1_reg/CLK                                       -       -       R     (arrival)                 10660    -    25     0       0    (-,-) 
  retime_s56_1_reg/QN                                        -       CLK->QN R     ASYNC_DFFHx1_ASAP7_75t_R      2  2.6    26    52      52    (-,-) 
  fopt973426/Y                                               -       A->Y    R     BUFx6f_ASAP7_75t_R            8  6.5    10    18      70    (-,-) 
  fopt969806/Y                                               -       A->Y    F     INVx2_ASAP7_75t_R             4  2.3     8     7      77    (-,-) 
  g773852/Y                                                  -       A2->Y   F     OA21x2_ASAP7_75t_R            1  1.6     8    18      95    (-,-) 
  g773803/Y                                                  -       A->Y    R     NAND2x1p5_ASAP7_75t_R         3  2.2    14    11     106    (-,-) 
  g776655/Y                                                  -       A->Y    F     INVx2_ASAP7_75t_R             1  0.6     5     5     111    (-,-) 
  g972353/Y                                                  -       B2->Y   F     OA22x2_ASAP7_75t_R            1  1.6     9    19     130    (-,-) 
  g972500/Y                                                  -       A->Y    R     NAND4xp75_ASAP7_75t_R         3  2.0    19    10     140    (-,-) 
  g972499/Y                                                  -       A->Y    F     INVx1_ASAP7_75t_R             1  0.6     8     7     147    (-,-) 
  g972496/Y                                                  -       B->Y    R     NAND2xp5_ASAP7_75t_R          1  1.1    16    11     157    (-,-) 
  g971454/Y                                                  -       B->Y    F     NOR2x1_ASAP7_75t_R            1  1.1    14    10     168    (-,-) 
  g972930/Y                                                  -       B->Y    F     AND2x4_ASAP7_75t_R            4  4.5    10    20     187    (-,-) 
  g972932/Y                                                  -       A2->Y   R     OAI21xp5_ASAP7_75t_R          1  1.3    21    13     201    (-,-) 
  g975418/Y                                                  -       A->Y    R     BUFx6f_ASAP7_75t_R           17 15.4    19    22     223    (-,-) 
  fopt966715/Y                                               -       A->Y    F     INVx4_ASAP7_75t_R             8  5.2    11     9     232    (-,-) 
  g971006/Y                                                  -       A1->Y   R     AOI22xp33_ASAP7_75t_R         2  0.9    24    16     248    (-,-) 
  g1041864/Y                                                 -       A2->Y   R     AO21x2_ASAP7_75t_R            4  3.2    14    23     270    (-,-) 
  fopt1023863/Y                                              -       A->Y    R     BUFx6f_ASAP7_75t_R            8  8.3    12    17     287    (-,-) 
  fopt1023865/Y                                              -       A->Y    F     INVx4_ASAP7_75t_R             9  5.6    10     8     295    (-,-) 
  fopt973234/Y                                               -       A->Y    F     BUFx2_ASAP7_75t_R             3  2.0     8    16     311    (-,-) 
  g1022711/Y                                                 -       A2->Y   F     AO22x1_ASAP7_75t_R            1  0.6     8    18     329    (-,-) 
  g1022710/Y                                                 -       A->Y    R     NOR3xp33_ASAP7_75t_R          1  0.6    22    13     342    (-,-) 
  g974397/Y                                                  -       A->Y    F     NAND3xp33_ASAP7_75t_R         1  1.4    29    20     362    (-,-) 
  g974396/Y                                                  -       A->Y    R     NOR3x1_ASAP7_75t_R            2  1.4    21    16     378    (-,-) 
  g971665/Y                                                  -       B->Y    F     NAND2x1_ASAP7_75t_R           2  1.8    15    13     390    (-,-) 
  g972699/Y                                                  -       D->Y    R     NAND4xp75_ASAP7_75t_R         2  1.5    16    14     404    (-,-) 
  g964768/Y                                                  -       A->Y    F     NOR2x1_ASAP7_75t_R            2  1.6    15    14     418    (-,-) 
  g974866/Y                                                  -       A->Y    F     AND2x4_ASAP7_75t_R            4  5.5    12    22     440    (-,-) 
  g964770/Y                                                  -       B->Y    F     AND2x4_ASAP7_75t_R            9  6.8    13    21     460    (-,-) 
  g244_0/Y                                                   -       A2->Y   F     AO21x1_ASAP7_75t_R            1  0.6     7    15     476    (-,-) 
  g1260/Y                                                    -       B2->Y   R     AOI22xp5_ASAP7_75t_R          2  0.8    18    11     487    (-,-) 
  g974650/Y                                                  -       C->Y    F     NAND4xp25_ASAP7_75t_R         1  1.1    33    22     508    (-,-) 
  g973819/Y                                                  -       A->Y    R     NOR2x1_ASAP7_75t_R            1  1.3    17    16     524    (-,-) 
  g973818/Y                                                  -       C->Y    F     NAND3x1_ASAP7_75t_R           2  1.3    13    11     536    (-,-) 
  g972588/Y                                                  -       A2->Y   F     AO21x1_ASAP7_75t_R            1  1.6    12    18     554    (-,-) 
  g971746/Y                                                  -       B->Y    R     NOR2x1p5_ASAP7_75t_R          2  1.9    15    11     564    (-,-) 
  g969573/Y                                                  -       A->Y    F     INVxp67_ASAP7_75t_R           2  1.2    12    10     575    (-,-) 
  g974836/Y                                                  -       B->Y    R     A2O1A1Ixp33_ASAP7_75t_R       1  1.1    21    14     589    (-,-) 
  g56/Y                                                      -       B->Y    F     NOR2x1_ASAP7_75t_R            2  1.1    12    12     601    (-,-) 
  g830707/Y                                                  -       A->Y    R     NAND2xp5_ASAP7_75t_R          2  1.3    18    14     614    (-,-) 
  g830683/Y                                                  -       A->Y    F     INVx1_ASAP7_75t_R             1  0.6     8     7     621    (-,-) 
  g830587/Y                                                  -       A2->Y   R     AOI22xp5_ASAP7_75t_R          1  0.6    20    10     631    (-,-) 
  u_frontend_u_npc_BRANCH_PREDICTION.ras_stack_q_reg[5][0]/D -       -       R     ASYNC_DFFHx1_ASAP7_75t_R      1    -     -     0     631    (-,-) 
#----------------------------------------------------------------------------------------------------------------------------------------------------



Path 10: VIOLATED (-187 ps) Setup Check with Pin u_frontend_u_npc_BRANCH_PREDICTION.ras_stack_q_reg[5][0]/CLK->D
          Group: clk
     Startpoint: (R) retime_s56_1_reg/CLK
          Clock: (R) clk
       Endpoint: (R) u_frontend_u_npc_BRANCH_PREDICTION.ras_stack_q_reg[5][0]/D
          Clock: (R) clk

                     Capture       Launch     
        Clock Edge:+     500            0     
       Src Latency:+       0            0     
       Net Latency:+       0 (I)        0 (I) 
           Arrival:=     500            0     
                                              
             Setup:-       6                  
       Uncertainty:-      50                  
     Required Time:=     444                  
      Launch Clock:-       0                  
         Data Path:-     631                  
             Slack:=    -187                  

#----------------------------------------------------------------------------------------------------------------------------------------------------
#                       Timing Point                         Flags    Arc    Edge           Cell            Fanout Load Trans Delay Arrival Instance 
#                                                                                                                  (fF)  (ps)  (ps)   (ps)  Location 
#----------------------------------------------------------------------------------------------------------------------------------------------------
  retime_s56_1_reg/CLK                                       -       -       R     (arrival)                 10660    -    25     0       0    (-,-) 
  retime_s56_1_reg/QN                                        -       CLK->QN R     ASYNC_DFFHx1_ASAP7_75t_R      2  2.6    26    52      52    (-,-) 
  fopt973426/Y                                               -       A->Y    R     BUFx6f_ASAP7_75t_R            8  6.5    10    18      70    (-,-) 
  fopt969806/Y                                               -       A->Y    F     INVx2_ASAP7_75t_R             4  2.3     8     7      77    (-,-) 
  g773852/Y                                                  -       A2->Y   F     OA21x2_ASAP7_75t_R            1  1.6     8    18      95    (-,-) 
  g773803/Y                                                  -       A->Y    R     NAND2x1p5_ASAP7_75t_R         3  2.2    14    11     106    (-,-) 
  g776655/Y                                                  -       A->Y    F     INVx2_ASAP7_75t_R             1  0.6     5     5     111    (-,-) 
  g972353/Y                                                  -       B2->Y   F     OA22x2_ASAP7_75t_R            1  1.6     9    19     130    (-,-) 
  g972500/Y                                                  -       A->Y    R     NAND4xp75_ASAP7_75t_R         3  2.0    19    10     140    (-,-) 
  g972499/Y                                                  -       A->Y    F     INVx1_ASAP7_75t_R             1  0.6     8     7     147    (-,-) 
  g972496/Y                                                  -       B->Y    R     NAND2xp5_ASAP7_75t_R          1  1.1    16    11     157    (-,-) 
  g971454/Y                                                  -       B->Y    F     NOR2x1_ASAP7_75t_R            1  1.1    14    10     168    (-,-) 
  g972930/Y                                                  -       B->Y    F     AND2x4_ASAP7_75t_R            4  4.5    10    20     187    (-,-) 
  g972932/Y                                                  -       A2->Y   R     OAI21xp5_ASAP7_75t_R          1  1.3    21    13     201    (-,-) 
  g975418/Y                                                  -       A->Y    R     BUFx6f_ASAP7_75t_R           17 15.4    19    22     223    (-,-) 
  fopt966715/Y                                               -       A->Y    F     INVx4_ASAP7_75t_R             8  5.2    11     9     232    (-,-) 
  g971006/Y                                                  -       A1->Y   R     AOI22xp33_ASAP7_75t_R         2  0.9    24    16     248    (-,-) 
  g1041864/Y                                                 -       A2->Y   R     AO21x2_ASAP7_75t_R            4  3.2    14    23     270    (-,-) 
  fopt1023863/Y                                              -       A->Y    R     BUFx6f_ASAP7_75t_R            8  8.3    12    17     287    (-,-) 
  fopt1023865/Y                                              -       A->Y    F     INVx4_ASAP7_75t_R             9  5.6    10     8     295    (-,-) 
  fopt973234/Y                                               -       A->Y    F     BUFx2_ASAP7_75t_R             3  2.0     8    16     311    (-,-) 
  g1022711/Y                                                 -       A2->Y   F     AO22x1_ASAP7_75t_R            1  0.6     8    18     329    (-,-) 
  g1022710/Y                                                 -       A->Y    R     NOR3xp33_ASAP7_75t_R          1  0.6    22    13     342    (-,-) 
  g974397/Y                                                  -       A->Y    F     NAND3xp33_ASAP7_75t_R         1  1.4    29    20     362    (-,-) 
  g974396/Y                                                  -       A->Y    R     NOR3x1_ASAP7_75t_R            2  1.4    21    16     378    (-,-) 
  g971665/Y                                                  -       B->Y    F     NAND2x1_ASAP7_75t_R           2  1.8    15    13     390    (-,-) 
  g972699/Y                                                  -       D->Y    R     NAND4xp75_ASAP7_75t_R         2  1.5    16    14     404    (-,-) 
  g964768/Y                                                  -       A->Y    F     NOR2x1_ASAP7_75t_R            2  1.6    15    14     418    (-,-) 
  g974102/Y                                                  -       A->Y    F     AND2x2_ASAP7_75t_R            2  1.8     9    21     438    (-,-) 
  g974101/Y                                                  -       A->Y    R     INVx2_ASAP7_75t_R             2  1.9     8     7     445    (-,-) 
  fopt965843/Y                                               -       A->Y    F     INVx2_ASAP7_75t_R             3  2.5     8     7     452    (-,-) 
  fopt965646/Y                                               -       A->Y    R     INVxp33_ASAP7_75t_R           1  0.5    12     9     460    (-,-) 
  g974729/Y                                                  -       A2->Y   F     OAI31xp33_ASAP7_75t_R         2  0.9    20    13     473    (-,-) 
  g974728/Y                                                  -       A2->Y   R     AOI22xp5_ASAP7_75t_R          2  0.8    18    14     487    (-,-) 
  g974650/Y                                                  -       B->Y    F     NAND4xp25_ASAP7_75t_R         1  1.1    33    21     508    (-,-) 
  g973819/Y                                                  -       A->Y    R     NOR2x1_ASAP7_75t_R            1  1.3    17    16     524    (-,-) 
  g973818/Y                                                  -       C->Y    F     NAND3x1_ASAP7_75t_R           2  1.3    13    11     536    (-,-) 
  g972588/Y                                                  -       A2->Y   F     AO21x1_ASAP7_75t_R            1  1.6    12    18     554    (-,-) 
  g971746/Y                                                  -       B->Y    R     NOR2x1p5_ASAP7_75t_R          2  1.9    15    11     564    (-,-) 
  g969573/Y                                                  -       A->Y    F     INVxp67_ASAP7_75t_R           2  1.2    12    10     575    (-,-) 
  g974836/Y                                                  -       B->Y    R     A2O1A1Ixp33_ASAP7_75t_R       1  1.1    21    14     589    (-,-) 
  g56/Y                                                      -       B->Y    F     NOR2x1_ASAP7_75t_R            2  1.1    12    12     601    (-,-) 
  g830707/Y                                                  -       A->Y    R     NAND2xp5_ASAP7_75t_R          2  1.3    18    14     614    (-,-) 
  g830683/Y                                                  -       A->Y    F     INVx1_ASAP7_75t_R             1  0.6     8     7     621    (-,-) 
  g830587/Y                                                  -       A2->Y   R     AOI22xp5_ASAP7_75t_R          1  0.6    20    10     631    (-,-) 
  u_frontend_u_npc_BRANCH_PREDICTION.ras_stack_q_reg[5][0]/D -       -       R     ASYNC_DFFHx1_ASAP7_75t_R      1    -     -     0     631    (-,-) 
#----------------------------------------------------------------------------------------------------------------------------------------------------

