============================================================
  Generated by:           Genus(TM) Synthesis Solution 23.13-s073_1
  Generated on:           Dec 16 2025  05:35:25 pm
  Module:                 riscv_core
  Technology libraries:   sram_asap7_64x256_1rw 1.0
                          asap7sc7p5t_OA_RVT_FF_nldm_201020 1.0
                          asap7sc7p5t_SEQ_RVT_FF_nldm_201020 1.0
                          sram_asap7_16x256_1rw 1.0
                          sram_asap7_64x64_1rw 1.0
                          asap7sc7p5t_AO_RVT_FF_nldm_201020 1.0
                          asap7sc7p5t_INVBUF_RVT_FF_nldm_201020 1.0
                          asap7sc7p5t_SIMPLE_RVT_FF_nldm_201020 1.0
                          sram_asap7_32x256_1rw 1.0
  Operating conditions:   tt_1.0_25.0 (balanced_tree)
  Wireload mode:          enclosed
  Area mode:              timing library
============================================================

    Instance         Module       Cell-Count  Cell-Area  Net-Area   Total-Area   Wireload  
-------------------------------------------------------------------------------------------
riscv_core      NA                     56151   7405.242     0.000     7405.242 <none> (D)  
  u_exec0_u_alu biriscv_alu             1864    192.310     0.000      192.310 <none> (D)  
  u_exec1_u_alu biriscv_alu_2996        1458    114.890     0.000      114.890 <none> (D)  
  (D) = wireload is default in technology library
