env CDS_WORKAREA is set to /home/ykaraagac/cadence-bitirme/Flows/NanGate45/biriscv_2mul_vs_hybrid/scripts/cadence
             0V	    VSS
           1.1V	    VDD
Using Power View WC_VIEW
.
Load RC corner of view WC_VIEW

Begin Power Analysis

             0V	    VSS
           1.1V	    VDD

Begin Processing Timing Library for Power Calculation

Ended Processing Timing Library for Power Calculation: (cpu=0:00:00, real=0:00:00, mem(process/total/peak)=2811.10MB/9713.76MB/6919.14MB)



Begin Processing Power Net/Grid for Power Calculation

Ended Processing Power Net/Grid for Power Calculation: (cpu=0:00:00, real=0:00:00, mem(process/total/peak)=2811.10MB/9713.76MB/6919.14MB)

Begin Processing Timing Window Data for Power Calculation

clk(100MHz) CK: assigning clock clk to net clk_i
Ended Processing Timing Window Data for Power Calculation: (cpu=0:00:00, real=0:00:00, mem(process/total/peak)=2811.10MB/9713.76MB/6919.14MB)

Begin Processing User Attributes

Ended Processing User Attributes: (cpu=0:00:00, real=0:00:00, mem(process/total/peak)=2811.10MB/9713.76MB/6919.14MB)

Begin Processing Signal Activity


Starting Activity Propagation
2026-Jun-08 14:42:58 (2026-Jun-08 14:42:58 GMT)
2026-Jun-08 14:42:58 (2026-Jun-08 14:42:58 GMT): 10%
2026-Jun-08 14:42:58 (2026-Jun-08 14:42:58 GMT): 20%

Finished Activity Propagation
2026-Jun-08 14:42:59 (2026-Jun-08 14:42:59 GMT)

Activity annotation summary:
        Primary Inputs : 180/180 = 100%
          Flop outputs : 1909/10414 = 18.3311%
  Memory/Macro outputs : 0/0 = 0%
      Tristate outputs : 0/0 = 0%
            Total Nets : 3867/35059 = 11.03%

Ended Processing Signal Activity: (cpu=0:00:00, real=0:00:00, mem(process/total/peak)=2811.10MB/9713.76MB/6919.14MB)

Begin Power Computation

      ----------------------------------------------------------
      # of cell(s) missing both power/leakage table: 0
      # of cell(s) missing power table: 0
      # of cell(s) missing leakage table: 0
      ----------------------------------------------------------



Starting Calculating power
2026-Jun-08 14:42:59 (2026-Jun-08 14:42:59 GMT)
 ... Calculating switching power
2026-Jun-08 14:42:59 (2026-Jun-08 14:42:59 GMT): 10%
2026-Jun-08 14:42:59 (2026-Jun-08 14:42:59 GMT): 20%
2026-Jun-08 14:42:59 (2026-Jun-08 14:42:59 GMT): 30%
2026-Jun-08 14:42:59 (2026-Jun-08 14:42:59 GMT): 40%
2026-Jun-08 14:42:59 (2026-Jun-08 14:42:59 GMT): 50%
 ... Calculating internal and leakage power
2026-Jun-08 14:42:59 (2026-Jun-08 14:42:59 GMT): 60%
2026-Jun-08 14:43:00 (2026-Jun-08 14:43:00 GMT): 70%
2026-Jun-08 14:43:01 (2026-Jun-08 14:43:01 GMT): 80%
2026-Jun-08 14:43:02 (2026-Jun-08 14:43:02 GMT): 90%

Finished Calculating power
2026-Jun-08 14:43:02 (2026-Jun-08 14:43:02 GMT)
      # of MSMV cell(s) missing power_level: 0
Ended Power Computation: (cpu=0:00:03, real=0:00:03, mem(process/total/peak)=2811.10MB/9713.76MB/6919.14MB)

Begin Processing User Attributes

Begin Processing set_power
Ended Processing set_power: (cpu=0:00:00, real=0:00:00,
mem(process/total/peak)=2811.10MB/9713.76MB/6919.14MB)
Ended Processing User Attributes: (cpu=0:00:00, real=0:00:00, mem(process/total/peak)=2811.10MB/9713.76MB/6919.14MB)

Ended Power Analysis: (cpu=0:00:03, real=0:00:04, mem(process/total/peak)=2811.10MB/9713.76MB/6919.14MB)

Begin Boundary Leakage Calculation
Ended Boundary Leakage Calculation: (cpu=0:00:00, real=0:00:00,
mem(process/total/peak)=2811.10MB/9713.76MB/6919.14MB)
Begin Static Power Report Generation
*----------------------------------------------------------------------------------------
*	Innovus 25.12-s079_1 (64bit) 11/18/2025 12:56 (Linux 4.18.0-305.el8.x86_64)
*	
*
* 	Date & Time:	2026-Jun-08 14:43:02 (2026-Jun-08 14:43:02 GMT)
*
*----------------------------------------------------------------------------------------
*
*	Design: riscv_core
*
*	Liberty Libraries used:
*	        /home/ykaraagac/cadence-bitirme/Enablements/NanGate45/lib/NangateOpenCellLibrary_typical.lib
*
*	Parasitic Files used:
*
*       Dynamic View: WC_VIEW
*
*       Leakage View: WC_VIEW
*
*       User-Defined Activity : N.A.
*
*	Switching Activity File used:
*	        /home/ykaraagac/cadence-bitirme/Flows/NanGate45/biriscv_2mul_vs_hybrid/scripts/cadence/outputs/benchmark_runs/matmul_tiled_latency_hidden_mule/vcd/core_hybrid.vcd
*                  Vcd Window used(Start Time, Stop Time):  
*                Vcd Scale Factor: 1
*
*       Hierarchical Global Activity: N.A.
*
*       Global Activity: N.A.
*
*       Sequential Element Activity: 0.200000
*
*       Primary Input Activity: 0.200000
*
*       Default icg ratio: N.A.
*
*       Global Comb ClockGate Ratio: N.A.
*
*	Power Units = 1mW
*
*	Time Units = 1e-09 secs
*
*       report_power -hierarchy all
*
-----------------------------------------------------------------------------------------
*



Total Power
-----------------------------------------------------------------------------------------
Total Internal Power:        4.34176300 	   53.6044%
Total Switching Power:       2.57101594 	   31.7424%
Total Leakage Power:         1.18685376 	   14.6532%
Total Power:                 8.09963270
-----------------------------------------------------------------------------------------


Group                           Internal   Switching     Leakage       Total  Percentage 
                                Power      Power         Power         Power  (%)        
-----------------------------------------------------------------------------------------
Sequential                         2.865      0.3836      0.4995       3.748       46.28
Macro                                  0           0           0           0           0
IO                                     0           0           0           0           0
Combinational                          1       1.207      0.6733       2.881       35.56
Clock (Combinational)             0.4766      0.9803     0.01403       1.471       18.16
Clock (Sequential)                     0           0           0           0           0
-----------------------------------------------------------------------------------------
Total                              4.342       2.571       1.187         8.1         100
-----------------------------------------------------------------------------------------


Clock                           Internal   Switching     Leakage       Total  Percentage 
                                Power      Power         Power         Power  (%)        
-----------------------------------------------------------------------------------------
clk                               0.4766      0.9803     0.01403       1.471       18.16
-----------------------------------------------------------------------------------------
Total                             0.4766      0.9803     0.01403       1.471       18.16
-----------------------------------------------------------------------------------------
Clock: clk
Clock Period: 0.010000 usec 
Clock Toggle Rate:   200.0000 Mhz 
Clock Static Probability:  0.5000
  


Rail                  Voltage   Internal   Switching     Leakage       Total  Percentage 
                                Power      Power         Power         Power  (%)        
-----------------------------------------------------------------------------------------
VDD                       1.1      4.342       2.571       1.187         8.1         100


Hierarchy                       Internal   Switching     Leakage       Total  Percentage 
                                Power      Power         Power         Power  (%)        
-----------------------------------------------------------------------------------------
u_csr                             0.1919     0.02519     0.06079      0.2779       3.431 
u_div                             0.1414     0.03188     0.04649      0.2198       2.714 
u_exec0                          0.07961     0.05954      0.0427      0.1818       2.245 
u_exec1                          0.06965     0.05078     0.04142      0.1619       1.998 
u_frontend                         1.837      0.8146      0.4622       3.114       38.44 
u_issue                            1.186      0.7585      0.3751       2.319       28.63 
u_lsu                             0.1023     0.04622     0.02819      0.1767       2.182 
u_mul                              0.484      0.4265     0.08586      0.9963        12.3 
u_mule                           0.09422     0.03914     0.03919      0.1725        2.13 
u_csr/u_csrfile                   0.1334     0.01046     0.04434      0.1882       2.323 
u_frontend/u_decode               0.1366     0.04382     0.03024      0.2106         2.6 
u_frontend/u_fetch                0.1069     0.02528     0.02777      0.1599       1.974 
u_frontend/u_npc                   1.558      0.6766      0.4028       2.637       32.56 
u_issue/u_pipe0_ctrl              0.1733     0.03611     0.04238      0.2518       3.108 
u_issue/u_pipe1_ctrl             0.09803     0.01709     0.02758      0.1427       1.762 
u_issue/u_regfile                 0.8058      0.4764      0.2367       1.519       18.75 
u_lsu/u_lsu_request              0.03974    0.005848    0.009418       0.055      0.6791 
u_exec0/u_alu                    0.02425     0.03015     0.02085     0.07525      0.9291 
u_exec1/u_alu                    0.01781     0.02444     0.02025     0.06249      0.7715 
u_frontend/u_decode/genblk1.u_fifo
                                  0.1323     0.03956     0.02532      0.1971       2.434 
u_frontend/u_npc/BRANCH_PREDICTION.u_lru
                                 0.01078    0.001624    0.001928     0.01433       0.177 
u_frontend/u_decode/genblk1.u_dec0
                                0.001417    0.001503    0.001677    0.004597     0.05676 
u_frontend/u_decode/genblk1.u_dec1
                                 0.00118    0.001608    0.001654    0.004442     0.05484 
 
 
-----------------------------------------------------------------------------------------
*	Power Distribution Summary: 
*              Highest Average Power: u_frontend/u_npc/FE_OFC1066_branch_info_source_w_2 (CLKBUF_X3):          0.00386
*              Highest Leakage Power:            u_issue/g33248 (AND4_X4):        0.0001893
*                Total Cap:      2.19821e-10 F
*                Total instances in design: 28954
*                Total instances in design with no power:     0
*                Total instances in design with no activty:     0

*                Total Fillers and Decap:     0
-----------------------------------------------------------------------------------------
 
** INFO:  (VOLTUS_POWR-3465): There are 0 decaps and 0 fillers in the design

Ended Static Power Report Generation: (cpu=0:00:00, real=0:00:00,
mem(process/total/peak)=2811.10MB/9713.76MB/6919.14MB)

