env CDS_WORKAREA is set to /home/ykaraagac/cadence-bitirme/Flows/NanGate45/biriscv_2mul_vs_hybrid/scripts/cadence
             0V	    VSS
           1.1V	    VDD
Using Power View WC_VIEW
.
Load RC corner of view WC_VIEW

Begin Power Analysis

             0V	    VSS
           1.1V	    VDD

Begin Processing Timing Library for Power Calculation

Ended Processing Timing Library for Power Calculation: (cpu=0:00:00, real=0:00:00, mem(process/total/peak)=2851.59MB/8681.79MB/2851.59MB)



Begin Processing Power Net/Grid for Power Calculation

Ended Processing Power Net/Grid for Power Calculation: (cpu=0:00:00, real=0:00:00, mem(process/total/peak)=2851.59MB/8681.79MB/2851.59MB)

Begin Processing Timing Window Data for Power Calculation

clk(100MHz) CK: assigning clock clk to net clk_i
Ended Processing Timing Window Data for Power Calculation: (cpu=0:00:00, real=0:00:00, mem(process/total/peak)=2851.59MB/8681.79MB/2851.59MB)

Begin Processing User Attributes

Ended Processing User Attributes: (cpu=0:00:00, real=0:00:00, mem(process/total/peak)=2851.59MB/8681.79MB/2851.59MB)

Begin Processing Signal Activity


Starting Activity Propagation
2026-Jun-08 22:01:17 (2026-Jun-08 22:01:17 GMT)
2026-Jun-08 22:01:17 (2026-Jun-08 22:01:17 GMT): 10%
2026-Jun-08 22:01:17 (2026-Jun-08 22:01:17 GMT): 20%

Finished Activity Propagation
2026-Jun-08 22:01:18 (2026-Jun-08 22:01:18 GMT)

Activity annotation summary:
        Primary Inputs : 180/180 = 100%
          Flop outputs : 1909/10414 = 18.3311%
  Memory/Macro outputs : 0/0 = 0%
      Tristate outputs : 0/0 = 0%
            Total Nets : 3867/35059 = 11.03%

Ended Processing Signal Activity: (cpu=0:00:00, real=0:00:00, mem(process/total/peak)=2851.59MB/8681.79MB/2851.59MB)

Begin Power Computation

      ----------------------------------------------------------
      # of cell(s) missing both power/leakage table: 0
      # of cell(s) missing power table: 0
      # of cell(s) missing leakage table: 0
      ----------------------------------------------------------



Starting Calculating power
2026-Jun-08 22:01:18 (2026-Jun-08 22:01:18 GMT)
 ... Calculating switching power
2026-Jun-08 22:01:18 (2026-Jun-08 22:01:18 GMT): 10%
2026-Jun-08 22:01:18 (2026-Jun-08 22:01:18 GMT): 20%
2026-Jun-08 22:01:18 (2026-Jun-08 22:01:18 GMT): 30%
2026-Jun-08 22:01:18 (2026-Jun-08 22:01:18 GMT): 40%
2026-Jun-08 22:01:18 (2026-Jun-08 22:01:18 GMT): 50%
 ... Calculating internal and leakage power
2026-Jun-08 22:01:18 (2026-Jun-08 22:01:18 GMT): 60%
2026-Jun-08 22:01:19 (2026-Jun-08 22:01:19 GMT): 70%
2026-Jun-08 22:01:20 (2026-Jun-08 22:01:20 GMT): 80%
2026-Jun-08 22:01:20 (2026-Jun-08 22:01:20 GMT): 90%

Finished Calculating power
2026-Jun-08 22:01:21 (2026-Jun-08 22:01:21 GMT)
      # of MSMV cell(s) missing power_level: 0
Ended Power Computation: (cpu=0:00:03, real=0:00:03, mem(process/total/peak)=2851.59MB/8681.79MB/2851.59MB)

Begin Processing User Attributes

Begin Processing set_power
Ended Processing set_power: (cpu=0:00:00, real=0:00:00,
mem(process/total/peak)=2851.59MB/8681.79MB/2851.59MB)
Ended Processing User Attributes: (cpu=0:00:00, real=0:00:00, mem(process/total/peak)=2851.59MB/8681.79MB/2851.59MB)

Ended Power Analysis: (cpu=0:00:04, real=0:00:04, mem(process/total/peak)=2851.59MB/8681.79MB/2851.59MB)

Begin Boundary Leakage Calculation
Ended Boundary Leakage Calculation: (cpu=0:00:00, real=0:00:00,
mem(process/total/peak)=2851.59MB/8681.79MB/2851.59MB)
Begin Static Power Report Generation
*----------------------------------------------------------------------------------------
*	Innovus 25.12-s079_1 (64bit) 11/18/2025 12:56 (Linux 4.18.0-305.el8.x86_64)
*	
*
* 	Date & Time:	2026-Jun-08 22:01:21 (2026-Jun-08 22:01:21 GMT)
*
*----------------------------------------------------------------------------------------
*
*	Design: riscv_core
*
*	Liberty Libraries used:
*	        /home/ykaraagac/cadence-bitirme/Enablements/NanGate45/lib/NangateOpenCellLibrary_typical.lib
*
*	Parasitic Files used:
*
*       Dynamic View: WC_VIEW
*
*       Leakage View: WC_VIEW
*
*       User-Defined Activity : N.A.
*
*	Switching Activity File used:
*	        /home/ykaraagac/cadence-bitirme/Flows/NanGate45/biriscv_2mul_vs_hybrid/scripts/cadence/outputs/job6_selective_runs/filter_bank_4out/vcd/core_hybrid.vcd
*                  Vcd Window used(Start Time, Stop Time):  
*                Vcd Scale Factor: 1
*
*       Hierarchical Global Activity: N.A.
*
*       Global Activity: N.A.
*
*       Sequential Element Activity: 0.200000
*
*       Primary Input Activity: 0.200000
*
*       Default icg ratio: N.A.
*
*       Global Comb ClockGate Ratio: N.A.
*
*	Power Units = 1mW
*
*	Time Units = 1e-09 secs
*
*       report_power -hierarchy all
*
-----------------------------------------------------------------------------------------
*



Total Power
-----------------------------------------------------------------------------------------
Total Internal Power:        4.44652107 	   53.2099%
Total Switching Power:       2.72588255 	   32.6196%
Total Leakage Power:         1.18416381 	   14.1705%
Total Power:                 8.35656742
-----------------------------------------------------------------------------------------


Group                           Internal   Switching     Leakage       Total  Percentage 
                                Power      Power         Power         Power  (%)        
-----------------------------------------------------------------------------------------
Sequential                         2.867      0.3841      0.4992        3.75       44.88
Macro                                  0           0           0           0           0
IO                                     0           0           0           0           0
Combinational                      1.103       1.361       0.671       3.135       37.52
Clock (Combinational)             0.4766      0.9803     0.01403       1.471        17.6
Clock (Sequential)                     0           0           0           0           0
-----------------------------------------------------------------------------------------
Total                              4.447       2.726       1.184       8.357         100
-----------------------------------------------------------------------------------------


Clock                           Internal   Switching     Leakage       Total  Percentage 
                                Power      Power         Power         Power  (%)        
-----------------------------------------------------------------------------------------
clk                               0.4766      0.9803     0.01403       1.471        17.6
-----------------------------------------------------------------------------------------
Total                             0.4766      0.9803     0.01403       1.471        17.6
-----------------------------------------------------------------------------------------
Clock: clk
Clock Period: 0.010000 usec 
Clock Toggle Rate:   200.0000 Mhz 
Clock Static Probability:  0.5000
  


Rail                  Voltage   Internal   Switching     Leakage       Total  Percentage 
                                Power      Power         Power         Power  (%)        
-----------------------------------------------------------------------------------------
VDD                       1.1      4.447       2.726       1.184       8.357         100


Hierarchy                       Internal   Switching     Leakage       Total  Percentage 
                                Power      Power         Power         Power  (%)        
-----------------------------------------------------------------------------------------
u_csr                             0.1934     0.02562     0.06056      0.2796       3.345 
u_div                              0.138     0.02906     0.04571      0.2127       2.546 
u_exec0                           0.0759     0.05515     0.04263      0.1737       2.078 
u_exec1                          0.08518     0.06987     0.04131      0.1964        2.35 
u_frontend                         1.848      0.8303      0.4618        3.14       37.58 
u_issue                             1.27      0.8972      0.3753       2.542       30.42 
u_lsu                              0.096     0.03729     0.02785      0.1611       1.928 
u_mul                             0.5146      0.4545     0.08608       1.055       12.63 
u_mule                           0.06898    0.008983     0.03797      0.1159       1.387 
u_csr/u_csrfile                   0.1336     0.01076     0.04431      0.1887       2.258 
u_frontend/u_decode               0.1367     0.04426     0.03022      0.2111       2.527 
u_frontend/u_fetch                0.1037     0.02181     0.02764      0.1531       1.832 
u_frontend/u_npc                   1.573      0.6946      0.4026        2.67       31.95 
u_issue/u_pipe0_ctrl               0.176     0.03943     0.04241      0.2579       3.086 
u_issue/u_pipe1_ctrl                 0.1     0.02032     0.02763       0.148       1.771 
u_issue/u_regfile                 0.8666      0.5632      0.2372       1.667       19.95 
u_lsu/u_lsu_request              0.03908    0.005151    0.009369      0.0536      0.6414 
u_exec0/u_alu                    0.02463     0.03182      0.0207     0.07715      0.9232 
u_exec1/u_alu                     0.0247     0.03436     0.02022     0.07928      0.9488 
u_frontend/u_decode/genblk1.u_fifo
                                  0.1332     0.04113     0.02531      0.1996       2.388 
u_frontend/u_npc/BRANCH_PREDICTION.u_lru
                                 0.01065    0.001585    0.001928     0.01416      0.1694 
u_frontend/u_decode/genblk1.u_dec0
                               0.0008112   0.0007968    0.001698    0.003306     0.03956 
u_frontend/u_decode/genblk1.u_dec1
                               0.0008941    0.001087    0.001667    0.003648     0.04366 
 
 
-----------------------------------------------------------------------------------------
*	Power Distribution Summary: 
*              Highest Average Power: u_frontend/u_npc/FE_OFC1066_branch_info_source_w_2 (CLKBUF_X3):         0.005921
*              Highest Leakage Power:            u_issue/g33248 (AND4_X4):        0.0001893
*                Total Cap:      2.19821e-10 F
*                Total instances in design: 28954
*                Total instances in design with no power:     0
*                Total instances in design with no activty:     0

*                Total Fillers and Decap:     0
-----------------------------------------------------------------------------------------
 
** INFO:  (VOLTUS_POWR-3465): There are 0 decaps and 0 fillers in the design

Ended Static Power Report Generation: (cpu=0:00:00, real=0:00:00,
mem(process/total/peak)=2851.59MB/8681.79MB/2851.59MB)

