env CDS_WORKAREA is set to /home/ykaraagac/cadence-bitirme/Flows/NanGate45/biriscv_2mul_vs_hybrid/scripts/cadence
             0V	    VSS
           1.1V	    VDD
Using Power View WC_VIEW
.
Load RC corner of view WC_VIEW

Begin Power Analysis

             0V	    VSS
           1.1V	    VDD

Begin Processing Timing Library for Power Calculation

Ended Processing Timing Library for Power Calculation: (cpu=0:00:00, real=0:00:00, mem(process/total/peak)=2798.50MB/8681.52MB/2798.50MB)



Begin Processing Power Net/Grid for Power Calculation

Ended Processing Power Net/Grid for Power Calculation: (cpu=0:00:00, real=0:00:00, mem(process/total/peak)=2798.50MB/8681.52MB/2798.50MB)

Begin Processing Timing Window Data for Power Calculation

clk(100MHz) CK: assigning clock clk to net clk_i
Ended Processing Timing Window Data for Power Calculation: (cpu=0:00:00, real=0:00:00, mem(process/total/peak)=2798.50MB/8681.52MB/2798.50MB)

Begin Processing User Attributes

Ended Processing User Attributes: (cpu=0:00:00, real=0:00:00, mem(process/total/peak)=2798.50MB/8681.52MB/2798.50MB)

Begin Processing Signal Activity


Starting Activity Propagation
2026-Jun-08 22:10:00 (2026-Jun-08 22:10:00 GMT)
2026-Jun-08 22:10:00 (2026-Jun-08 22:10:00 GMT): 10%
2026-Jun-08 22:10:00 (2026-Jun-08 22:10:00 GMT): 20%

Finished Activity Propagation
2026-Jun-08 22:10:01 (2026-Jun-08 22:10:01 GMT)

Activity annotation summary:
        Primary Inputs : 180/180 = 100%
          Flop outputs : 1909/10414 = 18.3311%
  Memory/Macro outputs : 0/0 = 0%
      Tristate outputs : 0/0 = 0%
            Total Nets : 3867/35059 = 11.03%

Ended Processing Signal Activity: (cpu=0:00:00, real=0:00:00, mem(process/total/peak)=2798.50MB/8681.52MB/2798.50MB)

Begin Power Computation

      ----------------------------------------------------------
      # of cell(s) missing both power/leakage table: 0
      # of cell(s) missing power table: 0
      # of cell(s) missing leakage table: 0
      ----------------------------------------------------------



Starting Calculating power
2026-Jun-08 22:10:01 (2026-Jun-08 22:10:01 GMT)
 ... Calculating switching power
2026-Jun-08 22:10:01 (2026-Jun-08 22:10:01 GMT): 10%
2026-Jun-08 22:10:01 (2026-Jun-08 22:10:01 GMT): 20%
2026-Jun-08 22:10:01 (2026-Jun-08 22:10:01 GMT): 30%
2026-Jun-08 22:10:01 (2026-Jun-08 22:10:01 GMT): 40%
2026-Jun-08 22:10:01 (2026-Jun-08 22:10:01 GMT): 50%
 ... Calculating internal and leakage power
2026-Jun-08 22:10:01 (2026-Jun-08 22:10:01 GMT): 60%
2026-Jun-08 22:10:02 (2026-Jun-08 22:10:02 GMT): 70%
2026-Jun-08 22:10:03 (2026-Jun-08 22:10:03 GMT): 80%
2026-Jun-08 22:10:04 (2026-Jun-08 22:10:04 GMT): 90%

Finished Calculating power
2026-Jun-08 22:10:04 (2026-Jun-08 22:10:04 GMT)
      # of MSMV cell(s) missing power_level: 0
Ended Power Computation: (cpu=0:00:03, real=0:00:03, mem(process/total/peak)=2798.50MB/8681.52MB/2798.50MB)

Begin Processing User Attributes

Begin Processing set_power
Ended Processing set_power: (cpu=0:00:00, real=0:00:00,
mem(process/total/peak)=2798.50MB/8681.52MB/2798.50MB)
Ended Processing User Attributes: (cpu=0:00:00, real=0:00:00, mem(process/total/peak)=2798.50MB/8681.52MB/2798.50MB)

Ended Power Analysis: (cpu=0:00:03, real=0:00:04, mem(process/total/peak)=2798.50MB/8681.52MB/2798.50MB)

Begin Boundary Leakage Calculation
Ended Boundary Leakage Calculation: (cpu=0:00:00, real=0:00:00,
mem(process/total/peak)=2798.50MB/8681.52MB/2798.50MB)
Begin Static Power Report Generation
*----------------------------------------------------------------------------------------
*	Innovus 25.12-s079_1 (64bit) 11/18/2025 12:56 (Linux 4.18.0-305.el8.x86_64)
*	
*
* 	Date & Time:	2026-Jun-08 22:10:04 (2026-Jun-08 22:10:04 GMT)
*
*----------------------------------------------------------------------------------------
*
*	Design: riscv_core
*
*	Liberty Libraries used:
*	        /home/ykaraagac/cadence-bitirme/Enablements/NanGate45/lib/NangateOpenCellLibrary_typical.lib
*
*	Parasitic Files used:
*
*       Dynamic View: WC_VIEW
*
*       Leakage View: WC_VIEW
*
*       User-Defined Activity : N.A.
*
*	Switching Activity File used:
*	        /home/ykaraagac/cadence-bitirme/Flows/NanGate45/biriscv_2mul_vs_hybrid/scripts/cadence/outputs/job6_selective_runs/rdr_like_corr/vcd/core_hybrid.vcd
*                  Vcd Window used(Start Time, Stop Time):  
*                Vcd Scale Factor: 1
*
*       Hierarchical Global Activity: N.A.
*
*       Global Activity: N.A.
*
*       Sequential Element Activity: 0.200000
*
*       Primary Input Activity: 0.200000
*
*       Default icg ratio: N.A.
*
*       Global Comb ClockGate Ratio: N.A.
*
*	Power Units = 1mW
*
*	Time Units = 1e-09 secs
*
*       report_power -hierarchy all
*
-----------------------------------------------------------------------------------------
*



Total Power
-----------------------------------------------------------------------------------------
Total Internal Power:        4.41315430 	   53.3287%
Total Switching Power:       2.67742754 	   32.3541%
Total Leakage Power:         1.18479489 	   14.3171%
Total Power:                 8.27537673
-----------------------------------------------------------------------------------------


Group                           Internal   Switching     Leakage       Total  Percentage 
                                Power      Power         Power         Power  (%)        
-----------------------------------------------------------------------------------------
Sequential                         2.866      0.3837      0.4993       3.749        45.3
Macro                                  0           0           0           0           0
IO                                     0           0           0           0           0
Combinational                      1.071       1.313      0.6714       3.056       36.92
Clock (Combinational)             0.4766      0.9803     0.01403       1.471       17.78
Clock (Sequential)                     0           0           0           0           0
-----------------------------------------------------------------------------------------
Total                              4.413       2.677       1.185       8.275         100
-----------------------------------------------------------------------------------------


Clock                           Internal   Switching     Leakage       Total  Percentage 
                                Power      Power         Power         Power  (%)        
-----------------------------------------------------------------------------------------
clk                               0.4766      0.9803     0.01403       1.471       17.78
-----------------------------------------------------------------------------------------
Total                             0.4766      0.9803     0.01403       1.471       17.78
-----------------------------------------------------------------------------------------
Clock: clk
Clock Period: 0.010000 usec 
Clock Toggle Rate:   200.0000 Mhz 
Clock Static Probability:  0.5000
  


Rail                  Voltage   Internal   Switching     Leakage       Total  Percentage 
                                Power      Power         Power         Power  (%)        
-----------------------------------------------------------------------------------------
VDD                       1.1      4.413       2.677       1.185       8.275         100


Hierarchy                       Internal   Switching     Leakage       Total  Percentage 
                                Power      Power         Power         Power  (%)        
-----------------------------------------------------------------------------------------
u_csr                             0.1931     0.02589     0.06061      0.2796       3.378 
u_div                             0.1396     0.02995     0.04566      0.2152       2.601 
u_exec0                          0.08235     0.06038     0.04271      0.1854       2.241 
u_exec1                          0.07862     0.05991     0.04148        0.18       2.175 
u_frontend                         1.841      0.8201      0.4619       3.123       37.73 
u_issue                            1.249      0.8672      0.3755       2.492       30.11 
u_lsu                            0.09637     0.03837     0.02804      0.1628       1.967 
u_mul                             0.5078      0.4483     0.08604       1.042       12.59 
u_mule                           0.06897    0.008983     0.03797      0.1159       1.401 
u_csr/u_csrfile                   0.1334     0.01056     0.04431      0.1883       2.275 
u_frontend/u_decode                0.136     0.04306     0.03026      0.2094        2.53 
u_frontend/u_fetch                 0.106     0.02448     0.02775      0.1582       1.912 
u_frontend/u_npc                   1.563      0.6838      0.4025        2.65       32.02 
u_issue/u_pipe0_ctrl              0.1775     0.04081     0.04247      0.2608       3.151 
u_issue/u_pipe1_ctrl              0.0974     0.01713     0.02761      0.1421       1.718 
u_issue/u_regfile                 0.8494      0.5376      0.2371       1.624       19.63 
u_lsu/u_lsu_request              0.03844    0.004916    0.009501     0.05286      0.6388 
u_exec0/u_alu                    0.02657     0.03219     0.02077     0.07954      0.9611 
u_exec1/u_alu                    0.01944     0.02575     0.02034     0.06553      0.7919 
u_frontend/u_decode/genblk1.u_fifo
                                  0.1327     0.03995     0.02532       0.198       2.393 
u_frontend/u_npc/BRANCH_PREDICTION.u_lru
                                 0.01071    0.001604    0.001928     0.01425      0.1722 
u_frontend/u_decode/genblk1.u_dec0
                                0.000972    0.000994    0.001679    0.003646     0.04405 
u_frontend/u_decode/genblk1.u_dec1
                               0.0007673     0.00101     0.00171    0.003488     0.04215 
 
 
-----------------------------------------------------------------------------------------
*	Power Distribution Summary: 
*              Highest Average Power: u_frontend/u_npc/FE_OFC1066_branch_info_source_w_2 (CLKBUF_X3):         0.005088
*              Highest Leakage Power:            u_issue/g33248 (AND4_X4):        0.0001893
*                Total Cap:      2.19821e-10 F
*                Total instances in design: 28954
*                Total instances in design with no power:     0
*                Total instances in design with no activty:     0

*                Total Fillers and Decap:     0
-----------------------------------------------------------------------------------------
 
** INFO:  (VOLTUS_POWR-3465): There are 0 decaps and 0 fillers in the design

Ended Static Power Report Generation: (cpu=0:00:00, real=0:00:00,
mem(process/total/peak)=2798.50MB/8681.52MB/2798.50MB)

