============================================================
  Generated by:           Genus(TM) Synthesis Solution 23.13-s073_1
  Generated on:           Jan 10 2026  12:55:41 pm
  Module:                 riscv_core
  Technology libraries:   sram_asap7_64x256_1rw 1.0
                          asap7sc7p5t_OA_RVT_FF_nldm_201020 1.0
                          asap7sc7p5t_SEQ_RVT_FF_nldm_201020 1.0
                          sram_asap7_16x256_1rw 1.0
                          sram_asap7_64x64_1rw 1.0
                          asap7sc7p5t_AO_RVT_FF_nldm_201020 1.0
                          asap7sc7p5t_INVBUF_RVT_FF_nldm_201020 1.0
                          asap7sc7p5t_SIMPLE_RVT_FF_nldm_201020 1.0
                          sram_asap7_32x256_1rw 1.0
  Operating conditions:   tt_1.0_25.0 (balanced_tree)
  Wireload mode:          enclosed
  Area mode:              timing library
============================================================

           Instance                                                                                                                                 Module                                                                                                                        Cell-Count  Cell-Area  Net-Area   Total-Area   Wireload  
-------------------------------------------------------------------------------------------------------------------------------------------------------------------------------------------------------------------------------------------------------------------------------------------------------------------------------------------
riscv_core                    NA                                                                                                                                                                                                                                                       26733   3772.021     0.000     3772.021 <none> (D)  
  u_csr                       biriscv_csr_SUPPORT_MULDIV1_SUPPORT_SUPER0                                                                                                                                                                                                                1561    249.537     0.000      249.537 <none> (D)  
    u_csrfile                 biriscv_csr_regfile_SUPPORT_MTIMECMP1_SUPPORT_SUPER0                                                                                                                                                                                                      1247    190.473     0.000      190.473 <none> (D)  
  u_div                       biriscv_divider                                                                                                                                                                                                                                           1220    188.753     0.000      188.753 <none> (D)  
  u_exec0                     biriscv_exec                                                                                                                                                                                                                                              1559    159.199     0.000      159.199 <none> (D)  
    u_alu                     biriscv_alu                                                                                                                                                                                                                                                847     73.367     0.000       73.367 <none> (D)  
  u_exec1                     biriscv_exec_1                                                                                                                                                                                                                                            1563    157.377     0.000      157.377 <none> (D)  
    u_alu                     biriscv_alu_2795                                                                                                                                                                                                                                           848     73.002     0.000       73.002 <none> (D)  
  u_frontend                  biriscv_frontend_SUPPORT_BRANCH_PREDICTION1_SUPPORT_MULDIV1_SUPPORT_MMU0_EXTRA_DECODE_STAGE0_NUM_BTB_ENTRIES32_NUM_BTB_ENTRIES_W5_NUM_BHT_ENTRIES512_NUM_BHT_ENTRIES_W9_RAS_ENABLE1_GSHARE_ENABLE0_BHT_ENABLE1_NUM_RAS_ENTRIES8_NUM_RAS_ENTRIES_W3       11388   1720.761     0.000     1720.761 <none> (D)  
    u_decode                  biriscv_decode_SUPPORT_MULDIV1_EXTRA_DECODE_STAGE0                                                                                                                                                                                                         760    124.120     0.000      124.120 <none> (D)  
      genblk1.u_dec0          biriscv_decoder                                                                                                                                                                                                                                             81      5.832     0.000        5.832 <none> (D)  
      genblk1.u_dec1          biriscv_decoder_4505                                                                                                                                                                                                                                        85      6.022     0.000        6.022 <none> (D)  
      genblk1.u_fifo          fetch_fifo_OPC_INFO_W2                                                                                                                                                                                                                                     529    106.624     0.000      106.624 <none> (D)  
    u_fetch                   biriscv_fetch_SUPPORT_MMU0                                                                                                                                                                                                                                 577    112.004     0.000      112.004 <none> (D)  
    u_npc                     biriscv_npc_SUPPORT_BRANCH_PREDICTION1_NUM_BTB_ENTRIES32_NUM_BTB_ENTRIES_W5_NUM_BHT_ENTRIES512_NUM_BHT_ENTRIES_W9_RAS_ENABLE1_GSHARE_ENABLE0_BHT_ENABLE1_NUM_RAS_ENTRIES8_NUM_RAS_ENTRIES_W3                                                             10051   1484.638     0.000     1484.638 <none> (D)  
      BRANCH_PREDICTION.u_lru biriscv_npc_lfsr_DEPTH32_ADDR_W5                                                                                                                                                                                                                            38      7.844     0.000        7.844 <none> (D)  
  u_issue                     biriscv_issue_SUPPORT_MULDIV1_SUPPORT_DUAL_ISSUE1_SUPPORT_LOAD_BYPASS1_SUPPORT_MUL_BYPASS1_SUPPORT_REGFILE_XILINX0                                                                                                                                        8717   1185.471     0.000     1185.471 <none> (D)  
    u_pipe0_ctrl              biriscv_pipe_ctrl_SUPPORT_LOAD_BYPASS1_SUPPORT_MUL_BYPASS1                                                                                                                                                                                                 908    173.983     0.000      173.983 <none> (D)  
    u_pipe1_ctrl              biriscv_pipe_ctrl_SUPPORT_LOAD_BYPASS1_SUPPORT_MUL_BYPASS1_1                                                                                                                                                                                               598    107.877     0.000      107.877 <none> (D)  
    u_regfile                 biriscv_regfile_SUPPORT_REGFILE_XILINX0_SUPPORT_DUAL_ISSUE1                                                                                                                                                                                               4940    697.157     0.000      697.157 <none> (D)  
  u_lsu                       biriscv_lsu_MEM_CACHE_ADDR_MIN32h80000000_MEM_CACHE_ADDR_MAX32h8fffffff                                                                                                                                                                                    725    110.925     0.000      110.925 <none> (D)  
    u_lsu_request             biriscv_lsu_fifo_WIDTH36_DEPTH2_ADDR_W1                                                                                                                                                                                                                    202     41.145     0.000       41.145 <none> (D)  
  (D) = wireload is default in technology library
