env CDS_WORKAREA is set to /home/ykaraagac/cadence-bitirme/Flows/NanGate45/biriscv_2mul_vs_hybrid/scripts/cadence
             0V	    VSS
           1.1V	    VDD
Using Power View WC_VIEW
.
Load RC corner of view WC_VIEW

Begin Power Analysis

             0V	    VSS
           1.1V	    VDD

Begin Processing Timing Library for Power Calculation

Ended Processing Timing Library for Power Calculation: (cpu=0:00:00, real=0:00:00, mem(process/total/peak)=3198.49MB/14036.67MB/4181.83MB)



Begin Processing Power Net/Grid for Power Calculation

Ended Processing Power Net/Grid for Power Calculation: (cpu=0:00:00, real=0:00:00, mem(process/total/peak)=3198.49MB/14036.67MB/4181.83MB)

Begin Processing Timing Window Data for Power Calculation

clk(100MHz) CK: assigning clock clk to net clk_i
Ended Processing Timing Window Data for Power Calculation: (cpu=0:00:00, real=0:00:00, mem(process/total/peak)=3198.49MB/14036.67MB/4181.83MB)

Begin Processing User Attributes

Ended Processing User Attributes: (cpu=0:00:00, real=0:00:00, mem(process/total/peak)=3198.49MB/14036.67MB/4181.83MB)

Begin Processing Signal Activity


Starting Activity Propagation
2026-Jun-23 05:42:39 (2026-Jun-23 05:42:39 GMT)
2026-Jun-23 05:42:40 (2026-Jun-23 05:42:40 GMT): 10%

Finished Activity Propagation
2026-Jun-23 05:42:41 (2026-Jun-23 05:42:41 GMT)

Activity annotation summary:
        Primary Inputs : 180/180 = 100%
          Flop outputs : 3874/14346 = 27.004%
  Memory/Macro outputs : 0/0 = 0%
      Tristate outputs : 0/0 = 0%
            Total Nets : 19975/72373 = 27.6001%

Ended Processing Signal Activity: (cpu=0:00:01, real=0:00:01, mem(process/total/peak)=3198.49MB/14036.67MB/4181.83MB)

Begin Power Computation

      ----------------------------------------------------------
      # of cell(s) missing both power/leakage table: 0
      # of cell(s) missing power table: 0
      # of cell(s) missing leakage table: 0
      ----------------------------------------------------------



Starting Calculating power
2026-Jun-23 05:42:41 (2026-Jun-23 05:42:41 GMT)
 ... Calculating switching power
2026-Jun-23 05:42:41 (2026-Jun-23 05:42:41 GMT): 10%
2026-Jun-23 05:42:41 (2026-Jun-23 05:42:41 GMT): 20%
2026-Jun-23 05:42:41 (2026-Jun-23 05:42:41 GMT): 30%
2026-Jun-23 05:42:41 (2026-Jun-23 05:42:41 GMT): 40%
2026-Jun-23 05:42:41 (2026-Jun-23 05:42:41 GMT): 50%
 ... Calculating internal and leakage power
2026-Jun-23 05:42:42 (2026-Jun-23 05:42:42 GMT): 60%
2026-Jun-23 05:42:44 (2026-Jun-23 05:42:44 GMT): 70%
2026-Jun-23 05:42:44 (2026-Jun-23 05:42:44 GMT): 80%
2026-Jun-23 05:42:45 (2026-Jun-23 05:42:45 GMT): 90%

Finished Calculating power
2026-Jun-23 05:42:46 (2026-Jun-23 05:42:46 GMT)
      # of MSMV cell(s) missing power_level: 0
Ended Power Computation: (cpu=0:00:05, real=0:00:05, mem(process/total/peak)=3198.49MB/14036.67MB/4181.83MB)

Begin Processing User Attributes

Begin Processing set_power
Ended Processing set_power: (cpu=0:00:00, real=0:00:00,
mem(process/total/peak)=3198.49MB/14036.67MB/4181.83MB)
Ended Processing User Attributes: (cpu=0:00:00, real=0:00:00, mem(process/total/peak)=3198.49MB/14036.67MB/4181.83MB)

Ended Power Analysis: (cpu=0:00:08, real=0:00:07, mem(process/total/peak)=3198.49MB/14036.67MB/4181.83MB)

Begin Boundary Leakage Calculation
Ended Boundary Leakage Calculation: (cpu=0:00:00, real=0:00:00,
mem(process/total/peak)=3198.49MB/14036.67MB/4181.83MB)
Begin Static Power Report Generation
*----------------------------------------------------------------------------------------
*	Innovus 25.12-s079_1 (64bit) 11/18/2025 12:56 (Linux 4.18.0-305.el8.x86_64)
*	
*
* 	Date & Time:	2026-Jun-23 05:42:46 (2026-Jun-23 05:42:46 GMT)
*
*----------------------------------------------------------------------------------------
*
*	Design: riscv_core
*
*	Liberty Libraries used:
*	        /home/ykaraagac/cadence-bitirme/Enablements/NanGate45/lib/NangateOpenCellLibrary_typical.lib
*
*	Parasitic Files used:
*
*       Dynamic View: WC_VIEW
*
*       Leakage View: WC_VIEW
*
*       User-Defined Activity : N.A.
*
*	Switching Activity File used:
*	        /home/ykaraagac/cadence-bitirme/Flows/NanGate45/biriscv_2mul_vs_hybrid/scripts/cadence/outputs/mul_update_energy_probe_vcds/sliding_correlation_a04bb61_energy_all_mule5n_all_mule5n/vcd/core_hybrid.vcd
*                  Vcd Window used(Start Time, Stop Time):  
*                Vcd Scale Factor: 1
*
*       Hierarchical Global Activity: N.A.
*
*       Global Activity: N.A.
*
*       Sequential Element Activity: 0.200000
*
*       Primary Input Activity: 0.200000
*
*       Default icg ratio: N.A.
*
*       Global Comb ClockGate Ratio: N.A.
*
*	Power Units = 1mW
*
*	Time Units = 1e-09 secs
*
*       report_power -hierarchy all
*
-----------------------------------------------------------------------------------------
*



Total Power
-----------------------------------------------------------------------------------------
Total Internal Power:       45.99993543 	   60.2958%
Total Switching Power:      28.11154031 	   36.8480%
Total Leakage Power:         2.17900677 	    2.8562%
Total Power:                76.29048251
-----------------------------------------------------------------------------------------


Group                           Internal   Switching     Leakage       Total  Percentage 
                                Power      Power         Power         Power  (%)        
-----------------------------------------------------------------------------------------
Sequential                         26.75      0.4528      0.6646       27.87       36.53
Macro                                  0           0           0           0           0
IO                                     0           0           0           0           0
Combinational                      12.82       14.53       1.495       28.85       37.82
Clock (Combinational)              6.425       13.13     0.01956       19.57       25.65
Clock (Sequential)                     0           0           0           0           0
-----------------------------------------------------------------------------------------
Total                                 46       28.11       2.179       76.29         100
-----------------------------------------------------------------------------------------


Clock                           Internal   Switching     Leakage       Total  Percentage 
                                Power      Power         Power         Power  (%)        
-----------------------------------------------------------------------------------------
clk                                6.425       13.13     0.01956       19.57       25.65
-----------------------------------------------------------------------------------------
Total                              6.425       13.13     0.01956       19.57       25.65
-----------------------------------------------------------------------------------------
Clock: clk
Clock Period: 0.010000 usec 
Clock Toggle Rate:   200.0000 Mhz 
Clock Static Probability:  0.5000
  


Rail                  Voltage   Internal   Switching     Leakage       Total  Percentage 
                                Power      Power         Power         Power  (%)        
-----------------------------------------------------------------------------------------
VDD                       1.1         46       28.11       2.179       76.29         100


Hierarchy                       Internal   Switching     Leakage       Total  Percentage 
                                Power      Power         Power         Power  (%)        
-----------------------------------------------------------------------------------------
u_cbm                              1.016      0.6685     0.04113       1.726       2.262 
u_csr                                1.6      0.3081     0.06167        1.97       2.582 
u_div                              1.087      0.3664     0.04972       1.503        1.97 
u_exec0                           0.5442      0.3697     0.04247      0.9564       1.254 
u_exec1                           0.6539      0.4774     0.04352       1.175        1.54 
u_frontend                         13.25       6.311      0.4564       20.01       26.23 
u_issue                            10.42       6.157        0.53        17.1       22.42 
u_lsu                             0.8111      0.3368     0.03188        1.18       1.546 
u_mul                              4.791       4.143     0.08644        9.02       11.82 
u_mul_array                         1.73       1.127     0.04574       2.903       3.805 
u_mul_bw                          0.1505      0.0101     0.04063      0.2013      0.2638 
u_mul_wallace                     0.1495     0.01108     0.04377      0.2043      0.2678 
u_mulc                            0.7023      0.1313     0.02573      0.8593       1.126 
u_mule                            0.5583      0.1139     0.03813      0.7103      0.9311 
u_mule2                           0.7318       0.197     0.07419       1.003       1.315 
u_mule2n                          0.7262      0.1851      0.0742      0.9854       1.292 
u_mule3                           0.7227      0.2795     0.07367       1.076        1.41 
u_mule3n                          0.8063      0.3702     0.07411       1.251       1.639 
u_mule5                           0.9575      0.4371     0.08114       1.476       1.934 
u_mule5n                           1.027      0.6111     0.08105        1.72       2.254 
u_mulen                           0.5598      0.1372     0.03819      0.7352      0.9636 
u_mulp                            0.1353    0.009403     0.04063      0.1853      0.2429 
u_mulr                            0.2978      0.1748     0.09553      0.5682      0.7447 
u_cbm/u_cbm_core                   1.014      0.6668     0.04096       1.721       2.256 
u_csr/u_csrfile                    1.109      0.1488     0.04428       1.302       1.707 
u_frontend/u_decode                1.038        0.32     0.03289       1.391       1.823 
u_frontend/u_fetch                0.8396      0.3041     0.02804       1.172       1.536 
u_frontend/u_npc                   11.19       5.313      0.3947        16.9       22.15 
u_issue/u_pipe0_ctrl               1.228      0.1235     0.05854        1.41       1.848 
u_issue/u_pipe1_ctrl               0.788     0.05037     0.03424      0.8726       1.144 
u_issue/u_regfile                  6.243       3.077      0.2406        9.56       12.53 
u_lsu/u_lsu_request               0.3033     0.03746    0.009815      0.3506      0.4596 
u_exec0/u_alu                     0.1311      0.2004     0.02123      0.3527      0.4623 
u_exec1/u_alu                     0.2384      0.3368     0.02106      0.5963      0.7816 
u_mul_bw/g_array_reduce[1].u_csa
                               0.0003532   0.0001739    0.001435    0.001962    0.002572 
u_mul_bw/g_array_reduce[2].u_csa
                               0.0003986   0.0002323    0.001487    0.002118    0.002776 
u_mul_bw/g_array_reduce[3].u_csa
                               0.0004853   0.0002979    0.001443    0.002226    0.002918 
u_mul_bw/g_array_reduce[4].u_csa
                               0.0005401   0.0003317    0.001397    0.002268    0.002973 
u_mul_bw/g_array_reduce[5].u_csa
                                0.000547    0.000337    0.001348    0.002232    0.002926 
u_mul_bw/g_array_reduce[6].u_csa
                               0.0007052   0.0004461    0.001304    0.002455    0.003218 
u_mul_bw/g_array_reduce[7].u_csa
                               0.0006708    0.000431     0.00125    0.002352    0.003083 
u_mul_bw/g_array_reduce[8].u_csa
                               0.0006428   0.0004004    0.001201    0.002244    0.002941 
u_mul_bw/g_array_reduce[9].u_csa
                               0.0007304   0.0004699    0.001157    0.002357     0.00309 
u_mul_bw/g_array_reduce[10].u_csa
                               0.0006574   0.0004196    0.001103     0.00218    0.002857 
u_mul_bw/g_array_reduce[11].u_csa
                               0.0007104   0.0004593    0.001059    0.002228    0.002921 
u_mul_bw/g_array_reduce[12].u_csa
                               0.0007275   0.0004879    0.001012    0.002228     0.00292 
u_mul_bw/g_array_reduce[13].u_csa
                               0.0005611   0.0003718   0.0009569     0.00189    0.002477 
u_mul_bw/g_array_reduce[14].u_csa
                               0.0004876    0.000343   0.0009048    0.001735    0.002275 
u_mul_bw/g_array_reduce[15].u_csa
                               0.0004229   0.0002939   0.0008542    0.001571    0.002059 
u_mul_bw/g_array_reduce[16].u_csa
                               0.0003709   0.0002653   0.0008048    0.001441    0.001889 
u_mul_bw/g_array_reduce[17].u_csa
                               0.0003252   0.0002255   0.0007556    0.001306    0.001712 
u_mul_bw/g_array_reduce[18].u_csa
                               0.0002815   0.0002122   0.0007065      0.0012    0.001573 
u_mul_bw/g_array_reduce[19].u_csa
                               0.0002206   0.0001486   0.0006574    0.001027    0.001346 
u_mul_bw/g_array_reduce[20].u_csa
                               0.0001878   0.0001474   0.0006084   0.0009437    0.001237 
u_mul_bw/g_array_reduce[21].u_csa
                               0.0001649   0.0001129   0.0005598   0.0008377    0.001098 
u_mul_bw/g_array_reduce[22].u_csa
                               0.0001199    9.66e-05   0.0005108   0.0007273   0.0009533 
u_mul_bw/g_array_reduce[23].u_csa
                               0.0001121   8.057e-05   0.0004625   0.0006553   0.0008589 
u_mul_bw/g_array_reduce[24].u_csa
                               7.345e-05    6.18e-05   0.0004137   0.0005489   0.0007195 
u_mul_bw/g_array_reduce[25].u_csa
                               6.999e-05   4.198e-05   0.0003655   0.0004775   0.0006259 
u_mul_bw/g_array_reduce[26].u_csa
                               3.088e-05   2.993e-05   0.0003167   0.0003775   0.0004948 
u_mul_bw/g_array_reduce[27].u_csa
                               2.871e-05   2.449e-05   0.0002685   0.0003217   0.0004217 
u_mul_bw/g_array_reduce[28].u_csa
                               2.651e-05   2.696e-05   0.0002204   0.0002738   0.0003589 
u_mul_bw/g_array_reduce[29].u_csa
                               2.443e-05   2.361e-05   0.0001722   0.0002203   0.0002887 
u_mul_bw/g_array_reduce[30].u_csa
                                2.21e-05   2.151e-05   0.0001241   0.0001677   0.0002198 
u_mul_bw/g_array_reduce[31].u_csa
                               2.612e-05   1.801e-05   7.595e-05   0.0001201   0.0001574 
u_mul_wallace/g_w1[0].u_csa
                               0.0004536   0.0003189    0.001536    0.002309    0.003026 
u_mul_wallace/g_w1[1].u_csa
                               0.0005179   0.0003108    0.001394    0.002223    0.002913 
u_mul_wallace/g_w1[2].u_csa
                               0.0004938   0.0003356    0.001245    0.002074    0.002719 
u_mul_wallace/g_w1[3].u_csa
                               0.0004746   0.0003783    0.001099    0.001952    0.002559 
u_mul_wallace/g_w1[4].u_csa
                               0.0002502   0.0001432   0.0009486    0.001342    0.001759 
u_mul_wallace/g_w1[5].u_csa
                               2.112e-05   1.364e-05   0.0007967   0.0008314     0.00109 
u_mul_wallace/g_w1[6].u_csa
                               1.494e-05   1.053e-05   0.0006521   0.0006776   0.0008882 
u_mul_wallace/g_w1[7].u_csa
                                       0           0   0.0005075   0.0005075   0.0006652 
u_mul_wallace/g_w1[8].u_csa
                                       0           0   0.0003632   0.0003632    0.000476 
u_mul_wallace/g_w1[9].u_csa
                                       0           0   0.0002188   0.0002188   0.0002869 
u_mul_wallace/g_w2[0].u_csa
                               0.0006914   0.0004905    0.001495    0.002677    0.003508 
u_mul_wallace/g_w2[1].u_csa
                               0.0005323    0.000323     0.00129    0.002145    0.002811 
u_mul_wallace/g_w2[2].u_csa
                               0.0005888   0.0003732    0.001054    0.002016    0.002642 
u_mul_wallace/g_w2[3].u_csa
                               2.299e-05   1.618e-05   0.0008434   0.0008825    0.001157 
u_mul_wallace/g_w2[4].u_csa
                                1.58e-05   1.252e-05   0.0006039   0.0006323   0.0008288 
u_mul_wallace/g_w2[5].u_csa
                                       0           0   0.0004099   0.0004099   0.0005373 
u_mul_wallace/g_w2[6].u_csa
                                       0           0   0.0001707   0.0001707   0.0002238 
u_mul_wallace/g_w3[0].u_csa
                               0.0009644   0.0006998     0.00145    0.003114    0.004082 
u_mul_wallace/g_w3[1].u_csa
                                0.000525   0.0003289    0.001145    0.001999     0.00262 
u_mul_wallace/g_w3[2].u_csa
                               2.774e-05   1.886e-05   0.0007954    0.000842    0.001104 
u_mul_wallace/g_w3[3].u_csa
                                7.66e-07   5.488e-07    0.000458   0.0004593   0.0006021 
u_mul_wallace/g_w3[4].u_csa
                               2.624e-06    2.43e-06   0.0001226   0.0001277   0.0001674 
u_mul_wallace/g_w4[0].u_csa
                                0.001077   0.0007686    0.001401    0.003247    0.004256 
u_mul_wallace/g_w4[1].u_csa
                               0.0001602   9.043e-05    0.000894    0.001145      0.0015 
u_mul_wallace/g_w4[2].u_csa
                               2.914e-06   2.604e-06   0.0004085    0.000414   0.0005427 
u_mul_wallace/g_w5[0].u_csa
                                0.001084   0.0007449    0.001342    0.003171    0.004156 
u_mul_wallace/g_w5[1].u_csa
                               8.964e-06   5.817e-06   0.0005515   0.0005663   0.0007423 
u_mul_wallace/u_w6_csa          0.001033   0.0006629    0.001276    0.002972    0.003896 
u_mul_wallace/u_w7_csa          0.001053   0.0006163    0.001211     0.00288    0.003775 
u_mul_wallace/u_w8_csa          0.001008   0.0006056    0.001148    0.002762     0.00362 
u_mul_wallace/u_wallace_ks
                               0.0008025   0.0003868    0.001161     0.00235    0.003081 
u_mule2/g_ppm_reduce[1].u_ppm_csa
                                       0           0    0.001428    0.001428    0.001872 
u_mule2/g_ppm_reduce[2].u_ppm_csa
                                       0           0    0.001471    0.001471    0.001928 
u_mule2/g_ppm_reduce[3].u_ppm_csa
                                       0           0    0.001423    0.001423    0.001865 
u_mule2/g_ppm_reduce[4].u_ppm_csa
                                       0           0    0.001375    0.001375    0.001802 
u_mule2/g_ppm_reduce[5].u_ppm_csa
                                       0           0    0.001327    0.001327    0.001739 
u_mule2/g_ppm_reduce[6].u_ppm_csa
                                       0           0    0.001279    0.001279    0.001676 
u_mule2/g_ppm_reduce[7].u_ppm_csa
                                       0           0     0.00123     0.00123    0.001613 
u_mule2/g_ppm_reduce[8].u_ppm_csa
                                       0           0    0.001182    0.001182     0.00155 
u_mule2/g_ppm_reduce[9].u_ppm_csa
                                       0           0    0.001134    0.001134    0.001487 
u_mule2/g_ppm_reduce[10].u_ppm_csa
                                       0           0    0.001086    0.001086    0.001424 
u_mule2/g_ppm_reduce[11].u_ppm_csa
                                       0           0    0.001038    0.001038    0.001361 
u_mule2/g_ppm_reduce[12].u_ppm_csa
                                       0           0   0.0009899   0.0009899    0.001298 
u_mule2/g_ppm_reduce[13].u_ppm_csa
                                       0           0   0.0009418   0.0009418    0.001235 
u_mule2/g_ppm_reduce[14].u_ppm_csa
                                       0           0   0.0008937   0.0008937    0.001171 
u_mule2/g_ppm_reduce[15].u_ppm_csa
                                       0           0   0.0008456   0.0008456    0.001108 
u_mule2/u_feedback_csa0                0           0    0.001572    0.001572    0.002061 
u_mule2/u_feedback_csa1                0           0    0.001506    0.001506    0.001974 
u_mule2n/g_ppm_reduce[1].u_ppm_csa
                                       0           0    0.001428    0.001428    0.001872 
u_mule2n/g_ppm_reduce[2].u_ppm_csa
                                       0           0    0.001471    0.001471    0.001928 
u_mule2n/g_ppm_reduce[3].u_ppm_csa
                                       0           0    0.001423    0.001423    0.001865 
u_mule2n/g_ppm_reduce[4].u_ppm_csa
                                       0           0    0.001375    0.001375    0.001802 
u_mule2n/g_ppm_reduce[5].u_ppm_csa
                                       0           0    0.001327    0.001327    0.001739 
u_mule2n/g_ppm_reduce[6].u_ppm_csa
                                       0           0    0.001279    0.001279    0.001676 
u_mule2n/g_ppm_reduce[7].u_ppm_csa
                                       0           0     0.00123     0.00123    0.001613 
u_mule2n/g_ppm_reduce[8].u_ppm_csa
                                       0           0    0.001182    0.001182     0.00155 
u_mule2n/g_ppm_reduce[9].u_ppm_csa
                                       0           0    0.001134    0.001134    0.001487 
u_mule2n/g_ppm_reduce[10].u_ppm_csa
                                       0           0    0.001086    0.001086    0.001424 
u_mule2n/g_ppm_reduce[11].u_ppm_csa
                                       0           0    0.001038    0.001038    0.001361 
u_mule2n/g_ppm_reduce[12].u_ppm_csa
                                       0           0   0.0009899   0.0009899    0.001298 
u_mule2n/g_ppm_reduce[13].u_ppm_csa
                                       0           0   0.0009418   0.0009418    0.001235 
u_mule2n/g_ppm_reduce[14].u_ppm_csa
                                       0           0   0.0008937   0.0008937    0.001171 
u_mule2n/g_ppm_reduce[15].u_ppm_csa
                                       0           0   0.0008456   0.0008456    0.001108 
u_mule2n/u_feedback_csa0               0           0    0.001572    0.001572    0.002061 
u_mule2n/u_feedback_csa1               0           0    0.001506    0.001506    0.001974 
u_mule3/g_ppm_reduce[1].u_ppm_csa
                                       0           0    0.001428    0.001428    0.001872 
u_mule3/g_ppm_reduce[2].u_ppm_csa
                                       0           0    0.001471    0.001471    0.001928 
u_mule3/g_ppm_reduce[3].u_ppm_csa
                                       0           0    0.001423    0.001423    0.001865 
u_mule3/g_ppm_reduce[4].u_ppm_csa
                                       0           0    0.001375    0.001375    0.001802 
u_mule3/g_ppm_reduce[5].u_ppm_csa
                                       0           0    0.001327    0.001327    0.001739 
u_mule3/g_ppm_reduce[6].u_ppm_csa
                                       0           0    0.001279    0.001279    0.001676 
u_mule3/g_ppm_reduce[7].u_ppm_csa
                                       0           0     0.00123     0.00123    0.001613 
u_mule3/g_ppm_reduce[8].u_ppm_csa
                                       0           0    0.001182    0.001182     0.00155 
u_mule3/g_ppm_reduce[9].u_ppm_csa
                                       0           0    0.001134    0.001134    0.001487 
u_mule3/g_ppm_reduce[10].u_ppm_csa
                                       0           0    0.001086    0.001086    0.001424 
u_mule3/u_feedback_csa0                0           0    0.001572    0.001572    0.002061 
u_mule3/u_feedback_csa1                0           0    0.001505    0.001505    0.001973 
u_mule3n/g_ppm_reduce[1].u_ppm_csa
                                       0           0    0.001428    0.001428    0.001872 
u_mule3n/g_ppm_reduce[2].u_ppm_csa
                                       0           0    0.001471    0.001471    0.001928 
u_mule3n/g_ppm_reduce[3].u_ppm_csa
                                       0           0    0.001423    0.001423    0.001865 
u_mule3n/g_ppm_reduce[4].u_ppm_csa
                                       0           0    0.001375    0.001375    0.001802 
u_mule3n/g_ppm_reduce[5].u_ppm_csa
                                       0           0    0.001327    0.001327    0.001739 
u_mule3n/g_ppm_reduce[6].u_ppm_csa
                                       0           0    0.001279    0.001279    0.001676 
u_mule3n/g_ppm_reduce[7].u_ppm_csa
                                       0           0     0.00123     0.00123    0.001613 
u_mule3n/g_ppm_reduce[8].u_ppm_csa
                                       0           0    0.001182    0.001182     0.00155 
u_mule3n/g_ppm_reduce[9].u_ppm_csa
                                       0           0    0.001134    0.001134    0.001487 
u_mule3n/g_ppm_reduce[10].u_ppm_csa
                                       0           0    0.001086    0.001086    0.001424 
u_mule3n/u_feedback_csa0               0           0    0.001572    0.001572    0.002061 
u_mule3n/u_feedback_csa1               0           0    0.001505    0.001505    0.001973 
u_mule5/g_ppm_reduce[1].u_ppm_csa
                                       0           0    0.001428    0.001428    0.001872 
u_mule5/g_ppm_reduce[2].u_ppm_csa
                                       0           0    0.001471    0.001471    0.001928 
u_mule5/g_ppm_reduce[3].u_ppm_csa
                                       0           0    0.001423    0.001423    0.001865 
u_mule5/g_ppm_reduce[4].u_ppm_csa
                                       0           0    0.001375    0.001375    0.001802 
u_mule5/g_ppm_reduce[5].u_ppm_csa
                                       0           0    0.001327    0.001327    0.001739 
u_mule5/g_ppm_reduce[6].u_ppm_csa
                                       0           0    0.001279    0.001279    0.001676 
u_mule5/u_feedback_csa0                0           0    0.001572    0.001572    0.002061 
u_mule5/u_feedback_csa1                0           0    0.001511    0.001511     0.00198 
u_mule5n/g_ppm_reduce[1].u_ppm_csa
                               0.0001015   5.639e-05    0.001429    0.001587    0.002081 
u_mule5n/g_ppm_reduce[2].u_ppm_csa
                               0.0001021   6.843e-05    0.001474    0.001645    0.002156 
u_mule5n/g_ppm_reduce[3].u_ppm_csa
                               0.0001114   7.357e-05    0.001426    0.001611    0.002112 
u_mule5n/g_ppm_reduce[4].u_ppm_csa
                               0.0001135   7.578e-05    0.001378    0.001568    0.002055 
u_mule5n/g_ppm_reduce[5].u_ppm_csa
                               9.603e-05   8.103e-05    0.001329    0.001506    0.001975 
u_mule5n/g_ppm_reduce[6].u_ppm_csa
                               6.505e-05   5.717e-05     0.00128    0.001402    0.001838 
u_mule5n/u_feedback_csa0       0.0001513   0.0001046    0.001574     0.00183    0.002399 
u_mule5n/u_feedback_csa1       0.0001813     0.00017    0.001511    0.001863    0.002442 
u_mulp/g_rows[1].u_csa         0.0003536   0.0001848    0.001435    0.001974    0.002587 
u_mulp/g_rows[2].u_csa         0.0003988   0.0002416    0.001487    0.002128    0.002789 
u_mulp/g_rows[3].u_csa         0.0004851   0.0002949    0.001443    0.002223    0.002913 
u_mulp/g_rows[4].u_csa         0.0005402   0.0003348    0.001397    0.002272    0.002978 
u_mulp/g_rows[5].u_csa          0.000547   0.0003368    0.001348    0.002232    0.002926 
u_mulp/g_rows[6].u_csa         0.0007051   0.0004454    0.001304    0.002454    0.003217 
u_mulp/g_rows[7].u_csa         0.0006709   0.0004361     0.00125    0.002357     0.00309 
u_mulp/g_rows[8].u_csa         0.0006436   0.0004214    0.001201    0.002266     0.00297 
u_mulp/g_rows[9].u_csa         0.0007309   0.0004842    0.001157    0.002372    0.003109 
u_mulp/g_rows[10].u_csa        0.0006571   0.0004199    0.001103     0.00218    0.002857 
u_mulp/g_rows[11].u_csa        0.0007108   0.0004688    0.001059    0.002238    0.002934 
u_mulp/g_rows[12].u_csa        0.0007278   0.0004956    0.001012    0.002236     0.00293 
u_mulp/g_rows[13].u_csa        0.0005613   0.0003779   0.0009569    0.001896    0.002485 
u_mulp/g_rows[14].u_csa        0.0004869   0.0003252   0.0009048    0.001717    0.002251 
u_mulp/g_rows[15].u_csa        0.0004235   0.0003091   0.0008542    0.001587     0.00208 
u_mulp/g_rows[16].u_csa        0.0003707   0.0002644   0.0008048     0.00144    0.001887 
u_mulp/g_rows[17].u_csa        0.0003256    0.000234   0.0007556    0.001315    0.001724 
u_mulp/g_rows[18].u_csa        0.0002813   0.0002072   0.0007065    0.001195    0.001566 
u_mulp/g_rows[19].u_csa        0.0002212   0.0001616   0.0006574     0.00104    0.001364 
u_mulp/g_rows[20].u_csa         0.000188   0.0001495   0.0006084   0.0009459     0.00124 
u_mulp/g_rows[21].u_csa        0.0001652   0.0001174   0.0005598   0.0008425    0.001104 
u_mulp/g_rows[22].u_csa        0.0001201   0.0001038   0.0005108   0.0007347   0.0009631 
u_mulp/g_rows[23].u_csa        0.0001121   8.067e-05   0.0004625   0.0006553    0.000859 
u_mulp/g_rows[24].u_csa        7.351e-05   6.418e-05   0.0004137   0.0005514   0.0007227 
u_mulp/g_rows[25].u_csa        7.011e-05   4.388e-05   0.0003655   0.0004795   0.0006286 
u_mulp/g_rows[26].u_csa        3.089e-05   2.855e-05   0.0003167   0.0003761    0.000493 
u_mulp/g_rows[27].u_csa        2.872e-05   2.637e-05   0.0002685   0.0003236   0.0004242 
u_mulp/g_rows[28].u_csa        2.662e-05   2.387e-05   0.0002204   0.0002708    0.000355 
u_mulp/g_rows[29].u_csa        2.443e-05   2.323e-05   0.0001722   0.0002199   0.0002882 
u_mulp/g_rows[30].u_csa        2.207e-05   2.989e-05   0.0001241    0.000176   0.0002307 
u_mulp/g_rows[31].u_csa        2.605e-05    2.12e-05   7.595e-05   0.0001232   0.0001615 
u_mulr/g_bw[1].u_csa           0.0002909   0.0001389    0.001247    0.001676    0.002197 
u_mulr/g_bw[2].u_csa           0.0003649   0.0002161    0.001438    0.002019    0.002646 
u_mulr/g_bw[3].u_csa           0.0004886   0.0002911    0.001442    0.002222    0.002913 
u_mulr/g_bw[4].u_csa           0.0005434    0.000339    0.001397    0.002279    0.002987 
u_mulr/g_bw[5].u_csa           0.0005492   0.0003411    0.001348    0.002239    0.002935 
u_mulr/g_bw[6].u_csa           0.0007098   0.0004181    0.001304    0.002432    0.003187 
u_mulr/g_bw[7].u_csa           0.0006724   0.0004194     0.00125    0.002342     0.00307 
u_mulr/g_bw[8].u_csa           0.0006441   0.0003959    0.001201    0.002241    0.002937 
u_mulr/g_bw[9].u_csa           0.0007341   0.0004638    0.001157    0.002355    0.003087 
u_mulr/g_bw[10].u_csa          0.0006571   0.0003927    0.001103    0.002153    0.002822 
u_mulr/g_bw[11].u_csa           0.000719   0.0004453    0.001059    0.002223    0.002914 
u_mulr/g_bw[12].u_csa          0.0007293   0.0004647    0.001012    0.002206    0.002892 
u_mulr/g_bw[13].u_csa          0.0005607   0.0003566   0.0009569    0.001874    0.002457 
u_mulr/g_bw[14].u_csa          0.0004735   0.0002747   0.0009047    0.001653    0.002167 
u_mulr/g_bw[15].u_csa          0.0004063   0.0002303   0.0008541    0.001491    0.001954 
u_mulr/g_bw[16].u_csa          0.0003554   0.0002121   0.0008047    0.001372    0.001799 
u_mulr/g_bw[17].u_csa          0.0003087   0.0001767   0.0007555    0.001241    0.001627 
u_mulr/g_bw[18].u_csa          0.0002799   0.0001614   0.0007065    0.001148    0.001505 
u_mulr/g_bw[19].u_csa          0.0002371   0.0001465   0.0006575    0.001041    0.001365 
u_mulr/g_bw[20].u_csa          0.0001715   0.0001005   0.0006083   0.0008803    0.001154 
u_mulr/g_bw[21].u_csa            0.00015   8.447e-05   0.0005597   0.0007942    0.001041 
u_mulr/g_bw[22].u_csa          0.0001192   7.749e-05   0.0005108   0.0007075   0.0009273 
u_mulr/g_bw[23].u_csa          0.0001116   6.693e-05   0.0004625   0.0006411   0.0008403 
u_mulr/g_bw[24].u_csa          7.301e-05   4.984e-05   0.0004137   0.0005365   0.0007033 
u_mulr/g_bw[25].u_csa          7.031e-05   4.328e-05   0.0003655   0.0004791    0.000628 
u_mulr/g_bw[26].u_csa          3.076e-05    2.53e-05   0.0003167   0.0003727   0.0004885 
u_mulr/g_bw[27].u_csa          2.859e-05   2.471e-05   0.0002685   0.0003218   0.0004218 
u_mulr/g_bw[28].u_csa          2.647e-05   2.374e-05   0.0002204   0.0002706   0.0003547 
u_mulr/g_bw[29].u_csa          2.429e-05   2.223e-05   0.0001722   0.0002187   0.0002867 
u_mulr/g_bw[30].u_csa          2.205e-05   2.469e-05   0.0001241   0.0001708   0.0002239 
u_mulr/g_bw[31].u_csa          2.598e-05   2.073e-05   7.595e-05   0.0001227   0.0001608 
u_mulr/g_wb1[0].u_csa          0.0004264   0.0002946    0.001489     0.00221    0.002896 
u_mulr/g_wb1[1].u_csa           0.000527   0.0003011    0.001394    0.002223    0.002913 
u_mulr/g_wb1[2].u_csa           0.000501   0.0003051    0.001245    0.002051    0.002688 
u_mulr/g_wb1[3].u_csa          0.0004828    0.000351      0.0011    0.001934    0.002534 
u_mulr/g_wb1[4].u_csa          0.0002521   0.0001569   0.0009488    0.001358     0.00178 
u_mulr/g_wb1[5].u_csa          2.174e-05   1.433e-05   0.0007967   0.0008328    0.001092 
u_mulr/g_wb1[6].u_csa          1.549e-05   1.131e-05   0.0006521    0.000679     0.00089 
u_mulr/g_wb1[7].u_csa                  0           0   0.0005075   0.0005075   0.0006652 
u_mulr/g_wb1[8].u_csa                  0           0   0.0003266   0.0003266    0.000428 
u_mulr/g_wb1[9].u_csa                  0           0   0.0002188   0.0002188   0.0002869 
u_mulr/g_wb2[0].u_csa          0.0006907   0.0004992    0.001494    0.002684    0.003518 
u_mulr/g_wb2[1].u_csa          0.0005316   0.0003036    0.001289    0.002125    0.002785 
u_mulr/g_wb2[2].u_csa          0.0005887   0.0003712    0.001054    0.002014    0.002639 
u_mulr/g_wb2[3].u_csa          2.131e-05   1.575e-05   0.0008433   0.0008804    0.001154 
u_mulr/g_wb2[4].u_csa          1.213e-05   7.661e-06    0.000604   0.0006238   0.0008176 
u_mulr/g_wb2[5].u_csa                  0           0   0.0004099   0.0004099   0.0005373 
u_mulr/g_wb2[6].u_csa                  0           0   0.0001707   0.0001707   0.0002238 
u_mulr/g_wb3[0].u_csa          0.0009604   0.0006824     0.00145    0.003093    0.004054 
u_mulr/g_wb3[1].u_csa          0.0005225    0.000333    0.001145       0.002    0.002622 
u_mulr/g_wb3[2].u_csa           2.57e-05   1.834e-05   0.0007954   0.0008394      0.0011 
u_mulr/g_wb3[3].u_csa          5.841e-07   3.542e-07    0.000458   0.0004589   0.0006016 
u_mulr/g_wb3[4].u_csa           2.65e-06   1.939e-06   0.0001226   0.0001272   0.0001668 
u_mulr/g_wb4[0].u_csa           0.001074   0.0007188    0.001401    0.003194    0.004186 
u_mulr/g_wb4[1].u_csa          0.0001604   9.028e-05   0.0008938    0.001144      0.0015 
u_mulr/g_wb4[2].u_csa          2.919e-06   3.131e-06   0.0004085   0.0004146   0.0005434 
u_mulr/g_wb5[0].u_csa           0.001094   0.0006807    0.001342    0.003116    0.004085 
u_mulr/g_wb5[1].u_csa          8.968e-06    5.85e-06   0.0005515   0.0005664   0.0007424 
u_mulr/u_w6_csa                 0.001051   0.0005957    0.001277    0.002923    0.003832 
u_mulr/u_w7_csa                 0.001053   0.0005444    0.001219    0.002816    0.003691 
u_mulr/u_w8_csa                 0.001007   0.0005394    0.001148    0.002695    0.003532 
u_mulr/u_wallace_ks            0.0008116   0.0003739    0.001162    0.002347    0.003077 
u_frontend/u_decode/genblk1.u_fifo
                                   1.005      0.2839     0.02661       1.316       1.724 
u_frontend/u_npc/BRANCH_PREDICTION.u_lru
                                 0.07141    0.006732    0.001867     0.08001      0.1049 
u_frontend/u_decode/genblk1.u_dec0
                                 0.01237     0.01736     0.00235     0.03208     0.04205 
u_frontend/u_decode/genblk1.u_dec1
                                0.006352    0.007977     0.00236     0.01669     0.02188 
 
 
-----------------------------------------------------------------------------------------
*	Power Distribution Summary: 
*              Highest Average Power: u_cbm/u_cbm_core/FE_OFC3170_n_521 (CLKBUF_X1):          0.04994
*              Highest Leakage Power:           u_issue/g162069 (AND4_X4):        0.0001893
*                Total Cap:      4.36518e-10 F
*                Total instances in design: 58275
*                Total instances in design with no power:     0
*                Total instances in design with no activty:     0

*                Total Fillers and Decap:     0
-----------------------------------------------------------------------------------------
 
** INFO:  (VOLTUS_POWR-3465): There are 0 decaps and 0 fillers in the design

Ended Static Power Report Generation: (cpu=0:00:00, real=0:00:00,
mem(process/total/peak)=3198.49MB/14036.67MB/4181.83MB)

