============================================================
  Generated by:           Genus(TM) Synthesis Solution 23.13-s073_1
  Generated on:           Dec 17 2025  09:47:02 am
  Module:                 riscv_core
  Technology libraries:   sram_asap7_64x256_1rw 1.0
                          asap7sc7p5t_OA_RVT_FF_nldm_201020 1.0
                          asap7sc7p5t_SEQ_RVT_FF_nldm_201020 1.0
                          sram_asap7_16x256_1rw 1.0
                          sram_asap7_64x64_1rw 1.0
                          asap7sc7p5t_AO_RVT_FF_nldm_201020 1.0
                          asap7sc7p5t_INVBUF_RVT_FF_nldm_201020 1.0
                          asap7sc7p5t_SIMPLE_RVT_FF_nldm_201020 1.0
                          sram_asap7_32x256_1rw 1.0
  Operating conditions:   tt_1.0_25.0 (balanced_tree)
  Wireload mode:          enclosed
  Area mode:              timing library
============================================================

           Instance                                                                                                                                 Module                                                                                                                        Cell-Count  Cell-Area  Net-Area   Total-Area   Wireload  
-------------------------------------------------------------------------------------------------------------------------------------------------------------------------------------------------------------------------------------------------------------------------------------------------------------------------------------------
riscv_core                    NA                                                                                                                                                                                                                                                       32831   4460.182     0.000     4460.182 <none> (D)  
  u_cbm                       column_bypass_multiplier                                                                                                                                                                                                                                   744    103.051     0.000      103.051 <none> (D)  
  u_csr                       biriscv_csr_SUPPORT_MULDIV1_SUPPORT_SUPER0                                                                                                                                                                                                                1598    251.111     0.000      251.111 <none> (D)  
    u_csrfile                 biriscv_csr_regfile_SUPPORT_MTIMECMP1_SUPPORT_SUPER0                                                                                                                                                                                                      1280    191.785     0.000      191.785 <none> (D)  
  u_div                       biriscv_divider                                                                                                                                                                                                                                           1245    190.488     0.000      190.488 <none> (D)  
  u_exec0                     biriscv_exec                                                                                                                                                                                                                                              1748    173.487     0.000      173.487 <none> (D)  
    u_alu                     biriscv_alu                                                                                                                                                                                                                                                915     77.916     0.000       77.916 <none> (D)  
  u_exec1                     biriscv_exec_2877                                                                                                                                                                                                                                         1752    173.881     0.000      173.881 <none> (D)  
    u_alu                     biriscv_alu_2875                                                                                                                                                                                                                                           924     78.601     0.000       78.601 <none> (D)  
  u_frontend                  biriscv_frontend_SUPPORT_BRANCH_PREDICTION1_SUPPORT_MULDIV1_SUPPORT_MMU0_EXTRA_DECODE_STAGE0_NUM_BTB_ENTRIES32_NUM_BTB_ENTRIES_W5_NUM_BHT_ENTRIES512_NUM_BHT_ENTRIES_W9_RAS_ENABLE1_GSHARE_ENABLE0_BHT_ENABLE1_NUM_RAS_ENTRIES8_NUM_RAS_ENTRIES_W3       11212   1682.124     0.000     1682.124 <none> (D)  
    u_decode                  biriscv_decode_SUPPORT_MULDIV1_EXTRA_DECODE_STAGE0                                                                                                                                                                                                         805    125.359     0.000      125.359 <none> (D)  
      genblk1.u_dec0          biriscv_decoder                                                                                                                                                                                                                                             78      5.584     0.000        5.584 <none> (D)  
      genblk1.u_dec1          biriscv_decoder_5850                                                                                                                                                                                                                                        73      5.307     0.000        5.307 <none> (D)  
      genblk1.u_fifo          fetch_fifo_OPC_INFO_W2                                                                                                                                                                                                                                     589    108.825     0.000      108.825 <none> (D)  
    u_fetch                   biriscv_fetch_SUPPORT_MMU0                                                                                                                                                                                                                                 583    112.339     0.000      112.339 <none> (D)  
    u_npc                     biriscv_npc_SUPPORT_BRANCH_PREDICTION1_NUM_BTB_ENTRIES32_NUM_BTB_ENTRIES_W5_NUM_BHT_ENTRIES512_NUM_BHT_ENTRIES_W9_RAS_ENABLE1_GSHARE_ENABLE0_BHT_ENABLE1_NUM_RAS_ENTRIES8_NUM_RAS_ENTRIES_W3                                                              9824   1444.426     0.000     1444.426 <none> (D)  
      BRANCH_PREDICTION.u_lru biriscv_npc_lfsr_DEPTH32_ADDR_W5                                                                                                                                                                                                                            38      7.844     0.000        7.844 <none> (D)  
  u_issue                     biriscv_issue_SUPPORT_MULDIV1_SUPPORT_DUAL_ISSUE1_SUPPORT_LOAD_BYPASS1_SUPPORT_MUL_BYPASS1_SUPPORT_REGFILE_XILINX0                                                                                                                                        8995   1231.164     0.000     1231.164 <none> (D)  
    u_pipe0_ctrl              biriscv_pipe_ctrl_SUPPORT_LOAD_BYPASS1_SUPPORT_MUL_BYPASS1                                                                                                                                                                                                 934    180.194     0.000      180.194 <none> (D)  
    u_pipe1_ctrl              biriscv_pipe_ctrl_SUPPORT_LOAD_BYPASS1_SUPPORT_MUL_BYPASS1_1                                                                                                                                                                                               602    109.977     0.000      109.977 <none> (D)  
    u_regfile                 biriscv_regfile_SUPPORT_REGFILE_XILINX0_SUPPORT_DUAL_ISSUE1                                                                                                                                                                                               4898    696.618     0.000      696.618 <none> (D)  
  u_lsu                       biriscv_lsu_MEM_CACHE_ADDR_MIN32h80000000_MEM_CACHE_ADDR_MAX32h8fffffff                                                                                                                                                                                    756    114.278     0.000      114.278 <none> (D)  
    u_lsu_request             biriscv_lsu_fifo_WIDTH36_DEPTH2_ADDR_W1                                                                                                                                                                                                                    207     41.393     0.000       41.393 <none> (D)  
  u_mul                       biriscv_multiplier                                                                                                                                                                                                                                        3541    378.657     0.000      378.657 <none> (D)  
  u_mule                      biriscv_multiplier_efficient                                                                                                                                                                                                                              1239    161.867     0.000      161.867 <none> (D)  
  (D) = wireload is default in technology library
