============================================================
  Generated by:           Genus(TM) Synthesis Solution 25.12-s067_1
  Generated on:           Mar 31 2026  08:47:46 am
  Module:                 riscv_core
  Technology library:     NangateOpenCellLibrary revision 1.0
  Operating conditions:   typical (balanced_tree)
  Wireload mode:          enclosed
  Area mode:              timing library
============================================================

           Instance                                                                                                                                 Module                                                                                                                        Cell-Count  Cell-Area  Net-Area   Total-Area       Wireload      
---------------------------------------------------------------------------------------------------------------------------------------------------------------------------------------------------------------------------------------------------------------------------------------------------------------------------------------------------
riscv_core                    NA                                                                                                                                                                                                                                                       29153  62640.872     0.000    62640.872 5K_hvratio_1_1 (D)  
  u_csr                       biriscv_csr_SUPPORT_MULDIV1_SUPPORT_SUPER0                                                                                                                                                                                                                1461   3610.152     0.000     3610.152 5K_hvratio_1_1 (D)  
    u_csrfile                 biriscv_csr_regfile_SUPPORT_MTIMECMP1_SUPPORT_SUPER0                                                                                                                                                                                                      1128   2757.356     0.000     2757.356 5K_hvratio_1_1 (D)  
  u_div                       biriscv_divider                                                                                                                                                                                                                                           1266   2722.776     0.000     2722.776 5K_hvratio_1_1 (D)  
  u_exec0                     biriscv_exec                                                                                                                                                                                                                                              1489   2256.212     0.000     2256.212 5K_hvratio_1_1 (D)  
    u_alu                     biriscv_alu                                                                                                                                                                                                                                                804   1041.656     0.000     1041.656 5K_hvratio_1_1 (D)  
  u_exec1                     biriscv_exec_2810                                                                                                                                                                                                                                         1456   2230.144     0.000     2230.144 5K_hvratio_1_1 (D)  
    u_alu                     biriscv_alu_2808                                                                                                                                                                                                                                           790   1031.814     0.000     1031.814 5K_hvratio_1_1 (D)  
  u_frontend                  biriscv_frontend_SUPPORT_BRANCH_PREDICTION1_SUPPORT_MULDIV1_SUPPORT_MMU0_EXTRA_DECODE_STAGE0_NUM_BTB_ENTRIES32_NUM_BTB_ENTRIES_W5_NUM_BHT_ENTRIES512_NUM_BHT_ENTRIES_W9_RAS_ENABLE1_GSHARE_ENABLE0_BHT_ENABLE1_NUM_RAS_ENTRIES8_NUM_RAS_ENTRIES_W3        8407  23538.872     0.000    23538.872 5K_hvratio_1_1 (D)  
    u_decode                  biriscv_decode_SUPPORT_MULDIV1_EXTRA_DECODE_STAGE0                                                                                                                                                                                                         553   1723.946     0.000     1723.946 5K_hvratio_1_1 (D)  
      genblk1.u_dec0          biriscv_decoder                                                                                                                                                                                                                                             74     67.830     0.000       67.830 5K_hvratio_1_1 (D)  
      genblk1.u_dec1          biriscv_decoder_5238                                                                                                                                                                                                                                        73     68.096     0.000       68.096 5K_hvratio_1_1 (D)  
      genblk1.u_fifo          fetch_fifo_OPC_INFO_W2                                                                                                                                                                                                                                     341   1519.126     0.000     1519.126 5K_hvratio_1_1 (D)  
    u_fetch                   biriscv_fetch_SUPPORT_MMU0                                                                                                                                                                                                                                 606   1649.200     0.000     1649.200 5K_hvratio_1_1 (D)  
    u_npc                     biriscv_npc_SUPPORT_BRANCH_PREDICTION1_NUM_BTB_ENTRIES32_NUM_BTB_ENTRIES_W5_NUM_BHT_ENTRIES512_NUM_BHT_ENTRIES_W9_RAS_ENABLE1_GSHARE_ENABLE0_BHT_ENABLE1_NUM_RAS_ENTRIES8_NUM_RAS_ENTRIES_W3                                                              7248  20165.726     0.000    20165.726 5K_hvratio_1_1 (D)  
      BRANCH_PREDICTION.u_lru biriscv_npc_lfsr_DEPTH32_ADDR_W5                                                                                                                                                                                                                            27    111.986     0.000      111.986 5K_hvratio_1_1 (D)  
  u_issue                     biriscv_issue_SUPPORT_MULDIV1_SUPPORT_DUAL_ISSUE1_SUPPORT_LOAD_BYPASS1_SUPPORT_MUL_BYPASS1_SUPPORT_REGFILE_XILINX0                                                                                                                                        9775  17656.814     0.000    17656.814 5K_hvratio_1_1 (D)  
    u_pipe0_ctrl              biriscv_pipe_ctrl_SUPPORT_LOAD_BYPASS1_SUPPORT_MUL_BYPASS1                                                                                                                                                                                                 918   2386.552     0.000     2386.552 5K_hvratio_1_1 (D)  
    u_pipe1_ctrl              biriscv_pipe_ctrl_SUPPORT_LOAD_BYPASS1_SUPPORT_MUL_BYPASS1_1                                                                                                                                                                                               755   1679.790     0.000     1679.790 5K_hvratio_1_1 (D)  
    u_regfile                 biriscv_regfile_SUPPORT_REGFILE_XILINX0_SUPPORT_DUAL_ISSUE1                                                                                                                                                                                               6012  10867.430     0.000    10867.430 5K_hvratio_1_1 (D)  
  u_lsu                       biriscv_lsu_MEM_CACHE_ADDR_MIN32h80000000_MEM_CACHE_ADDR_MAX32h8fffffff                                                                                                                                                                                    690   1580.306     0.000     1580.306 5K_hvratio_1_1 (D)  
    u_lsu_request             biriscv_lsu_fifo_WIDTH36_DEPTH2_ADDR_W1                                                                                                                                                                                                                    132    585.466     0.000      585.466 5K_hvratio_1_1 (D)  
  u_mul                       biriscv_multiplier                                                                                                                                                                                                                                        2303   4515.882     0.000     4515.882 5K_hvratio_1_1 (D)  
  u_mul2                      biriscv_multiplier_2811                                                                                                                                                                                                                                   2303   4515.882     0.000     4515.882 5K_hvratio_1_1 (D)  
  (D) = wireload is default in technology library
