============================================================
  Generated by:           Genus(TM) Synthesis Solution 25.12-s067_1
  Generated on:           Mar 31 2026  08:47:48 am
  Technology library:     NangateOpenCellLibrary revision 1.0
  Operating conditions:   typical (balanced_tree)
  Wireload mode:          enclosed
  Area mode:              timing library
============================================================

                                  Leakage                          
   Gate    Instances    Area    Power (nW)          Library        
-------------------------------------------------------------------
AND2_X1          416   442.624    10229.294 NangateOpenCellLibrary 
AND2_X2          260   345.800    13005.361 NangateOpenCellLibrary 
AND2_X4            9    21.546      856.988 NangateOpenCellLibrary 
AND3_X1           26    34.580      679.720 NangateOpenCellLibrary 
AND3_X2           76   121.296     4957.839 NangateOpenCellLibrary 
AND3_X4            2     5.852      223.402 NangateOpenCellLibrary 
AND4_X1           28    44.688      863.770 NangateOpenCellLibrary 
AND4_X2            8    14.896      390.576 NangateOpenCellLibrary 
AND4_X4            3    10.374      329.030 NangateOpenCellLibrary 
AOI211_X1         44    58.520     1421.797 NangateOpenCellLibrary 
AOI211_X4          1     2.926      135.948 NangateOpenCellLibrary 
AOI21_X1         340   361.760     9084.476 NangateOpenCellLibrary 
AOI221_X1       1271  2028.516    34932.096 NangateOpenCellLibrary 
AOI222_X1        741  1576.848    21617.033 NangateOpenCellLibrary 
AOI22_X1        5519  7340.270   135032.209 NangateOpenCellLibrary 
BUF_X2             4     4.256      181.110 NangateOpenCellLibrary 
BUF_X4             1     1.862       77.623 NangateOpenCellLibrary 
CLKBUF_X1          1     0.798       12.467 NangateOpenCellLibrary 
CLKBUF_X3          2     2.660       55.153 NangateOpenCellLibrary 
DFFR_X1         1247  6634.040   108551.901 NangateOpenCellLibrary 
DFFR_X2           49   286.748     6257.158 NangateOpenCellLibrary 
DFFS_X1            8    42.560      698.732 NangateOpenCellLibrary 
DFFS_X2            1     5.586      122.099 NangateOpenCellLibrary 
DFF_X1           992  4485.824    78482.793 NangateOpenCellLibrary 
FA_X1            926  3941.056    57040.394 NangateOpenCellLibrary 
HA_X1             33    87.780     1830.875 NangateOpenCellLibrary 
INV_X1          2614  1390.648    39519.158 NangateOpenCellLibrary 
INV_X16            2     9.044      452.651 NangateOpenCellLibrary 
INV_X2           118    94.164     3045.673 NangateOpenCellLibrary 
INV_X4            24    31.920     1446.522 NangateOpenCellLibrary 
INV_X8             3     7.182      405.882 NangateOpenCellLibrary 
MUX2_X1          697  1297.814    22457.952 NangateOpenCellLibrary 
MUX2_X2           32    76.608     2085.605 NangateOpenCellLibrary 
NAND2_X1        1465  1169.070    25261.594 NangateOpenCellLibrary 
NAND2_X2          62    82.460     2119.836 NangateOpenCellLibrary 
NAND2_X4           4     9.576      516.441 NangateOpenCellLibrary 
NAND3_X1         435   462.840    16853.853 NangateOpenCellLibrary 
NAND3_X2           2     3.724       19.970 NangateOpenCellLibrary 
NAND4_X1         855  1137.150    47313.064 NangateOpenCellLibrary 
NOR2_X1         1849  1475.502    47622.740 NangateOpenCellLibrary 
NOR2_X2            7     9.310      315.075 NangateOpenCellLibrary 
NOR2_X4            4     9.576      325.965 NangateOpenCellLibrary 
NOR3_X1          119   126.616     3179.359 NangateOpenCellLibrary 
NOR3_X2            2     3.724      119.569 NangateOpenCellLibrary 
NOR4_X1          305   405.650    11778.724 NangateOpenCellLibrary 
OAI211_X1        168   223.440     8443.200 NangateOpenCellLibrary 
OAI21_X1        1424  1515.136    38995.424 NangateOpenCellLibrary 
OAI221_X1        746  1190.616    32760.106 NangateOpenCellLibrary 
OAI221_X4          2     6.916      344.793 NangateOpenCellLibrary 
OAI222_X1         24    51.072     1643.061 NangateOpenCellLibrary 
OAI22_X1        1382  1838.060    62341.040 NangateOpenCellLibrary 
OAI22_X2           1     2.394       74.725 NangateOpenCellLibrary 
OAI33_X1          29    53.998     1456.349 NangateOpenCellLibrary 
OR2_X1           128   136.192     3076.336 NangateOpenCellLibrary 
OR2_X2            50    66.500     2531.521 NangateOpenCellLibrary 
OR2_X4             3     7.182      266.348 NangateOpenCellLibrary 
OR3_X1            18    23.940      467.822 NangateOpenCellLibrary 
OR3_X2             2     3.192       87.615 NangateOpenCellLibrary 
OR4_X1           168   268.128     6194.101 NangateOpenCellLibrary 
OR4_X2             5     9.310      329.213 NangateOpenCellLibrary 
OR4_X4             1     3.458      158.174 NangateOpenCellLibrary 
SDFFR_X1        1846 12275.900   196540.370 NangateOpenCellLibrary 
SDFFR_X2           2    13.832      286.644 NangateOpenCellLibrary 
SDFFS_X1        1025  6816.250   111804.048 NangateOpenCellLibrary 
XNOR2_X1        1271  2028.516    47253.807 NangateOpenCellLibrary 
XOR2_X1          251   400.596     8104.389 NangateOpenCellLibrary 
-------------------------------------------------------------------
total          29153 62640.872  1235068.560                        
                                            Leakage   Leakage 
     Type      Instances    Area   Area %  Power (nW) Power % 
--------------------------------------------------------------
sequential          5170 30560.740   48.8  502743.745    40.7 
inverter            2761  1532.958    2.4   44869.885     3.6 
buffer                 8     9.576    0.0     326.353     0.0 
logic              21214 30537.598   48.8  687128.577    55.6 
physical_cells         0     0.000    0.0       0.000     0.0 
--------------------------------------------------------------
total              29153 62640.872  100.0 1235068.560   100.0 
