============================================================
  Generated by:           Genus(TM) Synthesis Solution 25.12-s067_1
  Generated on:           Mar 31 2026  08:47:07 am
  Module:                 riscv_core
  Technology library:     NangateOpenCellLibrary revision 1.0
  Operating conditions:   typical (balanced_tree)
  Wireload mode:          enclosed
  Area mode:              timing library
============================================================

           Instance                                                                                                                                 Module                                                                                                                        Cell-Count  Cell-Area  Net-Area   Total-Area       Wireload      
---------------------------------------------------------------------------------------------------------------------------------------------------------------------------------------------------------------------------------------------------------------------------------------------------------------------------------------------------
riscv_core                    NA                                                                                                                                                                                                                                                       30904  63806.750     0.000    63806.750 5K_hvratio_1_1 (D)  
  u_csr                       biriscv_csr_SUPPORT_MULDIV1_SUPPORT_SUPER0                                                                                                                                                                                                                1471   3616.802     0.000     3616.802 5K_hvratio_1_1 (D)  
    u_csrfile                 biriscv_csr_regfile_SUPPORT_MTIMECMP1_SUPPORT_SUPER0                                                                                                                                                                                                      1135   2761.080     0.000     2761.080 5K_hvratio_1_1 (D)  
  u_div                       biriscv_divider                                                                                                                                                                                                                                           1322   2753.898     0.000     2753.898 5K_hvratio_1_1 (D)  
  u_exec0                     biriscv_exec                                                                                                                                                                                                                                              1692   2371.656     0.000     2371.656 5K_hvratio_1_1 (D)  
    u_alu                     biriscv_alu                                                                                                                                                                                                                                                859   1071.980     0.000     1071.980 5K_hvratio_1_1 (D)  
  u_exec1                     biriscv_exec_2810                                                                                                                                                                                                                                         1631   2325.372     0.000     2325.372 5K_hvratio_1_1 (D)  
    u_alu                     biriscv_alu_2808                                                                                                                                                                                                                                           839   1058.946     0.000     1058.946 5K_hvratio_1_1 (D)  
  u_frontend                  biriscv_frontend_SUPPORT_BRANCH_PREDICTION1_SUPPORT_MULDIV1_SUPPORT_MMU0_EXTRA_DECODE_STAGE0_NUM_BTB_ENTRIES32_NUM_BTB_ENTRIES_W5_NUM_BHT_ENTRIES512_NUM_BHT_ENTRIES_W9_RAS_ENABLE1_GSHARE_ENABLE0_BHT_ENABLE1_NUM_RAS_ENTRIES8_NUM_RAS_ENTRIES_W3        9099  23983.092     0.000    23983.092 5K_hvratio_1_1 (D)  
    u_decode                  biriscv_decode_SUPPORT_MULDIV1_EXTRA_DECODE_STAGE0                                                                                                                                                                                                         562   1730.064     0.000     1730.064 5K_hvratio_1_1 (D)  
      genblk1.u_dec0          biriscv_decoder                                                                                                                                                                                                                                             74     67.830     0.000       67.830 5K_hvratio_1_1 (D)  
      genblk1.u_dec1          biriscv_decoder_5238                                                                                                                                                                                                                                        73     68.096     0.000       68.096 5K_hvratio_1_1 (D)  
      genblk1.u_fifo          fetch_fifo_OPC_INFO_W2                                                                                                                                                                                                                                     350   1525.244     0.000     1525.244 5K_hvratio_1_1 (D)  
    u_fetch                   biriscv_fetch_SUPPORT_MMU0                                                                                                                                                                                                                                 612   1652.924     0.000     1652.924 5K_hvratio_1_1 (D)  
    u_npc                     biriscv_npc_SUPPORT_BRANCH_PREDICTION1_NUM_BTB_ENTRIES32_NUM_BTB_ENTRIES_W5_NUM_BHT_ENTRIES512_NUM_BHT_ENTRIES_W9_RAS_ENABLE1_GSHARE_ENABLE0_BHT_ENABLE1_NUM_RAS_ENTRIES8_NUM_RAS_ENTRIES_W3                                                              7925  20600.104     0.000    20600.104 5K_hvratio_1_1 (D)  
      BRANCH_PREDICTION.u_lru biriscv_npc_lfsr_DEPTH32_ADDR_W5                                                                                                                                                                                                                            27    111.986     0.000      111.986 5K_hvratio_1_1 (D)  
  u_issue                     biriscv_issue_SUPPORT_MULDIV1_SUPPORT_DUAL_ISSUE1_SUPPORT_LOAD_BYPASS1_SUPPORT_MUL_BYPASS1_SUPPORT_REGFILE_XILINX0                                                                                                                                       10190  17937.444     0.000    17937.444 5K_hvratio_1_1 (D)  
    u_pipe0_ctrl              biriscv_pipe_ctrl_SUPPORT_LOAD_BYPASS1_SUPPORT_MUL_BYPASS1                                                                                                                                                                                                1043   2497.474     0.000     2497.474 5K_hvratio_1_1 (D)  
    u_pipe1_ctrl              biriscv_pipe_ctrl_SUPPORT_LOAD_BYPASS1_SUPPORT_MUL_BYPASS1_1                                                                                                                                                                                               762   1684.046     0.000     1684.046 5K_hvratio_1_1 (D)  
    u_regfile                 biriscv_regfile_SUPPORT_REGFILE_XILINX0_SUPPORT_DUAL_ISSUE1                                                                                                                                                                                               6077  10910.522     0.000    10910.522 5K_hvratio_1_1 (D)  
  u_lsu                       biriscv_lsu_MEM_CACHE_ADDR_MIN32h80000000_MEM_CACHE_ADDR_MAX32h8fffffff                                                                                                                                                                                    697   1584.828     0.000     1584.828 5K_hvratio_1_1 (D)  
    u_lsu_request             biriscv_lsu_fifo_WIDTH36_DEPTH2_ADDR_W1                                                                                                                                                                                                                    133    586.530     0.000      586.530 5K_hvratio_1_1 (D)  
  u_mul                       biriscv_multiplier                                                                                                                                                                                                                                        2398   4607.652     0.000     4607.652 5K_hvratio_1_1 (D)  
  u_mul2                      biriscv_multiplier_2811                                                                                                                                                                                                                                   2398   4607.652     0.000     4607.652 5K_hvratio_1_1 (D)  
  (D) = wireload is default in technology library
