env CDS_WORKAREA is set to /home/ykaraagac/cadence-bitirme/Flows/NanGate45/biriscv_2mul_vs_hybrid/scripts/cadence
             0V	    VSS
           1.1V	    VDD
Using Power View WC_VIEW
.
Load RC corner of view WC_VIEW

Begin Power Analysis

             0V	    VSS
           1.1V	    VDD

Begin Processing Timing Library for Power Calculation

Ended Processing Timing Library for Power Calculation: (cpu=0:00:00, real=0:00:00, mem(process/total/peak)=2815.94MB/9713.79MB/2815.94MB)



Begin Processing Power Net/Grid for Power Calculation

Ended Processing Power Net/Grid for Power Calculation: (cpu=0:00:00, real=0:00:00, mem(process/total/peak)=2815.94MB/9713.79MB/2815.94MB)

Begin Processing Timing Window Data for Power Calculation

clk(100MHz) CK: assigning clock clk to net clk_i
Ended Processing Timing Window Data for Power Calculation: (cpu=0:00:00, real=0:00:00, mem(process/total/peak)=2815.94MB/9713.79MB/2815.94MB)

Begin Processing User Attributes

Ended Processing User Attributes: (cpu=0:00:00, real=0:00:00, mem(process/total/peak)=2815.94MB/9713.79MB/2815.94MB)

Begin Processing Signal Activity


Starting Activity Propagation
2026-Jun-08 21:58:17 (2026-Jun-08 21:58:17 GMT)
2026-Jun-08 21:58:17 (2026-Jun-08 21:58:17 GMT): 10%
2026-Jun-08 21:58:17 (2026-Jun-08 21:58:17 GMT): 20%

Finished Activity Propagation
2026-Jun-08 21:58:18 (2026-Jun-08 21:58:18 GMT)

Activity annotation summary:
        Primary Inputs : 180/180 = 100%
          Flop outputs : 1909/10414 = 18.3311%
  Memory/Macro outputs : 0/0 = 0%
      Tristate outputs : 0/0 = 0%
            Total Nets : 3867/35059 = 11.03%

Ended Processing Signal Activity: (cpu=0:00:00, real=0:00:00, mem(process/total/peak)=2815.94MB/9713.79MB/2815.94MB)

Begin Power Computation

      ----------------------------------------------------------
      # of cell(s) missing both power/leakage table: 0
      # of cell(s) missing power table: 0
      # of cell(s) missing leakage table: 0
      ----------------------------------------------------------



Starting Calculating power
2026-Jun-08 21:58:18 (2026-Jun-08 21:58:18 GMT)
 ... Calculating switching power
2026-Jun-08 21:58:18 (2026-Jun-08 21:58:18 GMT): 10%
2026-Jun-08 21:58:18 (2026-Jun-08 21:58:18 GMT): 20%
2026-Jun-08 21:58:18 (2026-Jun-08 21:58:18 GMT): 30%
2026-Jun-08 21:58:18 (2026-Jun-08 21:58:18 GMT): 40%
2026-Jun-08 21:58:18 (2026-Jun-08 21:58:18 GMT): 50%
 ... Calculating internal and leakage power
2026-Jun-08 21:58:18 (2026-Jun-08 21:58:18 GMT): 60%
2026-Jun-08 21:58:19 (2026-Jun-08 21:58:19 GMT): 70%
2026-Jun-08 21:58:20 (2026-Jun-08 21:58:20 GMT): 80%
2026-Jun-08 21:58:20 (2026-Jun-08 21:58:20 GMT): 90%

Finished Calculating power
2026-Jun-08 21:58:21 (2026-Jun-08 21:58:21 GMT)
      # of MSMV cell(s) missing power_level: 0
Ended Power Computation: (cpu=0:00:03, real=0:00:03, mem(process/total/peak)=2815.94MB/9713.79MB/2815.94MB)

Begin Processing User Attributes

Begin Processing set_power
Ended Processing set_power: (cpu=0:00:00, real=0:00:00,
mem(process/total/peak)=2815.94MB/9713.79MB/2815.94MB)
Ended Processing User Attributes: (cpu=0:00:00, real=0:00:00, mem(process/total/peak)=2815.94MB/9713.79MB/2815.94MB)

Ended Power Analysis: (cpu=0:00:04, real=0:00:04, mem(process/total/peak)=2815.94MB/9713.79MB/2815.94MB)

Begin Boundary Leakage Calculation
Ended Boundary Leakage Calculation: (cpu=0:00:00, real=0:00:00,
mem(process/total/peak)=2815.94MB/9713.79MB/2815.94MB)
Begin Static Power Report Generation
*----------------------------------------------------------------------------------------
*	Innovus 25.12-s079_1 (64bit) 11/18/2025 12:56 (Linux 4.18.0-305.el8.x86_64)
*	
*
* 	Date & Time:	2026-Jun-08 21:58:21 (2026-Jun-08 21:58:21 GMT)
*
*----------------------------------------------------------------------------------------
*
*	Design: riscv_core
*
*	Liberty Libraries used:
*	        /home/ykaraagac/cadence-bitirme/Enablements/NanGate45/lib/NangateOpenCellLibrary_typical.lib
*
*	Parasitic Files used:
*
*       Dynamic View: WC_VIEW
*
*       Leakage View: WC_VIEW
*
*       User-Defined Activity : N.A.
*
*	Switching Activity File used:
*	        /home/ykaraagac/cadence-bitirme/Flows/NanGate45/biriscv_2mul_vs_hybrid/scripts/cadence/outputs/job6_selective_runs/extended_estrin/vcd/core_hybrid.vcd
*                  Vcd Window used(Start Time, Stop Time):  
*                Vcd Scale Factor: 1
*
*       Hierarchical Global Activity: N.A.
*
*       Global Activity: N.A.
*
*       Sequential Element Activity: 0.200000
*
*       Primary Input Activity: 0.200000
*
*       Default icg ratio: N.A.
*
*       Global Comb ClockGate Ratio: N.A.
*
*	Power Units = 1mW
*
*	Time Units = 1e-09 secs
*
*       report_power -hierarchy all
*
-----------------------------------------------------------------------------------------
*



Total Power
-----------------------------------------------------------------------------------------
Total Internal Power:        4.55362336 	   52.8421%
Total Switching Power:       2.87819764 	   33.3998%
Total Leakage Power:         1.18559141 	   13.7581%
Total Power:                 8.61741242
-----------------------------------------------------------------------------------------


Group                           Internal   Switching     Leakage       Total  Percentage 
                                Power      Power         Power         Power  (%)        
-----------------------------------------------------------------------------------------
Sequential                         2.876      0.3982      0.4993       3.773       43.79
Macro                                  0           0           0           0           0
IO                                     0           0           0           0           0
Combinational                      1.201         1.5      0.6723       3.373       39.14
Clock (Combinational)             0.4766      0.9803     0.01403       1.471       17.07
Clock (Sequential)                     0           0           0           0           0
-----------------------------------------------------------------------------------------
Total                              4.554       2.878       1.186       8.617         100
-----------------------------------------------------------------------------------------


Clock                           Internal   Switching     Leakage       Total  Percentage 
                                Power      Power         Power         Power  (%)        
-----------------------------------------------------------------------------------------
clk                               0.4766      0.9803     0.01403       1.471       17.07
-----------------------------------------------------------------------------------------
Total                             0.4766      0.9803     0.01403       1.471       17.07
-----------------------------------------------------------------------------------------
Clock: clk
Clock Period: 0.010000 usec 
Clock Toggle Rate:   200.0000 Mhz 
Clock Static Probability:  0.5000
  


Rail                  Voltage   Internal   Switching     Leakage       Total  Percentage 
                                Power      Power         Power         Power  (%)        
-----------------------------------------------------------------------------------------
VDD                       1.1      4.554       2.878       1.186       8.617         100


Hierarchy                       Internal   Switching     Leakage       Total  Percentage 
                                Power      Power         Power         Power  (%)        
-----------------------------------------------------------------------------------------
u_csr                             0.1931     0.02547     0.06064      0.2792        3.24 
u_div                             0.1413     0.03056      0.0456      0.2175       2.524 
u_exec0                           0.1233      0.1147     0.04269      0.2807       3.257 
u_exec1                           0.1065      0.0959     0.04133      0.2437       2.828 
u_frontend                         1.845      0.8186       0.462       3.126       36.27 
u_issue                            1.292      0.9579      0.3758       2.626       30.47 
u_lsu                            0.09598     0.03688     0.02809      0.1609       1.868 
u_mul                             0.5311      0.4713     0.08645       1.089       12.64 
u_mule                           0.06898    0.008983     0.03799       0.116       1.346 
u_csr/u_csrfile                   0.1336     0.01057     0.04434      0.1885       2.187 
u_frontend/u_decode               0.1372     0.04462     0.03032      0.2121       2.461 
u_frontend/u_fetch                0.1041     0.02164     0.02768      0.1534        1.78 
u_frontend/u_npc                   1.568      0.6832      0.4027       2.654        30.8 
u_issue/u_pipe0_ctrl              0.1815     0.04348     0.04264      0.2676       3.105 
u_issue/u_pipe1_ctrl              0.1027     0.02492     0.02769      0.1553       1.803 
u_issue/u_regfile                 0.8672      0.5782       0.237       1.682       19.52 
u_lsu/u_lsu_request              0.03671    0.002959    0.009409     0.04908      0.5695 
u_exec0/u_alu                    0.05824     0.07459     0.02071      0.1535       1.782 
u_exec1/u_alu                    0.03643     0.05069     0.02018      0.1073       1.245 
u_frontend/u_decode/genblk1.u_fifo
                                  0.1336     0.04129     0.02533      0.2002       2.324 
u_frontend/u_npc/BRANCH_PREDICTION.u_lru
                                 0.01073    0.001608    0.001928     0.01426      0.1655 
u_frontend/u_decode/genblk1.u_dec0
                               0.0006446   0.0006564    0.001707    0.003008      0.0349 
u_frontend/u_decode/genblk1.u_dec1
                                0.001117    0.001444    0.001706    0.004267     0.04952 
 
 
-----------------------------------------------------------------------------------------
*	Power Distribution Summary: 
*              Highest Average Power:            u_issue/g31226 (AND2_X2):         0.005953
*              Highest Leakage Power:            u_issue/g33248 (AND4_X4):        0.0001893
*                Total Cap:      2.19821e-10 F
*                Total instances in design: 28954
*                Total instances in design with no power:     0
*                Total instances in design with no activty:     0

*                Total Fillers and Decap:     0
-----------------------------------------------------------------------------------------
 
** INFO:  (VOLTUS_POWR-3465): There are 0 decaps and 0 fillers in the design

Ended Static Power Report Generation: (cpu=0:00:00, real=0:00:00,
mem(process/total/peak)=2815.94MB/9713.79MB/2815.94MB)

