env CDS_WORKAREA is set to /home/ykaraagac/cadence-bitirme/Flows/NanGate45/biriscv_parallel_matmul/scripts/cadence
             0V	    VSS
           1.1V	    VDD
Using Power View WC_VIEW
.
Load RC corner of view WC_VIEW

Begin Power Analysis

             0V	    VSS
           1.1V	    VDD

Begin Processing Timing Library for Power Calculation

Ended Processing Timing Library for Power Calculation: (cpu=0:00:00, real=0:00:00, mem(process/total/peak)=4931.51MB/13962.90MB/4931.51MB)



Begin Processing Power Net/Grid for Power Calculation

Ended Processing Power Net/Grid for Power Calculation: (cpu=0:00:00, real=0:00:00, mem(process/total/peak)=4931.51MB/13962.90MB/4931.51MB)

Begin Processing Timing Window Data for Power Calculation

clk(100MHz) CK: assigning clock clk to net clk_i
Ended Processing Timing Window Data for Power Calculation: (cpu=0:00:00, real=0:00:00, mem(process/total/peak)=4931.51MB/13962.90MB/4931.51MB)

Begin Processing User Attributes

Ended Processing User Attributes: (cpu=0:00:00, real=0:00:00, mem(process/total/peak)=4931.51MB/13962.90MB/4931.51MB)

Begin Processing Signal Activity


Starting Activity Propagation
2026-Mar-31 10:02:14 (2026-Mar-31 10:02:14 GMT)
2026-Mar-31 10:02:14 (2026-Mar-31 10:02:14 GMT): 10%
2026-Mar-31 10:02:14 (2026-Mar-31 10:02:14 GMT): 20%

Finished Activity Propagation
2026-Mar-31 10:02:15 (2026-Mar-31 10:02:15 GMT)

Activity annotation summary:
        Primary Inputs : 180/180 = 100%
          Flop outputs : 1909/10414 = 18.3311%
  Memory/Macro outputs : 0/0 = 0%
      Tristate outputs : 0/0 = 0%
            Total Nets : 3909/35288 = 11.0774%

Ended Processing Signal Activity: (cpu=0:00:00, real=0:00:00, mem(process/total/peak)=4932.51MB/13962.90MB/4932.51MB)

Begin Power Computation

      ----------------------------------------------------------
      # of cell(s) missing both power/leakage table: 0
      # of cell(s) missing power table: 0
      # of cell(s) missing leakage table: 0
      ----------------------------------------------------------



Starting Calculating power
2026-Mar-31 10:02:15 (2026-Mar-31 10:02:15 GMT)
2026-Mar-31 10:02:15 (2026-Mar-31 10:02:15 GMT): 10%
2026-Mar-31 10:02:15 (2026-Mar-31 10:02:15 GMT): 20%
2026-Mar-31 10:02:15 (2026-Mar-31 10:02:15 GMT): 30%
2026-Mar-31 10:02:15 (2026-Mar-31 10:02:15 GMT): 40%
2026-Mar-31 10:02:15 (2026-Mar-31 10:02:15 GMT): 50%
2026-Mar-31 10:02:15 (2026-Mar-31 10:02:15 GMT): 60%
2026-Mar-31 10:02:15 (2026-Mar-31 10:02:15 GMT): 70%
2026-Mar-31 10:02:15 (2026-Mar-31 10:02:15 GMT): 80%
2026-Mar-31 10:02:15 (2026-Mar-31 10:02:15 GMT): 90%

Finished Calculating power
2026-Mar-31 10:02:15 (2026-Mar-31 10:02:15 GMT)
      # of MSMV cell(s) missing power_level: 0
Ended Power Computation: (cpu=0:00:02, real=0:00:00, mem(process/total/peak)=4933.21MB/13962.90MB/4933.21MB)

Begin Processing User Attributes

Begin Processing set_power
Ended Processing set_power: (cpu=0:00:00, real=0:00:00,
mem(process/total/peak)=4933.21MB/13962.90MB/4933.21MB)
Ended Processing User Attributes: (cpu=0:00:00, real=0:00:00, mem(process/total/peak)=4933.21MB/13962.90MB/4933.21MB)

Ended Power Analysis: (cpu=0:00:03, real=0:00:01, mem(process/total/peak)=4933.21MB/13962.90MB/4933.21MB)

Begin Boundary Leakage Calculation
Ended Boundary Leakage Calculation: (cpu=0:00:00, real=0:00:00,
mem(process/total/peak)=4933.21MB/13962.90MB/4933.21MB)
Begin Static Power Report Generation
*----------------------------------------------------------------------------------------
*	Innovus 25.12-s079_1 (64bit) 11/18/2025 12:56 (Linux 4.18.0-305.el8.x86_64)
*	
*
* 	Date & Time:	2026-Mar-31 10:02:15 (2026-Mar-31 10:02:15 GMT)
*
*----------------------------------------------------------------------------------------
*
*	Design: riscv_core
*
*	Liberty Libraries used:
*	        /home/ykaraagac/cadence-bitirme/Enablements/NanGate45/lib/NangateOpenCellLibrary_typical.lib
*
*	Parasitic Files used:
*
*       Dynamic View: WC_VIEW
*
*       Leakage View: WC_VIEW
*
*       User-Defined Activity : N.A.
*
*	Switching Activity File used:
*	        /home/ykaraagac/cadence-bitirme/Flows/NanGate45/biriscv_parallel_matmul/scripts/cadence/outputs/vcd/core_hybrid.vcd
*                  Vcd Window used(Start Time, Stop Time):  
*                Vcd Scale Factor: 1
*
*       Hierarchical Global Activity: N.A.
*
*       Global Activity: N.A.
*
*       Sequential Element Activity: 0.200000
*
*       Primary Input Activity: 0.200000
*
*       Default icg ratio: N.A.
*
*       Global Comb ClockGate Ratio: N.A.
*
*	Power Units = 1mW
*
*	Time Units = 1e-09 secs
*
*       report_power -hierarchy all
*
-----------------------------------------------------------------------------------------
*



Total Power
-----------------------------------------------------------------------------------------
Total Internal Power:        4.27989615 	   54.6057%
Total Switching Power:       2.37666385 	   30.3230%
Total Leakage Power:         1.18125989 	   15.0713%
Total Power:                 7.83781989
-----------------------------------------------------------------------------------------


Group                           Internal   Switching     Leakage       Total  Percentage 
                                Power      Power         Power         Power  (%)        
-----------------------------------------------------------------------------------------
Sequential                         2.863       0.352      0.5024       3.717       47.43
Macro                                  0           0           0           0           0
IO                                     0           0           0           0           0
Combinational                      0.945       1.052      0.6649       2.661       33.96
Clock (Combinational)              0.472      0.9731      0.0139       1.459       18.61
Clock (Sequential)                     0           0           0           0           0
-----------------------------------------------------------------------------------------
Total                               4.28       2.377       1.181       7.838         100
-----------------------------------------------------------------------------------------


Clock                           Internal   Switching     Leakage       Total  Percentage 
                                Power      Power         Power         Power  (%)        
-----------------------------------------------------------------------------------------
clk                                0.472      0.9731      0.0139       1.459       18.61
-----------------------------------------------------------------------------------------
Total                              0.472      0.9731      0.0139       1.459       18.61
-----------------------------------------------------------------------------------------
Clock: clk
Clock Period: 0.010000 usec 
Clock Toggle Rate:   200.0000 Mhz 
Clock Static Probability:  0.5000
  


Rail                  Voltage   Internal   Switching     Leakage       Total  Percentage 
                                Power      Power         Power         Power  (%)        
-----------------------------------------------------------------------------------------
VDD                       1.1       4.28       2.377       1.181       7.838         100


Hierarchy                       Internal   Switching     Leakage       Total  Percentage 
                                Power      Power         Power         Power  (%)        
-----------------------------------------------------------------------------------------
u_csr                             0.1984     0.04714     0.06364      0.3091       3.944 
u_div                             0.1433     0.03785     0.04769      0.2288        2.92 
u_exec0                          0.06586     0.03477     0.04359      0.1442        1.84 
u_exec1                          0.05926     0.02898     0.04292      0.1312       1.673 
u_frontend                         1.839      0.7653      0.4529       3.058       39.01 
u_issue                            1.145      0.6673      0.3752       2.188       27.91 
u_lsu                            0.09164     0.02956     0.02702      0.1482       1.891 
u_mul                             0.5073      0.4363     0.08627        1.03       13.14 
u_mule                           0.06774    0.008551     0.03709      0.1134       1.447 
u_csr/u_csrfile                   0.1478     0.04166     0.04507      0.2345       2.992 
u_frontend/u_decode               0.1394     0.03789     0.03011      0.2074       2.647 
u_frontend/u_fetch                 0.108     0.03095     0.02876      0.1677        2.14 
u_frontend/u_npc                   1.569      0.6478      0.3934        2.61        33.3 
u_issue/u_pipe0_ctrl              0.1641      0.0351     0.04191      0.2411       3.076 
u_issue/u_pipe1_ctrl             0.09742     0.01358     0.02785      0.1389       1.772 
u_issue/u_regfile                 0.7968      0.4348      0.2371       1.469       18.74 
u_lsu/u_lsu_request              0.03789    0.003003    0.009323     0.05021      0.6407 
u_exec0/u_alu                    0.01136     0.01586     0.02168     0.04891       0.624 
u_exec1/u_alu                   0.008617    0.009299     0.02129      0.0392      0.5002 
u_frontend/u_decode/genblk1.u_fifo
                                  0.1369     0.03553     0.02526      0.1977       2.522 
u_frontend/u_npc/BRANCH_PREDICTION.u_lru
                                  0.0114    0.001844    0.001926     0.01517      0.1936 
u_frontend/u_decode/genblk1.u_dec0
                               0.0006588   0.0008099     0.00171    0.003179     0.04056 
u_frontend/u_decode/genblk1.u_dec1
                               0.0006687    0.000809    0.001647    0.003125     0.03986 
 
 
-----------------------------------------------------------------------------------------
*	Power Distribution Summary: 
*              Highest Average Power: u_issue/u_pipe0_ctrl/g14296 (AND2_X4):         0.005234
*              Highest Leakage Power:            u_issue/g34851 (AND4_X4):        0.0001893
*                Total Cap:      2.16931e-10 F
*                Total instances in design: 29216
*                Total instances in design with no power:     0
*                Total instances in design with no activty:     0

*                Total Fillers and Decap:     0
-----------------------------------------------------------------------------------------
 
** INFO:  (VOLTUS_POWR-3465): There are 0 decaps and 0 fillers in the design

Ended Static Power Report Generation: (cpu=0:00:00, real=0:00:00,
mem(process/total/peak)=4933.21MB/13962.90MB/4933.21MB)

