env CDS_WORKAREA is set to /home/ykaraagac/cadence-bitirme/Flows/NanGate45/biriscv_2mul_vs_hybrid/scripts/cadence
             0V	    VSS
           1.1V	    VDD
Using Power View WC_VIEW
.
Load RC corner of view WC_VIEW

Begin Power Analysis

             0V	    VSS
           1.1V	    VDD

Begin Processing Timing Library for Power Calculation

Ended Processing Timing Library for Power Calculation: (cpu=0:00:00, real=0:00:00, mem(process/total/peak)=2800.70MB/9712.79MB/2800.70MB)



Begin Processing Power Net/Grid for Power Calculation

Ended Processing Power Net/Grid for Power Calculation: (cpu=0:00:00, real=0:00:00, mem(process/total/peak)=2800.70MB/9712.79MB/2800.70MB)

Begin Processing Timing Window Data for Power Calculation

clk(100MHz) CK: assigning clock clk to net clk_i
Ended Processing Timing Window Data for Power Calculation: (cpu=0:00:00, real=0:00:00, mem(process/total/peak)=2800.70MB/9712.79MB/2800.70MB)

Begin Processing User Attributes

Ended Processing User Attributes: (cpu=0:00:00, real=0:00:00, mem(process/total/peak)=2800.70MB/9712.79MB/2800.70MB)

Begin Processing Signal Activity


Starting Activity Propagation
2026-Jun-08 21:55:21 (2026-Jun-08 21:55:21 GMT)
2026-Jun-08 21:55:21 (2026-Jun-08 21:55:21 GMT): 10%
2026-Jun-08 21:55:21 (2026-Jun-08 21:55:21 GMT): 20%

Finished Activity Propagation
2026-Jun-08 21:55:22 (2026-Jun-08 21:55:22 GMT)

Activity annotation summary:
        Primary Inputs : 180/180 = 100%
          Flop outputs : 1909/10414 = 18.3311%
  Memory/Macro outputs : 0/0 = 0%
      Tristate outputs : 0/0 = 0%
            Total Nets : 3867/35059 = 11.03%

Ended Processing Signal Activity: (cpu=0:00:00, real=0:00:00, mem(process/total/peak)=2800.70MB/9712.79MB/2800.70MB)

Begin Power Computation

      ----------------------------------------------------------
      # of cell(s) missing both power/leakage table: 0
      # of cell(s) missing power table: 0
      # of cell(s) missing leakage table: 0
      ----------------------------------------------------------



Starting Calculating power
2026-Jun-08 21:55:22 (2026-Jun-08 21:55:22 GMT)
 ... Calculating switching power
2026-Jun-08 21:55:22 (2026-Jun-08 21:55:22 GMT): 10%
2026-Jun-08 21:55:22 (2026-Jun-08 21:55:22 GMT): 20%
2026-Jun-08 21:55:22 (2026-Jun-08 21:55:22 GMT): 30%
2026-Jun-08 21:55:22 (2026-Jun-08 21:55:22 GMT): 40%
2026-Jun-08 21:55:22 (2026-Jun-08 21:55:22 GMT): 50%
 ... Calculating internal and leakage power
2026-Jun-08 21:55:22 (2026-Jun-08 21:55:22 GMT): 60%
2026-Jun-08 21:55:23 (2026-Jun-08 21:55:23 GMT): 70%
2026-Jun-08 21:55:24 (2026-Jun-08 21:55:24 GMT): 80%
2026-Jun-08 21:55:24 (2026-Jun-08 21:55:24 GMT): 90%

Finished Calculating power
2026-Jun-08 21:55:25 (2026-Jun-08 21:55:25 GMT)
      # of MSMV cell(s) missing power_level: 0
Ended Power Computation: (cpu=0:00:03, real=0:00:03, mem(process/total/peak)=2800.70MB/9712.79MB/2800.70MB)

Begin Processing User Attributes

Begin Processing set_power
Ended Processing set_power: (cpu=0:00:00, real=0:00:00,
mem(process/total/peak)=2800.70MB/9712.79MB/2800.70MB)
Ended Processing User Attributes: (cpu=0:00:00, real=0:00:00, mem(process/total/peak)=2800.70MB/9712.79MB/2800.70MB)

Ended Power Analysis: (cpu=0:00:04, real=0:00:04, mem(process/total/peak)=2800.70MB/9712.79MB/2800.70MB)

Begin Boundary Leakage Calculation
Ended Boundary Leakage Calculation: (cpu=0:00:00, real=0:00:00,
mem(process/total/peak)=2800.70MB/9712.79MB/2800.70MB)
Begin Static Power Report Generation
*----------------------------------------------------------------------------------------
*	Innovus 25.12-s079_1 (64bit) 11/18/2025 12:56 (Linux 4.18.0-305.el8.x86_64)
*	
*
* 	Date & Time:	2026-Jun-08 21:55:25 (2026-Jun-08 21:55:25 GMT)
*
*----------------------------------------------------------------------------------------
*
*	Design: riscv_core
*
*	Liberty Libraries used:
*	        /home/ykaraagac/cadence-bitirme/Enablements/NanGate45/lib/NangateOpenCellLibrary_typical.lib
*
*	Parasitic Files used:
*
*       Dynamic View: WC_VIEW
*
*       Leakage View: WC_VIEW
*
*       User-Defined Activity : N.A.
*
*	Switching Activity File used:
*	        /home/ykaraagac/cadence-bitirme/Flows/NanGate45/biriscv_2mul_vs_hybrid/scripts/cadence/outputs/job6_selective_runs/estrin_poly/vcd/core_hybrid.vcd
*                  Vcd Window used(Start Time, Stop Time):  
*                Vcd Scale Factor: 1
*
*       Hierarchical Global Activity: N.A.
*
*       Global Activity: N.A.
*
*       Sequential Element Activity: 0.200000
*
*       Primary Input Activity: 0.200000
*
*       Default icg ratio: N.A.
*
*       Global Comb ClockGate Ratio: N.A.
*
*	Power Units = 1mW
*
*	Time Units = 1e-09 secs
*
*       report_power -hierarchy all
*
-----------------------------------------------------------------------------------------
*



Total Power
-----------------------------------------------------------------------------------------
Total Internal Power:        4.56989191 	   52.7076%
Total Switching Power:       2.91470908 	   33.6173%
Total Leakage Power:         1.18567341 	   13.6752%
Total Power:                 8.67027440
-----------------------------------------------------------------------------------------


Group                           Internal   Switching     Leakage       Total  Percentage 
                                Power      Power         Power         Power  (%)        
-----------------------------------------------------------------------------------------
Sequential                         2.878      0.3985      0.4993       3.776       43.55
Macro                                  0           0           0           0           0
IO                                     0           0           0           0           0
Combinational                      1.215       1.536      0.6723       3.424       39.49
Clock (Combinational)             0.4766      0.9803     0.01403       1.471       16.97
Clock (Sequential)                     0           0           0           0           0
-----------------------------------------------------------------------------------------
Total                               4.57       2.915       1.186        8.67         100
-----------------------------------------------------------------------------------------


Clock                           Internal   Switching     Leakage       Total  Percentage 
                                Power      Power         Power         Power  (%)        
-----------------------------------------------------------------------------------------
clk                               0.4766      0.9803     0.01403       1.471       16.97
-----------------------------------------------------------------------------------------
Total                             0.4766      0.9803     0.01403       1.471       16.97
-----------------------------------------------------------------------------------------
Clock: clk
Clock Period: 0.010000 usec 
Clock Toggle Rate:   200.0000 Mhz 
Clock Static Probability:  0.5000
  


Rail                  Voltage   Internal   Switching     Leakage       Total  Percentage 
                                Power      Power         Power         Power  (%)        
-----------------------------------------------------------------------------------------
VDD                       1.1       4.57       2.915       1.186        8.67         100


Hierarchy                       Internal   Switching     Leakage       Total  Percentage 
                                Power      Power         Power         Power  (%)        
-----------------------------------------------------------------------------------------
u_csr                             0.1936     0.02591     0.06064      0.2801       3.231 
u_div                              0.141     0.03046     0.04562      0.2171       2.504 
u_exec0                           0.1245       0.119     0.04268      0.2862       3.301 
u_exec1                           0.1086     0.09903     0.04149      0.2491       2.873 
u_frontend                         1.845      0.8218       0.462       3.129       36.09 
u_issue                            1.315      0.9927       0.376       2.683       30.95 
u_lsu                            0.09717     0.03837     0.02804      0.1636       1.887 
u_mul                             0.5199      0.4602     0.08628       1.066        12.3 
u_mule                           0.06898    0.008983     0.03799      0.1159       1.337 
u_csr/u_csrfile                   0.1338     0.01079     0.04434       0.189       2.179 
u_frontend/u_decode               0.1385     0.04659      0.0303      0.2154       2.484 
u_frontend/u_fetch                0.1034     0.02056     0.02769      0.1516       1.749 
u_frontend/u_npc                   1.568      0.6856      0.4027       2.657       30.64 
u_issue/u_pipe0_ctrl              0.1828     0.04478     0.04259      0.2702       3.116 
u_issue/u_pipe1_ctrl              0.1053     0.02795     0.02775       0.161       1.857 
u_issue/u_regfile                 0.8782      0.5937      0.2371       1.709       19.71 
u_lsu/u_lsu_request              0.03698    0.003231    0.009405     0.04961      0.5722 
u_exec0/u_alu                    0.06093     0.07924     0.02071      0.1609       1.856 
u_exec1/u_alu                    0.03885     0.05313     0.02031      0.1123       1.295 
u_frontend/u_decode/genblk1.u_fifo
                                  0.1342     0.04253     0.02533       0.202        2.33 
u_frontend/u_npc/BRANCH_PREDICTION.u_lru
                                 0.01073    0.001609    0.001928     0.01426      0.1645 
u_frontend/u_decode/genblk1.u_dec0
                               0.0008873   0.0009101    0.001701    0.003499     0.04035 
u_frontend/u_decode/genblk1.u_dec1
                                0.001356    0.001712    0.001694    0.004762     0.05493 
 
 
-----------------------------------------------------------------------------------------
*	Power Distribution Summary: 
*              Highest Average Power:            u_issue/g31226 (AND2_X2):         0.007498
*              Highest Leakage Power:            u_issue/g33248 (AND4_X4):        0.0001893
*                Total Cap:      2.19821e-10 F
*                Total instances in design: 28954
*                Total instances in design with no power:     0
*                Total instances in design with no activty:     0

*                Total Fillers and Decap:     0
-----------------------------------------------------------------------------------------
 
** INFO:  (VOLTUS_POWR-3465): There are 0 decaps and 0 fillers in the design

Ended Static Power Report Generation: (cpu=0:00:00, real=0:00:00,
mem(process/total/peak)=2800.70MB/9712.79MB/2800.70MB)

