env CDS_WORKAREA is set to /home/ykaraagac/cadence-bitirme/Flows/NanGate45/biriscv_2mul_vs_hybrid/scripts/cadence
             0V	    VSS
           1.1V	    VDD
Using Power View WC_VIEW
.
Load RC corner of view WC_VIEW

Begin Power Analysis

             0V	    VSS
           1.1V	    VDD

Begin Processing Timing Library for Power Calculation

Ended Processing Timing Library for Power Calculation: (cpu=0:00:00, real=0:00:00, mem(process/total/peak)=3261.78MB/13012.92MB/8475.68MB)



Begin Processing Power Net/Grid for Power Calculation

Ended Processing Power Net/Grid for Power Calculation: (cpu=0:00:00, real=0:00:00, mem(process/total/peak)=3261.78MB/13012.92MB/8475.68MB)

Begin Processing Timing Window Data for Power Calculation

clk(100MHz) CK: assigning clock clk to net clk_i
Ended Processing Timing Window Data for Power Calculation: (cpu=0:00:00, real=0:00:00, mem(process/total/peak)=3261.78MB/13012.92MB/8475.68MB)

Begin Processing User Attributes

Ended Processing User Attributes: (cpu=0:00:00, real=0:00:00, mem(process/total/peak)=3261.78MB/13012.92MB/8475.68MB)

Begin Processing Signal Activity


Starting Activity Propagation
2026-Jun-29 12:27:17 (2026-Jun-29 12:27:17 GMT)
2026-Jun-29 12:27:18 (2026-Jun-29 12:27:18 GMT): 10%

Finished Activity Propagation
2026-Jun-29 12:27:19 (2026-Jun-29 12:27:19 GMT)

Activity annotation summary:
        Primary Inputs : 180/180 = 100%
          Flop outputs : 3874/14346 = 27.004%
  Memory/Macro outputs : 0/0 = 0%
      Tristate outputs : 0/0 = 0%
            Total Nets : 19975/72373 = 27.6001%

Ended Processing Signal Activity: (cpu=0:00:01, real=0:00:01, mem(process/total/peak)=3261.78MB/13012.92MB/8475.68MB)

Begin Power Computation

      ----------------------------------------------------------
      # of cell(s) missing both power/leakage table: 0
      # of cell(s) missing power table: 0
      # of cell(s) missing leakage table: 0
      ----------------------------------------------------------



Starting Calculating power
2026-Jun-29 12:27:19 (2026-Jun-29 12:27:19 GMT)
 ... Calculating switching power
2026-Jun-29 12:27:19 (2026-Jun-29 12:27:19 GMT): 10%
2026-Jun-29 12:27:19 (2026-Jun-29 12:27:19 GMT): 20%
2026-Jun-29 12:27:19 (2026-Jun-29 12:27:19 GMT): 30%
2026-Jun-29 12:27:19 (2026-Jun-29 12:27:19 GMT): 40%
2026-Jun-29 12:27:19 (2026-Jun-29 12:27:19 GMT): 50%
 ... Calculating internal and leakage power
2026-Jun-29 12:27:20 (2026-Jun-29 12:27:20 GMT): 60%
2026-Jun-29 12:27:21 (2026-Jun-29 12:27:21 GMT): 70%
2026-Jun-29 12:27:22 (2026-Jun-29 12:27:22 GMT): 80%
2026-Jun-29 12:27:23 (2026-Jun-29 12:27:23 GMT): 90%

Finished Calculating power
2026-Jun-29 12:27:24 (2026-Jun-29 12:27:24 GMT)
      # of MSMV cell(s) missing power_level: 0
Ended Power Computation: (cpu=0:00:05, real=0:00:05, mem(process/total/peak)=3261.78MB/13012.92MB/8475.68MB)

Begin Processing User Attributes

Begin Processing set_power
Ended Processing set_power: (cpu=0:00:00, real=0:00:00,
mem(process/total/peak)=3261.78MB/13012.92MB/8475.68MB)
Ended Processing User Attributes: (cpu=0:00:00, real=0:00:00, mem(process/total/peak)=3261.78MB/13012.92MB/8475.68MB)

Ended Power Analysis: (cpu=0:00:07, real=0:00:07, mem(process/total/peak)=3261.78MB/13012.92MB/8475.68MB)

Begin Boundary Leakage Calculation
Ended Boundary Leakage Calculation: (cpu=0:00:00, real=0:00:00,
mem(process/total/peak)=3261.78MB/13012.92MB/8475.68MB)
Begin Static Power Report Generation
*----------------------------------------------------------------------------------------
*	Innovus 25.12-s079_1 (64bit) 11/18/2025 12:56 (Linux 4.18.0-305.el8.x86_64)
*	
*
* 	Date & Time:	2026-Jun-29 12:27:24 (2026-Jun-29 12:27:24 GMT)
*
*----------------------------------------------------------------------------------------
*
*	Design: riscv_core
*
*	Liberty Libraries used:
*	        /home/ykaraagac/cadence-bitirme/Enablements/NanGate45/lib/NangateOpenCellLibrary_typical.lib
*
*	Parasitic Files used:
*
*       Dynamic View: WC_VIEW
*
*       Leakage View: WC_VIEW
*
*       User-Defined Activity : N.A.
*
*	Switching Activity File used:
*	        /home/ykaraagac/cadence-bitirme/Flows/NanGate45/biriscv_2mul_vs_hybrid/scripts/cadence/outputs/mul_update_full_hide_power_vcds_a04bb61/mule3n_th4/estrin_poly_selective_latency_hidden_mule3n/vcd/core_hybrid.vcd
*                  Vcd Window used(Start Time, Stop Time):  
*                Vcd Scale Factor: 1
*
*       Hierarchical Global Activity: N.A.
*
*       Global Activity: N.A.
*
*       Sequential Element Activity: 0.200000
*
*       Primary Input Activity: 0.200000
*
*       Default icg ratio: N.A.
*
*       Global Comb ClockGate Ratio: N.A.
*
*	Power Units = 1mW
*
*	Time Units = 1e-09 secs
*
*       report_power -hierarchy all
*
-----------------------------------------------------------------------------------------
*



Total Power
-----------------------------------------------------------------------------------------
Total Internal Power:        6.21206275 	   49.4861%
Total Switching Power:       4.15126005 	   33.0695%
Total Leakage Power:         2.18982751 	   17.4444%
Total Power:                12.55315031
-----------------------------------------------------------------------------------------


Group                           Internal   Switching     Leakage       Total  Percentage 
                                Power      Power         Power         Power  (%)        
-----------------------------------------------------------------------------------------
Sequential                         3.751      0.4735      0.6649        4.89       38.95
Macro                                  0           0           0           0           0
IO                                     0           0           0           0           0
Combinational                      1.797       2.322       1.505       5.624        44.8
Clock (Combinational)             0.6642       1.356     0.01956        2.04       16.25
Clock (Sequential)                     0           0           0           0           0
-----------------------------------------------------------------------------------------
Total                              6.212       4.151        2.19       12.55         100
-----------------------------------------------------------------------------------------


Clock                           Internal   Switching     Leakage       Total  Percentage 
                                Power      Power         Power         Power  (%)        
-----------------------------------------------------------------------------------------
clk                               0.6642       1.356     0.01956        2.04       16.25
-----------------------------------------------------------------------------------------
Total                             0.6642       1.356     0.01956        2.04       16.25
-----------------------------------------------------------------------------------------
Clock: clk
Clock Period: 0.010000 usec 
Clock Toggle Rate:   200.0000 Mhz 
Clock Static Probability:  0.5000
  


Rail                  Voltage   Internal   Switching     Leakage       Total  Percentage 
                                Power      Power         Power         Power  (%)        
-----------------------------------------------------------------------------------------
VDD                       1.1      6.212       4.151        2.19       12.55         100


Hierarchy                       Internal   Switching     Leakage       Total  Percentage 
                                Power      Power         Power         Power  (%)        
-----------------------------------------------------------------------------------------
u_cbm                             0.1253     0.07036     0.04135       0.237       1.888 
u_csr                             0.1946     0.03114     0.06161      0.2873       2.289 
u_div                             0.1424     0.03637     0.04959      0.2283       1.819 
u_exec0                           0.1144       0.107      0.0432      0.2647       2.108 
u_exec1                            0.104     0.09076     0.04372      0.2385         1.9 
u_frontend                         1.833       0.816      0.4567       3.106       24.74 
u_issue                            1.472       1.336      0.5329       3.341       26.62 
u_lsu                             0.1029     0.04822     0.03225      0.1834       1.461 
u_mul                             0.5155      0.4555     0.08684       1.058       8.427 
u_mul_array                       0.2352      0.1533     0.04639       0.435       3.465 
u_mul_bw                         0.05062     0.02397     0.04127      0.1159       0.923 
u_mul_wallace                    0.05503     0.02711     0.04437      0.1265       1.008 
u_mulc                           0.08578     0.01683      0.0259      0.1285       1.024 
u_mule                           0.06868     0.01147     0.03817      0.1183      0.9425 
u_mule2                          0.08635     0.02586     0.07428      0.1865       1.486 
u_mule2n                         0.08562     0.02514     0.07429      0.1851       1.474 
u_mule3                          0.09267     0.03471     0.07372      0.2011       1.602 
u_mule3n                          0.1057     0.05419     0.07478      0.2346       1.869 
u_mule5                           0.1142     0.04559      0.0812      0.2409       1.919 
u_mule5n                          0.1097      0.0387     0.08092      0.2293       1.827 
u_mulen                          0.06852     0.01383     0.03823      0.1206      0.9606 
u_mulp                           0.05057     0.02414     0.04127       0.116      0.9239 
u_mulr                            0.1184     0.09335     0.09785      0.3096       2.466 
u_cbm/u_cbm_core                  0.1251     0.07025     0.04115      0.2365       1.884 
u_csr/u_csrfile                   0.1364      0.0167     0.04432      0.1974       1.573 
u_frontend/u_decode                0.143     0.05101     0.03293       0.227       1.808 
u_frontend/u_fetch                0.1025     0.02581      0.0281      0.1564       1.246 
u_frontend/u_npc                    1.57      0.6994      0.3949       2.664       21.22 
u_issue/u_pipe0_ctrl              0.1833     0.04482     0.05917      0.2873       2.289 
u_issue/u_pipe1_ctrl              0.1046     0.01631     0.03451      0.1554       1.238 
u_issue/u_regfile                 0.8391      0.5338      0.2412       1.614       12.86 
u_lsu/u_lsu_request              0.03714    0.004352    0.009854     0.05135       0.409 
u_exec0/u_alu                    0.04673      0.0638     0.02157      0.1321       1.052 
u_exec1/u_alu                    0.03815     0.05235     0.02118      0.1117      0.8897 
u_mul_bw/g_array_reduce[1].u_csa
                                0.001136   0.0005613    0.001457    0.003153     0.02512 
u_mul_bw/g_array_reduce[2].u_csa
                                0.001262   0.0007455    0.001516    0.003524     0.02807 
u_mul_bw/g_array_reduce[3].u_csa
                                0.001426    0.000885    0.001475    0.003786     0.03016 
u_mul_bw/g_array_reduce[4].u_csa
                                0.001628    0.001003     0.00144    0.004072     0.03243 
u_mul_bw/g_array_reduce[5].u_csa
                                0.001704    0.001053    0.001396    0.004154     0.03309 
u_mul_bw/g_array_reduce[6].u_csa
                                0.001837    0.001161    0.001351    0.004349     0.03465 
u_mul_bw/g_array_reduce[7].u_csa
                                0.001792    0.001121      0.0013    0.004213     0.03356 
u_mul_bw/g_array_reduce[8].u_csa
                                0.001646    0.001023    0.001243    0.003912     0.03116 
u_mul_bw/g_array_reduce[9].u_csa
                                0.001675    0.001076    0.001198    0.003948     0.03145 
u_mul_bw/g_array_reduce[10].u_csa
                                0.001653     0.00105    0.001149    0.003852     0.03069 
u_mul_bw/g_array_reduce[11].u_csa
                                0.001432   0.0009147    0.001088    0.003435     0.02736 
u_mul_bw/g_array_reduce[12].u_csa
                                0.001392   0.0009125    0.001041    0.003345     0.02665 
u_mul_bw/g_array_reduce[13].u_csa
                                0.001281   0.0008274   0.0009872    0.003096     0.02466 
u_mul_bw/g_array_reduce[14].u_csa
                                  0.0011   0.0007486   0.0009296    0.002778     0.02213 
u_mul_bw/g_array_reduce[15].u_csa
                               0.0009453   0.0006394   0.0008751     0.00246     0.01959 
u_mul_bw/g_array_reduce[16].u_csa
                               0.0008442    0.000572   0.0008239     0.00224     0.01785 
u_mul_bw/g_array_reduce[17].u_csa
                               0.0007549   0.0005036   0.0007723    0.002031     0.01618 
u_mul_bw/g_array_reduce[18].u_csa
                               0.0006737   0.0004675   0.0007217    0.001863     0.01484 
u_mul_bw/g_array_reduce[19].u_csa
                               0.0005958   0.0004002   0.0006706    0.001667     0.01328 
u_mul_bw/g_array_reduce[20].u_csa
                               0.0005253   0.0003589   0.0006208    0.001505     0.01199 
u_mul_bw/g_array_reduce[21].u_csa
                               0.0004597   0.0003203   0.0005706    0.001351     0.01076 
u_mul_bw/g_array_reduce[22].u_csa
                               0.0004062   0.0002663   0.0005208    0.001193    0.009506 
u_mul_bw/g_array_reduce[23].u_csa
                               0.0003512   0.0002553   0.0004707    0.001077    0.008581 
u_mul_bw/g_array_reduce[24].u_csa
                               0.0002963   0.0001982   0.0004208   0.0009153    0.007292 
u_mul_bw/g_array_reduce[25].u_csa
                               0.0002517   0.0001716   0.0003714   0.0007947    0.006331 
u_mul_bw/g_array_reduce[26].u_csa
                               0.0002146   0.0001453    0.000322   0.0006819    0.005432 
u_mul_bw/g_array_reduce[27].u_csa
                               0.0001722   0.0001147   0.0002726   0.0005596    0.004458 
u_mul_bw/g_array_reduce[28].u_csa
                               0.0001375    9.65e-05   0.0002232   0.0004572    0.003642 
u_mul_bw/g_array_reduce[29].u_csa
                               0.0001051    7.73e-05   0.0001741   0.0003565     0.00284 
u_mul_bw/g_array_reduce[30].u_csa
                               7.175e-05   5.184e-05   0.0001251   0.0002487    0.001981 
u_mul_bw/g_array_reduce[31].u_csa
                               7.373e-05   3.495e-05   7.547e-05   0.0001842    0.001467 
u_mul_wallace/g_w1[0].u_csa
                                0.001379    0.001009     0.00157    0.003957     0.03153 
u_mul_wallace/g_w1[1].u_csa
                                0.001575   0.0009403    0.001439    0.003954      0.0315 
u_mul_wallace/g_w1[2].u_csa
                                0.001398   0.0009603    0.001284    0.003642     0.02902 
u_mul_wallace/g_w1[3].u_csa
                                 0.00117   0.0008813    0.001128    0.003179     0.02533 
u_mul_wallace/g_w1[4].u_csa
                               0.0008048   0.0004741   0.0009679    0.002247      0.0179 
u_mul_wallace/g_w1[5].u_csa
                               0.0003367   0.0002007   0.0008079    0.001345     0.01072 
u_mul_wallace/g_w1[6].u_csa
                               0.0002748   0.0001774    0.000661    0.001113    0.008868 
u_mul_wallace/g_w1[7].u_csa
                               0.0001919   0.0001314   0.0005136   0.0008369    0.006667 
u_mul_wallace/g_w1[8].u_csa
                               0.0001177   7.881e-05   0.0003665    0.000563    0.004485 
u_mul_wallace/g_w1[9].u_csa
                                5.75e-05   3.794e-05     0.00022   0.0003155    0.002513 
u_mul_wallace/g_w2[0].u_csa
                                0.001983    0.001412    0.001543    0.004938     0.03934 
u_mul_wallace/g_w2[1].u_csa
                                0.001469   0.0009113    0.001324    0.003705     0.02951 
u_mul_wallace/g_w2[2].u_csa
                                0.001399   0.0009177    0.001084    0.003402      0.0271 
u_mul_wallace/g_w2[3].u_csa
                               0.0003642   0.0002407   0.0008539    0.001459     0.01162 
u_mul_wallace/g_w2[4].u_csa
                               0.0003085   0.0002059   0.0006129    0.001127    0.008981 
u_mul_wallace/g_w2[5].u_csa
                               0.0001345    9.42e-05   0.0004133    0.000642    0.005114 
u_mul_wallace/g_w2[6].u_csa
                                4.61e-05   2.897e-05   0.0001712   0.0002462    0.001961 
u_mul_wallace/g_w3[0].u_csa
                                0.002381    0.001704    0.001511    0.005596     0.04458 
u_mul_wallace/g_w3[1].u_csa
                                0.001431   0.0008553    0.001177    0.003463     0.02758 
u_mul_wallace/g_w3[2].u_csa
                               0.0004437   0.0002684   0.0008085    0.001521     0.01211 
u_mul_wallace/g_w3[3].u_csa
                               0.0001724   0.0001054   0.0004624   0.0007401    0.005896 
u_mul_wallace/g_w3[4].u_csa
                               6.199e-05   4.885e-05   0.0001229   0.0002338    0.001862 
u_mul_wallace/g_w4[0].u_csa
                                0.002667    0.001907    0.001467     0.00604     0.04812 
u_mul_wallace/g_w4[1].u_csa
                                0.000611    0.000351   0.0009064    0.001868     0.01488 
u_mul_wallace/g_w4[2].u_csa
                                0.000202   0.0001337   0.0004117   0.0007474    0.005954 
u_mul_wallace/g_w5[0].u_csa
                                0.002547    0.001717    0.001395    0.005659     0.04508 
u_mul_wallace/g_w5[1].u_csa
                               0.0002609   0.0001604   0.0005569   0.0009782    0.007793 
u_mul_wallace/u_w6_csa          0.002379    0.001526    0.001308    0.005212     0.04152 
u_mul_wallace/u_w7_csa          0.002217    0.001332    0.001224    0.004773     0.03802 
u_mul_wallace/u_w8_csa          0.002113    0.001265    0.001148    0.004526     0.03606 
u_mul_wallace/u_wallace_ks
                                0.001625   0.0009039    0.001193    0.003722     0.02965 
u_mule2/g_ppm_reduce[1].u_ppm_csa
                                       0           0    0.001428    0.001428     0.01138 
u_mule2/g_ppm_reduce[2].u_ppm_csa
                                       0           0    0.001471    0.001471     0.01172 
u_mule2/g_ppm_reduce[3].u_ppm_csa
                                       0           0    0.001423    0.001423     0.01133 
u_mule2/g_ppm_reduce[4].u_ppm_csa
                                       0           0    0.001375    0.001375     0.01095 
u_mule2/g_ppm_reduce[5].u_ppm_csa
                                       0           0    0.001327    0.001327     0.01057 
u_mule2/g_ppm_reduce[6].u_ppm_csa
                                       0           0    0.001279    0.001279     0.01019 
u_mule2/g_ppm_reduce[7].u_ppm_csa
                                       0           0     0.00123     0.00123    0.009802 
u_mule2/g_ppm_reduce[8].u_ppm_csa
                                       0           0    0.001182    0.001182    0.009419 
u_mule2/g_ppm_reduce[9].u_ppm_csa
                                       0           0    0.001134    0.001134    0.009036 
u_mule2/g_ppm_reduce[10].u_ppm_csa
                                       0           0    0.001086    0.001086    0.008652 
u_mule2/g_ppm_reduce[11].u_ppm_csa
                                       0           0    0.001038    0.001038    0.008269 
u_mule2/g_ppm_reduce[12].u_ppm_csa
                                       0           0   0.0009899   0.0009899    0.007886 
u_mule2/g_ppm_reduce[13].u_ppm_csa
                                       0           0   0.0009418   0.0009418    0.007503 
u_mule2/g_ppm_reduce[14].u_ppm_csa
                                       0           0   0.0008937   0.0008937    0.007119 
u_mule2/g_ppm_reduce[15].u_ppm_csa
                                       0           0   0.0008456   0.0008456    0.006736 
u_mule2/u_feedback_csa0                0           0    0.001572    0.001572     0.01253 
u_mule2/u_feedback_csa1                0           0    0.001506    0.001506       0.012 
u_mule2n/g_ppm_reduce[1].u_ppm_csa
                                       0           0    0.001428    0.001428     0.01138 
u_mule2n/g_ppm_reduce[2].u_ppm_csa
                                       0           0    0.001471    0.001471     0.01172 
u_mule2n/g_ppm_reduce[3].u_ppm_csa
                                       0           0    0.001423    0.001423     0.01133 
u_mule2n/g_ppm_reduce[4].u_ppm_csa
                                       0           0    0.001375    0.001375     0.01095 
u_mule2n/g_ppm_reduce[5].u_ppm_csa
                                       0           0    0.001327    0.001327     0.01057 
u_mule2n/g_ppm_reduce[6].u_ppm_csa
                                       0           0    0.001279    0.001279     0.01019 
u_mule2n/g_ppm_reduce[7].u_ppm_csa
                                       0           0     0.00123     0.00123    0.009802 
u_mule2n/g_ppm_reduce[8].u_ppm_csa
                                       0           0    0.001182    0.001182    0.009419 
u_mule2n/g_ppm_reduce[9].u_ppm_csa
                                       0           0    0.001134    0.001134    0.009036 
u_mule2n/g_ppm_reduce[10].u_ppm_csa
                                       0           0    0.001086    0.001086    0.008652 
u_mule2n/g_ppm_reduce[11].u_ppm_csa
                                       0           0    0.001038    0.001038    0.008269 
u_mule2n/g_ppm_reduce[12].u_ppm_csa
                                       0           0   0.0009899   0.0009899    0.007886 
u_mule2n/g_ppm_reduce[13].u_ppm_csa
                                       0           0   0.0009418   0.0009418    0.007503 
u_mule2n/g_ppm_reduce[14].u_ppm_csa
                                       0           0   0.0008937   0.0008937    0.007119 
u_mule2n/g_ppm_reduce[15].u_ppm_csa
                                       0           0   0.0008456   0.0008456    0.006736 
u_mule2n/u_feedback_csa0               0           0    0.001572    0.001572     0.01253 
u_mule2n/u_feedback_csa1               0           0    0.001506    0.001506       0.012 
u_mule3/g_ppm_reduce[1].u_ppm_csa
                                       0           0    0.001428    0.001428     0.01138 
u_mule3/g_ppm_reduce[2].u_ppm_csa
                                       0           0    0.001471    0.001471     0.01172 
u_mule3/g_ppm_reduce[3].u_ppm_csa
                                       0           0    0.001423    0.001423     0.01133 
u_mule3/g_ppm_reduce[4].u_ppm_csa
                                       0           0    0.001375    0.001375     0.01095 
u_mule3/g_ppm_reduce[5].u_ppm_csa
                                       0           0    0.001327    0.001327     0.01057 
u_mule3/g_ppm_reduce[6].u_ppm_csa
                                       0           0    0.001279    0.001279     0.01019 
u_mule3/g_ppm_reduce[7].u_ppm_csa
                                       0           0     0.00123     0.00123    0.009802 
u_mule3/g_ppm_reduce[8].u_ppm_csa
                                       0           0    0.001182    0.001182    0.009419 
u_mule3/g_ppm_reduce[9].u_ppm_csa
                                       0           0    0.001134    0.001134    0.009036 
u_mule3/g_ppm_reduce[10].u_ppm_csa
                                       0           0    0.001086    0.001086    0.008652 
u_mule3/u_feedback_csa0                0           0    0.001572    0.001572     0.01253 
u_mule3/u_feedback_csa1                0           0    0.001505    0.001505     0.01199 
u_mule3n/g_ppm_reduce[1].u_ppm_csa
                               0.0001211   6.083e-05     0.00143    0.001612     0.01284 
u_mule3n/g_ppm_reduce[2].u_ppm_csa
                               0.0001336   8.262e-05    0.001475    0.001692     0.01348 
u_mule3n/g_ppm_reduce[3].u_ppm_csa
                               0.0001429   8.586e-05    0.001427    0.001656     0.01319 
u_mule3n/g_ppm_reduce[4].u_ppm_csa
                               0.0001561   9.474e-05     0.00138    0.001631     0.01299 
u_mule3n/g_ppm_reduce[5].u_ppm_csa
                               0.0001621   9.864e-05    0.001332    0.001593     0.01269 
u_mule3n/g_ppm_reduce[6].u_ppm_csa
                                0.000165   0.0001024    0.001284    0.001551     0.01236 
u_mule3n/g_ppm_reduce[7].u_ppm_csa
                               0.0001472   9.139e-05    0.001235    0.001474     0.01174 
u_mule3n/g_ppm_reduce[8].u_ppm_csa
                               0.0001383   8.381e-05    0.001186    0.001408     0.01122 
u_mule3n/g_ppm_reduce[9].u_ppm_csa
                               0.0001307   8.346e-05    0.001138    0.001352     0.01077 
u_mule3n/g_ppm_reduce[10].u_ppm_csa
                                0.000128   9.833e-05     0.00109    0.001316     0.01049 
u_mule3n/u_feedback_csa0       0.0002146   0.0001393     0.00159    0.001944     0.01549 
u_mule3n/u_feedback_csa1       0.0002615   0.0002375    0.001515    0.002014     0.01604 
u_mule5/g_ppm_reduce[1].u_ppm_csa
                                       0           0    0.001428    0.001428     0.01138 
u_mule5/g_ppm_reduce[2].u_ppm_csa
                                       0           0    0.001471    0.001471     0.01172 
u_mule5/g_ppm_reduce[3].u_ppm_csa
                                       0           0    0.001423    0.001423     0.01133 
u_mule5/g_ppm_reduce[4].u_ppm_csa
                                       0           0    0.001375    0.001375     0.01095 
u_mule5/g_ppm_reduce[5].u_ppm_csa
                                       0           0    0.001327    0.001327     0.01057 
u_mule5/g_ppm_reduce[6].u_ppm_csa
                                       0           0    0.001279    0.001279     0.01019 
u_mule5/u_feedback_csa0                0           0    0.001572    0.001572     0.01253 
u_mule5/u_feedback_csa1                0           0    0.001511    0.001511     0.01204 
u_mule5n/g_ppm_reduce[1].u_ppm_csa
                                       0           0    0.001428    0.001428     0.01138 
u_mule5n/g_ppm_reduce[2].u_ppm_csa
                                       0           0    0.001471    0.001471     0.01172 
u_mule5n/g_ppm_reduce[3].u_ppm_csa
                                       0           0    0.001423    0.001423     0.01133 
u_mule5n/g_ppm_reduce[4].u_ppm_csa
                                       0           0    0.001375    0.001375     0.01095 
u_mule5n/g_ppm_reduce[5].u_ppm_csa
                                       0           0    0.001327    0.001327     0.01057 
u_mule5n/g_ppm_reduce[6].u_ppm_csa
                                       0           0    0.001279    0.001279     0.01019 
u_mule5n/u_feedback_csa0               0           0    0.001572    0.001572     0.01253 
u_mule5n/u_feedback_csa1               0           0    0.001511    0.001511     0.01204 
u_mulp/g_rows[1].u_csa          0.001136    0.000577    0.001457     0.00317     0.02525 
u_mulp/g_rows[2].u_csa          0.001263   0.0007694    0.001516    0.003548     0.02827 
u_mulp/g_rows[3].u_csa          0.001426   0.0008771    0.001475    0.003778     0.03009 
u_mulp/g_rows[4].u_csa          0.001629    0.001009     0.00144    0.004078     0.03248 
u_mulp/g_rows[5].u_csa          0.001704    0.001049    0.001396    0.004149     0.03305 
u_mulp/g_rows[6].u_csa          0.001836     0.00115    0.001351    0.004338     0.03455 
u_mulp/g_rows[7].u_csa          0.001792    0.001137      0.0013    0.004229     0.03369 
u_mulp/g_rows[8].u_csa          0.001647    0.001042    0.001243    0.003932     0.03132 
u_mulp/g_rows[9].u_csa          0.001675    0.001084    0.001198    0.003957     0.03152 
u_mulp/g_rows[10].u_csa         0.001653    0.001054    0.001149    0.003855     0.03071 
u_mulp/g_rows[11].u_csa         0.001433   0.0009282    0.001088    0.003449     0.02747 
u_mulp/g_rows[12].u_csa         0.001393   0.0009319    0.001041    0.003365     0.02681 
u_mulp/g_rows[13].u_csa         0.001282   0.0008338   0.0009872    0.003103     0.02472 
u_mulp/g_rows[14].u_csa         0.001099   0.0007277   0.0009296    0.002756     0.02196 
u_mulp/g_rows[15].u_csa        0.0009457   0.0006488   0.0008751     0.00247     0.01967 
u_mulp/g_rows[16].u_csa        0.0008444   0.0005793   0.0008239    0.002248     0.01791 
u_mulp/g_rows[17].u_csa        0.0007558   0.0005273   0.0007723    0.002055     0.01637 
u_mulp/g_rows[18].u_csa        0.0006734   0.0004606   0.0007217    0.001856     0.01478 
u_mulp/g_rows[19].u_csa        0.0005966   0.0004198   0.0006706    0.001687     0.01344 
u_mulp/g_rows[20].u_csa        0.0005258   0.0003705   0.0006208    0.001517     0.01209 
u_mulp/g_rows[21].u_csa        0.0004598   0.0003196   0.0005706     0.00135     0.01075 
u_mulp/g_rows[22].u_csa        0.0004073   0.0002912   0.0005208    0.001219    0.009713 
u_mulp/g_rows[23].u_csa        0.0003507   0.0002403   0.0004707    0.001062    0.008457 
u_mulp/g_rows[24].u_csa        0.0002971   0.0002152   0.0004208    0.000933    0.007433 
u_mulp/g_rows[25].u_csa        0.0002517   0.0001691   0.0003714   0.0007922    0.006311 
u_mulp/g_rows[26].u_csa        0.0002145   0.0001389    0.000322   0.0006754     0.00538 
u_mulp/g_rows[27].u_csa        0.0001728   0.0001296   0.0002726   0.0005751    0.004581 
u_mulp/g_rows[28].u_csa        0.0001376   9.619e-05   0.0002232    0.000457     0.00364 
u_mulp/g_rows[29].u_csa         0.000105   7.197e-05   0.0001741    0.000351    0.002796 
u_mulp/g_rows[30].u_csa          7.2e-05   5.982e-05   0.0001251   0.0002569    0.002046 
u_mulp/g_rows[31].u_csa        7.364e-05   3.478e-05   7.547e-05   0.0001839    0.001465 
u_mulr/g_bw[1].u_csa           0.0009917   0.0004587    0.001266    0.002717     0.02164 
u_mulr/g_bw[2].u_csa            0.001196   0.0007156    0.001465    0.003376      0.0269 
u_mulr/g_bw[3].u_csa            0.001432   0.0008706    0.001475    0.003778     0.03009 
u_mulr/g_bw[4].u_csa            0.001638     0.00103     0.00144    0.004107     0.03272 
u_mulr/g_bw[5].u_csa            0.001711    0.001082    0.001396    0.004189     0.03337 
u_mulr/g_bw[6].u_csa            0.001844     0.00114    0.001351    0.004336     0.03454 
u_mulr/g_bw[7].u_csa              0.0018    0.001145      0.0013    0.004244     0.03381 
u_mulr/g_bw[8].u_csa            0.001651    0.001037    0.001243    0.003931     0.03131 
u_mulr/g_bw[9].u_csa            0.001682    0.001083    0.001198    0.003963     0.03157 
u_mulr/g_bw[10].u_csa           0.001659    0.001042    0.001149    0.003851     0.03068 
u_mulr/g_bw[11].u_csa           0.001436   0.0009047    0.001088    0.003429     0.02731 
u_mulr/g_bw[12].u_csa           0.001396   0.0008633    0.001041      0.0033     0.02629 
u_mulr/g_bw[13].u_csa           0.001285   0.0008017   0.0009872    0.003074     0.02449 
u_mulr/g_bw[14].u_csa           0.001098   0.0006658    0.000929    0.002693     0.02145 
u_mulr/g_bw[15].u_csa          0.0009439   0.0005549   0.0008745    0.002373     0.01891 
u_mulr/g_bw[16].u_csa          0.0008452   0.0005104   0.0008234    0.002179     0.01736 
u_mulr/g_bw[17].u_csa          0.0007544   0.0004578   0.0007718    0.001984      0.0158 
u_mulr/g_bw[18].u_csa          0.0006734   0.0004039   0.0007217    0.001799     0.01433 
u_mulr/g_bw[19].u_csa          0.0005978   0.0003705   0.0006712    0.001639     0.01306 
u_mulr/g_bw[20].u_csa          0.0005251   0.0003137   0.0006203    0.001459     0.01162 
u_mulr/g_bw[21].u_csa          0.0004593   0.0002707     0.00057      0.0013     0.01036 
u_mulr/g_bw[22].u_csa          0.0004079   0.0002605   0.0005208    0.001189    0.009473 
u_mulr/g_bw[23].u_csa          0.0003509   0.0002091   0.0004707    0.001031    0.008211 
u_mulr/g_bw[24].u_csa          0.0002967   0.0001807   0.0004208   0.0008982    0.007155 
u_mulr/g_bw[25].u_csa          0.0002511   0.0001502   0.0003714   0.0007727    0.006155 
u_mulr/g_bw[26].u_csa          0.0002143   0.0001298    0.000322    0.000666    0.005306 
u_mulr/g_bw[27].u_csa          0.0001721   0.0001093   0.0002726   0.0005541    0.004414 
u_mulr/g_bw[28].u_csa          0.0001374   8.616e-05   0.0002232   0.0004467    0.003559 
u_mulr/g_bw[29].u_csa          0.0001049   6.903e-05   0.0001741    0.000348    0.002772 
u_mulr/g_bw[30].u_csa          7.197e-05   5.352e-05   0.0001251   0.0002505    0.001996 
u_mulr/g_bw[31].u_csa          7.361e-05   4.642e-05   7.547e-05   0.0001955    0.001557 
u_mulr/g_wb1[0].u_csa           0.001348   0.0009621    0.001523    0.003833     0.03053 
u_mulr/g_wb1[1].u_csa           0.001598   0.0009158    0.001437    0.003951     0.03147 
u_mulr/g_wb1[2].u_csa           0.001416   0.0008521    0.001283    0.003551     0.02829 
u_mulr/g_wb1[3].u_csa           0.001189   0.0008229    0.001128    0.003141     0.02502 
u_mulr/g_wb1[4].u_csa          0.0008183   0.0004835   0.0009688    0.002271     0.01809 
u_mulr/g_wb1[5].u_csa          0.0003436   0.0002178   0.0008079    0.001369     0.01091 
u_mulr/g_wb1[6].u_csa          0.0002794   0.0001957   0.0006608    0.001136    0.009049 
u_mulr/g_wb1[7].u_csa          0.0001952   0.0001117   0.0005134   0.0008203    0.006535 
u_mulr/g_wb1[8].u_csa          0.0001141   6.661e-05   0.0003296   0.0005103    0.004065 
u_mulr/g_wb1[9].u_csa          5.724e-05   3.775e-05     0.00022    0.000315    0.002509 
u_mulr/g_wb2[0].u_csa           0.001984    0.001443    0.001542     0.00497     0.03959 
u_mulr/g_wb2[1].u_csa           0.001467   0.0008587    0.001324     0.00365     0.02908 
u_mulr/g_wb2[2].u_csa             0.0014   0.0009076    0.001085    0.003393     0.02703 
u_mulr/g_wb2[3].u_csa          0.0003636   0.0002508   0.0008535    0.001468     0.01169 
u_mulr/g_wb2[4].u_csa          0.0003079   0.0001894   0.0006129     0.00111    0.008844 
u_mulr/g_wb2[5].u_csa           0.000134    8.01e-05   0.0004132   0.0006273    0.004997 
u_mulr/g_wb2[6].u_csa          4.614e-05   2.964e-05   0.0001712   0.0002469    0.001967 
u_mulr/g_wb3[0].u_csa           0.002377    0.001668    0.001511    0.005557     0.04426 
u_mulr/g_wb3[1].u_csa           0.001429    0.000843    0.001177    0.003449     0.02747 
u_mulr/g_wb3[2].u_csa          0.0004464   0.0002968    0.000808    0.001551     0.01236 
u_mulr/g_wb3[3].u_csa          0.0001732   0.0001101   0.0004622   0.0007455    0.005939 
u_mulr/g_wb3[4].u_csa          6.403e-05   4.401e-05   0.0001228   0.0002309    0.001839 
u_mulr/g_wb4[0].u_csa            0.00267    0.001831    0.001467    0.005968     0.04754 
u_mulr/g_wb4[1].u_csa          0.0006134   0.0003527    0.000906    0.001872     0.01491 
u_mulr/g_wb4[2].u_csa          0.0002021   0.0001422   0.0004117    0.000756    0.006023 
u_mulr/g_wb5[0].u_csa           0.002547    0.001618    0.001396    0.005561      0.0443 
u_mulr/g_wb5[1].u_csa           0.000261   0.0001611   0.0005569   0.0009789    0.007798 
u_mulr/u_w6_csa                 0.002376    0.001362    0.001308    0.005046      0.0402 
u_mulr/u_w7_csa                 0.002224    0.001209    0.001231    0.004664     0.03716 
u_mulr/u_w8_csa                 0.002111     0.00116    0.001148    0.004419     0.03521 
u_mulr/u_wallace_ks             0.001641   0.0007543    0.001195     0.00359      0.0286 
u_frontend/u_decode/genblk1.u_fifo
                                  0.1382     0.04571     0.02664      0.2105       1.677 
u_frontend/u_npc/BRANCH_PREDICTION.u_lru
                                 0.00986    0.001679    0.001869     0.01341      0.1068 
u_frontend/u_decode/genblk1.u_dec0
                                0.001199    0.001575    0.002354    0.005128     0.04085 
u_frontend/u_decode/genblk1.u_dec1
                                0.001513    0.002041    0.002365     0.00592     0.04716 
 
 
-----------------------------------------------------------------------------------------
*	Power Distribution Summary: 
*              Highest Average Power:           u_issue/g109754 (AND3_X2):         0.007347
*              Highest Leakage Power:           u_issue/g162069 (AND4_X4):        0.0001893
*                Total Cap:      4.36518e-10 F
*                Total instances in design: 58275
*                Total instances in design with no power:     0
*                Total instances in design with no activty:     0

*                Total Fillers and Decap:     0
-----------------------------------------------------------------------------------------
 
** INFO:  (VOLTUS_POWR-3465): There are 0 decaps and 0 fillers in the design

Ended Static Power Report Generation: (cpu=0:00:00, real=0:00:00,
mem(process/total/peak)=3261.78MB/13012.92MB/8475.68MB)

