env CDS_WORKAREA is set to /home/ykaraagac/cadence-bitirme/Flows/NanGate45/biriscv_mul_mule_power/scripts/cadence

Power Net Detected:
        Voltage	    Name
             0V	    VSS
           1.1V	    VDD
             0V	    VSS
           1.1V	    VDD
Using Power View WC_VIEW
.
AAE_INFO: opIsDesignInPostRouteState() is 1
AAE_INFO: resetNetProps viewIdx 0 
Starting SI iteration 1 using Infinite Timing Windows
#################################################################################
# Design Stage: PostRoute
# Design Name: biriscv_multiplier
# Design Mode: 45nm
# Analysis Mode: MMMC OCV 
# Parasitics Mode: SPEF/RCDB 
# Signoff Settings: SI On 
#################################################################################
Start delay calculation (fullDC) (16 T). (MEM=3341.92)
Total number of fetched objects 2900
AAE_INFO: Total number of nets for which stage creation was skipped for all views 0
AAE_INFO-618: Total number of nets in the design is 2965,  97.8 percent of the nets selected for SI analysis
End delay calculation. (MEM=3381.2 CPU=0:00:00.9 REAL=0:00:00.0)
End delay calculation (fullDC). (MEM=3381.2 CPU=0:00:01.1 REAL=0:00:00.0)
Save waveform /home/ykaraagac/cadence-bitirme/Flows/NanGate45/biriscv_mul_mule_power/scripts/cadence/innovus_temp_902486_a36209cc-e946-4e00-bde2-86d662c7828a_dockereda-rocky8_ykaraagac_9szQb4/.AAE_sQToRl/.AAE_902486_a36209cc-e946-4e00-bde2-86d662c7828a/waveform.data...
Loading CTE timing window with TwFlowType 0...(CPU = 0:00:00.0, REAL = 0:00:00.0, MEM = 3400.1M)
Add other clocks and setupCteToAAEClockMapping during iter 1
Loading CTE timing window is completed (CPU = 0:00:00.0, REAL = 0:00:00.0, MEM = 3400.1M)
Starting SI iteration 2
Start delay calculation (fullDC) (16 T). (MEM=3500.01)
Glitch Analysis: View WC_VIEW -- Total Number of Nets Skipped = 0. 
Glitch Analysis: View WC_VIEW -- Total Number of Nets Analyzed = 2900. 
Total number of fetched objects 2900
AAE_INFO: Total number of nets for which stage creation was skipped for all views 0
AAE_INFO-618: Total number of nets in the design is 2965,  0.0 percent of the nets selected for SI analysis
End delay calculation. (MEM=3504.01 CPU=0:00:00.1 REAL=0:00:00.0)
End delay calculation (fullDC). (MEM=3504.01 CPU=0:00:00.1 REAL=0:00:00.0)
Load RC corner of view WC_VIEW

Begin Power Analysis

             0V	    VSS
           1.1V	    VDD

Begin Processing Timing Library for Power Calculation

Ended Processing Timing Library for Power Calculation: (cpu=0:00:00, real=0:00:00, mem(process/total/peak)=3485.34MB/10782.42MB/3485.34MB)



Begin Processing Power Net/Grid for Power Calculation

Ended Processing Power Net/Grid for Power Calculation: (cpu=0:00:00, real=0:00:00, mem(process/total/peak)=3485.34MB/10782.42MB/3485.34MB)

Begin Processing Timing Window Data for Power Calculation

clk(100MHz) CK: assigning clock clk to net clk_i
Ended Processing Timing Window Data for Power Calculation: (cpu=0:00:00, real=0:00:00, mem(process/total/peak)=3497.34MB/11814.48MB/3497.34MB)

Begin Processing User Attributes

Ended Processing User Attributes: (cpu=0:00:00, real=0:00:00, mem(process/total/peak)=3497.34MB/11814.48MB/3497.34MB)

Begin Processing Signal Activity


Starting Levelizing
2026-Jun-07 20:33:02 (2026-Jun-07 20:33:02 GMT)
2026-Jun-07 20:33:02 (2026-Jun-07 20:33:02 GMT): 10%
2026-Jun-07 20:33:02 (2026-Jun-07 20:33:02 GMT): 20%
2026-Jun-07 20:33:02 (2026-Jun-07 20:33:02 GMT): 30%
2026-Jun-07 20:33:02 (2026-Jun-07 20:33:02 GMT): 40%
2026-Jun-07 20:33:02 (2026-Jun-07 20:33:02 GMT): 50%
2026-Jun-07 20:33:02 (2026-Jun-07 20:33:02 GMT): 60%
2026-Jun-07 20:33:02 (2026-Jun-07 20:33:02 GMT): 70%
2026-Jun-07 20:33:02 (2026-Jun-07 20:33:02 GMT): 80%
2026-Jun-07 20:33:02 (2026-Jun-07 20:33:02 GMT): 90%

Finished Levelizing
2026-Jun-07 20:33:02 (2026-Jun-07 20:33:02 GMT)

Starting Activity Propagation
2026-Jun-07 20:33:02 (2026-Jun-07 20:33:02 GMT)
** INFO:  (VOLTUS_POWR-1356): No default input activity has been set. Defaulting to 0.2.
Use 'set_default_switching_activity -input_activity' command to change the default activity value.

2026-Jun-07 20:33:02 (2026-Jun-07 20:33:02 GMT): 10%
2026-Jun-07 20:33:02 (2026-Jun-07 20:33:02 GMT): 20%

Finished Activity Propagation
2026-Jun-07 20:33:02 (2026-Jun-07 20:33:02 GMT)

Activity annotation summary:
        Primary Inputs : 148/148 = 100%
          Flop outputs : 99/198 = 50%
  Memory/Macro outputs : 0/0 = 0%
      Tristate outputs : 0/0 = 0%
            Total Nets : 247/2963 = 8.33615%

Ended Processing Signal Activity: (cpu=0:00:00, real=0:00:00, mem(process/total/peak)=3497.34MB/11814.48MB/3497.34MB)

Begin Power Computation

      ----------------------------------------------------------
      # of cell(s) missing both power/leakage table: 0
      # of cell(s) missing power table: 0
      # of cell(s) missing leakage table: 0
      ----------------------------------------------------------



Starting Calculating power
2026-Jun-07 20:33:02 (2026-Jun-07 20:33:02 GMT)
2026-Jun-07 20:33:02 (2026-Jun-07 20:33:02 GMT): 10%
2026-Jun-07 20:33:02 (2026-Jun-07 20:33:02 GMT): 20%
2026-Jun-07 20:33:02 (2026-Jun-07 20:33:02 GMT): 30%
2026-Jun-07 20:33:02 (2026-Jun-07 20:33:02 GMT): 40%
2026-Jun-07 20:33:02 (2026-Jun-07 20:33:02 GMT): 50%
2026-Jun-07 20:33:02 (2026-Jun-07 20:33:02 GMT): 60%
2026-Jun-07 20:33:02 (2026-Jun-07 20:33:02 GMT): 70%
2026-Jun-07 20:33:02 (2026-Jun-07 20:33:02 GMT): 80%
2026-Jun-07 20:33:02 (2026-Jun-07 20:33:02 GMT): 90%

Finished Calculating power
2026-Jun-07 20:33:02 (2026-Jun-07 20:33:02 GMT)
      # of MSMV cell(s) missing power_level: 0
Ended Power Computation: (cpu=0:00:00, real=0:00:00, mem(process/total/peak)=3509.34MB/11980.55MB/3509.34MB)

Begin Processing User Attributes

Begin Processing set_power
Ended Processing set_power: (cpu=0:00:00, real=0:00:00,
mem(process/total/peak)=3509.34MB/11980.55MB/3509.34MB)
Ended Processing User Attributes: (cpu=0:00:00, real=0:00:00, mem(process/total/peak)=3509.34MB/11980.55MB/3509.34MB)

Ended Power Analysis: (cpu=0:00:00, real=0:00:00, mem(process/total/peak)=3509.34MB/11980.55MB/3509.34MB)

Begin Boundary Leakage Calculation
Ended Boundary Leakage Calculation: (cpu=0:00:00, real=0:00:00,
mem(process/total/peak)=3509.34MB/11980.55MB/3509.34MB)
Begin Static Power Report Generation
*----------------------------------------------------------------------------------------
*	Innovus 25.12-s079_1 (64bit) 11/18/2025 12:56 (Linux 4.18.0-305.el8.x86_64)
*	
*
* 	Date & Time:	2026-Jun-07 20:33:03 (2026-Jun-07 20:33:03 GMT)
*
*----------------------------------------------------------------------------------------
*
*	Design: biriscv_multiplier
*
*	Liberty Libraries used:
*	        /home/ykaraagac/cadence-bitirme/Enablements/NanGate45/lib/NangateOpenCellLibrary_typical.lib
*
*	Parasitic Files used:
*
*       Dynamic View: WC_VIEW
*
*       Leakage View: WC_VIEW
*
*       User-Defined Activity : N.A.
*
*	Switching Activity File used:
*	        /home/ykaraagac/cadence-bitirme/Flows/NanGate45/biriscv_mul_mule_power/scripts/cadence/outputs/vcd/mul_standalone.vcd
*                  Vcd Window used(Start Time, Stop Time):  
*                Vcd Scale Factor: 1
*
*       Hierarchical Global Activity: N.A.
*
*       Global Activity: N.A.
*
*       Sequential Element Activity: 0.200000
*
*       Primary Input Activity: 0.200000
*
*       Default icg ratio: N.A.
*
*       Global Comb ClockGate Ratio: N.A.
*
*	Power Units = 1mW
*
*	Time Units = 1e-09 secs
*
*       report_power
*
-----------------------------------------------------------------------------------------
*



Total Power
-----------------------------------------------------------------------------------------
Total Internal Power:        0.92883192 	   49.1517%
Total Switching Power:       0.86421389 	   45.7322%
Total Leakage Power:         0.09668015 	    5.1161%
Total Power:                 1.88972596
-----------------------------------------------------------------------------------------


Group                           Internal   Switching     Leakage       Total  Percentage 
                                Power      Power         Power         Power  (%)        
-----------------------------------------------------------------------------------------
Sequential                       0.07543     0.08156    0.009023       0.166       8.785
Macro                                  0           0           0           0           0
IO                                     0           0           0           0           0
Combinational                     0.8534      0.7827     0.08766       1.724       91.21
Clock (Combinational)                  0           0           0           0           0
Clock (Sequential)                     0           0           0           0           0
-----------------------------------------------------------------------------------------
Total                             0.9288      0.8642     0.09668        1.89         100
-----------------------------------------------------------------------------------------


Rail                  Voltage   Internal   Switching     Leakage       Total  Percentage 
                                Power      Power         Power         Power  (%)        
-----------------------------------------------------------------------------------------
VDD                       1.1     0.9288      0.8642     0.09668        1.89         100
 
 
-----------------------------------------------------------------------------------------
*	Power Distribution Summary: 
*              Highest Average Power:         mul_123_68_g18197 (AND2_X2):          0.00594
*              Highest Leakage Power:               g3885__2802 (AND4_X4):        0.0001884
*                Total Cap:      1.75893e-11 F
*                Total instances in design:  2346
*                Total instances in design with no power:     0
*                Total instances in design with no activty:     0

*                Total Fillers and Decap:     0
-----------------------------------------------------------------------------------------
 
** INFO:  (VOLTUS_POWR-3465): There are 0 decaps and 0 fillers in the design

Ended Static Power Report Generation: (cpu=0:00:00, real=0:00:00,
mem(process/total/peak)=3510.34MB/11980.55MB/3510.34MB)

