env CDS_WORKAREA is set to /home/ykaraagac/cadence-bitirme/Flows/NanGate45/biriscv_2mul_vs_hybrid/scripts/cadence

Power Net Detected:
        Voltage	    Name
             0V	    VSS
           1.1V	    VDD
             0V	    VSS
           1.1V	    VDD
Using Power View WC_VIEW
.
AAE_INFO: opIsDesignInPostRouteState() is 1
AAE_INFO: resetNetProps viewIdx 0 
Starting SI iteration 1 using Infinite Timing Windows
#################################################################################
# Design Stage: PostRoute
# Design Name: riscv_core
# Design Mode: 45nm
# Analysis Mode: MMMC OCV 
# Parasitics Mode: SPEF/RCDB 
# Signoff Settings: SI On 
#################################################################################
Start delay calculation (fullDC) (16 T). (MEM=3828.43)
Total number of fetched objects 36170
AAE_INFO: Total number of nets for which stage creation was skipped for all views 0
AAE_INFO-618: Total number of nets in the design is 39926,  90.6 percent of the nets selected for SI analysis
End delay calculation. (MEM=3888.01 CPU=0:00:07.5 REAL=0:00:00.0)
End delay calculation (fullDC). (MEM=3888.01 CPU=0:00:08.2 REAL=0:00:00.0)
Save waveform /home/ykaraagac/cadence-bitirme/Flows/NanGate45/biriscv_2mul_vs_hybrid/scripts/cadence/innovus_temp_999281_ec07af7c-bbf4-4e1d-99ec-b670f53ff22b_dockereda-rocky8_ykaraagac_YrYJIl/.AAE_SkpmXD/.AAE_999281_ec07af7c-bbf4-4e1d-99ec-b670f53ff22b/waveform.data...
Loading CTE timing window with TwFlowType 0...(CPU = 0:00:00.0, REAL = 0:00:00.0, MEM = 3912.0M)
Add other clocks and setupCteToAAEClockMapping during iter 1
Loading CTE timing window is completed (CPU = 0:00:00.3, REAL = 0:00:00.0, MEM = 3912.0M)
Starting SI iteration 2
Start delay calculation (fullDC) (16 T). (MEM=4047.77)
Glitch Analysis: View WC_VIEW -- Total Number of Nets Skipped = 0. 
Glitch Analysis: View WC_VIEW -- Total Number of Nets Analyzed = 36170. 
Total number of fetched objects 36170
AAE_INFO: Total number of nets for which stage creation was skipped for all views 0
AAE_INFO-618: Total number of nets in the design is 39926,  0.1 percent of the nets selected for SI analysis
End delay calculation. (MEM=4067.77 CPU=0:00:00.7 REAL=0:00:00.0)
End delay calculation (fullDC). (MEM=4067.77 CPU=0:00:00.8 REAL=0:00:00.0)
Load RC corner of view WC_VIEW

Begin Power Analysis

             0V	    VSS
           1.1V	    VDD

Begin Processing Timing Library for Power Calculation

Ended Processing Timing Library for Power Calculation: (cpu=0:00:00, real=0:00:00, mem(process/total/peak)=4042.92MB/12535.53MB/4160.40MB)



Begin Processing Power Net/Grid for Power Calculation

Ended Processing Power Net/Grid for Power Calculation: (cpu=0:00:00, real=0:00:00, mem(process/total/peak)=4042.92MB/12535.53MB/4160.40MB)

Begin Processing Timing Window Data for Power Calculation

clk(100MHz) CK: assigning clock clk to net clk_i
Ended Processing Timing Window Data for Power Calculation: (cpu=0:00:00, real=0:00:00, mem(process/total/peak)=4056.92MB/13567.59MB/4160.40MB)

Begin Processing User Attributes

Ended Processing User Attributes: (cpu=0:00:00, real=0:00:00, mem(process/total/peak)=4056.92MB/13567.59MB/4160.40MB)

Begin Processing Signal Activity


Starting Levelizing
2026-Jun-07 21:37:16 (2026-Jun-07 21:37:16 GMT)
2026-Jun-07 21:37:16 (2026-Jun-07 21:37:16 GMT): 10%
2026-Jun-07 21:37:16 (2026-Jun-07 21:37:16 GMT): 20%
2026-Jun-07 21:37:16 (2026-Jun-07 21:37:16 GMT): 30%
2026-Jun-07 21:37:16 (2026-Jun-07 21:37:16 GMT): 40%
2026-Jun-07 21:37:16 (2026-Jun-07 21:37:16 GMT): 50%
2026-Jun-07 21:37:16 (2026-Jun-07 21:37:16 GMT): 60%
2026-Jun-07 21:37:16 (2026-Jun-07 21:37:16 GMT): 70%
2026-Jun-07 21:37:16 (2026-Jun-07 21:37:16 GMT): 80%
2026-Jun-07 21:37:16 (2026-Jun-07 21:37:16 GMT): 90%

Finished Levelizing
2026-Jun-07 21:37:16 (2026-Jun-07 21:37:16 GMT)

Starting Activity Propagation
2026-Jun-07 21:37:16 (2026-Jun-07 21:37:16 GMT)
** INFO:  (VOLTUS_POWR-1356): No default input activity has been set. Defaulting to 0.2.
Use 'set_default_switching_activity -input_activity' command to change the default activity value.

2026-Jun-07 21:37:16 (2026-Jun-07 21:37:16 GMT): 10%
2026-Jun-07 21:37:16 (2026-Jun-07 21:37:16 GMT): 20%

Finished Activity Propagation
2026-Jun-07 21:37:17 (2026-Jun-07 21:37:17 GMT)

Activity annotation summary:
        Primary Inputs : 180/180 = 100%
          Flop outputs : 1872/10340 = 18.1044%
  Memory/Macro outputs : 0/0 = 0%
      Tristate outputs : 0/0 = 0%
            Total Nets : 3704/36181 = 10.2374%

Ended Processing Signal Activity: (cpu=0:00:01, real=0:00:01, mem(process/total/peak)=4057.92MB/13567.59MB/4160.40MB)

Begin Power Computation

      ----------------------------------------------------------
      # of cell(s) missing both power/leakage table: 0
      # of cell(s) missing power table: 0
      # of cell(s) missing leakage table: 0
      ----------------------------------------------------------



Starting Calculating power
2026-Jun-07 21:37:17 (2026-Jun-07 21:37:17 GMT)
2026-Jun-07 21:37:17 (2026-Jun-07 21:37:17 GMT): 10%
2026-Jun-07 21:37:17 (2026-Jun-07 21:37:17 GMT): 20%
2026-Jun-07 21:37:17 (2026-Jun-07 21:37:17 GMT): 30%
2026-Jun-07 21:37:18 (2026-Jun-07 21:37:18 GMT): 40%
2026-Jun-07 21:37:18 (2026-Jun-07 21:37:18 GMT): 50%
2026-Jun-07 21:37:18 (2026-Jun-07 21:37:18 GMT): 60%
2026-Jun-07 21:37:18 (2026-Jun-07 21:37:18 GMT): 70%
2026-Jun-07 21:37:18 (2026-Jun-07 21:37:18 GMT): 80%
2026-Jun-07 21:37:18 (2026-Jun-07 21:37:18 GMT): 90%

Finished Calculating power
2026-Jun-07 21:37:18 (2026-Jun-07 21:37:18 GMT)
      # of MSMV cell(s) missing power_level: 0
Ended Power Computation: (cpu=0:00:03, real=0:00:00, mem(process/total/peak)=4070.92MB/13733.66MB/4160.40MB)

Begin Processing User Attributes

Begin Processing set_power
Ended Processing set_power: (cpu=0:00:00, real=0:00:00,
mem(process/total/peak)=4070.92MB/13733.66MB/4160.40MB)
Ended Processing User Attributes: (cpu=0:00:00, real=0:00:00, mem(process/total/peak)=4070.92MB/13733.66MB/4160.40MB)

Ended Power Analysis: (cpu=0:00:03, real=0:00:02, mem(process/total/peak)=4070.92MB/13733.66MB/4160.40MB)

Begin Boundary Leakage Calculation
Ended Boundary Leakage Calculation: (cpu=0:00:00, real=0:00:00,
mem(process/total/peak)=4070.92MB/13733.66MB/4160.40MB)
Begin Static Power Report Generation
*----------------------------------------------------------------------------------------
*	Innovus 25.12-s079_1 (64bit) 11/18/2025 12:56 (Linux 4.18.0-305.el8.x86_64)
*	
*
* 	Date & Time:	2026-Jun-07 21:37:18 (2026-Jun-07 21:37:18 GMT)
*
*----------------------------------------------------------------------------------------
*
*	Design: riscv_core
*
*	Liberty Libraries used:
*	        /home/ykaraagac/cadence-bitirme/Enablements/NanGate45/lib/NangateOpenCellLibrary_typical.lib
*
*	Parasitic Files used:
*
*       Dynamic View: WC_VIEW
*
*       Leakage View: WC_VIEW
*
*       User-Defined Activity : N.A.
*
*	Switching Activity File used:
*	        /home/ykaraagac/cadence-bitirme/Flows/NanGate45/biriscv_2mul_vs_hybrid/scripts/cadence/outputs/vcd/core_2standard_matmul_no_mule.vcd
*                  Vcd Window used(Start Time, Stop Time):  
*                Vcd Scale Factor: 1
*
*       Hierarchical Global Activity: N.A.
*
*       Global Activity: N.A.
*
*       Sequential Element Activity: 0.200000
*
*       Primary Input Activity: 0.200000
*
*       Default icg ratio: N.A.
*
*       Global Comb ClockGate Ratio: N.A.
*
*	Power Units = 1mW
*
*	Time Units = 1e-09 secs
*
*       report_power
*
-----------------------------------------------------------------------------------------
*



Total Power
-----------------------------------------------------------------------------------------
Total Internal Power:        4.72467837 	   53.6580%
Total Switching Power:       2.87017545 	   32.5965%
Total Leakage Power:         1.21031444 	   13.7455%
Total Power:                 8.80516825
-----------------------------------------------------------------------------------------


Group                           Internal   Switching     Leakage       Total  Percentage 
                                Power      Power         Power         Power  (%)        
-----------------------------------------------------------------------------------------
Sequential                         2.858      0.3871       0.493       3.738       42.45
Macro                                  0           0           0           0           0
IO                                     0           0           0           0           0
Combinational                      1.397       1.513      0.7034       3.612       41.03
Clock (Combinational)             0.4702      0.9705     0.01385       1.455       16.52
Clock (Sequential)                     0           0           0           0           0
-----------------------------------------------------------------------------------------
Total                              4.725        2.87        1.21       8.805         100
-----------------------------------------------------------------------------------------


Rail                  Voltage   Internal   Switching     Leakage       Total  Percentage 
                                Power      Power         Power         Power  (%)        
-----------------------------------------------------------------------------------------
VDD                       1.1      4.725        2.87        1.21       8.805         100


Clock                           Internal   Switching     Leakage       Total  Percentage 
                                Power      Power         Power         Power  (%)        
-----------------------------------------------------------------------------------------
clk                               0.4702      0.9705     0.01385       1.455       16.52
-----------------------------------------------------------------------------------------
Total                             0.4702      0.9705     0.01385       1.455       16.52
-----------------------------------------------------------------------------------------
Clock: clk
Clock Period: 0.010000 usec 
Clock Toggle Rate:   200.0000 Mhz 
Clock Static Probability:  0.5000
  
 
 
-----------------------------------------------------------------------------------------
*	Power Distribution Summary: 
*              Highest Average Power: u_frontend/u_decode/genblk1.u_fifo/g3480 (OR2_X4):         0.006302
*              Highest Leakage Power:            u_issue/g32278 (AND4_X4):        0.0001893
*                Total Cap:      2.2978e-10 F
*                Total instances in design: 29864
*                Total instances in design with no power:     0
*                Total instances in design with no activty:     0

*                Total Fillers and Decap:     0
-----------------------------------------------------------------------------------------
 
** INFO:  (VOLTUS_POWR-3465): There are 0 decaps and 0 fillers in the design

Ended Static Power Report Generation: (cpu=0:00:00, real=0:00:00,
mem(process/total/peak)=4079.92MB/13733.66MB/4160.40MB)

