env CDS_WORKAREA is set to /home/ykaraagac/cadence-bitirme/Flows/NanGate45/biriscv_2mul_vs_hybrid/scripts/cadence
             0V	    VSS
           1.1V	    VDD
Using Power View WC_VIEW
.
Load RC corner of view WC_VIEW

Begin Power Analysis

             0V	    VSS
           1.1V	    VDD

Begin Processing Timing Library for Power Calculation

Ended Processing Timing Library for Power Calculation: (cpu=0:00:00, real=0:00:00, mem(process/total/peak)=2837.75MB/8681.75MB/2837.75MB)



Begin Processing Power Net/Grid for Power Calculation

Ended Processing Power Net/Grid for Power Calculation: (cpu=0:00:00, real=0:00:00, mem(process/total/peak)=2837.75MB/8681.75MB/2837.75MB)

Begin Processing Timing Window Data for Power Calculation

clk(100MHz) CK: assigning clock clk to net clk_i
Ended Processing Timing Window Data for Power Calculation: (cpu=0:00:00, real=0:00:00, mem(process/total/peak)=2837.75MB/8681.75MB/2837.75MB)

Begin Processing User Attributes

Ended Processing User Attributes: (cpu=0:00:00, real=0:00:00, mem(process/total/peak)=2837.75MB/8681.75MB/2837.75MB)

Begin Processing Signal Activity


Starting Activity Propagation
2026-Jun-09 07:47:14 (2026-Jun-09 07:47:14 GMT)
2026-Jun-09 07:47:14 (2026-Jun-09 07:47:14 GMT): 10%
2026-Jun-09 07:47:14 (2026-Jun-09 07:47:14 GMT): 20%

Finished Activity Propagation
2026-Jun-09 07:47:15 (2026-Jun-09 07:47:15 GMT)

Activity annotation summary:
        Primary Inputs : 180/180 = 100%
          Flop outputs : 1909/10414 = 18.3311%
  Memory/Macro outputs : 0/0 = 0%
      Tristate outputs : 0/0 = 0%
            Total Nets : 3867/35059 = 11.03%

Ended Processing Signal Activity: (cpu=0:00:00, real=0:00:00, mem(process/total/peak)=2837.75MB/8681.75MB/2837.75MB)

Begin Power Computation

      ----------------------------------------------------------
      # of cell(s) missing both power/leakage table: 0
      # of cell(s) missing power table: 0
      # of cell(s) missing leakage table: 0
      ----------------------------------------------------------



Starting Calculating power
2026-Jun-09 07:47:15 (2026-Jun-09 07:47:15 GMT)
 ... Calculating switching power
2026-Jun-09 07:47:15 (2026-Jun-09 07:47:15 GMT): 10%
2026-Jun-09 07:47:15 (2026-Jun-09 07:47:15 GMT): 20%
2026-Jun-09 07:47:15 (2026-Jun-09 07:47:15 GMT): 30%
2026-Jun-09 07:47:15 (2026-Jun-09 07:47:15 GMT): 40%
2026-Jun-09 07:47:15 (2026-Jun-09 07:47:15 GMT): 50%
 ... Calculating internal and leakage power
2026-Jun-09 07:47:15 (2026-Jun-09 07:47:15 GMT): 60%
2026-Jun-09 07:47:16 (2026-Jun-09 07:47:16 GMT): 70%
2026-Jun-09 07:47:17 (2026-Jun-09 07:47:17 GMT): 80%
2026-Jun-09 07:47:18 (2026-Jun-09 07:47:18 GMT): 90%

Finished Calculating power
2026-Jun-09 07:47:18 (2026-Jun-09 07:47:18 GMT)
      # of MSMV cell(s) missing power_level: 0
Ended Power Computation: (cpu=0:00:03, real=0:00:03, mem(process/total/peak)=2837.75MB/8681.75MB/2837.75MB)

Begin Processing User Attributes

Begin Processing set_power
Ended Processing set_power: (cpu=0:00:00, real=0:00:00,
mem(process/total/peak)=2837.75MB/8681.75MB/2837.75MB)
Ended Processing User Attributes: (cpu=0:00:00, real=0:00:00, mem(process/total/peak)=2837.75MB/8681.75MB/2837.75MB)

Ended Power Analysis: (cpu=0:00:04, real=0:00:04, mem(process/total/peak)=2837.75MB/8681.75MB/2837.75MB)

Begin Boundary Leakage Calculation
Ended Boundary Leakage Calculation: (cpu=0:00:00, real=0:00:00,
mem(process/total/peak)=2837.75MB/8681.75MB/2837.75MB)
Begin Static Power Report Generation
*----------------------------------------------------------------------------------------
*	Innovus 25.12-s079_1 (64bit) 11/18/2025 12:56 (Linux 4.18.0-305.el8.x86_64)
*	
*
* 	Date & Time:	2026-Jun-09 07:47:18 (2026-Jun-09 07:47:18 GMT)
*
*----------------------------------------------------------------------------------------
*
*	Design: riscv_core
*
*	Liberty Libraries used:
*	        /home/ykaraagac/cadence-bitirme/Enablements/NanGate45/lib/NangateOpenCellLibrary_typical.lib
*
*	Parasitic Files used:
*
*       Dynamic View: WC_VIEW
*
*       Leakage View: WC_VIEW
*
*       User-Defined Activity : N.A.
*
*	Switching Activity File used:
*	        /home/ykaraagac/cadence-bitirme/Flows/NanGate45/biriscv_2mul_vs_hybrid/scripts/cadence/outputs/job7_near_free_runs/extended_estrin_near_free_relaxed_mule/vcd/core_hybrid.vcd
*                  Vcd Window used(Start Time, Stop Time):  
*                Vcd Scale Factor: 1
*
*       Hierarchical Global Activity: N.A.
*
*       Global Activity: N.A.
*
*       Sequential Element Activity: 0.200000
*
*       Primary Input Activity: 0.200000
*
*       Default icg ratio: N.A.
*
*       Global Comb ClockGate Ratio: N.A.
*
*	Power Units = 1mW
*
*	Time Units = 1e-09 secs
*
*       report_power -hierarchy all
*
-----------------------------------------------------------------------------------------
*



Total Power
-----------------------------------------------------------------------------------------
Total Internal Power:        4.56067236 	   52.8095%
Total Switching Power:       2.88915340 	   33.4545%
Total Leakage Power:         1.18625196 	   13.7360%
Total Power:                 8.63607772
-----------------------------------------------------------------------------------------


Group                           Internal   Switching     Leakage       Total  Percentage 
                                Power      Power         Power         Power  (%)        
-----------------------------------------------------------------------------------------
Sequential                         2.876       0.398      0.4994       3.773       43.69
Macro                                  0           0           0           0           0
IO                                     0           0           0           0           0
Combinational                      1.208       1.511      0.6728       3.392       39.28
Clock (Combinational)             0.4766      0.9803     0.01403       1.471       17.03
Clock (Sequential)                     0           0           0           0           0
-----------------------------------------------------------------------------------------
Total                              4.561       2.889       1.186       8.636         100
-----------------------------------------------------------------------------------------


Clock                           Internal   Switching     Leakage       Total  Percentage 
                                Power      Power         Power         Power  (%)        
-----------------------------------------------------------------------------------------
clk                               0.4766      0.9803     0.01403       1.471       17.03
-----------------------------------------------------------------------------------------
Total                             0.4766      0.9803     0.01403       1.471       17.03
-----------------------------------------------------------------------------------------
Clock: clk
Clock Period: 0.010000 usec 
Clock Toggle Rate:   200.0000 Mhz 
Clock Static Probability:  0.5000
  


Rail                  Voltage   Internal   Switching     Leakage       Total  Percentage 
                                Power      Power         Power         Power  (%)        
-----------------------------------------------------------------------------------------
VDD                       1.1      4.561       2.889       1.186       8.636         100


Hierarchy                       Internal   Switching     Leakage       Total  Percentage 
                                Power      Power         Power         Power  (%)        
-----------------------------------------------------------------------------------------
u_csr                             0.1931     0.02547     0.06064      0.2792       3.233 
u_div                             0.1413     0.03056      0.0456      0.2175       2.518 
u_exec0                           0.1233      0.1148     0.04269      0.2807       3.251 
u_exec1                           0.1065     0.09588     0.04133      0.2437       2.822 
u_frontend                         1.845      0.8186       0.462       3.125       36.19 
u_issue                            1.293      0.9591      0.3758       2.628       30.43 
u_lsu                              0.096     0.03688     0.02809       0.161       1.864 
u_mul                             0.5269      0.4676     0.08641       1.081       12.52 
u_mule                           0.07913     0.02248     0.03869      0.1403       1.625 
u_csr/u_csrfile                   0.1336     0.01056     0.04434      0.1885       2.182 
u_frontend/u_decode               0.1372      0.0446     0.03031      0.2121       2.456 
u_frontend/u_fetch                0.1041     0.02165     0.02768      0.1534       1.776 
u_frontend/u_npc                   1.568      0.6832      0.4027       2.654       30.73 
u_issue/u_pipe0_ctrl              0.1813     0.04336     0.04264      0.2673       3.095 
u_issue/u_pipe1_ctrl              0.1027     0.02492     0.02769      0.1553       1.799 
u_issue/u_regfile                 0.8682      0.5795       0.237       1.685       19.51 
u_lsu/u_lsu_request              0.03671    0.002959    0.009409     0.04908      0.5683 
u_exec0/u_alu                    0.05824     0.07459     0.02071      0.1535       1.778 
u_exec1/u_alu                    0.03643     0.05069     0.02018      0.1073       1.242 
u_frontend/u_decode/genblk1.u_fifo
                                  0.1336     0.04128     0.02533      0.2002       2.319 
u_frontend/u_npc/BRANCH_PREDICTION.u_lru
                                 0.01073    0.001608    0.001928     0.01426      0.1652 
u_frontend/u_decode/genblk1.u_dec0
                               0.0006446   0.0006564    0.001707    0.003008     0.03483 
u_frontend/u_decode/genblk1.u_dec1
                                0.001116    0.001424    0.001704    0.004244     0.04914 
 
 
-----------------------------------------------------------------------------------------
*	Power Distribution Summary: 
*              Highest Average Power:            u_issue/g31226 (AND2_X2):         0.005952
*              Highest Leakage Power:            u_issue/g33248 (AND4_X4):        0.0001893
*                Total Cap:      2.19821e-10 F
*                Total instances in design: 28954
*                Total instances in design with no power:     0
*                Total instances in design with no activty:     0

*                Total Fillers and Decap:     0
-----------------------------------------------------------------------------------------
 
** INFO:  (VOLTUS_POWR-3465): There are 0 decaps and 0 fillers in the design

Ended Static Power Report Generation: (cpu=0:00:00, real=0:00:00,
mem(process/total/peak)=2837.75MB/8681.75MB/2837.75MB)

