============================================================
  Generated by:           Genus(TM) Synthesis Solution 23.13-s073_1
  Generated on:           Dec 29 2025  10:05:57 am
  Module:                 riscv_core
  Technology libraries:   sram_asap7_64x256_1rw 1.0
                          asap7sc7p5t_OA_RVT_FF_nldm_201020 1.0
                          asap7sc7p5t_SEQ_RVT_FF_nldm_201020 1.0
                          sram_asap7_16x256_1rw 1.0
                          sram_asap7_64x64_1rw 1.0
                          asap7sc7p5t_AO_RVT_FF_nldm_201020 1.0
                          asap7sc7p5t_INVBUF_RVT_FF_nldm_201020 1.0
                          asap7sc7p5t_SIMPLE_RVT_FF_nldm_201020 1.0
                          sram_asap7_32x256_1rw 1.0
  Operating conditions:   tt_1.0_25.0 (balanced_tree)
  Wireload mode:          enclosed
  Area mode:              timing library
============================================================

                                               
           Gate            Instances    Area                    Library                 
----------------------------------------------------------------------------------------
A2O1A1Ixp33_ASAP7_75t_R           67     5.861    asap7sc7p5t_AO_RVT_FF_nldm_201020     
A2O1A1O1Ixp25_ASAP7_75t_R          1     0.131    asap7sc7p5t_AO_RVT_FF_nldm_201020     
AND2x2_ASAP7_75t_R               207    18.108    asap7sc7p5t_SIMPLE_RVT_FF_nldm_201020 
AND3x1_ASAP7_75t_R                23     2.012    asap7sc7p5t_SIMPLE_RVT_FF_nldm_201020 
AND4x1_ASAP7_75t_R               317    32.353    asap7sc7p5t_SIMPLE_RVT_FF_nldm_201020 
AND5x1_ASAP7_75t_R               157    18.312    asap7sc7p5t_SIMPLE_RVT_FF_nldm_201020 
AO21x1_ASAP7_75t_R                27     2.362    asap7sc7p5t_AO_RVT_FF_nldm_201020     
AO21x2_ASAP7_75t_R                 1     0.102    asap7sc7p5t_AO_RVT_FF_nldm_201020     
AO221x1_ASAP7_75t_R               24     3.499    asap7sc7p5t_AO_RVT_FF_nldm_201020     
AO222x2_ASAP7_75t_R              159    27.819    asap7sc7p5t_AO_RVT_FF_nldm_201020     
AO22x1_ASAP7_75t_R               506    66.397    asap7sc7p5t_AO_RVT_FF_nldm_201020     
AO32x1_ASAP7_75t_R                 2     0.233    asap7sc7p5t_AO_RVT_FF_nldm_201020     
AOI211xp5_ASAP7_75t_R            243    21.258    asap7sc7p5t_AO_RVT_FF_nldm_201020     
AOI21xp33_ASAP7_75t_R            675    49.208    asap7sc7p5t_AO_RVT_FF_nldm_201020     
AOI21xp5_ASAP7_75t_R               2     0.146    asap7sc7p5t_AO_RVT_FF_nldm_201020     
AOI221xp5_ASAP7_75t_R           1067   108.898    asap7sc7p5t_AO_RVT_FF_nldm_201020     
AOI222xp33_ASAP7_75t_R          1547   225.553    asap7sc7p5t_AO_RVT_FF_nldm_201020     
AOI22x1_ASAP7_75t_R               17     2.479    asap7sc7p5t_AO_RVT_FF_nldm_201020     
AOI22xp33_ASAP7_75t_R           6964   609.211    asap7sc7p5t_AO_RVT_FF_nldm_201020     
AOI22xp5_ASAP7_75t_R              13     1.137    asap7sc7p5t_AO_RVT_FF_nldm_201020     
AOI311xp33_ASAP7_75t_R             3     0.306    asap7sc7p5t_AO_RVT_FF_nldm_201020     
AOI31xp33_ASAP7_75t_R             13     1.137    asap7sc7p5t_AO_RVT_FF_nldm_201020     
AOI321xp33_ASAP7_75t_R             1     0.117    asap7sc7p5t_AO_RVT_FF_nldm_201020     
AOI322xp5_ASAP7_75t_R              3     0.394    asap7sc7p5t_AO_RVT_FF_nldm_201020     
AOI32xp33_ASAP7_75t_R            401    40.926    asap7sc7p5t_AO_RVT_FF_nldm_201020     
AOI331xp33_ASAP7_75t_R             1     0.131    asap7sc7p5t_AO_RVT_FF_nldm_201020     
AOI33xp33_ASAP7_75t_R             17     1.983    asap7sc7p5t_AO_RVT_FF_nldm_201020     
ASYNC_DFFHx1_ASAP7_75t_R        4215  1597.822    asap7sc7p5t_SEQ_RVT_FF_nldm_201020    
BUFx6f_ASAP7_75t_R                17     2.479    asap7sc7p5t_INVBUF_RVT_FF_nldm_201020 
DFFHQNx1_ASAP7_75t_R             992   289.267    asap7sc7p5t_SEQ_RVT_FF_nldm_201020    
HB1xp67_ASAP7_75t_R                4     0.233    asap7sc7p5t_INVBUF_RVT_FF_nldm_201020 
INVx1_ASAP7_75t_R               1837    80.350    asap7sc7p5t_INVBUF_RVT_FF_nldm_201020 
INVx2_ASAP7_75t_R                 21     1.225    asap7sc7p5t_INVBUF_RVT_FF_nldm_201020 
INVx3_ASAP7_75t_R                  3     0.219    asap7sc7p5t_INVBUF_RVT_FF_nldm_201020 
INVx5_ASAP7_75t_R                  1     0.102    asap7sc7p5t_INVBUF_RVT_FF_nldm_201020 
INVx8_ASAP7_75t_R                  1     0.146    asap7sc7p5t_INVBUF_RVT_FF_nldm_201020 
INVxp33_ASAP7_75t_R               31     1.356    asap7sc7p5t_INVBUF_RVT_FF_nldm_201020 
INVxp67_ASAP7_75t_R             1311    57.343    asap7sc7p5t_INVBUF_RVT_FF_nldm_201020 
MAJIxp5_ASAP7_75t_R              793    80.934    asap7sc7p5t_SIMPLE_RVT_FF_nldm_201020 
MAJx2_ASAP7_75t_R                100    13.122    asap7sc7p5t_SIMPLE_RVT_FF_nldm_201020 
NAND2x1_ASAP7_75t_R                2     0.175    asap7sc7p5t_SIMPLE_RVT_FF_nldm_201020 
NAND2xp33_ASAP7_75t_R           1863   108.650    asap7sc7p5t_SIMPLE_RVT_FF_nldm_201020 
NAND2xp5_ASAP7_75t_R              14     0.816    asap7sc7p5t_SIMPLE_RVT_FF_nldm_201020 
NAND3xp33_ASAP7_75t_R            128     9.331    asap7sc7p5t_SIMPLE_RVT_FF_nldm_201020 
NAND4xp25_ASAP7_75t_R            178    15.571    asap7sc7p5t_SIMPLE_RVT_FF_nldm_201020 
NAND5xp2_ASAP7_75t_R             305    31.128    asap7sc7p5t_SIMPLE_RVT_FF_nldm_201020 
NOR2x1_ASAP7_75t_R                40     3.499    asap7sc7p5t_SIMPLE_RVT_FF_nldm_201020 
NOR2x1p5_ASAP7_75t_R               1     0.117    asap7sc7p5t_SIMPLE_RVT_FF_nldm_201020 
NOR2x2_ASAP7_75t_R                 1     0.146    asap7sc7p5t_SIMPLE_RVT_FF_nldm_201020 
NOR2xp33_ASAP7_75t_R            1729   100.835    asap7sc7p5t_SIMPLE_RVT_FF_nldm_201020 
NOR2xp67_ASAP7_75t_R              18     1.575    asap7sc7p5t_SIMPLE_RVT_FF_nldm_201020 
NOR3xp33_ASAP7_75t_R             144    10.498    asap7sc7p5t_SIMPLE_RVT_FF_nldm_201020 
NOR4xp25_ASAP7_75t_R              47     4.112    asap7sc7p5t_SIMPLE_RVT_FF_nldm_201020 
NOR5xp2_ASAP7_75t_R               97     9.900    asap7sc7p5t_SIMPLE_RVT_FF_nldm_201020 
O2A1O1Ixp33_ASAP7_75t_R           59     5.161    asap7sc7p5t_OA_RVT_FF_nldm_201020     
O2A1O1Ixp5_ASAP7_75t_R            13     1.516    asap7sc7p5t_OA_RVT_FF_nldm_201020     
OA211x2_ASAP7_75t_R               10     1.166    asap7sc7p5t_OA_RVT_FF_nldm_201020     
OA21x2_ASAP7_75t_R                82     8.369    asap7sc7p5t_OA_RVT_FF_nldm_201020     
OA22x2_ASAP7_75t_R                 1     0.146    asap7sc7p5t_OA_RVT_FF_nldm_201020     
OAI211xp5_ASAP7_75t_R             88     7.698    asap7sc7p5t_OA_RVT_FF_nldm_201020     
OAI21x1_ASAP7_75t_R                1     0.117    asap7sc7p5t_OA_RVT_FF_nldm_201020     
OAI21xp33_ASAP7_75t_R            300    21.870    asap7sc7p5t_OA_RVT_FF_nldm_201020     
OAI221xp5_ASAP7_75t_R           1517   154.825    asap7sc7p5t_OA_RVT_FF_nldm_201020     
OAI222xp33_ASAP7_75t_R            55     8.019    asap7sc7p5t_OA_RVT_FF_nldm_201020     
OAI22x1_ASAP7_75t_R                1     0.146    asap7sc7p5t_OA_RVT_FF_nldm_201020     
OAI22xp33_ASAP7_75t_R            678    59.311    asap7sc7p5t_OA_RVT_FF_nldm_201020     
OAI22xp5_ASAP7_75t_R              13     1.137    asap7sc7p5t_OA_RVT_FF_nldm_201020     
OAI311xp33_ASAP7_75t_R             5     0.510    asap7sc7p5t_OA_RVT_FF_nldm_201020     
OAI31xp33_ASAP7_75t_R             11     0.962    asap7sc7p5t_OA_RVT_FF_nldm_201020     
OAI321xp33_ASAP7_75t_R             9     1.050    asap7sc7p5t_OA_RVT_FF_nldm_201020     
OAI32xp33_ASAP7_75t_R             73     7.450    asap7sc7p5t_OA_RVT_FF_nldm_201020     
OAI333xp33_ASAP7_75t_R             1     0.160    asap7sc7p5t_OA_RVT_FF_nldm_201020     
OAI33xp33_ASAP7_75t_R             13     1.516    asap7sc7p5t_OA_RVT_FF_nldm_201020     
OR2x2_ASAP7_75t_R                128    11.197    asap7sc7p5t_SIMPLE_RVT_FF_nldm_201020 
OR3x1_ASAP7_75t_R                 40     3.499    asap7sc7p5t_SIMPLE_RVT_FF_nldm_201020 
OR3x2_ASAP7_75t_R                  1     0.102    asap7sc7p5t_SIMPLE_RVT_FF_nldm_201020 
OR4x1_ASAP7_75t_R                 25     2.551    asap7sc7p5t_SIMPLE_RVT_FF_nldm_201020 
OR5x1_ASAP7_75t_R                 48     5.599    asap7sc7p5t_SIMPLE_RVT_FF_nldm_201020 
XNOR2xp5_ASAP7_75t_R            1454   190.794    asap7sc7p5t_SIMPLE_RVT_FF_nldm_201020 
XOR2xp5_ASAP7_75t_R              451    59.180    asap7sc7p5t_SIMPLE_RVT_FF_nldm_201020 
----------------------------------------------------------------------------------------
total                          31428  4215.078                                          


               Library                Instances   Area   Instances % 
---------------------------------------------------------------------
asap7sc7p5t_AO_RVT_FF_nldm_201020         11754 1169.287        37.4 
asap7sc7p5t_INVBUF_RVT_FF_nldm_201020      3226  143.453        10.3 
asap7sc7p5t_OA_RVT_FF_nldm_201020          2930  281.132         9.3 
asap7sc7p5t_SEQ_RVT_FF_nldm_201020         5207 1887.089        16.6 
asap7sc7p5t_SIMPLE_RVT_FF_nldm_201020      8311  734.118        26.4 

                                         
     Type      Instances   Area   Area % 
-----------------------------------------
sequential          5207 1887.089   44.8 
inverter            3205  140.741    3.3 
buffer                21    2.712    0.1 
logic              22995 2184.536   51.8 
physical_cells         0    0.000    0.0 
-----------------------------------------
total              31428 4215.078  100.0 

