 ---------------------------------------------------------------------------------------------------------------------------------------------------------------------------------------------------------------------------------- 
| Snapshot                | WNS                  | TNS                  | Density (%) | Power estimated                                            | Hotspot                   | Resource               | DRVs         | Layer-OPT |
|                         | HEPG (ns) | ALL (ns) | HEPG (ns) | ALL (ns) |             | Total (mW) | Leakage (mW) | Switching (mW) | Internal (mW) | Max (bins) | Total (bins) | Real (s) | Memory (MB) | Tran | Cap   | metal4    |
|-------------------------+-----------+----------+-----------+----------+-------------+------------+--------------+----------------+---------------+------------+--------------+----------+-------------+------+-------+-----------|
| initial_summary         |           |    2.153 |           |        0 |       22.77 |            |              |                |               |            |              | 0:00:07  |        5688 |  348 | 36791 |           |
| route_type_refinement   |           |          |           |          |             |            |              |                |               |            |              | 0:00:01  |        5714 |      |       |       102 |
| simplify_netlist        |           |          |           |          |             |       9.64 |         1.53 |           2.61 |          5.50 |            |              | 0:00:01  |        5690 |      |       |           |
| excluded_clk_net_fixing |           |          |           |          |             |            |              |                |               |            |              | 0:00:00  |        5690 |      |       |           |
| drv_fixing              |     2.913 |    2.192 |         0 |        0 |       22.81 |       9.63 |         1.53 |           2.61 |          5.49 |            |              | 0:01:13  |        5923 |  635 | 36850 |       266 |
| global_opt              |           |    2.192 |           |        0 |       22.81 |       9.63 |         1.53 |           2.61 |          5.49 |            |              | 0:00:02  |        5886 |      |       |       266 |
| area_reclaiming         |     2.913 |    2.192 |         0 |        0 |       22.81 |       9.63 |         1.53 |           2.61 |          5.49 |            |              | 0:00:03  |        5887 |      |       |       254 |
| drv_fixing_2            |     2.913 |    2.192 |         0 |        0 |       22.81 |       9.63 |         1.53 |           2.61 |          5.49 |            |              | 0:00:36  |        5894 |  288 | 36936 |       254 |
| wns_fixing              |     2.913 |    2.192 |         0 |        0 |       22.81 |       9.63 |         1.53 |           2.61 |          5.49 |            |              | 0:00:01  |        5914 |      |       |       254 |
| area_reclaiming_2       |     2.834 |    1.908 |         0 |        0 |       22.76 |       9.71 |         1.53 |           2.60 |          5.58 |            |              | 0:00:05  |        5940 |      |       |       282 |
| area_reclaiming_3       |     2.834 |    1.908 |         0 |        0 |       22.76 |       9.71 |         1.53 |           2.60 |          5.58 |            |              | 0:00:04  |        5892 |      |       |       282 |
| power_reclaiming        |     2.834 |    1.908 |         0 |        0 |       22.76 |       9.71 |         1.53 |           2.60 |          5.58 |            |              | 0:00:01  |        6507 |      |       |       282 |
| local_wire_reclaim      |           |          |           |          |             |            |              |                |               |            |              | 0:00:15  |        6474 |      |       |           |
| global_route            |           |          |           |          |             |            |              |                |               |       0.00 |         0.00 | 0:00:03  |        6050 |      |       |           |
| route_type_refinement_2 |           |          |           |          |             |            |              |                |               |            |              | 0:00:01  |        6051 |      |       |       282 |
| drv_eco_fixing          |     2.841 |    2.185 |         0 |        0 |       22.78 |       9.61 |         1.53 |           2.59 |          5.49 |            |              | 0:01:45  |        6587 |  665 | 36705 |       306 |
| legalization            |           |          |           |          |             |            |              |                |               |            |              | 0:00:01  |        6562 |      |       |           |
| power_reclaiming_2      |     2.841 |    2.185 |         0 |        0 |       22.78 |       9.61 |         1.53 |           2.59 |          5.49 |            |              | 0:00:05  |        6403 |      |       |       306 |
| final_summary           |     2.841 |    2.186 |           |        0 |       22.78 |            |              |                |               |       0.00 |         0.00 | 0:00:10  |        6365 |  315 | 36801 |           |
 ---------------------------------------------------------------------------------------------------------------------------------------------------------------------------------------------------------------------------------- 
