============================================================
  Generated by:           Genus(TM) Synthesis Solution 23.13-s073_1
  Generated on:           Jan 11 2026  03:05:28 pm
  Module:                 riscv_core
  Operating conditions:   tt_1.0_25.0 (balanced_tree)
  Wireload mode:          enclosed
  Area mode:              timing library
============================================================

Timing
--------

   Clock     Period  
---------------------
core_clock 2000000.0 


   Cost      Critical         Violating 
   Group    Path Slack  TNS     Paths   
----------------------------------------
core_clock   1997469.4   0.0          0 
default       No paths   0.0            
----------------------------------------
Total                    0.0          0 

Instance Count
--------------
Leaf Instance Count             32197 
Physical Instance count             0 
Sequential Instance Count        5356 
Combinational Instance Count    26841 
Hierarchical Instance Count        24 

Area
----
Cell Area                          4401.862
Physical Cell Area                 0.000
Total Cell Area (Cell+Physical)    4401.862
Net Area                           0.000
Total Area (Cell+Physical+Net)     4401.862

Max Fanout                         5356 (clk_i)
Min Fanout                         0 (branch_csr_priv_w[0])
Average Fanout                     3.0
Terms to net ratio                 4.2141
Terms to instance ratio            4.4671
Runtime                            644.3838719999999 seconds
Elapsed Runtime                    662 seconds
Genus peak memory usage            2512.14 
Innovus peak memory usage          no_value 
Hostname                           eda-bitirme
