env CDS_WORKAREA is set to /home/ykaraagac/cadence-bitirme/Flows/NanGate45/biriscv_2mul_vs_hybrid/scripts/cadence
             0V	    VSS
           1.1V	    VDD
Using Power View WC_VIEW
.
Load RC corner of view WC_VIEW

Begin Power Analysis

             0V	    VSS
           1.1V	    VDD

Begin Processing Timing Library for Power Calculation

Ended Processing Timing Library for Power Calculation: (cpu=0:00:00, real=0:00:00, mem(process/total/peak)=3154.17MB/7108.50MB/3231.51MB)



Begin Processing Power Net/Grid for Power Calculation

Ended Processing Power Net/Grid for Power Calculation: (cpu=0:00:00, real=0:00:00, mem(process/total/peak)=3154.17MB/7108.50MB/3231.51MB)

Begin Processing Timing Window Data for Power Calculation

clk(100MHz) CK: assigning clock clk to net clk_i
Ended Processing Timing Window Data for Power Calculation: (cpu=0:00:00, real=0:00:00, mem(process/total/peak)=3154.17MB/7108.50MB/3231.51MB)

Begin Processing User Attributes

Ended Processing User Attributes: (cpu=0:00:00, real=0:00:00, mem(process/total/peak)=3154.17MB/7108.50MB/3231.51MB)

Begin Processing Signal Activity


Starting Activity Propagation
2026-Jun-23 17:04:07 (2026-Jun-23 17:04:07 GMT)
2026-Jun-23 17:04:07 (2026-Jun-23 17:04:07 GMT): 10%

Finished Activity Propagation
2026-Jun-23 17:04:08 (2026-Jun-23 17:04:08 GMT)

Activity annotation summary:
        Primary Inputs : 180/180 = 100%
          Flop outputs : 3874/14346 = 27.004%
  Memory/Macro outputs : 0/0 = 0%
      Tristate outputs : 0/0 = 0%
            Total Nets : 19975/72373 = 27.6001%

Ended Processing Signal Activity: (cpu=0:00:01, real=0:00:01, mem(process/total/peak)=3154.17MB/7108.50MB/3231.51MB)

Begin Power Computation

      ----------------------------------------------------------
      # of cell(s) missing both power/leakage table: 0
      # of cell(s) missing power table: 0
      # of cell(s) missing leakage table: 0
      ----------------------------------------------------------



Starting Calculating power
2026-Jun-23 17:04:08 (2026-Jun-23 17:04:08 GMT)
 ... Calculating switching power
2026-Jun-23 17:04:08 (2026-Jun-23 17:04:08 GMT): 10%
2026-Jun-23 17:04:08 (2026-Jun-23 17:04:08 GMT): 20%
2026-Jun-23 17:04:09 (2026-Jun-23 17:04:09 GMT): 30%
2026-Jun-23 17:04:09 (2026-Jun-23 17:04:09 GMT): 40%
2026-Jun-23 17:04:09 (2026-Jun-23 17:04:09 GMT): 50%
 ... Calculating internal and leakage power
2026-Jun-23 17:04:09 (2026-Jun-23 17:04:09 GMT): 60%
2026-Jun-23 17:04:11 (2026-Jun-23 17:04:11 GMT): 70%
2026-Jun-23 17:04:12 (2026-Jun-23 17:04:12 GMT): 80%
2026-Jun-23 17:04:13 (2026-Jun-23 17:04:13 GMT): 90%

Finished Calculating power
2026-Jun-23 17:04:14 (2026-Jun-23 17:04:14 GMT)
      # of MSMV cell(s) missing power_level: 0
Ended Power Computation: (cpu=0:00:05, real=0:00:05, mem(process/total/peak)=3154.17MB/7108.50MB/3231.51MB)

Begin Processing User Attributes

Begin Processing set_power
Ended Processing set_power: (cpu=0:00:00, real=0:00:00,
mem(process/total/peak)=3154.17MB/7108.50MB/3231.51MB)
Ended Processing User Attributes: (cpu=0:00:00, real=0:00:00, mem(process/total/peak)=3154.17MB/7108.50MB/3231.51MB)

Ended Power Analysis: (cpu=0:00:07, real=0:00:07, mem(process/total/peak)=3154.17MB/7108.50MB/3231.51MB)

Begin Boundary Leakage Calculation
Ended Boundary Leakage Calculation: (cpu=0:00:00, real=0:00:00,
mem(process/total/peak)=3154.17MB/7108.50MB/3231.51MB)
Begin Static Power Report Generation
*----------------------------------------------------------------------------------------
*	Innovus 25.12-s079_1 (64bit) 11/18/2025 12:56 (Linux 4.18.0-305.el8.x86_64)
*	
*
* 	Date & Time:	2026-Jun-23 17:04:14 (2026-Jun-23 17:04:14 GMT)
*
*----------------------------------------------------------------------------------------
*
*	Design: riscv_core
*
*	Liberty Libraries used:
*	        /home/ykaraagac/cadence-bitirme/Enablements/NanGate45/lib/NangateOpenCellLibrary_typical.lib
*
*	Parasitic Files used:
*
*       Dynamic View: WC_VIEW
*
*       Leakage View: WC_VIEW
*
*       User-Defined Activity : N.A.
*
*	Switching Activity File used:
*	        /home/ykaraagac/cadence-bitirme/Flows/NanGate45/biriscv_2mul_vs_hybrid/scripts/cadence/outputs/mul_update_latency_hiding_power_vcds/unrolled_dot8_selective_latency_hidden_mule5n/vcd/core_hybrid.vcd
*                  Vcd Window used(Start Time, Stop Time):  
*                Vcd Scale Factor: 1
*
*       Hierarchical Global Activity: N.A.
*
*       Global Activity: N.A.
*
*       Sequential Element Activity: 0.200000
*
*       Primary Input Activity: 0.200000
*
*       Default icg ratio: N.A.
*
*       Global Comb ClockGate Ratio: N.A.
*
*	Power Units = 1mW
*
*	Time Units = 1e-09 secs
*
*       report_power -hierarchy all
*
-----------------------------------------------------------------------------------------
*



Total Power
-----------------------------------------------------------------------------------------
Total Internal Power:        5.92374701 	   50.0148%
Total Switching Power:       3.73801130 	   31.5604%
Total Leakage Power:         2.18223632 	   18.4248%
Total Power:                11.84399463
-----------------------------------------------------------------------------------------


Group                           Internal   Switching     Leakage       Total  Percentage 
                                Power      Power         Power         Power  (%)        
-----------------------------------------------------------------------------------------
Sequential                         3.737      0.4558      0.6648       4.858       41.01
Macro                                  0           0           0           0           0
IO                                     0           0           0           0           0
Combinational                      1.522       1.926       1.498       4.946       41.76
Clock (Combinational)             0.6642       1.356     0.01956        2.04       17.22
Clock (Sequential)                     0           0           0           0           0
-----------------------------------------------------------------------------------------
Total                              5.924       3.738       2.182       11.84         100
-----------------------------------------------------------------------------------------


Clock                           Internal   Switching     Leakage       Total  Percentage 
                                Power      Power         Power         Power  (%)        
-----------------------------------------------------------------------------------------
clk                               0.6642       1.356     0.01956        2.04       17.22
-----------------------------------------------------------------------------------------
Total                             0.6642       1.356     0.01956        2.04       17.22
-----------------------------------------------------------------------------------------
Clock: clk
Clock Period: 0.010000 usec 
Clock Toggle Rate:   200.0000 Mhz 
Clock Static Probability:  0.5000
  


Rail                  Voltage   Internal   Switching     Leakage       Total  Percentage 
                                Power      Power         Power         Power  (%)        
-----------------------------------------------------------------------------------------
VDD                       1.1      5.924       3.738       2.182       11.84         100


Hierarchy                       Internal   Switching     Leakage       Total  Percentage 
                                Power      Power         Power         Power  (%)        
-----------------------------------------------------------------------------------------
u_cbm                              0.131     0.07539     0.04131      0.2477       2.091 
u_csr                             0.1943     0.03081     0.06157      0.2867       2.421 
u_div                             0.1408      0.0355     0.04972       0.226       1.908 
u_exec0                           0.0862     0.07436     0.04313      0.2037        1.72 
u_exec1                          0.07737     0.05442      0.0436      0.1754       1.481 
u_frontend                         1.833      0.8191      0.4567       3.109       26.25 
u_issue                            1.369       1.086      0.5305       2.986       25.21 
u_lsu                             0.1041     0.05183     0.03207       0.188       1.587 
u_mul                             0.4997      0.4397     0.08656       1.026       8.662 
u_mul_array                       0.2174       0.141     0.04589      0.4043       3.413 
u_mul_bw                         0.03433     0.01292     0.04079     0.08804      0.7433 
u_mul_wallace                    0.03421     0.01261     0.04387     0.09069      0.7657 
u_mulc                           0.08498     0.01559     0.02591      0.1265       1.068 
u_mule                           0.06861     0.01145     0.03815      0.1182       0.998 
u_mule2                          0.08605     0.02546     0.07423      0.1857       1.568 
u_mule2n                         0.08536     0.02483     0.07426      0.1845       1.557 
u_mule3                          0.09259     0.03465     0.07369      0.2009       1.696 
u_mule3n                         0.09751     0.04364     0.07413      0.2153       1.818 
u_mule5                           0.1157     0.04747     0.08116      0.2443       2.063 
u_mule5n                          0.1188     0.05625       0.081      0.2561       2.162 
u_mulen                          0.06852     0.01382      0.0382      0.1205       1.018 
u_mulp                           0.03426     0.01302      0.0408     0.08808      0.7437 
u_mulr                           0.06907      0.0484     0.09597      0.2134       1.802 
u_cbm/u_cbm_core                  0.1308     0.07529     0.04113      0.2472       2.087 
u_csr/u_csrfile                   0.1364     0.01657     0.04424      0.1972       1.665 
u_frontend/u_decode               0.1434     0.05285     0.03288      0.2291       1.934 
u_frontend/u_fetch                0.1035      0.0265     0.02807      0.1581       1.335 
u_frontend/u_npc                   1.569         0.7       0.395       2.664       22.49 
u_issue/u_pipe0_ctrl              0.1739     0.03576     0.05893      0.2685       2.267 
u_issue/u_pipe1_ctrl              0.0986    0.009817     0.03416      0.1426       1.204 
u_issue/u_regfile                 0.8036      0.4776      0.2405       1.522       12.85 
u_lsu/u_lsu_request              0.03939    0.006182    0.009853     0.05543       0.468 
u_exec0/u_alu                    0.02786      0.0415     0.02153     0.09089      0.7674 
u_exec1/u_alu                    0.01975     0.02807     0.02108      0.0689      0.5817 
u_mul_bw/g_array_reduce[1].u_csa
                               0.0009185   0.0004497    0.001444    0.002812     0.02374 
u_mul_bw/g_array_reduce[2].u_csa
                               0.0009931    0.000582    0.001502    0.003077     0.02598 
u_mul_bw/g_array_reduce[3].u_csa
                                0.001158   0.0007148    0.001463    0.003335     0.02816 
u_mul_bw/g_array_reduce[4].u_csa
                                0.001281   0.0007862    0.001419    0.003486     0.02944 
u_mul_bw/g_array_reduce[5].u_csa
                                0.001337   0.0008263    0.001374    0.003538     0.02987 
u_mul_bw/g_array_reduce[6].u_csa
                                0.001179   0.0007459    0.001314    0.003239     0.02734 
u_mul_bw/g_array_reduce[7].u_csa
                                0.001078   0.0006682    0.001261    0.003007     0.02539 
u_mul_bw/g_array_reduce[8].u_csa
                                0.001009   0.0006154     0.00121    0.002834     0.02393 
u_mul_bw/g_array_reduce[9].u_csa
                               0.0009525   0.0006035     0.00116    0.002716     0.02293 
u_mul_bw/g_array_reduce[10].u_csa
                               0.0008317   0.0005459    0.001108    0.002486     0.02099 
u_mul_bw/g_array_reduce[11].u_csa
                               0.0007919   0.0004963    0.001057    0.002345      0.0198 
u_mul_bw/g_array_reduce[12].u_csa
                               0.0007052   0.0004878    0.001008    0.002201     0.01858 
u_mul_bw/g_array_reduce[13].u_csa
                               0.0006099   0.0004097   0.0009563    0.001976     0.01668 
u_mul_bw/g_array_reduce[14].u_csa
                               0.0005386   0.0003938   0.0009061    0.001838     0.01552 
u_mul_bw/g_array_reduce[15].u_csa
                               0.0004548   0.0003336   0.0008552    0.001644     0.01388 
u_mul_bw/g_array_reduce[16].u_csa
                               0.0003838   0.0002803   0.0008051    0.001469      0.0124 
u_mul_bw/g_array_reduce[17].u_csa
                               0.0003181   0.0002302   0.0007553    0.001304     0.01101 
u_mul_bw/g_array_reduce[18].u_csa
                               0.0002573   0.0002024   0.0007057    0.001165     0.00984 
u_mul_bw/g_array_reduce[19].u_csa
                               0.0002146    0.000136   0.0006547    0.001005    0.008489 
u_mul_bw/g_array_reduce[20].u_csa
                               0.0001723   0.0001368   0.0006076   0.0009166    0.007739 
u_mul_bw/g_array_reduce[21].u_csa
                               0.0001492   0.0001224    0.000559   0.0008306    0.007013 
u_mul_bw/g_array_reduce[22].u_csa
                               0.0001266   0.0001012   0.0005104   0.0007381    0.006232 
u_mul_bw/g_array_reduce[23].u_csa
                               0.0001055   9.003e-05   0.0004619   0.0006574     0.00555 
u_mul_bw/g_array_reduce[24].u_csa
                               8.561e-05   7.588e-05   0.0004134   0.0005749    0.004854 
u_mul_bw/g_array_reduce[25].u_csa
                               7.345e-05    6.75e-05    0.000365    0.000506    0.004272 
u_mul_bw/g_array_reduce[26].u_csa
                               6.085e-05   6.478e-05   0.0003167   0.0004423    0.003735 
u_mul_bw/g_array_reduce[27].u_csa
                               5.537e-05   4.974e-05   0.0002685   0.0003736    0.003154 
u_mul_bw/g_array_reduce[28].u_csa
                               5.086e-05   5.871e-05   0.0002203   0.0003299    0.002785 
u_mul_bw/g_array_reduce[29].u_csa
                               5.004e-05   5.528e-05   0.0001722   0.0002775    0.002343 
u_mul_bw/g_array_reduce[30].u_csa
                                4.89e-05   6.026e-05    0.000124   0.0002332    0.001969 
u_mul_bw/g_array_reduce[31].u_csa
                                5.89e-05   3.816e-05   7.658e-05   0.0001736    0.001466 
u_mul_wallace/g_w1[0].u_csa
                                0.001088   0.0007929    0.001554    0.003435       0.029 
u_mul_wallace/g_w1[1].u_csa
                                0.001125   0.0006747    0.001418    0.003218     0.02717 
u_mul_wallace/g_w1[2].u_csa
                                0.000393   0.0002704    0.001243    0.001906     0.01609 
u_mul_wallace/g_w1[3].u_csa
                               0.0003079   0.0002366    0.001095     0.00164     0.01384 
u_mul_wallace/g_w1[4].u_csa
                               0.0001194   7.075e-05   0.0009447    0.001135    0.009581 
u_mul_wallace/g_w1[5].u_csa
                               9.006e-06   5.332e-06   0.0007964   0.0008108    0.006845 
u_mul_wallace/g_w1[6].u_csa
                                       0           0   0.0006518   0.0006518    0.005503 
u_mul_wallace/g_w1[7].u_csa
                                       0           0   0.0005075   0.0005075    0.004285 
u_mul_wallace/g_w1[8].u_csa
                                       0           0   0.0003632   0.0003632    0.003066 
u_mul_wallace/g_w1[9].u_csa
                                       0           0   0.0002188   0.0002188    0.001848 
u_mul_wallace/g_w2[0].u_csa
                                0.001526    0.001125    0.001522    0.004173     0.03523 
u_mul_wallace/g_w2[1].u_csa
                               0.0005908   0.0003641    0.001295     0.00225       0.019 
u_mul_wallace/g_w2[2].u_csa
                               0.0003415    0.000211    0.001047      0.0016     0.01351 
u_mul_wallace/g_w2[3].u_csa
                               3.229e-05   2.183e-05   0.0008439   0.0008981    0.007582 
u_mul_wallace/g_w2[4].u_csa
                                       0           0   0.0006037   0.0006037    0.005097 
u_mul_wallace/g_w2[5].u_csa
                                       0           0   0.0004099   0.0004099    0.003461 
u_mul_wallace/g_w2[6].u_csa
                                       0           0   0.0001707   0.0001707    0.001442 
u_mul_wallace/g_w3[0].u_csa
                                0.001627    0.001176    0.001475    0.004277     0.03612 
u_mul_wallace/g_w3[1].u_csa
                               0.0003622   0.0002147     0.00114    0.001717      0.0145 
u_mul_wallace/g_w3[2].u_csa
                                 3.2e-05   1.773e-05   0.0007956   0.0008453    0.007137 
u_mul_wallace/g_w3[3].u_csa
                                       0           0    0.000458    0.000458    0.003867 
u_mul_wallace/g_w3[4].u_csa
                               2.485e-06   2.336e-06   0.0001227   0.0001275    0.001076 
u_mul_wallace/g_w4[0].u_csa
                                0.001591    0.001128    0.001416    0.004136     0.03492 
u_mul_wallace/g_w4[1].u_csa
                               8.859e-05   4.976e-05   0.0008919     0.00103    0.008699 
u_mul_wallace/g_w4[2].u_csa
                               2.131e-06   2.079e-06   0.0004085   0.0004127    0.003485 
u_mul_wallace/g_w5[0].u_csa
                                 0.00146   0.0009513    0.001347    0.003759     0.03173 
u_mul_wallace/g_w5[1].u_csa
                               8.973e-06   5.595e-06   0.0005515   0.0005661    0.004779 
u_mul_wallace/u_w6_csa          0.001355   0.0008462    0.001276    0.003477     0.02936 
u_mul_wallace/u_w7_csa          0.001306   0.0007778     0.00121    0.003294     0.02781 
u_mul_wallace/u_w8_csa          0.001252   0.0007424    0.001146    0.003141     0.02652 
u_mul_wallace/u_wallace_ks
                               0.0009476   0.0004508    0.001165    0.002564     0.02165 
u_mule2/g_ppm_reduce[1].u_ppm_csa
                                       0           0    0.001428    0.001428     0.01206 
u_mule2/g_ppm_reduce[2].u_ppm_csa
                                       0           0    0.001471    0.001471     0.01242 
u_mule2/g_ppm_reduce[3].u_ppm_csa
                                       0           0    0.001423    0.001423     0.01201 
u_mule2/g_ppm_reduce[4].u_ppm_csa
                                       0           0    0.001375    0.001375     0.01161 
u_mule2/g_ppm_reduce[5].u_ppm_csa
                                       0           0    0.001327    0.001327      0.0112 
u_mule2/g_ppm_reduce[6].u_ppm_csa
                                       0           0    0.001279    0.001279      0.0108 
u_mule2/g_ppm_reduce[7].u_ppm_csa
                                       0           0     0.00123     0.00123     0.01039 
u_mule2/g_ppm_reduce[8].u_ppm_csa
                                       0           0    0.001182    0.001182    0.009983 
u_mule2/g_ppm_reduce[9].u_ppm_csa
                                       0           0    0.001134    0.001134    0.009577 
u_mule2/g_ppm_reduce[10].u_ppm_csa
                                       0           0    0.001086    0.001086     0.00917 
u_mule2/g_ppm_reduce[11].u_ppm_csa
                                       0           0    0.001038    0.001038    0.008764 
u_mule2/g_ppm_reduce[12].u_ppm_csa
                                       0           0   0.0009899   0.0009899    0.008358 
u_mule2/g_ppm_reduce[13].u_ppm_csa
                                       0           0   0.0009418   0.0009418    0.007952 
u_mule2/g_ppm_reduce[14].u_ppm_csa
                                       0           0   0.0008937   0.0008937    0.007546 
u_mule2/g_ppm_reduce[15].u_ppm_csa
                                       0           0   0.0008456   0.0008456     0.00714 
u_mule2/u_feedback_csa0                0           0    0.001572    0.001572     0.01328 
u_mule2/u_feedback_csa1                0           0    0.001506    0.001506     0.01272 
u_mule2n/g_ppm_reduce[1].u_ppm_csa
                                       0           0    0.001428    0.001428     0.01206 
u_mule2n/g_ppm_reduce[2].u_ppm_csa
                                       0           0    0.001471    0.001471     0.01242 
u_mule2n/g_ppm_reduce[3].u_ppm_csa
                                       0           0    0.001423    0.001423     0.01201 
u_mule2n/g_ppm_reduce[4].u_ppm_csa
                                       0           0    0.001375    0.001375     0.01161 
u_mule2n/g_ppm_reduce[5].u_ppm_csa
                                       0           0    0.001327    0.001327      0.0112 
u_mule2n/g_ppm_reduce[6].u_ppm_csa
                                       0           0    0.001279    0.001279      0.0108 
u_mule2n/g_ppm_reduce[7].u_ppm_csa
                                       0           0     0.00123     0.00123     0.01039 
u_mule2n/g_ppm_reduce[8].u_ppm_csa
                                       0           0    0.001182    0.001182    0.009983 
u_mule2n/g_ppm_reduce[9].u_ppm_csa
                                       0           0    0.001134    0.001134    0.009577 
u_mule2n/g_ppm_reduce[10].u_ppm_csa
                                       0           0    0.001086    0.001086     0.00917 
u_mule2n/g_ppm_reduce[11].u_ppm_csa
                                       0           0    0.001038    0.001038    0.008764 
u_mule2n/g_ppm_reduce[12].u_ppm_csa
                                       0           0   0.0009899   0.0009899    0.008358 
u_mule2n/g_ppm_reduce[13].u_ppm_csa
                                       0           0   0.0009418   0.0009418    0.007952 
u_mule2n/g_ppm_reduce[14].u_ppm_csa
                                       0           0   0.0008937   0.0008937    0.007546 
u_mule2n/g_ppm_reduce[15].u_ppm_csa
                                       0           0   0.0008456   0.0008456     0.00714 
u_mule2n/u_feedback_csa0               0           0    0.001572    0.001572     0.01328 
u_mule2n/u_feedback_csa1               0           0    0.001506    0.001506     0.01272 
u_mule3/g_ppm_reduce[1].u_ppm_csa
                                       0           0    0.001428    0.001428     0.01206 
u_mule3/g_ppm_reduce[2].u_ppm_csa
                                       0           0    0.001471    0.001471     0.01242 
u_mule3/g_ppm_reduce[3].u_ppm_csa
                                       0           0    0.001423    0.001423     0.01201 
u_mule3/g_ppm_reduce[4].u_ppm_csa
                                       0           0    0.001375    0.001375     0.01161 
u_mule3/g_ppm_reduce[5].u_ppm_csa
                                       0           0    0.001327    0.001327      0.0112 
u_mule3/g_ppm_reduce[6].u_ppm_csa
                                       0           0    0.001279    0.001279      0.0108 
u_mule3/g_ppm_reduce[7].u_ppm_csa
                                       0           0     0.00123     0.00123     0.01039 
u_mule3/g_ppm_reduce[8].u_ppm_csa
                                       0           0    0.001182    0.001182    0.009983 
u_mule3/g_ppm_reduce[9].u_ppm_csa
                                       0           0    0.001134    0.001134    0.009577 
u_mule3/g_ppm_reduce[10].u_ppm_csa
                                       0           0    0.001086    0.001086     0.00917 
u_mule3/u_feedback_csa0                0           0    0.001572    0.001572     0.01328 
u_mule3/u_feedback_csa1                0           0    0.001505    0.001505     0.01271 
u_mule3n/g_ppm_reduce[1].u_ppm_csa
                                       0           0    0.001428    0.001428     0.01206 
u_mule3n/g_ppm_reduce[2].u_ppm_csa
                                       0           0    0.001471    0.001471     0.01242 
u_mule3n/g_ppm_reduce[3].u_ppm_csa
                                       0           0    0.001423    0.001423     0.01201 
u_mule3n/g_ppm_reduce[4].u_ppm_csa
                                       0           0    0.001375    0.001375     0.01161 
u_mule3n/g_ppm_reduce[5].u_ppm_csa
                                       0           0    0.001327    0.001327      0.0112 
u_mule3n/g_ppm_reduce[6].u_ppm_csa
                                       0           0    0.001279    0.001279      0.0108 
u_mule3n/g_ppm_reduce[7].u_ppm_csa
                                       0           0     0.00123     0.00123     0.01039 
u_mule3n/g_ppm_reduce[8].u_ppm_csa
                                       0           0    0.001182    0.001182    0.009983 
u_mule3n/g_ppm_reduce[9].u_ppm_csa
                                       0           0    0.001134    0.001134    0.009577 
u_mule3n/g_ppm_reduce[10].u_ppm_csa
                                       0           0    0.001086    0.001086     0.00917 
u_mule3n/u_feedback_csa0               0           0    0.001572    0.001572     0.01328 
u_mule3n/u_feedback_csa1               0           0    0.001505    0.001505     0.01271 
u_mule5/g_ppm_reduce[1].u_ppm_csa
                                       0           0    0.001428    0.001428     0.01206 
u_mule5/g_ppm_reduce[2].u_ppm_csa
                                       0           0    0.001471    0.001471     0.01242 
u_mule5/g_ppm_reduce[3].u_ppm_csa
                                       0           0    0.001423    0.001423     0.01201 
u_mule5/g_ppm_reduce[4].u_ppm_csa
                                       0           0    0.001375    0.001375     0.01161 
u_mule5/g_ppm_reduce[5].u_ppm_csa
                                       0           0    0.001327    0.001327      0.0112 
u_mule5/g_ppm_reduce[6].u_ppm_csa
                                       0           0    0.001279    0.001279      0.0108 
u_mule5/u_feedback_csa0                0           0    0.001572    0.001572     0.01328 
u_mule5/u_feedback_csa1                0           0    0.001511    0.001511     0.01276 
u_mule5n/g_ppm_reduce[1].u_ppm_csa
                               2.598e-05   1.449e-05    0.001429    0.001469      0.0124 
u_mule5n/g_ppm_reduce[2].u_ppm_csa
                                6.16e-05   4.215e-05    0.001473    0.001577     0.01331 
u_mule5n/g_ppm_reduce[3].u_ppm_csa
                               6.131e-05   4.032e-05    0.001425    0.001527     0.01289 
u_mule5n/g_ppm_reduce[4].u_ppm_csa
                               6.169e-05   4.116e-05    0.001377     0.00148     0.01249 
u_mule5n/g_ppm_reduce[5].u_ppm_csa
                               6.328e-05   5.341e-05    0.001329    0.001446     0.01221 
u_mule5n/g_ppm_reduce[6].u_ppm_csa
                               4.014e-05   3.468e-05     0.00128    0.001355     0.01144 
u_mule5n/u_feedback_csa0       6.545e-05   4.261e-05    0.001573    0.001681      0.0142 
u_mule5n/u_feedback_csa1       9.305e-05   8.584e-05    0.001511     0.00169     0.01427 
u_mulp/g_rows[1].u_csa         0.0009188   0.0004639    0.001444    0.002827     0.02387 
u_mulp/g_rows[2].u_csa         0.0009936   0.0006001    0.001502    0.003095     0.02614 
u_mulp/g_rows[3].u_csa          0.001158   0.0007074    0.001463    0.003328      0.0281 
u_mulp/g_rows[4].u_csa          0.001281   0.0007893    0.001419     0.00349     0.02946 
u_mulp/g_rows[5].u_csa          0.001337   0.0008224    0.001374    0.003534     0.02984 
u_mulp/g_rows[6].u_csa          0.001179     0.00074    0.001314    0.003233     0.02729 
u_mulp/g_rows[7].u_csa          0.001078    0.000674    0.001261    0.003013     0.02544 
u_mulp/g_rows[8].u_csa          0.001009   0.0006374     0.00121    0.002857     0.02412 
u_mulp/g_rows[9].u_csa         0.0009527   0.0006127     0.00116    0.002725     0.02301 
u_mulp/g_rows[10].u_csa        0.0008315   0.0005487    0.001108    0.002489     0.02101 
u_mulp/g_rows[11].u_csa        0.0007923   0.0005047    0.001057    0.002354     0.01987 
u_mulp/g_rows[12].u_csa        0.0007057   0.0005001    0.001008    0.002213     0.01869 
u_mulp/g_rows[13].u_csa        0.0006102   0.0004198   0.0009563    0.001986     0.01677 
u_mulp/g_rows[14].u_csa        0.0005381    0.000379   0.0009061    0.001823     0.01539 
u_mulp/g_rows[15].u_csa        0.0004549   0.0003367   0.0008552    0.001647      0.0139 
u_mulp/g_rows[16].u_csa         0.000384   0.0002921   0.0008051    0.001481     0.01251 
u_mulp/g_rows[17].u_csa        0.0003187   0.0002436   0.0007553    0.001318     0.01112 
u_mulp/g_rows[18].u_csa        0.0002573   0.0002033   0.0007057    0.001166    0.009847 
u_mulp/g_rows[19].u_csa        0.0002152   0.0001477   0.0006547    0.001018    0.008592 
u_mulp/g_rows[20].u_csa        0.0001726    0.000145   0.0006076   0.0009251    0.007811 
u_mulp/g_rows[21].u_csa        0.0001494   0.0001226    0.000559    0.000831    0.007016 
u_mulp/g_rows[22].u_csa        0.0001271   0.0001117   0.0005104   0.0007492    0.006325 
u_mulp/g_rows[23].u_csa        0.0001054   8.803e-05   0.0004619   0.0006553    0.005533 
u_mulp/g_rows[24].u_csa        8.575e-05   7.616e-05   0.0004134   0.0005753    0.004857 
u_mulp/g_rows[25].u_csa        7.341e-05   6.897e-05    0.000365   0.0005074    0.004284 
u_mulp/g_rows[26].u_csa        6.083e-05   6.107e-05   0.0003167   0.0004386    0.003703 
u_mulp/g_rows[27].u_csa        5.549e-05   5.985e-05   0.0002685   0.0003838    0.003241 
u_mulp/g_rows[28].u_csa        5.092e-05   5.539e-05   0.0002203   0.0003266    0.002757 
u_mulp/g_rows[29].u_csa        5.003e-05   5.038e-05   0.0001722   0.0002726    0.002301 
u_mulp/g_rows[30].u_csa        4.902e-05   6.856e-05    0.000124   0.0002416     0.00204 
u_mulp/g_rows[31].u_csa        5.893e-05   3.946e-05   7.658e-05    0.000175    0.001477 
u_mulr/g_bw[1].u_csa           0.0008564   0.0003962    0.001255    0.002508     0.02117 
u_mulr/g_bw[2].u_csa            0.000956   0.0005564    0.001453    0.002965     0.02503 
u_mulr/g_bw[3].u_csa            0.001163    0.000685    0.001463    0.003311     0.02795 
u_mulr/g_bw[4].u_csa            0.001287   0.0008001    0.001419    0.003507     0.02961 
u_mulr/g_bw[5].u_csa            0.001343   0.0008324    0.001374    0.003549     0.02997 
u_mulr/g_bw[6].u_csa             0.00118   0.0007202    0.001314    0.003214     0.02713 
u_mulr/g_bw[7].u_csa             0.00108   0.0006604    0.001261    0.003002     0.02534 
u_mulr/g_bw[8].u_csa             0.00101   0.0006095     0.00121     0.00283     0.02389 
u_mulr/g_bw[9].u_csa           0.0009538   0.0005835     0.00116    0.002697     0.02277 
u_mulr/g_bw[10].u_csa          0.0008318   0.0005175    0.001108    0.002458     0.02075 
u_mulr/g_bw[11].u_csa          0.0007767   0.0004897    0.001059    0.002325     0.01963 
u_mulr/g_bw[12].u_csa          0.0007044   0.0004358    0.001008    0.002148     0.01813 
u_mulr/g_bw[13].u_csa          0.0006093   0.0003875   0.0009563    0.001953     0.01649 
u_mulr/g_bw[14].u_csa          0.0005524   0.0003125   0.0009045    0.001769     0.01494 
u_mulr/g_bw[15].u_csa          0.0004679   0.0002546   0.0008537    0.001576     0.01331 
u_mulr/g_bw[16].u_csa          0.0003977   0.0002181   0.0008035    0.001419     0.01198 
u_mulr/g_bw[17].u_csa          0.0003323   0.0001746   0.0007537    0.001261     0.01064 
u_mulr/g_bw[18].u_csa          0.0002557   0.0001565   0.0007057    0.001118    0.009438 
u_mulr/g_bw[19].u_csa          0.0001982   0.0001367   0.0006563   0.0009912    0.008369 
u_mulr/g_bw[20].u_csa          0.0001873   9.615e-05    0.000606   0.0008895     0.00751 
u_mulr/g_bw[21].u_csa          0.0001642    7.85e-05   0.0005574   0.0008001    0.006755 
u_mulr/g_bw[22].u_csa          0.0001266   9.159e-05   0.0005104   0.0007286    0.006151 
u_mulr/g_bw[23].u_csa          0.0001051   7.672e-05   0.0004619   0.0006437    0.005435 
u_mulr/g_bw[24].u_csa          8.536e-05   6.598e-05   0.0004134   0.0005647    0.004768 
u_mulr/g_bw[25].u_csa          7.327e-05   5.856e-05    0.000365   0.0004969    0.004195 
u_mulr/g_bw[26].u_csa          6.061e-05   5.373e-05   0.0003167    0.000431    0.003639 
u_mulr/g_bw[27].u_csa          5.532e-05   5.113e-05   0.0002685   0.0003749    0.003166 
u_mulr/g_bw[28].u_csa          5.071e-05   4.862e-05   0.0002203   0.0003196    0.002699 
u_mulr/g_bw[29].u_csa           4.98e-05   4.836e-05   0.0001722   0.0002703    0.002282 
u_mulr/g_bw[30].u_csa          4.884e-05   5.583e-05    0.000124   0.0002287    0.001931 
u_mulr/g_bw[31].u_csa          5.883e-05   4.924e-05   7.658e-05   0.0001847    0.001559 
u_mulr/g_wb1[0].u_csa           0.001074   0.0007368    0.001507    0.003317     0.02801 
u_mulr/g_wb1[1].u_csa           0.001145   0.0006585     0.00142    0.003223     0.02721 
u_mulr/g_wb1[2].u_csa          0.0003985   0.0002453    0.001243    0.001887     0.01593 
u_mulr/g_wb1[3].u_csa          0.0003132   0.0002275    0.001095    0.001636     0.01381 
u_mulr/g_wb1[4].u_csa          0.0001212   7.274e-05   0.0009447    0.001139    0.009614 
u_mulr/g_wb1[5].u_csa           9.16e-06    5.84e-06   0.0007964   0.0008114    0.006851 
u_mulr/g_wb1[6].u_csa                  0           0   0.0006518   0.0006518    0.005503 
u_mulr/g_wb1[7].u_csa                  0           0   0.0005075   0.0005075    0.004285 
u_mulr/g_wb1[8].u_csa                  0           0   0.0003266   0.0003266    0.002757 
u_mulr/g_wb1[9].u_csa                  0           0   0.0002188   0.0002188    0.001848 
u_mulr/g_wb2[0].u_csa           0.001525    0.001126    0.001521    0.004172     0.03523 
u_mulr/g_wb2[1].u_csa          0.0005897   0.0003374    0.001295    0.002222     0.01876 
u_mulr/g_wb2[2].u_csa          0.0003416   0.0002181    0.001047    0.001607     0.01357 
u_mulr/g_wb2[3].u_csa          3.224e-05   2.254e-05   0.0008439   0.0008987    0.007588 
u_mulr/g_wb2[4].u_csa                  0           0   0.0006037   0.0006037    0.005097 
u_mulr/g_wb2[5].u_csa                  0           0   0.0004099   0.0004099    0.003461 
u_mulr/g_wb2[6].u_csa                  0           0   0.0001707   0.0001707    0.001442 
u_mulr/g_wb3[0].u_csa           0.001622    0.001125    0.001476    0.004223     0.03566 
u_mulr/g_wb3[1].u_csa          0.0003616   0.0002113     0.00114    0.001713     0.01447 
u_mulr/g_wb3[2].u_csa          3.239e-05    2.16e-05   0.0007956   0.0008496    0.007173 
u_mulr/g_wb3[3].u_csa                  0           0    0.000458    0.000458    0.003867 
u_mulr/g_wb3[4].u_csa          2.492e-06   2.122e-06   0.0001227   0.0001273    0.001075 
u_mulr/g_wb4[0].u_csa           0.001593    0.001057    0.001417    0.004067     0.03434 
u_mulr/g_wb4[1].u_csa          8.992e-05    4.91e-05   0.0008917    0.001031    0.008702 
u_mulr/g_wb4[2].u_csa           2.14e-06   2.614e-06   0.0004085   0.0004133    0.003489 
u_mulr/g_wb5[0].u_csa            0.00145   0.0008806     0.00135     0.00368     0.03107 
u_mulr/g_wb5[1].u_csa          8.979e-06   5.714e-06   0.0005515   0.0005662     0.00478 
u_mulr/u_w6_csa                 0.001346    0.000753    0.001279    0.003378     0.02852 
u_mulr/u_w7_csa                 0.001313   0.0006737    0.001217    0.003204     0.02705 
u_mulr/u_w8_csa                 0.001251   0.0006622    0.001146    0.003059     0.02583 
u_mulr/u_wallace_ks            0.0009616   0.0004447    0.001166    0.002573     0.02172 
u_frontend/u_decode/genblk1.u_fifo
                                  0.1375     0.04642     0.02662      0.2105       1.778 
u_frontend/u_npc/BRANCH_PREDICTION.u_lru
                                0.009786    0.001651     0.00187     0.01331      0.1123 
u_frontend/u_decode/genblk1.u_dec0
                                0.001305    0.001646    0.002347    0.005298     0.04473 
u_frontend/u_decode/genblk1.u_dec1
                                0.001862    0.002667     0.00235    0.006879     0.05808 
 
 
-----------------------------------------------------------------------------------------
*	Power Distribution Summary: 
*              Highest Average Power: u_issue/FE_OFC2753_opcode0_ra_operand_w_12 (INV_X4):         0.006068
*              Highest Leakage Power:           u_issue/g162069 (AND4_X4):        0.0001893
*                Total Cap:      4.36518e-10 F
*                Total instances in design: 58275
*                Total instances in design with no power:     0
*                Total instances in design with no activty:     0

*                Total Fillers and Decap:     0
-----------------------------------------------------------------------------------------
 
** INFO:  (VOLTUS_POWR-3465): There are 0 decaps and 0 fillers in the design

Ended Static Power Report Generation: (cpu=0:00:00, real=0:00:00,
mem(process/total/peak)=3154.17MB/7108.50MB/3231.51MB)

