============================================================
  Generated by:           Genus(TM) Synthesis Solution 23.13-s073_1
  Generated on:           Dec 03 2025  11:42:20 am
  Module:                 riscv_core
  Technology libraries:   sram_asap7_64x256_1rw 1.0
                          asap7sc7p5t_OA_RVT_FF_nldm_201020 1.0
                          asap7sc7p5t_SEQ_RVT_FF_nldm_201020 1.0
                          sram_asap7_16x256_1rw 1.0
                          sram_asap7_64x64_1rw 1.0
                          asap7sc7p5t_AO_RVT_FF_nldm_201020 1.0
                          asap7sc7p5t_INVBUF_RVT_FF_nldm_201020 1.0
                          asap7sc7p5t_SIMPLE_RVT_FF_nldm_201020 1.0
                          sram_asap7_32x256_1rw 1.0
  Operating conditions:   tt_1.0_25.0 (balanced_tree)
  Wireload mode:          enclosed
  Area mode:              timing library
============================================================

           Instance                                                                                                                                 Module                                                                                                                        Cell-Count  Cell-Area  Net-Area   Total-Area   Wireload  
-------------------------------------------------------------------------------------------------------------------------------------------------------------------------------------------------------------------------------------------------------------------------------------------------------------------------------------------
riscv_core                    NA                                                                                                                                                                                                                                                       32117   4374.000     0.000     4374.000 <none> (D)  
  u_cbm                       column_bypass_multiplier                                                                                                                                                                                                                                   692    101.302     0.000      101.302 <none> (D)  
  u_csr                       biriscv_csr_SUPPORT_MULDIV1_SUPPORT_SUPER0                                                                                                                                                                                                                1610    251.549     0.000      251.549 <none> (D)  
    u_csrfile                 biriscv_csr_regfile_SUPPORT_MTIMECMP1_SUPPORT_SUPER0                                                                                                                                                                                                      1293    192.369     0.000      192.369 <none> (D)  
  u_div                       biriscv_divider                                                                                                                                                                                                                                           1294    193.579     0.000      193.579 <none> (D)  
  u_exec0                     biriscv_exec                                                                                                                                                                                                                                              1556    151.559     0.000      151.559 <none> (D)  
    u_alu                     biriscv_alu                                                                                                                                                                                                                                                826     66.485     0.000       66.485 <none> (D)  
  u_exec1                     biriscv_exec_2867                                                                                                                                                                                                                                         1547    151.617     0.000      151.617 <none> (D)  
    u_alu                     biriscv_alu_2865                                                                                                                                                                                                                                           826     66.485     0.000       66.485 <none> (D)  
  u_frontend                  biriscv_frontend_SUPPORT_BRANCH_PREDICTION1_SUPPORT_MULDIV1_SUPPORT_MMU0_EXTRA_DECODE_STAGE0_NUM_BTB_ENTRIES32_NUM_BTB_ENTRIES_W5_NUM_BHT_ENTRIES512_NUM_BHT_ENTRIES_W9_RAS_ENABLE1_GSHARE_ENABLE0_BHT_ENABLE1_NUM_RAS_ENTRIES8_NUM_RAS_ENTRIES_W3       11081   1672.574     0.000     1672.574 <none> (D)  
    u_decode                  biriscv_decode_SUPPORT_MULDIV1_EXTRA_DECODE_STAGE0                                                                                                                                                                                                         753    123.522     0.000      123.522 <none> (D)  
      genblk1.u_dec0          biriscv_decoder                                                                                                                                                                                                                                             78      5.555     0.000        5.555 <none> (D)  
      genblk1.u_dec1          biriscv_decoder_5666                                                                                                                                                                                                                                        78      5.555     0.000        5.555 <none> (D)  
      genblk1.u_fifo          fetch_fifo_OPC_INFO_W2                                                                                                                                                                                                                                     532    106.769     0.000      106.769 <none> (D)  
    u_fetch                   biriscv_fetch_SUPPORT_MMU0                                                                                                                                                                                                                                 580    112.193     0.000      112.193 <none> (D)  
    u_npc                     biriscv_npc_SUPPORT_BRANCH_PREDICTION1_NUM_BTB_ENTRIES32_NUM_BTB_ENTRIES_W5_NUM_BHT_ENTRIES512_NUM_BHT_ENTRIES_W9_RAS_ENABLE1_GSHARE_ENABLE0_BHT_ENABLE1_NUM_RAS_ENTRIES8_NUM_RAS_ENTRIES_W3                                                              9748   1436.859     0.000     1436.859 <none> (D)  
      BRANCH_PREDICTION.u_lru biriscv_npc_lfsr_DEPTH32_ADDR_W5                                                                                                                                                                                                                            38      7.844     0.000        7.844 <none> (D)  
  u_issue                     biriscv_issue_SUPPORT_MULDIV1_SUPPORT_DUAL_ISSUE1_SUPPORT_LOAD_BYPASS1_SUPPORT_MUL_BYPASS1_SUPPORT_REGFILE_XILINX0                                                                                                                                        9024   1220.725     0.000     1220.725 <none> (D)  
    u_pipe0_ctrl              biriscv_pipe_ctrl_SUPPORT_LOAD_BYPASS1_SUPPORT_MUL_BYPASS1                                                                                                                                                                                                 901    178.809     0.000      178.809 <none> (D)  
    u_pipe1_ctrl              biriscv_pipe_ctrl_SUPPORT_LOAD_BYPASS1_SUPPORT_MUL_BYPASS1_1                                                                                                                                                                                               608    110.648     0.000      110.648 <none> (D)  
    u_regfile                 biriscv_regfile_SUPPORT_REGFILE_XILINX0_SUPPORT_DUAL_ISSUE1                                                                                                                                                                                               4918    693.308     0.000      693.308 <none> (D)  
  u_lsu                       biriscv_lsu_MEM_CACHE_ADDR_MIN32h80000000_MEM_CACHE_ADDR_MAX32h8fffffff                                                                                                                                                                                    761    112.383     0.000      112.383 <none> (D)  
    u_lsu_request             biriscv_lsu_fifo_WIDTH36_DEPTH2_ADDR_W1                                                                                                                                                                                                                    203     41.174     0.000       41.174 <none> (D)  
  u_mul                       biriscv_multiplier                                                                                                                                                                                                                                        3322    357.254     0.000      357.254 <none> (D)  
  u_mule                      biriscv_multiplier_efficient                                                                                                                                                                                                                              1230    161.459     0.000      161.459 <none> (D)  
  (D) = wireload is default in technology library
