
Cadence Innovus(TM) Implementation System.
Copyright 2025 Cadence Design Systems, Inc. All rights reserved worldwide.

Version:	v25.12-s079_1, built Tue Nov 18 12:56:37 PST 2025
Options:	-stylus -nowin -overwrite -wait 60 -log /home/ykaraagac/cadence-bitirme/Flows/NanGate45/biriscv_2mul_vs_hybrid/scripts/cadence/outputs/mul_update_latency_hiding_power/rdr_like_corr/selective_latency_hidden_mule3n/innovus_report_only.log -files /home/ykaraagac/cadence-bitirme/Flows/NanGate45/biriscv_2mul_vs_hybrid/scripts/cadence/report_power_from_saved_db.tcl 
Date:		Tue Jun 23 14:50:28 2026
Host:		dockereda-rocky8 (x86_64 w/Linux 6.8.0-48-generic) (32cores*128cpus*AMD EPYC 9354 32-Core Processor 1024KB)
OS:		Rocky Linux 8.10 (Green Obsidian)

License:
		[14:50:28.516001] Configured Lic search path (25.01-s002): 5280@100.75.31.67

		invs	Innovus Implementation System	INVS100	25.1
		8 CPU jobs allowed with the current license(s). Use set_multi_cpu_usage to set your required CPU count.


Create and set the environment variable TMPDIR to /home/ykaraagac/cadence-bitirme/Flows/NanGate45/biriscv_2mul_vs_hybrid/scripts/cadence/innovus_temp_1930442_5f95e65c-f079-46ec-8d94-ca74da1ed3ea_dockereda-rocky8_ykaraagac_AFCaCf.

Change the soft stacksize limit to 0.2%RAM (2063 mbytes). Set global soft_stack_size_limit to change the value.
Info: Process UID = 1930442 / 5f95e65c-f079-46ec-8d94-ca74da1ed3ea / yPEHSg0mJI

**INFO:  MMMC transition support version v31-84 

#@ Processing -files option
@innovus 1> source /home/ykaraagac/cadence-bitirme/Flows/NanGate45/biriscv_2mul_vs_hybrid/scripts/cadence/report_power_from_saved_db.tcl
#@ Begin verbose source (pre): source /home/ykaraagac/cadence-bitirme/Flows/NanGate45/biriscv_2mul_vs_hybrid/scripts/cadence/report_power_from_saved_db.tcl
@file 1: if {![info exists ::env(ENC_SCRIPT)] || ![info exists ::env(REPORT_DIR)]} {...}
@file 5:
@file 6: set ENC_SCRIPT   $::env(ENC_SCRIPT)
@file 7: set REPORT_DIR   $::env(REPORT_DIR)
@file 8: set VCD_FILE     ""
@file 9: set VCD_SCOPE    ""
@file 10: set VCD_CLOCK_NAME "clk"
@file 11: set VCD_CLOCK_SCALE_FACTOR "1.0"
@file 12: set REPORT_INST_A ""
@file 13: set REPORT_INST_B ""
@file 14:
@file 15: if {[info exists ::env(VCD_FILE)]} {
@file 15: set VCD_FILE $::env(VCD_FILE) 
@file 15: }
@file 16: if {[info exists ::env(VCD_SCOPE)]} {
@file 16: set VCD_SCOPE $::env(VCD_SCOPE) 
@file 16: }
@file 17: if {[info exists ::env(VCD_CLOCK_NAME)]} {
@file 17: set VCD_CLOCK_NAME $::env(VCD_CLOCK_NAME) 
@file 17: }
@file 18: if {[info exists ::env(VCD_CLOCK_SCALE_FACTOR)]} {
@file 18: set VCD_CLOCK_SCALE_FACTOR $::env(VCD_CLOCK_SCALE_FACTOR) 
@file 18: }
@file 19: if {[info exists ::env(REPORT_INST_A)]} {
@file 19: set REPORT_INST_A $::env(REPORT_INST_A) 
@file 19: }
@file 20: if {[info exists ::env(REPORT_INST_B)]} {
@file 20: set REPORT_INST_B $::env(REPORT_INST_B) 
@file 20: }
@file 22: if {![file exists $ENC_SCRIPT]} {...}
@file 26:
@file 27: file mkdir $REPORT_DIR
@file 28:
@file 29: source $ENC_SCRIPT
#@ Begin verbose source /home/ykaraagac/cadence-bitirme/Flows/NanGate45/biriscv_2mul_vs_hybrid/scripts/cadence/outputs/innovus/core_hybrid_mul_update_a04bb61_100/vectorless/enc/core_hybrid_mul_update_a04bb61_100.enc (pre)
@file 1: ###############################################################
@file 2: #  Generated by:      Cadence Innovus 25.12-s079_1
@file 3: #  OS:                Linux x86_64(Host ID dockereda-rocky8)
@file 4: #  Generated on:      Mon Jun 22 22:04:31 2026
@file 5: #  Design:            riscv_core
@file 6: #  Command:           saveDesign outputs/innovus/core_hybrid_mul_update_a04bb61_100/vectorless/enc/core_hybrid_mul_update_a04bb61_100.enc
@file 7: ###############################################################
@file 8: if {[is_common_ui_mode]} {
@@file 9: read_db [file dirname [file normalize [info script]]]/core_hybrid_mul_update_a04bb61_100.enc.dat
#% Begin load design ... (date=06/23 14:50:47, mem=1681.2M)
Loading design 'riscv_core' saved by 'Innovus' '25.12-s079_1' on 'Mon Jun 22 22:04:31 2026'.
**WARN: (IMPIMEX-4026):	Stylus is loading a legacy db into memory, the MMMC1 data will be automatically converted to MMMC2 format.
% Begin Load MMMC data ... (date=06/23 14:50:49, mem=1683.3M)
% End Load MMMC data ... (date=06/23 14:50:49, total cpu=0:00:00.0, real=0:00:00.0, peak res=1684.3M, current mem=1684.3M)
WC_default_mapping_tc_1
Cmin Cmax

Loading LEF file /home/ykaraagac/cadence-bitirme/Flows/NanGate45/biriscv_2mul_vs_hybrid/scripts/cadence/outputs/innovus/core_hybrid_mul_update_a04bb61_100/vectorless/enc/core_hybrid_mul_update_a04bb61_100.enc.dat/libs/lef/NangateOpenCellLibrary.tech.lef ...

Loading LEF file /home/ykaraagac/cadence-bitirme/Flows/NanGate45/biriscv_2mul_vs_hybrid/scripts/cadence/outputs/innovus/core_hybrid_mul_update_a04bb61_100/vectorless/enc/core_hybrid_mul_update_a04bb61_100.enc.dat/libs/lef/NangateOpenCellLibrary.macro.mod.lef ...
Set DBUPerIGU to M2 pitch 380.

##  Check design process and node:  
##  Both design process and tech node are not set.

Loading view definition file from /home/ykaraagac/cadence-bitirme/Flows/NanGate45/biriscv_2mul_vs_hybrid/scripts/cadence/outputs/innovus/core_hybrid_mul_update_a04bb61_100/vectorless/enc/core_hybrid_mul_update_a04bb61_100.enc.dat/viewDefinition.tcl
Reading WC_LIB timing library '/home/ykaraagac/cadence-bitirme/Enablements/NanGate45/lib/NangateOpenCellLibrary_typical.lib' ...
Read 135 cells in library 'NangateOpenCellLibrary' 
*** End library_loading (cpu=0.01min, real=0.00min, mem=10.2M, fe_cpu=0.32min, fe_real=0.35min, fe_mem=1701.5M) ***
% Begin Load netlist data ... (date=06/23 14:50:49, mem=1699.8M)
*** Begin netlist parsing (mem=1699.8M) ***
**WARN: (IMPVL-159):	Pin 'Z' of cell 'LOGIC1_X1' is defined in LEF but not in the timing library.
Type 'man IMPVL-159' for more detail.
**WARN: (IMPVL-159):	Pin 'Z' of cell 'LOGIC0_X1' is defined in LEF but not in the timing library.
Type 'man IMPVL-159' for more detail.
Created 135 new cells from 1 timing libraries.
Reading netlist ...
Backslashed names will retain backslash and a trailing blank character.
Reading verilogBinary netlist '/home/ykaraagac/cadence-bitirme/Flows/NanGate45/biriscv_2mul_vs_hybrid/scripts/cadence/outputs/innovus/core_hybrid_mul_update_a04bb61_100/vectorless/enc/core_hybrid_mul_update_a04bb61_100.enc.dat/vbin/riscv_core.v.bin'

*** Memory Usage v#3 (Current mem = 1743.805M, initial mem = 776.000M) ***
*** End netlist parsing (cpu=0:00:00.2, real=0:00:00.0, mem=1743.8M) ***
% End Load netlist data ... (date=06/23 14:50:49, total cpu=0:00:00.2, real=0:00:00.0, peak res=1743.8M, current mem=1743.8M)
Set top cell to riscv_core.
**WARN: (IMPTS-124):	Timing library description of pin 'Z' is missing from cell 'LOGIC1_X1' in timing library 'NangateOpenCellLibrary'.
Type 'man IMPTS-124' for more detail.
**WARN: (IMPTS-124):	Timing library description of pin 'Z' is missing from cell 'LOGIC0_X1' in timing library 'NangateOpenCellLibrary'.
Type 'man IMPTS-124' for more detail.
Hooked 135 DB cells to tlib cells.
Starting recursive module instantiation check.
No recursion found.
Building hierarchical netlist for Cell riscv_core ...
***** UseNewTieNetMode *****.
*** Netlist is unique.
** info: there are 403 modules.
** info: there are 58275 stdCell insts.
** info: there are 58275 stdCell insts with at least one signal pin.

*** Memory Usage v#3 (Current mem = 1836.645M, initial mem = 776.000M) ***
*info: set bottom ioPad orient R0
Start create_tracks
Generated pitch 1.68 in metal10 is different from 1.6 defined in technology file in preferred direction.
Generated pitch 0.84 in metal8 is different from 0.8 defined in technology file in preferred direction.
Generated pitch 0.84 in metal7 is different from 0.8 defined in technology file in preferred direction.
##  Process: 45            (User Set)               
##     Node: (not set)                           

##  Check design process and node:  
##  Design tech node is not set.

Applying the recommended capacitance filtering threshold values for 45nm process node: total_c_th=0, relative_c_th=1 and coupling_c_th=0.1.
	These values will be used by all post-route extraction engines, including TQuantus, IQuantus and Quantus QRC extraction.
	Capacitance filtering mode(extract_rc_cap_filter_mode option of the set_db) is 'relative_and_coupling' for all engines.
	The accuracy mode for post_route extract_rc_effort_level low extraction will be set to 'high'.
	Default value for EffortLevel(extract_rc_effort_level option of the set_db) in post_route extraction mode will be 'medium' if Quantus QRC technology file is specified else 'low'.
**WARN: (IMPOPT-3602):	The specified path group name reg2reg is not defined.
Type 'man IMPOPT-3602' for more detail.
Effort level <high> specified for reg2reg path_group
Slack adjustment of -0 applied on reg2reg path_group
**WARN: (IMPOPT-3602):	The specified path group name reg2out is not defined.
Type 'man IMPOPT-3602' for more detail.
Slack adjustment of -0 applied on reg2out path_group
**WARN: (IMPOPT-3602):	The specified path group name in2reg is not defined.
Type 'man IMPOPT-3602' for more detail.
Slack adjustment of -0 applied on in2reg path_group
**WARN: (IMPOPT-3602):	The specified path group name in2out is not defined.
Type 'man IMPOPT-3602' for more detail.
Slack adjustment of -0 applied on in2out path_group
AAE_INFO: switching set_db delaycal_enable_si from false to true ...
AAE_INFO: The setting is changed from false to true in set_db delaycal_enable_si
*Info: initialize multi-corner CTS.
Total number of combinational cells: 93
Total number of sequential cells: 29
Total number of tristate cells: 6
Total number of level shifter cells: 0
Total number of power gating cells: 0
Total number of isolation cells: 0
Total number of power switch cells: 0
Total number of pulse generator cells: 0
Total number of always on buffers: 0
Total number of retention cells: 0
Total number of physical cells: 7
List of usable buffers: CLKBUF_X1 BUF_X1 CLKBUF_X2 BUF_X2 CLKBUF_X3 BUF_X4 BUF_X8 BUF_X16 BUF_X32
Total number of usable buffers: 9
List of unusable buffers:
Total number of unusable buffers: 0
List of usable inverters: INV_X1 INV_X2 INV_X4 INV_X8 INV_X16 INV_X32
Total number of usable inverters: 6
List of unusable inverters:
Total number of unusable inverters: 0
List of identified usable delay cells:
Total number of identified usable delay cells: 0
List of identified unusable delay cells:
Total number of identified unusable delay cells: 0
No delay cells were detected in the set of buffers. Buffers will be used to fix hold violations.
% Begin Load MMMC data post ... (date=06/23 14:50:50, mem=2291.9M)
% End Load MMMC data post ... (date=06/23 14:50:51, total cpu=0:00:00.0, real=0:00:00.0, peak res=2291.9M, current mem=2291.9M)
Reading floorplan file - /home/ykaraagac/cadence-bitirme/Flows/NanGate45/biriscv_2mul_vs_hybrid/scripts/cadence/outputs/innovus/core_hybrid_mul_update_a04bb61_100/vectorless/enc/core_hybrid_mul_update_a04bb61_100.enc.dat/riscv_core.fp.gz (mem = 2291.9M).
% Begin Load floorplan data ... (date=06/23 14:50:51, mem=2291.9M)
*info: reset 153255 existing net BottomPreferredLayer and AvoidDetour
Deleting old partition specification.
Set FPlanBox to (0 0 864120 863520)
 ... processed partition successfully.
Reading binary special route file /home/ykaraagac/cadence-bitirme/Flows/NanGate45/biriscv_2mul_vs_hybrid/scripts/cadence/outputs/innovus/core_hybrid_mul_update_a04bb61_100/vectorless/enc/core_hybrid_mul_update_a04bb61_100.enc.dat/riscv_core.fp.spr.gz (Created by Innovus v25.12-s079_1 on Mon Jun 22 22:04:30 2026, version: 1)
Convert 0 swires and 0 svias from compressed groups
0 swires and 0 svias were compressed
0 swires and 0 svias were decompressed from small or sparse groups
Ending "Read special route file" (total cpu=0:00:00.0, real=0:00:00.0, peak res=2291.9M, current mem=2291.9M)
There are 663 nets with weight being set
There are 670 nets with bottomPreferredRoutingLayer being set
There are 663 nets with avoidDetour being set
Extracting standard cell pins and blockage ...... 
Pin and blockage extraction finished
Delete all existing relative floorplan constraints.
% End Load floorplan data ... (date=06/23 14:50:51, total cpu=0:00:00.1, real=0:00:00.0, peak res=2292.9M, current mem=2292.9M)
Reading congestion map file /home/ykaraagac/cadence-bitirme/Flows/NanGate45/biriscv_2mul_vs_hybrid/scripts/cadence/outputs/innovus/core_hybrid_mul_update_a04bb61_100/vectorless/enc/core_hybrid_mul_update_a04bb61_100.enc.dat/riscv_core.route.congmap.gz ...
% Begin Load SymbolTable ... (date=06/23 14:50:51, mem=2293.9M)
% End Load SymbolTable ... (date=06/23 14:50:51, total cpu=0:00:00.2, real=0:00:00.0, peak res=2313.9M, current mem=2313.9M)
Loading place ...
% Begin Load placement data ... (date=06/23 14:50:51, mem=2313.9M)
Reading placement file - /home/ykaraagac/cadence-bitirme/Flows/NanGate45/biriscv_2mul_vs_hybrid/scripts/cadence/outputs/innovus/core_hybrid_mul_update_a04bb61_100/vectorless/enc/core_hybrid_mul_update_a04bb61_100.enc.dat/riscv_core.place.gz.
** Reading stdCellPlacement_binary (Created by Innovus v25.12-s079_1 on Mon Jun 22 22:04:30 2026, version# 2) ...
Read Views for adaptive view pruning ...
Read 0 views from Binary DB for adaptive view pruning
*** Completed restorePlace (cpu=0:00:00.1 real=0:00:00.0 mem=2321.9M) ***
Total net length = 9.713e+05 (4.635e+05 5.078e+05) (ext = 5.931e+04)
% End Load placement data ... (date=06/23 14:50:51, total cpu=0:00:00.1, real=0:00:00.0, peak res=2321.9M, current mem=2320.0M)
Reading PG file /home/ykaraagac/cadence-bitirme/Flows/NanGate45/biriscv_2mul_vs_hybrid/scripts/cadence/outputs/innovus/core_hybrid_mul_update_a04bb61_100/vectorless/enc/core_hybrid_mul_update_a04bb61_100.enc.dat/riscv_core.pg.gz, version#2, (Created by Innovus v25.12-s079_1 on       Mon Jun 22 22:04:30 2026)
*** Completed restorePGFile (cpu=0:00:00.0 real=0:00:00.0 mem=2320.0M) ***
% Begin Load routing data ... (date=06/23 14:50:51, mem=2320.0M)
Reading routing file - /home/ykaraagac/cadence-bitirme/Flows/NanGate45/biriscv_2mul_vs_hybrid/scripts/cadence/outputs/innovus/core_hybrid_mul_update_a04bb61_100/vectorless/enc/core_hybrid_mul_update_a04bb61_100.enc.dat/riscv_core.route.gz.
Reading Innovus routing data (Created by Innovus v25.12-s079_1 on Mon Jun 22 22:04:30 2026 Format: 23.1) ...
*** Total 72392 nets are successfully restored.
*** Completed restoreRoute (cpu=0:00:00.5 real=0:00:00.0 mem=2415.0M) ***
% End Load routing data ... (date=06/23 14:50:52, total cpu=0:00:00.6, real=0:00:00.0, peak res=2415.0M, current mem=2415.0M)
TAT_INFO: ::restoreCongMap REAL = 0 : CPU = 0 : MEM = 0.
Reading property file /home/ykaraagac/cadence-bitirme/Flows/NanGate45/biriscv_2mul_vs_hybrid/scripts/cadence/outputs/innovus/core_hybrid_mul_update_a04bb61_100/vectorless/enc/core_hybrid_mul_update_a04bb61_100.enc.dat/riscv_core.prop
*** Completed restoreProperty (cpu=0:00:00.1 real=0:00:00.0 mem=2423.0M) ***
Reading dirtyarea snapshot file /home/ykaraagac/cadence-bitirme/Flows/NanGate45/biriscv_2mul_vs_hybrid/scripts/cadence/outputs/innovus/core_hybrid_mul_update_a04bb61_100/vectorless/enc/core_hybrid_mul_update_a04bb61_100.enc.dat/riscv_core.db.da.gz (Create by Innovus v25.12-s079_1 on Mon Jun 22 22:04:31 2026, version: 8).
Loading preRoute extraction data from directory '/home/ykaraagac/cadence-bitirme/Flows/NanGate45/biriscv_2mul_vs_hybrid/scripts/cadence/outputs/innovus/core_hybrid_mul_update_a04bb61_100/vectorless/enc/core_hybrid_mul_update_a04bb61_100.enc.dat/extraction/' ...
Extraction setup Started for TopCell riscv_core 
Initializing multi-corner RC extraction with 2 active RC Corners ...
Captable file(s) not specified in multi-corner setup. PreRoute extraction will use technology file. For post_route extraction, default value for effort level would be 'medium' and effort level 'low' would not be allowed.
Generating auto layer map file.
Importing multi-corner technology file(s) for preRoute extraction...
/home/ykaraagac/cadence-bitirme/Flows/NanGate45/biriscv_2mul_vs_hybrid/scripts/cadence/outputs/innovus/core_hybrid_mul_update_a04bb61_100/vectorless/enc/core_hybrid_mul_update_a04bb61_100.enc.dat/libs/mmmc/Cmin/NG45.tch
Generating auto layer map file.
Completed (cpu: 0:00:00.4 real: 0:00:01.0)
Set Shrink Factor to 1.00000
Summary of Active RC-Corners : 
 
 Analysis View: WC_VIEW
    RC-Corner Name        : Cmax
    RC-Corner Index       : 0
    RC-Corner Temperature : 25 Celsius
    RC-Corner Cap Table   : ''
    RC-Corner PreRoute Res Factor         : 1
    RC-Corner PreRoute Cap Factor         : 1
    RC-Corner PostRoute Res Factor        : 1 {1 1 1}
    RC-Corner PostRoute Cap Factor        : 1 {1 1 1}
    RC-Corner PostRoute XCap Factor       : 1 {1 1 1}
    RC-Corner PreRoute Clock Res Factor   : 1	[Derived from postRoute_res (effortLevel low)]
    RC-Corner PreRoute Clock Cap Factor   : 1	[Derived from postRoute_cap (effortLevel low)]
    RC-Corner PostRoute Clock Cap Factor  : 1 {1 1 1} 	[Derived from postRoute_cap (effortLevel low)]
    RC-Corner PostRoute Clock Res Factor  : 1 {1 1 1} 	[Derived from postRoute_res (effortLevel low)]
    RC-Corner PostRoute Clock coupling capacitance Factor : 1 {1 1 1} 
    RC-Corner Technology file: '/home/ykaraagac/cadence-bitirme/Flows/NanGate45/biriscv_2mul_vs_hybrid/scripts/cadence/outputs/innovus/core_hybrid_mul_update_a04bb61_100/vectorless/enc/core_hybrid_mul_update_a04bb61_100.enc.dat/libs/mmmc/Cmin/NG45.tch'
 
 Analysis View: BC_VIEW
    RC-Corner Name        : Cmin
    RC-Corner Index       : 1
    RC-Corner Temperature : 25 Celsius
    RC-Corner Cap Table   : ''
    RC-Corner PreRoute Res Factor         : 1
    RC-Corner PreRoute Cap Factor         : 1
    RC-Corner PostRoute Res Factor        : 1 {1 1 1}
    RC-Corner PostRoute Cap Factor        : 1 {1 1 1}
    RC-Corner PostRoute XCap Factor       : 1 {1 1 1}
    RC-Corner PreRoute Clock Res Factor   : 1	[Derived from postRoute_res (effortLevel low)]
    RC-Corner PreRoute Clock Cap Factor   : 1	[Derived from postRoute_cap (effortLevel low)]
    RC-Corner PostRoute Clock Cap Factor  : 1 {1 1 1} 	[Derived from postRoute_cap (effortLevel low)]
    RC-Corner PostRoute Clock Res Factor  : 1 {1 1 1} 	[Derived from postRoute_res (effortLevel low)]
    RC-Corner PostRoute Clock coupling capacitance Factor : 1 {1 1 1} 
    RC-Corner Technology file: '/home/ykaraagac/cadence-bitirme/Flows/NanGate45/biriscv_2mul_vs_hybrid/scripts/cadence/outputs/innovus/core_hybrid_mul_update_a04bb61_100/vectorless/enc/core_hybrid_mul_update_a04bb61_100.enc.dat/libs/mmmc/Cmin/NG45.tch'
Initializing multi-corner resistance tables ...
Default value for post_route extraction mode's extract_rc_effort_level (extract_rc_effort_level option of set_db) changed to 'medium'.
WC BC
Start generating vias ..
Extracting standard cell pins and blockage ...... 
Pin and blockage extraction finished
Via generation completed successfully.
Generating auto layer map file.
Initializing preRoute extraction patterns for new vias...
Generating auto layer map file.
Completed (cpu: 0:00:00.4 real: 0:00:00.0)
% Begin Load power constraints ... (date=06/23 14:50:56, mem=2492.8M)
source /home/ykaraagac/cadence-bitirme/Flows/NanGate45/biriscv_2mul_vs_hybrid/scripts/cadence/outputs/innovus/core_hybrid_mul_update_a04bb61_100/vectorless/enc/core_hybrid_mul_update_a04bb61_100.enc.dat/riscv_core_power_constraints.tcl
'set_default_switching_activity' finished successfully.
** WARN:  (VOLTUS_POWR-3212): The 'set_power_analysis_mode -leakage_power_view |-dynamic_power_view|-analysis_view' will be obsolete in 18.20 release. Use 'set_analysis_view -leakage <> | -dynamic <>' to set leakage and dynamic power views.

** WARN:  (VOLTUS_POWR-3212): The 'set_power_analysis_mode -leakage_power_view |-dynamic_power_view|-analysis_view' will be obsolete in 18.20 release. Use 'set_analysis_view -leakage <> | -dynamic <>' to set leakage and dynamic power views.

% End Load power constraints ... (date=06/23 14:50:57, total cpu=0:00:00.1, real=0:00:01.0, peak res=2513.8M, current mem=2513.8M)
WC BC
% Begin load AAE data ... (date=06/23 14:50:57, mem=2562.5M)
**WARN: (IMPESI-3505):	set_db delaycal_eng_enablePrePlacedFlow false (default=false) will be obsoleted along with its sgs2set equivalent.  This parameter will continue to be supported in the current release, but will be removed in the next major release of the software.
AAE DB initialization (MEM=2599.535156 CPU=0:00:00.0 REAL=0:00:00.0) 
% End load AAE data ... (date=06/23 14:50:57, total cpu=0:00:00.4, real=0:00:00.0, peak res=2599.5M, current mem=2599.5M)
Restoring CCOpt config...
  Extracting original clock gating for clk...
    clock_tree clk contains 7173 sinks and 0 clock gates.
  Extracting original clock gating for clk done.
  The skew group clk/CON was created. It contains 7173 sinks and 1 sources.
  The skew group clk/CON was created. It contains 7173 sinks and 1 sources.
Restoring CCOpt config done.
Total number of combinational cells: 93
Total number of sequential cells: 29
Total number of tristate cells: 6
Total number of level shifter cells: 0
Total number of power gating cells: 0
Total number of isolation cells: 0
Total number of power switch cells: 0
Total number of pulse generator cells: 0
Total number of always on buffers: 0
Total number of retention cells: 0
Total number of physical cells: 7
List of usable buffers: CLKBUF_X1 BUF_X1 CLKBUF_X2 BUF_X2 CLKBUF_X3 BUF_X4 BUF_X8 BUF_X16 BUF_X32
Total number of usable buffers: 9
List of unusable buffers:
Total number of unusable buffers: 0
List of usable inverters: INV_X1 INV_X2 INV_X4 INV_X8 INV_X16 INV_X32
Total number of usable inverters: 6
List of unusable inverters:
Total number of unusable inverters: 0
List of identified usable delay cells:
Total number of identified usable delay cells: 0
List of identified unusable delay cells:
Total number of identified unusable delay cells: 0
No delay cells were detected in the set of buffers. Buffers will be used to fix hold violations.
#% End load design ... (date=06/23 14:50:57, total cpu=0:00:08.0, real=0:00:10.0, peak res=2607.5M, current mem=2599.5M)

*** Summary of all messages that are not suppressed in this session:
Severity  ID               Count  Summary                                  
WARNING   IMPTS-124            2  Timing library description of pin '%s' i...
WARNING   IMPVL-159            2  Pin '%s' of cell '%s' is defined in LEF ...
WARNING   IMPESI-3505          1  set_db delaycal_eng_%s (default=%s) will...
WARNING   IMPOPT-3602          4  The specified path group name %s is not ...
WARNING   IMPIMEX-4026         1  Stylus is loading a legacy db into memor...
*** Message Summary: 10 warning(s), 0 error(s)

@file 10: }
@file 13:
#@ End verbose source /home/ykaraagac/cadence-bitirme/Flows/NanGate45/biriscv_2mul_vs_hybrid/scripts/cadence/outputs/innovus/core_hybrid_mul_update_a04bb61_100/vectorless/enc/core_hybrid_mul_update_a04bb61_100.enc
@file 30:
@file 31: if {[string length $VCD_FILE] > 0} {
@file 32: if {![file exists $VCD_FILE]} {...}
@@file 36: read_activity_file -reset
@file 37: if {[string length $VCD_SCOPE] > 0} {
@@file 38: read_activity_file -format VCD $VCD_FILE -scope $VCD_SCOPE
#################################################################################
# Design Stage: PostRoute
# Design Name: riscv_core
# Design Mode: 45nm
# Analysis Mode: MMMC OCV 
# Parasitics Mode: No SPEF/RCDB 
# Signoff Settings: SI On 
#################################################################################
#################################################################################
# Design Stage: PostRoute
# Design Name: riscv_core
# Design Mode: 45nm
# Analysis Mode: MMMC OCV 
# Parasitics Mode: No SPEF/RCDB 
# Signoff Settings: SI On 
#################################################################################
clk(100MHz) CK: assigning clock clk to net clk_i
Parsing VCD file
/home/ykaraagac/cadence-bitirme/Flows/NanGate45/biriscv_2mul_vs_hybrid/scripts/cadence/outputs/mul_update_latency_hiding_power_vcds/rdr_like_corr_selective_latency_hidden_mule3n/vcd/core_hybrid.vcd

Starting Reading VCD variables
2026-Jun-23 14:51:02 (2026-Jun-23 14:51:02 GMT)
2026-Jun-23 14:51:02 (2026-Jun-23 14:51:02 GMT): 10%
2026-Jun-23 14:51:02 (2026-Jun-23 14:51:02 GMT): 20%

Finished Reading VCD variables
2026-Jun-23 14:51:07 (2026-Jun-23 14:51:07 GMT)
   With this vcd command,  32803430 value changes and 0.00050821 second
simulation time were counted for power consumption calculation.

  Filename (activity)                    :
/home/ykaraagac/cadence-bitirme/Flows/NanGate45/biriscv_2mul_vs_hybrid/scripts/cadence/outputs/mul_update_latency_hiding_power_vcds/rdr_like_corr_selective_latency_hidden_mule3n/vcd/core_hybrid.vcd
  Names in file that matched to design   : 31076/215948
  Annotation coverage for this file
   (Unique nets matched/Total nets)       : 20024/72373 = 27.6678%

  184872 nets were found in the VCD file(s) but were not in
  the design.  These nets are not reported because
  'set_power_analysis_mode' -report_missing_nets' is set to false
(default).

  Total annotation coverage for all files of type VCD: 20024/72373 =
27.6678%
  Percent of VCD annotated nets with zero toggles: 10073/72373 = 13.9182%

'read_activity_file' finished successfully.
@file 39: }
@file 42: if {$VCD_CLOCK_SCALE_FACTOR ne "1.0"} {...}
@file 46: }
@file 47:
@file 48: catch {summaryReport -noHtml -outfile ${REPORT_DIR}/post_route.sum}
@@file 49: redirect ${REPORT_DIR}/power_total.rpt { report_power }
@@file 50: redirect ${REPORT_DIR}/power_hierarchy.rpt { report_power -hierarchy all }
@file 51:
@file 52: if {[string length $REPORT_INST_A] > 0} {
@@file 53: redirect ${REPORT_DIR}/power_inst_a.rpt {report_power -insts $REPORT_INST_A}
@file 54: }
@file 55:
@file 56: if {[string length $REPORT_INST_B] > 0} {
@@file 57: redirect ${REPORT_DIR}/power_inst_b.rpt {report_power -insts $REPORT_INST_B}
@file 58: }
@file 59:
@file 60: exit
*** Message Summary: 10 warning(s), 0 error(s)


*** Memory Usage v#3 (Current mem = 3154.465M, initial mem = 776.000M) ***
--- Ending "Innovus" (totcpu=0:02:25, real=0:02:14, mem=3154.5M) ---
