============================================================
  Generated by:           Genus(TM) Synthesis Solution 23.13-s073_1
  Generated on:           Jan 11 2026  03:44:34 pm
  Module:                 riscv_core
  Operating conditions:   tt_1.0_25.0 (balanced_tree)
  Wireload mode:          enclosed
  Area mode:              timing library
============================================================

Timing
--------

   Clock     Period  
---------------------
core_clock 2000000.0 


   Cost      Critical         Violating 
   Group    Path Slack  TNS     Paths   
----------------------------------------
core_clock   1997469.4   0.0          0 
default       No paths   0.0            
----------------------------------------
Total                    0.0          0 

Instance Count
--------------
Leaf Instance Count             32197 
Physical Instance count             0 
Sequential Instance Count        5356 
Combinational Instance Count    26841 
Hierarchical Instance Count        24 

Area
----
Cell Area                          4401.862
Physical Cell Area                 0.000
Total Cell Area (Cell+Physical)    4401.862
Net Area                           0.000
Total Area (Cell+Physical+Net)     4401.862

Runtime                            102.61356099999999 seconds
Elapsed Runtime                    890 seconds
Genus peak memory usage            2440.67 
Innovus peak memory usage          no_value 
Hostname                           eda-bitirme
