Power Unit: W
Area Unit: Um^2
PDB Frame : /stim#0/frame#0
----------------------------------------------------------------------------------------------------
Cells Pct_cells     Leakage    Internal   Switching       Total Lvl Instance                        
----------------------------------------------------------------------------------------------------
32197   100.00% 3.09601e-06 9.81596e-01 8.52996e-02 1.06690e+00   0 /riscv_core                     
11115    34.52% 1.05038e-06 4.93587e-01 6.15484e-02 5.55137e-01   1 /riscv_core/u_frontend          
 9772    30.35% 9.07460e-07 4.06554e-01 4.08019e-02 4.47357e-01   2 /riscv_core/u_frontend/u_npc    
  766     2.38% 8.55247e-08 5.11843e-02 1.40636e-02 6.52480e-02   2 /riscv_core/u_frontend/u_decode 
  577     1.79% 5.73940e-08 3.58487e-02 6.68282e-03 4.25316e-02   2 /riscv_core/u_frontend/u_fetch  
 9037    28.07% 8.65630e-07 2.58508e-01 1.66872e-02 2.75196e-01   1 /riscv_core/u_issue             
 4954    15.39% 5.22575e-07 1.52696e-01 1.96877e-03 1.54665e-01   2 /riscv_core/u_issue/u_regfile   
  927     2.88% 9.91466e-08 5.96126e-02 4.58331e-03 6.41960e-02   2 /riscv_core/u_issue/u_pipe0_ctrl
  598     1.86% 6.06908e-08 3.57230e-02 3.33070e-03 3.90538e-02   2 /riscv_core/u_issue/u_pipe1_ctrl
 1564     4.86% 1.56745e-07 6.54619e-02 3.75058e-04 6.58371e-02   1 /riscv_core/u_csr               
 1250     3.88% 1.21498e-07 4.73419e-02 3.61637e-04 4.77037e-02   2 /riscv_core/u_csr/u_csrfile     
 1220     3.79% 1.34969e-07 4.45192e-02 0.00000e+00 4.45193e-02   1 /riscv_core/u_div               
  738     2.29% 7.92687e-08 2.88956e-02 1.13982e-03 3.00355e-02   1 /riscv_core/u_lsu               
  202     0.63% 2.36400e-08 1.40937e-02 6.64849e-04 1.47586e-02   2 /riscv_core/u_lsu/u_lsu_request 
 1117     3.47% 1.25699e-07 2.50992e-02 4.32915e-03 2.94284e-02   1 /riscv_core/u_mule              
 1271     3.95% 1.22417e-07 2.40370e-02 0.00000e+00 2.40371e-02   1 /riscv_core/u_cbm               
 3047     9.46% 2.74649e-07 1.67582e-02 0.00000e+00 1.67584e-02   1 /riscv_core/u_mul               
 1518     4.71% 1.42396e-07 1.27381e-02 7.10433e-04 1.34486e-02   1 /riscv_core/u_exec0             
  847     2.63% 7.79025e-08 0.00000e+00 0.00000e+00 7.79025e-08   2 /riscv_core/u_exec0/u_alu       
 1570     4.88% 1.43859e-07 1.19921e-02 3.97574e-04 1.23898e-02   1 /riscv_core/u_exec1             
  855     2.66% 7.42359e-08 0.00000e+00 0.00000e+00 7.42359e-08   2 /riscv_core/u_exec1/u_alu       
----------------------------------------------------------------------------------------------------
