============================================================
  Generated by:           Genus(TM) Synthesis Solution 23.13-s073_1
  Generated on:           Dec 19 2025  03:58:01 pm
  Module:                 column_bypass_multiplier
  Operating conditions:   PVT_0P77V_0C (balanced_tree)
  Wireload mode:          enclosed
  Area mode:              timing library
============================================================


Path 1: MET (2 ps) Setup Check with Pin accumulator_q_reg[31]/CLK->D
          Group: clk_i
     Startpoint: (R) column_mask_q_reg[9]/CLK
          Clock: (R) clk_i
       Endpoint: (F) accumulator_q_reg[31]/D
          Clock: (R) clk_i

                     Capture       Launch     
        Clock Edge:+    1000            0     
       Src Latency:+       0            0     
       Net Latency:+       0 (I)        0 (I) 
           Arrival:=    1000            0     
                                              
             Setup:-      16                  
     Required Time:=     984                  
      Launch Clock:-       0                  
         Data Path:-     983                  
             Slack:=       2                  

#------------------------------------------------------------------------------------------------------------------
#      Timing Point        Flags    Arc    Edge           Cell            Fanout Load Trans Delay Arrival Instance 
#                                                                                (fF)  (ps)  (ps)   (ps)  Location 
#------------------------------------------------------------------------------------------------------------------
  column_mask_q_reg[9]/CLK -       -       R     (arrival)                   141    -     0     0       0    (-,-) 
  column_mask_q_reg[9]/QN  -       CLK->QN F     ASYNC_DFFHx1_ASAP7_75t_R      4  2.1    22    40      40    (-,-) 
  g6902__1617/Y            -       A->Y    R     NOR2xp33_ASAP7_75t_R          3  1.8    41    26      67    (-,-) 
  g6898/Y                  -       A->Y    F     INVx1_ASAP7_75t_R             1  0.6    11     9      76    (-,-) 
  g6886__5477/Y            -       A->Y    R     NOR3xp33_ASAP7_75t_R          3  1.9    48    26     102    (-,-) 
  g6867__6131/Y            -       B->Y    R     AND4x1_ASAP7_75t_R           21 11.8    85    70     171    (-,-) 
  g10700/Y                 -       A2->Y   R     AO221x1_ASAP7_75t_R          29 16.5   101    75     247    (-,-) 
  g6351/Y                  -       A->Y    F     INVx2_ASAP7_75t_R            20 11.3    48    38     284    (-,-) 
  sll_68_53_g3371__6417/Y  -       B->Y    R     NOR2xp33_ASAP7_75t_R          6  3.5    79    51     335    (-,-) 
  sll_68_53_g3348__2802/Y  -       B->Y    F     NAND2xp5_ASAP7_75t_R          3  1.6    34    27     362    (-,-) 
  sll_68_53_g3331__9945/Y  -       B->Y    R     NOR2xp33_ASAP7_75t_R          2  1.1    37    24     386    (-,-) 
  sll_68_53_g3316__6783/Y  -       B->Y    R     AND2x2_ASAP7_75t_R            2  1.7    13    25     412    (-,-) 
  add_100_43_g2492__5477/Y -       B->Y    F     NAND2xp5_ASAP7_75t_R          2  1.7    22    15     426    (-,-) 
  add_100_43_g2397__5107/Y -       A1->Y   R     OAI21xp5_ASAP7_75t_R          2  1.5    24    17     443    (-,-) 
  add_100_43_g2392__1666/Y -       A->Y    F     MAJIxp5_ASAP7_75t_R           2  1.6    26    19     462    (-,-) 
  add_100_43_g2390__2883/Y -       A2->Y   R     OAI21xp5_ASAP7_75t_R          2  1.5    25    19     481    (-,-) 
  add_100_43_g2388__9315/Y -       A1->Y   F     AOI21xp5_ASAP7_75t_R          2  1.6    22    17     498    (-,-) 
  add_100_43_g2386__4733/Y -       A2->Y   R     OAI21xp5_ASAP7_75t_R          2  1.5    24    18     516    (-,-) 
  add_100_43_g2384__5115/Y -       A->Y    F     MAJIxp5_ASAP7_75t_R           2  1.6    26    19     535    (-,-) 
  add_100_43_g2382__6131/Y -       A2->Y   R     OAI21xp5_ASAP7_75t_R          2  1.5    25    19     554    (-,-) 
  add_100_43_g2381__7098/Y -       B->Y    F     NAND2xp5_ASAP7_75t_R          2  1.2    19    15     570    (-,-) 
  g10698/Y                 -       A2->Y   R     A2O1A1Ixp33_ASAP7_75t_R       1  1.6    28    20     589    (-,-) 
  g10705/CON               -       CI->CON F     FAx1_ASAP7_75t_R              2  1.6    35    24     613    (-,-) 
  add_100_43_g2373__5526/Y -       A2->Y   R     OAI21xp5_ASAP7_75t_R          1  1.6    29    22     635    (-,-) 
  g10703/CON               -       CI->CON F     FAx1_ASAP7_75t_R              2  1.6    35    24     658    (-,-) 
  add_100_43_g2369__5107/Y -       A2->Y   F     OA21x2_ASAP7_75t_R            2  1.6     9    25     683    (-,-) 
  add_100_43_g2367__5477/Y -       A2->Y   R     OAI21xp5_ASAP7_75t_R          3  2.1    30    17     701    (-,-) 
  add_100_43_g2362__1666/Y -       A2->Y   F     A2O1A1Ixp33_ASAP7_75t_R       2  1.2    26    18     718    (-,-) 
  g10697/Y                 -       A1->Y   R     A2O1A1Ixp33_ASAP7_75t_R       2  1.5    28    20     738    (-,-) 
  add_100_43_g2355__4733/Y -       A1->Y   F     AOI21xp5_ASAP7_75t_R          2  1.6    23    17     755    (-,-) 
  add_100_43_g2353__5115/Y -       A1->Y   R     OAI21xp5_ASAP7_75t_R          2  1.5    24    17     772    (-,-) 
  add_100_43_g2350__6131/Y -       A1->Y   F     AOI21xp5_ASAP7_75t_R          2  1.6    22    16     788    (-,-) 
  add_100_43_g2348__8246/Y -       A2->Y   R     OAI21xp5_ASAP7_75t_R          2  1.5    25    18     806    (-,-) 
  add_100_43_g2345__1705/Y -       A2->Y   R     AO21x1_ASAP7_75t_R            2  1.5    13    19     825    (-,-) 
  add_100_43_g2342__1617/Y -       A2->Y   R     AO21x1_ASAP7_75t_R            2  1.5    12    17     842    (-,-) 
  add_100_43_g2340__3680/Y -       B->Y    F     NAND2xp5_ASAP7_75t_R          2  1.2    16    12     854    (-,-) 
  g2/Y                     -       A1->Y   R     A2O1A1Ixp33_ASAP7_75t_R       2  1.5    28    18     872    (-,-) 
  add_100_43_g2332__5107/Y -       A1->Y   F     AOI21xp5_ASAP7_75t_R          2  1.6    23    17     889    (-,-) 
  add_100_43_g2329__2398/Y -       A2->Y   R     OAI21xp5_ASAP7_75t_R          2  1.5    24    18     907    (-,-) 
  add_100_43_g2326__6417/Y -       A2->Y   R     AO21x1_ASAP7_75t_R            2  1.5    13    19     926    (-,-) 
  add_100_43_g2323__1666/Y -       A2->Y   R     AO21x1_ASAP7_75t_R            2  1.5    12    17     943    (-,-) 
  add_100_43_g2320__2883/Y -       A2->Y   R     AO21x1_ASAP7_75t_R            1  0.9     9    15     958    (-,-) 
  add_100_43_g2319__9945/Y -       B->Y    R     XNOR2xp5_ASAP7_75t_R          1  0.6    18    15     973    (-,-) 
  g10320__6417/Y           -       B2->Y   F     AOI22xp5_ASAP7_75t_R          1  0.6    35    10     983    (-,-) 
  accumulator_q_reg[31]/D  <<<     -       F     ASYNC_DFFHx1_ASAP7_75t_R      1    -     -     0     983    (-,-) 
#------------------------------------------------------------------------------------------------------------------

