env CDS_WORKAREA is set to /home/ykaraagac/cadence-bitirme/Flows/NanGate45/biriscv_2mul_vs_hybrid/scripts/cadence
             0V	    VSS
           1.1V	    VDD
Using Power View WC_VIEW
.
Load RC corner of view WC_VIEW

Begin Power Analysis

             0V	    VSS
           1.1V	    VDD

Begin Processing Timing Library for Power Calculation

Ended Processing Timing Library for Power Calculation: (cpu=0:00:00, real=0:00:00, mem(process/total/peak)=3152.20MB/7108.77MB/3220.26MB)



Begin Processing Power Net/Grid for Power Calculation

Ended Processing Power Net/Grid for Power Calculation: (cpu=0:00:00, real=0:00:00, mem(process/total/peak)=3152.20MB/7108.77MB/3220.26MB)

Begin Processing Timing Window Data for Power Calculation

clk(100MHz) CK: assigning clock clk to net clk_i
Ended Processing Timing Window Data for Power Calculation: (cpu=0:00:00, real=0:00:00, mem(process/total/peak)=3154.20MB/7108.77MB/3220.26MB)

Begin Processing User Attributes

Ended Processing User Attributes: (cpu=0:00:00, real=0:00:00, mem(process/total/peak)=3154.20MB/7108.77MB/3220.26MB)

Begin Processing Signal Activity


Starting Activity Propagation
2026-Jun-23 16:50:52 (2026-Jun-23 16:50:52 GMT)
2026-Jun-23 16:50:52 (2026-Jun-23 16:50:52 GMT): 10%

Finished Activity Propagation
2026-Jun-23 16:50:53 (2026-Jun-23 16:50:53 GMT)

Activity annotation summary:
        Primary Inputs : 180/180 = 100%
          Flop outputs : 3874/14346 = 27.004%
  Memory/Macro outputs : 0/0 = 0%
      Tristate outputs : 0/0 = 0%
            Total Nets : 19975/72373 = 27.6001%

Ended Processing Signal Activity: (cpu=0:00:01, real=0:00:01, mem(process/total/peak)=3154.20MB/7108.77MB/3220.26MB)

Begin Power Computation

      ----------------------------------------------------------
      # of cell(s) missing both power/leakage table: 0
      # of cell(s) missing power table: 0
      # of cell(s) missing leakage table: 0
      ----------------------------------------------------------



Starting Calculating power
2026-Jun-23 16:50:54 (2026-Jun-23 16:50:54 GMT)
 ... Calculating switching power
2026-Jun-23 16:50:54 (2026-Jun-23 16:50:54 GMT): 10%
2026-Jun-23 16:50:54 (2026-Jun-23 16:50:54 GMT): 20%
2026-Jun-23 16:50:54 (2026-Jun-23 16:50:54 GMT): 30%
2026-Jun-23 16:50:54 (2026-Jun-23 16:50:54 GMT): 40%
2026-Jun-23 16:50:54 (2026-Jun-23 16:50:54 GMT): 50%
 ... Calculating internal and leakage power
2026-Jun-23 16:50:54 (2026-Jun-23 16:50:54 GMT): 60%
2026-Jun-23 16:50:56 (2026-Jun-23 16:50:56 GMT): 70%
2026-Jun-23 16:50:57 (2026-Jun-23 16:50:57 GMT): 80%
2026-Jun-23 16:50:58 (2026-Jun-23 16:50:58 GMT): 90%

Finished Calculating power
2026-Jun-23 16:50:59 (2026-Jun-23 16:50:59 GMT)
      # of MSMV cell(s) missing power_level: 0
Ended Power Computation: (cpu=0:00:05, real=0:00:05, mem(process/total/peak)=3154.20MB/7108.77MB/3220.26MB)

Begin Processing User Attributes

Begin Processing set_power
Ended Processing set_power: (cpu=0:00:00, real=0:00:00,
mem(process/total/peak)=3154.20MB/7108.77MB/3220.26MB)
Ended Processing User Attributes: (cpu=0:00:00, real=0:00:00, mem(process/total/peak)=3154.20MB/7108.77MB/3220.26MB)

Ended Power Analysis: (cpu=0:00:07, real=0:00:07, mem(process/total/peak)=3154.20MB/7108.77MB/3220.26MB)

Begin Boundary Leakage Calculation
Ended Boundary Leakage Calculation: (cpu=0:00:00, real=0:00:00,
mem(process/total/peak)=3154.20MB/7108.77MB/3220.26MB)
Begin Static Power Report Generation
*----------------------------------------------------------------------------------------
*	Innovus 25.12-s079_1 (64bit) 11/18/2025 12:56 (Linux 4.18.0-305.el8.x86_64)
*	
*
* 	Date & Time:	2026-Jun-23 16:50:59 (2026-Jun-23 16:50:59 GMT)
*
*----------------------------------------------------------------------------------------
*
*	Design: riscv_core
*
*	Liberty Libraries used:
*	        /home/ykaraagac/cadence-bitirme/Enablements/NanGate45/lib/NangateOpenCellLibrary_typical.lib
*
*	Parasitic Files used:
*
*       Dynamic View: WC_VIEW
*
*       Leakage View: WC_VIEW
*
*       User-Defined Activity : N.A.
*
*	Switching Activity File used:
*	        /home/ykaraagac/cadence-bitirme/Flows/NanGate45/biriscv_2mul_vs_hybrid/scripts/cadence/outputs/mul_update_latency_hiding_power_vcds/unrolled_dot8_selective_latency_hidden_mule2n/vcd/core_hybrid.vcd
*                  Vcd Window used(Start Time, Stop Time):  
*                Vcd Scale Factor: 1
*
*       Hierarchical Global Activity: N.A.
*
*       Global Activity: N.A.
*
*       Sequential Element Activity: 0.200000
*
*       Primary Input Activity: 0.200000
*
*       Default icg ratio: N.A.
*
*       Global Comb ClockGate Ratio: N.A.
*
*	Power Units = 1mW
*
*	Time Units = 1e-09 secs
*
*       report_power -hierarchy all
*
-----------------------------------------------------------------------------------------
*



Total Power
-----------------------------------------------------------------------------------------
Total Internal Power:        5.92014789 	   50.0463%
Total Switching Power:       3.72669680 	   31.5039%
Total Leakage Power:         2.18248876 	   18.4498%
Total Power:                11.82933345
-----------------------------------------------------------------------------------------


Group                           Internal   Switching     Leakage       Total  Percentage 
                                Power      Power         Power         Power  (%)        
-----------------------------------------------------------------------------------------
Sequential                         3.737      0.4557      0.6648       4.858       41.07
Macro                                  0           0           0           0           0
IO                                     0           0           0           0           0
Combinational                      1.519       1.915       1.498       4.932       41.69
Clock (Combinational)             0.6642       1.356     0.01956        2.04       17.24
Clock (Sequential)                     0           0           0           0           0
-----------------------------------------------------------------------------------------
Total                               5.92       3.727       2.182       11.83         100
-----------------------------------------------------------------------------------------


Clock                           Internal   Switching     Leakage       Total  Percentage 
                                Power      Power         Power         Power  (%)        
-----------------------------------------------------------------------------------------
clk                               0.6642       1.356     0.01956        2.04       17.24
-----------------------------------------------------------------------------------------
Total                             0.6642       1.356     0.01956        2.04       17.24
-----------------------------------------------------------------------------------------
Clock: clk
Clock Period: 0.010000 usec 
Clock Toggle Rate:   200.0000 Mhz 
Clock Static Probability:  0.5000
  


Rail                  Voltage   Internal   Switching     Leakage       Total  Percentage 
                                Power      Power         Power         Power  (%)        
-----------------------------------------------------------------------------------------
VDD                       1.1       5.92       3.727       2.182       11.83         100


Hierarchy                       Internal   Switching     Leakage       Total  Percentage 
                                Power      Power         Power         Power  (%)        
-----------------------------------------------------------------------------------------
u_cbm                              0.131     0.07539     0.04131      0.2477       2.094 
u_csr                             0.1943     0.03078     0.06157      0.2867       2.423 
u_div                             0.1408      0.0355     0.04972       0.226       1.911 
u_exec0                          0.08618     0.07436     0.04312      0.2037       1.722 
u_exec1                           0.0774     0.05447      0.0436      0.1755       1.483 
u_frontend                         1.833       0.819      0.4567       3.109       26.28 
u_issue                            1.369       1.086      0.5307       2.985       25.24 
u_lsu                              0.104      0.0518     0.03207      0.1879       1.588 
u_mul                             0.4997      0.4397     0.08656       1.026       8.673 
u_mul_array                       0.2175      0.1411     0.04589      0.4045        3.42 
u_mul_bw                         0.03433     0.01292     0.04079     0.08804      0.7443 
u_mul_wallace                    0.03421     0.01261     0.04387     0.09069      0.7667 
u_mulc                           0.08497     0.01559     0.02591      0.1265       1.069 
u_mule                           0.06861     0.01145     0.03815      0.1182      0.9993 
u_mule2                          0.08605     0.02546     0.07423      0.1857        1.57 
u_mule2n                         0.08951      0.0297      0.0744      0.1936       1.637 
u_mule3                          0.09258     0.03464     0.07369      0.2009       1.698 
u_mule3n                         0.09751     0.04364     0.07413      0.2153        1.82 
u_mule5                           0.1157     0.04746     0.08116      0.2443       2.066 
u_mule5n                          0.1113     0.04062     0.08089      0.2328       1.968 
u_mulen                          0.06852     0.01382      0.0382      0.1205       1.019 
u_mulp                           0.03426     0.01302      0.0408     0.08808      0.7446 
u_mulr                           0.06906      0.0484     0.09597      0.2134       1.804 
u_cbm/u_cbm_core                  0.1308     0.07529     0.04113      0.2472        2.09 
u_csr/u_csrfile                   0.1363     0.01654     0.04424      0.1971       1.666 
u_frontend/u_decode               0.1433     0.05271     0.03288      0.2289       1.935 
u_frontend/u_fetch                0.1035     0.02647     0.02807       0.158       1.336 
u_frontend/u_npc                   1.569         0.7       0.395       2.664       22.52 
u_issue/u_pipe0_ctrl              0.1738     0.03571     0.05893      0.2684       2.269 
u_issue/u_pipe1_ctrl             0.09857    0.009727     0.03416      0.1425       1.204 
u_issue/u_regfile                 0.8036      0.4776      0.2405       1.522       12.86 
u_lsu/u_lsu_request              0.03939    0.006182    0.009854     0.05543      0.4685 
u_exec0/u_alu                    0.02786      0.0415     0.02153     0.09089      0.7684 
u_exec1/u_alu                    0.01975     0.02807     0.02108      0.0689      0.5824 
u_mul_bw/g_array_reduce[1].u_csa
                               0.0009185   0.0004497    0.001444    0.002812     0.02377 
u_mul_bw/g_array_reduce[2].u_csa
                               0.0009931    0.000582    0.001502    0.003077     0.02601 
u_mul_bw/g_array_reduce[3].u_csa
                                0.001158   0.0007148    0.001463    0.003335      0.0282 
u_mul_bw/g_array_reduce[4].u_csa
                                0.001281   0.0007862    0.001419    0.003486     0.02947 
u_mul_bw/g_array_reduce[5].u_csa
                                0.001337   0.0008263    0.001374    0.003538     0.02991 
u_mul_bw/g_array_reduce[6].u_csa
                                0.001179   0.0007459    0.001314    0.003239     0.02738 
u_mul_bw/g_array_reduce[7].u_csa
                                0.001078   0.0006682    0.001261    0.003007     0.02542 
u_mul_bw/g_array_reduce[8].u_csa
                                0.001009   0.0006154     0.00121    0.002834     0.02396 
u_mul_bw/g_array_reduce[9].u_csa
                               0.0009525   0.0006035     0.00116    0.002716     0.02296 
u_mul_bw/g_array_reduce[10].u_csa
                               0.0008317   0.0005459    0.001108    0.002486     0.02101 
u_mul_bw/g_array_reduce[11].u_csa
                               0.0007919   0.0004963    0.001057    0.002345     0.01983 
u_mul_bw/g_array_reduce[12].u_csa
                               0.0007052   0.0004878    0.001008    0.002201      0.0186 
u_mul_bw/g_array_reduce[13].u_csa
                               0.0006099   0.0004097   0.0009563    0.001976      0.0167 
u_mul_bw/g_array_reduce[14].u_csa
                               0.0005386   0.0003938   0.0009061    0.001838     0.01554 
u_mul_bw/g_array_reduce[15].u_csa
                               0.0004548   0.0003336   0.0008552    0.001644     0.01389 
u_mul_bw/g_array_reduce[16].u_csa
                               0.0003838   0.0002803   0.0008051    0.001469     0.01242 
u_mul_bw/g_array_reduce[17].u_csa
                               0.0003181   0.0002302   0.0007553    0.001304     0.01102 
u_mul_bw/g_array_reduce[18].u_csa
                               0.0002573   0.0002024   0.0007057    0.001165    0.009852 
u_mul_bw/g_array_reduce[19].u_csa
                               0.0002146    0.000136   0.0006547    0.001005    0.008499 
u_mul_bw/g_array_reduce[20].u_csa
                               0.0001723   0.0001368   0.0006076   0.0009166    0.007749 
u_mul_bw/g_array_reduce[21].u_csa
                               0.0001492   0.0001224    0.000559   0.0008306    0.007021 
u_mul_bw/g_array_reduce[22].u_csa
                               0.0001266   0.0001012   0.0005104   0.0007381     0.00624 
u_mul_bw/g_array_reduce[23].u_csa
                               0.0001055   9.003e-05   0.0004619   0.0006574    0.005557 
u_mul_bw/g_array_reduce[24].u_csa
                               8.561e-05   7.588e-05   0.0004134   0.0005749     0.00486 
u_mul_bw/g_array_reduce[25].u_csa
                               7.345e-05    6.75e-05    0.000365    0.000506    0.004277 
u_mul_bw/g_array_reduce[26].u_csa
                               6.085e-05   6.478e-05   0.0003167   0.0004423    0.003739 
u_mul_bw/g_array_reduce[27].u_csa
                               5.537e-05   4.974e-05   0.0002685   0.0003736    0.003158 
u_mul_bw/g_array_reduce[28].u_csa
                               5.086e-05   5.871e-05   0.0002203   0.0003299    0.002788 
u_mul_bw/g_array_reduce[29].u_csa
                               5.004e-05   5.528e-05   0.0001722   0.0002775    0.002346 
u_mul_bw/g_array_reduce[30].u_csa
                                4.89e-05   6.026e-05    0.000124   0.0002332    0.001971 
u_mul_bw/g_array_reduce[31].u_csa
                                5.89e-05   3.816e-05   7.658e-05   0.0001736    0.001468 
u_mul_wallace/g_w1[0].u_csa
                                0.001088   0.0007929    0.001554    0.003435     0.02904 
u_mul_wallace/g_w1[1].u_csa
                                0.001125   0.0006747    0.001418    0.003218      0.0272 
u_mul_wallace/g_w1[2].u_csa
                                0.000393   0.0002704    0.001243    0.001906     0.01611 
u_mul_wallace/g_w1[3].u_csa
                               0.0003079   0.0002366    0.001095     0.00164     0.01386 
u_mul_wallace/g_w1[4].u_csa
                               0.0001194   7.075e-05   0.0009447    0.001135    0.009593 
u_mul_wallace/g_w1[5].u_csa
                               9.006e-06   5.332e-06   0.0007964   0.0008108    0.006854 
u_mul_wallace/g_w1[6].u_csa
                                       0           0   0.0006518   0.0006518     0.00551 
u_mul_wallace/g_w1[7].u_csa
                                       0           0   0.0005075   0.0005075     0.00429 
u_mul_wallace/g_w1[8].u_csa
                                       0           0   0.0003632   0.0003632     0.00307 
u_mul_wallace/g_w1[9].u_csa
                                       0           0   0.0002188   0.0002188     0.00185 
u_mul_wallace/g_w2[0].u_csa
                                0.001526    0.001125    0.001522    0.004173     0.03528 
u_mul_wallace/g_w2[1].u_csa
                               0.0005908   0.0003641    0.001295     0.00225     0.01902 
u_mul_wallace/g_w2[2].u_csa
                               0.0003415    0.000211    0.001047      0.0016     0.01352 
u_mul_wallace/g_w2[3].u_csa
                               3.229e-05   2.183e-05   0.0008439   0.0008981    0.007592 
u_mul_wallace/g_w2[4].u_csa
                                       0           0   0.0006037   0.0006037    0.005103 
u_mul_wallace/g_w2[5].u_csa
                                       0           0   0.0004099   0.0004099    0.003465 
u_mul_wallace/g_w2[6].u_csa
                                       0           0   0.0001707   0.0001707    0.001443 
u_mul_wallace/g_w3[0].u_csa
                                0.001627    0.001176    0.001475    0.004277     0.03616 
u_mul_wallace/g_w3[1].u_csa
                               0.0003622   0.0002147     0.00114    0.001717     0.01452 
u_mul_wallace/g_w3[2].u_csa
                                 3.2e-05   1.773e-05   0.0007956   0.0008453    0.007146 
u_mul_wallace/g_w3[3].u_csa
                                       0           0    0.000458    0.000458    0.003872 
u_mul_wallace/g_w3[4].u_csa
                               2.485e-06   2.336e-06   0.0001227   0.0001275    0.001078 
u_mul_wallace/g_w4[0].u_csa
                                0.001591    0.001128    0.001416    0.004136     0.03496 
u_mul_wallace/g_w4[1].u_csa
                               8.859e-05   4.976e-05   0.0008919     0.00103    0.008709 
u_mul_wallace/g_w4[2].u_csa
                               2.131e-06   2.079e-06   0.0004085   0.0004127    0.003489 
u_mul_wallace/g_w5[0].u_csa
                                 0.00146   0.0009513    0.001347    0.003759     0.03177 
u_mul_wallace/g_w5[1].u_csa
                               8.973e-06   5.595e-06   0.0005515   0.0005661    0.004785 
u_mul_wallace/u_w6_csa          0.001355   0.0008462    0.001276    0.003477      0.0294 
u_mul_wallace/u_w7_csa          0.001306   0.0007778     0.00121    0.003294     0.02784 
u_mul_wallace/u_w8_csa          0.001252   0.0007424    0.001146    0.003141     0.02655 
u_mul_wallace/u_wallace_ks
                               0.0009476   0.0004508    0.001165    0.002564     0.02167 
u_mule2/g_ppm_reduce[1].u_ppm_csa
                                       0           0    0.001428    0.001428     0.01207 
u_mule2/g_ppm_reduce[2].u_ppm_csa
                                       0           0    0.001471    0.001471     0.01244 
u_mule2/g_ppm_reduce[3].u_ppm_csa
                                       0           0    0.001423    0.001423     0.01203 
u_mule2/g_ppm_reduce[4].u_ppm_csa
                                       0           0    0.001375    0.001375     0.01162 
u_mule2/g_ppm_reduce[5].u_ppm_csa
                                       0           0    0.001327    0.001327     0.01122 
u_mule2/g_ppm_reduce[6].u_ppm_csa
                                       0           0    0.001279    0.001279     0.01081 
u_mule2/g_ppm_reduce[7].u_ppm_csa
                                       0           0     0.00123     0.00123      0.0104 
u_mule2/g_ppm_reduce[8].u_ppm_csa
                                       0           0    0.001182    0.001182    0.009995 
u_mule2/g_ppm_reduce[9].u_ppm_csa
                                       0           0    0.001134    0.001134    0.009588 
u_mule2/g_ppm_reduce[10].u_ppm_csa
                                       0           0    0.001086    0.001086    0.009182 
u_mule2/g_ppm_reduce[11].u_ppm_csa
                                       0           0    0.001038    0.001038    0.008775 
u_mule2/g_ppm_reduce[12].u_ppm_csa
                                       0           0   0.0009899   0.0009899    0.008368 
u_mule2/g_ppm_reduce[13].u_ppm_csa
                                       0           0   0.0009418   0.0009418    0.007962 
u_mule2/g_ppm_reduce[14].u_ppm_csa
                                       0           0   0.0008937   0.0008937    0.007555 
u_mule2/g_ppm_reduce[15].u_ppm_csa
                                       0           0   0.0008456   0.0008456    0.007148 
u_mule2/u_feedback_csa0                0           0    0.001572    0.001572     0.01329 
u_mule2/u_feedback_csa1                0           0    0.001506    0.001506     0.01273 
u_mule2n/g_ppm_reduce[1].u_ppm_csa
                               2.592e-05   1.183e-05    0.001429    0.001466      0.0124 
u_mule2n/g_ppm_reduce[2].u_ppm_csa
                               6.142e-05   3.767e-05    0.001473    0.001572     0.01329 
u_mule2n/g_ppm_reduce[3].u_ppm_csa
                               6.117e-05   3.684e-05    0.001425    0.001523     0.01287 
u_mule2n/g_ppm_reduce[4].u_ppm_csa
                               6.162e-05   3.937e-05    0.001377    0.001478     0.01249 
u_mule2n/g_ppm_reduce[5].u_ppm_csa
                               6.292e-05    4.11e-05    0.001329    0.001433     0.01211 
u_mule2n/g_ppm_reduce[6].u_ppm_csa
                               3.994e-05   2.676e-05     0.00128    0.001346     0.01138 
u_mule2n/g_ppm_reduce[7].u_ppm_csa
                                2.83e-05   1.902e-05    0.001231    0.001279     0.01081 
u_mule2n/g_ppm_reduce[8].u_ppm_csa
                               1.962e-05    1.43e-05    0.001183    0.001217     0.01029 
u_mule2n/g_ppm_reduce[9].u_ppm_csa
                               1.312e-05   1.021e-05    0.001135    0.001158    0.009788 
u_mule2n/g_ppm_reduce[10].u_ppm_csa
                               8.555e-06   7.439e-06    0.001086    0.001102    0.009318 
u_mule2n/g_ppm_reduce[11].u_ppm_csa
                               2.516e-06   2.136e-06    0.001038    0.001043    0.008815 
u_mule2n/g_ppm_reduce[12].u_ppm_csa
                                       0           0   0.0009899   0.0009899    0.008368 
u_mule2n/g_ppm_reduce[13].u_ppm_csa
                                       0           0   0.0009418   0.0009418    0.007962 
u_mule2n/g_ppm_reduce[14].u_ppm_csa
                                       0           0   0.0008937   0.0008937    0.007555 
u_mule2n/g_ppm_reduce[15].u_ppm_csa
                                       0           0   0.0008456   0.0008456    0.007148 
u_mule2n/u_feedback_csa0       7.446e-05   4.793e-05    0.001574    0.001696     0.01434 
u_mule2n/u_feedback_csa1       0.0001011   8.179e-05    0.001506    0.001689     0.01428 
u_mule3/g_ppm_reduce[1].u_ppm_csa
                                       0           0    0.001428    0.001428     0.01207 
u_mule3/g_ppm_reduce[2].u_ppm_csa
                                       0           0    0.001471    0.001471     0.01244 
u_mule3/g_ppm_reduce[3].u_ppm_csa
                                       0           0    0.001423    0.001423     0.01203 
u_mule3/g_ppm_reduce[4].u_ppm_csa
                                       0           0    0.001375    0.001375     0.01162 
u_mule3/g_ppm_reduce[5].u_ppm_csa
                                       0           0    0.001327    0.001327     0.01122 
u_mule3/g_ppm_reduce[6].u_ppm_csa
                                       0           0    0.001279    0.001279     0.01081 
u_mule3/g_ppm_reduce[7].u_ppm_csa
                                       0           0     0.00123     0.00123      0.0104 
u_mule3/g_ppm_reduce[8].u_ppm_csa
                                       0           0    0.001182    0.001182    0.009995 
u_mule3/g_ppm_reduce[9].u_ppm_csa
                                       0           0    0.001134    0.001134    0.009588 
u_mule3/g_ppm_reduce[10].u_ppm_csa
                                       0           0    0.001086    0.001086    0.009182 
u_mule3/u_feedback_csa0                0           0    0.001572    0.001572     0.01329 
u_mule3/u_feedback_csa1                0           0    0.001505    0.001505     0.01272 
u_mule3n/g_ppm_reduce[1].u_ppm_csa
                                       0           0    0.001428    0.001428     0.01207 
u_mule3n/g_ppm_reduce[2].u_ppm_csa
                                       0           0    0.001471    0.001471     0.01244 
u_mule3n/g_ppm_reduce[3].u_ppm_csa
                                       0           0    0.001423    0.001423     0.01203 
u_mule3n/g_ppm_reduce[4].u_ppm_csa
                                       0           0    0.001375    0.001375     0.01162 
u_mule3n/g_ppm_reduce[5].u_ppm_csa
                                       0           0    0.001327    0.001327     0.01122 
u_mule3n/g_ppm_reduce[6].u_ppm_csa
                                       0           0    0.001279    0.001279     0.01081 
u_mule3n/g_ppm_reduce[7].u_ppm_csa
                                       0           0     0.00123     0.00123      0.0104 
u_mule3n/g_ppm_reduce[8].u_ppm_csa
                                       0           0    0.001182    0.001182    0.009995 
u_mule3n/g_ppm_reduce[9].u_ppm_csa
                                       0           0    0.001134    0.001134    0.009588 
u_mule3n/g_ppm_reduce[10].u_ppm_csa
                                       0           0    0.001086    0.001086    0.009182 
u_mule3n/u_feedback_csa0               0           0    0.001572    0.001572     0.01329 
u_mule3n/u_feedback_csa1               0           0    0.001505    0.001505     0.01272 
u_mule5/g_ppm_reduce[1].u_ppm_csa
                                       0           0    0.001428    0.001428     0.01207 
u_mule5/g_ppm_reduce[2].u_ppm_csa
                                       0           0    0.001471    0.001471     0.01244 
u_mule5/g_ppm_reduce[3].u_ppm_csa
                                       0           0    0.001423    0.001423     0.01203 
u_mule5/g_ppm_reduce[4].u_ppm_csa
                                       0           0    0.001375    0.001375     0.01162 
u_mule5/g_ppm_reduce[5].u_ppm_csa
                                       0           0    0.001327    0.001327     0.01122 
u_mule5/g_ppm_reduce[6].u_ppm_csa
                                       0           0    0.001279    0.001279     0.01081 
u_mule5/u_feedback_csa0                0           0    0.001572    0.001572     0.01329 
u_mule5/u_feedback_csa1                0           0    0.001511    0.001511     0.01277 
u_mule5n/g_ppm_reduce[1].u_ppm_csa
                                       0           0    0.001428    0.001428     0.01207 
u_mule5n/g_ppm_reduce[2].u_ppm_csa
                                       0           0    0.001471    0.001471     0.01244 
u_mule5n/g_ppm_reduce[3].u_ppm_csa
                                       0           0    0.001423    0.001423     0.01203 
u_mule5n/g_ppm_reduce[4].u_ppm_csa
                                       0           0    0.001375    0.001375     0.01162 
u_mule5n/g_ppm_reduce[5].u_ppm_csa
                                       0           0    0.001327    0.001327     0.01122 
u_mule5n/g_ppm_reduce[6].u_ppm_csa
                                       0           0    0.001279    0.001279     0.01081 
u_mule5n/u_feedback_csa0               0           0    0.001572    0.001572     0.01329 
u_mule5n/u_feedback_csa1               0           0    0.001511    0.001511     0.01277 
u_mulp/g_rows[1].u_csa         0.0009188   0.0004639    0.001444    0.002827      0.0239 
u_mulp/g_rows[2].u_csa         0.0009936   0.0006001    0.001502    0.003095     0.02617 
u_mulp/g_rows[3].u_csa          0.001158   0.0007074    0.001463    0.003328     0.02813 
u_mulp/g_rows[4].u_csa          0.001281   0.0007893    0.001419     0.00349      0.0295 
u_mulp/g_rows[5].u_csa          0.001337   0.0008224    0.001374    0.003534     0.02987 
u_mulp/g_rows[6].u_csa          0.001179     0.00074    0.001314    0.003233     0.02733 
u_mulp/g_rows[7].u_csa          0.001078    0.000674    0.001261    0.003013     0.02547 
u_mulp/g_rows[8].u_csa          0.001009   0.0006374     0.00121    0.002857     0.02415 
u_mulp/g_rows[9].u_csa         0.0009527   0.0006127     0.00116    0.002725     0.02304 
u_mulp/g_rows[10].u_csa        0.0008315   0.0005487    0.001108    0.002489     0.02104 
u_mulp/g_rows[11].u_csa        0.0007923   0.0005047    0.001057    0.002354      0.0199 
u_mulp/g_rows[12].u_csa        0.0007057   0.0005001    0.001008    0.002213     0.01871 
u_mulp/g_rows[13].u_csa        0.0006102   0.0004198   0.0009563    0.001986     0.01679 
u_mulp/g_rows[14].u_csa        0.0005381    0.000379   0.0009061    0.001823     0.01541 
u_mulp/g_rows[15].u_csa        0.0004549   0.0003367   0.0008552    0.001647     0.01392 
u_mulp/g_rows[16].u_csa         0.000384   0.0002921   0.0008051    0.001481     0.01252 
u_mulp/g_rows[17].u_csa        0.0003187   0.0002436   0.0007553    0.001318     0.01114 
u_mulp/g_rows[18].u_csa        0.0002573   0.0002033   0.0007057    0.001166    0.009859 
u_mulp/g_rows[19].u_csa        0.0002152   0.0001477   0.0006547    0.001018    0.008602 
u_mulp/g_rows[20].u_csa        0.0001726    0.000145   0.0006076   0.0009251    0.007821 
u_mulp/g_rows[21].u_csa        0.0001494   0.0001226    0.000559    0.000831    0.007025 
u_mulp/g_rows[22].u_csa        0.0001271   0.0001117   0.0005104   0.0007492    0.006333 
u_mulp/g_rows[23].u_csa        0.0001054   8.803e-05   0.0004619   0.0006553     0.00554 
u_mulp/g_rows[24].u_csa        8.575e-05   7.616e-05   0.0004134   0.0005753    0.004863 
u_mulp/g_rows[25].u_csa        7.341e-05   6.897e-05    0.000365   0.0005074    0.004289 
u_mulp/g_rows[26].u_csa        6.083e-05   6.107e-05   0.0003167   0.0004386    0.003708 
u_mulp/g_rows[27].u_csa        5.549e-05   5.985e-05   0.0002685   0.0003838    0.003245 
u_mulp/g_rows[28].u_csa        5.092e-05   5.539e-05   0.0002203   0.0003266    0.002761 
u_mulp/g_rows[29].u_csa        5.003e-05   5.038e-05   0.0001722   0.0002726    0.002304 
u_mulp/g_rows[30].u_csa        4.902e-05   6.856e-05    0.000124   0.0002416    0.002042 
u_mulp/g_rows[31].u_csa        5.893e-05   3.946e-05   7.658e-05    0.000175    0.001479 
u_mulr/g_bw[1].u_csa           0.0008564   0.0003962    0.001255    0.002508      0.0212 
u_mulr/g_bw[2].u_csa            0.000956   0.0005564    0.001453    0.002965     0.02507 
u_mulr/g_bw[3].u_csa            0.001163    0.000685    0.001463    0.003311     0.02799 
u_mulr/g_bw[4].u_csa            0.001287   0.0008001    0.001419    0.003507     0.02964 
u_mulr/g_bw[5].u_csa            0.001343   0.0008324    0.001374    0.003549        0.03 
u_mulr/g_bw[6].u_csa             0.00118   0.0007202    0.001314    0.003214     0.02717 
u_mulr/g_bw[7].u_csa             0.00108   0.0006604    0.001261    0.003002     0.02538 
u_mulr/g_bw[8].u_csa             0.00101   0.0006095     0.00121     0.00283     0.02392 
u_mulr/g_bw[9].u_csa           0.0009538   0.0005835     0.00116    0.002697      0.0228 
u_mulr/g_bw[10].u_csa          0.0008318   0.0005175    0.001108    0.002458     0.02078 
u_mulr/g_bw[11].u_csa          0.0007767   0.0004897    0.001059    0.002325     0.01965 
u_mulr/g_bw[12].u_csa          0.0007044   0.0004358    0.001008    0.002148     0.01816 
u_mulr/g_bw[13].u_csa          0.0006093   0.0003875   0.0009563    0.001953     0.01651 
u_mulr/g_bw[14].u_csa          0.0005524   0.0003125   0.0009045    0.001769     0.01496 
u_mulr/g_bw[15].u_csa          0.0004679   0.0002546   0.0008537    0.001576     0.01332 
u_mulr/g_bw[16].u_csa          0.0003977   0.0002181   0.0008035    0.001419       0.012 
u_mulr/g_bw[17].u_csa          0.0003323   0.0001746   0.0007537    0.001261     0.01066 
u_mulr/g_bw[18].u_csa          0.0002557   0.0001565   0.0007057    0.001118     0.00945 
u_mulr/g_bw[19].u_csa          0.0001982   0.0001367   0.0006563   0.0009912     0.00838 
u_mulr/g_bw[20].u_csa          0.0001873   9.615e-05    0.000606   0.0008895    0.007519 
u_mulr/g_bw[21].u_csa          0.0001642    7.85e-05   0.0005574   0.0008001    0.006764 
u_mulr/g_bw[22].u_csa          0.0001266   9.159e-05   0.0005104   0.0007286    0.006159 
u_mulr/g_bw[23].u_csa          0.0001051   7.672e-05   0.0004619   0.0006437    0.005441 
u_mulr/g_bw[24].u_csa          8.536e-05   6.598e-05   0.0004134   0.0005647    0.004774 
u_mulr/g_bw[25].u_csa          7.327e-05   5.856e-05    0.000365   0.0004969      0.0042 
u_mulr/g_bw[26].u_csa          6.061e-05   5.373e-05   0.0003167    0.000431    0.003644 
u_mulr/g_bw[27].u_csa          5.532e-05   5.113e-05   0.0002685   0.0003749     0.00317 
u_mulr/g_bw[28].u_csa          5.071e-05   4.862e-05   0.0002203   0.0003196    0.002702 
u_mulr/g_bw[29].u_csa           4.98e-05   4.836e-05   0.0001722   0.0002703    0.002285 
u_mulr/g_bw[30].u_csa          4.884e-05   5.583e-05    0.000124   0.0002287    0.001933 
u_mulr/g_bw[31].u_csa          5.883e-05   4.924e-05   7.658e-05   0.0001847    0.001561 
u_mulr/g_wb1[0].u_csa           0.001074   0.0007368    0.001507    0.003317     0.02804 
u_mulr/g_wb1[1].u_csa           0.001145   0.0006585     0.00142    0.003223     0.02724 
u_mulr/g_wb1[2].u_csa          0.0003985   0.0002453    0.001243    0.001887     0.01595 
u_mulr/g_wb1[3].u_csa          0.0003132   0.0002275    0.001095    0.001636     0.01383 
u_mulr/g_wb1[4].u_csa          0.0001212   7.274e-05   0.0009447    0.001139    0.009625 
u_mulr/g_wb1[5].u_csa           9.16e-06    5.84e-06   0.0007964   0.0008114    0.006859 
u_mulr/g_wb1[6].u_csa                  0           0   0.0006518   0.0006518     0.00551 
u_mulr/g_wb1[7].u_csa                  0           0   0.0005075   0.0005075     0.00429 
u_mulr/g_wb1[8].u_csa                  0           0   0.0003266   0.0003266    0.002761 
u_mulr/g_wb1[9].u_csa                  0           0   0.0002188   0.0002188     0.00185 
u_mulr/g_wb2[0].u_csa           0.001525    0.001126    0.001521    0.004172     0.03527 
u_mulr/g_wb2[1].u_csa          0.0005897   0.0003374    0.001295    0.002222     0.01879 
u_mulr/g_wb2[2].u_csa          0.0003416   0.0002181    0.001047    0.001607     0.01358 
u_mulr/g_wb2[3].u_csa          3.224e-05   2.254e-05   0.0008439   0.0008987    0.007597 
u_mulr/g_wb2[4].u_csa                  0           0   0.0006037   0.0006037    0.005103 
u_mulr/g_wb2[5].u_csa                  0           0   0.0004099   0.0004099    0.003465 
u_mulr/g_wb2[6].u_csa                  0           0   0.0001707   0.0001707    0.001443 
u_mulr/g_wb3[0].u_csa           0.001622    0.001125    0.001476    0.004223      0.0357 
u_mulr/g_wb3[1].u_csa          0.0003616   0.0002113     0.00114    0.001713     0.01448 
u_mulr/g_wb3[2].u_csa          3.239e-05    2.16e-05   0.0007956   0.0008496    0.007182 
u_mulr/g_wb3[3].u_csa                  0           0    0.000458    0.000458    0.003872 
u_mulr/g_wb3[4].u_csa          2.492e-06   2.122e-06   0.0001227   0.0001273    0.001076 
u_mulr/g_wb4[0].u_csa           0.001593    0.001057    0.001417    0.004067     0.03438 
u_mulr/g_wb4[1].u_csa          8.992e-05    4.91e-05   0.0008917    0.001031    0.008713 
u_mulr/g_wb4[2].u_csa           2.14e-06   2.614e-06   0.0004085   0.0004133    0.003493 
u_mulr/g_wb5[0].u_csa            0.00145   0.0008806     0.00135     0.00368     0.03111 
u_mulr/g_wb5[1].u_csa          8.979e-06   5.714e-06   0.0005515   0.0005662    0.004786 
u_mulr/u_w6_csa                 0.001346    0.000753    0.001279    0.003378     0.02855 
u_mulr/u_w7_csa                 0.001313   0.0006737    0.001217    0.003204     0.02708 
u_mulr/u_w8_csa                 0.001251   0.0006622    0.001146    0.003059     0.02586 
u_mulr/u_wallace_ks            0.0009616   0.0004447    0.001166    0.002573     0.02175 
u_frontend/u_decode/genblk1.u_fifo
                                  0.1375     0.04634     0.02662      0.2104       1.779 
u_frontend/u_npc/BRANCH_PREDICTION.u_lru
                                0.009786    0.001651     0.00187     0.01331      0.1125 
u_frontend/u_decode/genblk1.u_dec0
                                  0.0013    0.001625    0.002348    0.005272     0.04457 
u_frontend/u_decode/genblk1.u_dec1
                                0.001851    0.002635    0.002351    0.006836     0.05779 
 
 
-----------------------------------------------------------------------------------------
*	Power Distribution Summary: 
*              Highest Average Power: u_issue/FE_OFC2753_opcode0_ra_operand_w_12 (INV_X4):         0.006068
*              Highest Leakage Power:           u_issue/g162069 (AND4_X4):        0.0001893
*                Total Cap:      4.36518e-10 F
*                Total instances in design: 58275
*                Total instances in design with no power:     0
*                Total instances in design with no activty:     0

*                Total Fillers and Decap:     0
-----------------------------------------------------------------------------------------
 
** INFO:  (VOLTUS_POWR-3465): There are 0 decaps and 0 fillers in the design

Ended Static Power Report Generation: (cpu=0:00:00, real=0:00:00,
mem(process/total/peak)=3155.20MB/7108.77MB/3220.26MB)

