============================================================
  Generated by:           Genus(TM) Synthesis Solution 23.13-s073_1
  Generated on:           Dec 08 2025  01:26:24 pm
  Module:                 riscv_core
  Technology libraries:   sram_asap7_64x256_1rw 1.0
                          asap7sc7p5t_OA_RVT_FF_nldm_201020 1.0
                          asap7sc7p5t_SEQ_RVT_FF_nldm_201020 1.0
                          sram_asap7_16x256_1rw 1.0
                          sram_asap7_64x64_1rw 1.0
                          asap7sc7p5t_AO_RVT_FF_nldm_201020 1.0
                          asap7sc7p5t_INVBUF_RVT_FF_nldm_201020 1.0
                          asap7sc7p5t_SIMPLE_RVT_FF_nldm_201020 1.0
                          sram_asap7_32x256_1rw 1.0
  Operating conditions:   tt_1.0_25.0 (balanced_tree)
  Wireload mode:          enclosed
  Area mode:              timing library
============================================================

           Instance                                                                                                                                 Module                                                                                                                        Cell-Count  Cell-Area  Net-Area   Total-Area   Wireload  
-------------------------------------------------------------------------------------------------------------------------------------------------------------------------------------------------------------------------------------------------------------------------------------------------------------------------------------------
riscv_core                    NA                                                                                                                                                                                                                                                       31345   4320.885     0.000     4320.885 <none> (D)  
  u_cbm                       column_bypass_multiplier                                                                                                                                                                                                                                   667     98.984     0.000       98.984 <none> (D)  
  u_csr                       biriscv_csr_SUPPORT_MULDIV1_SUPPORT_SUPER0                                                                                                                                                                                                                1568    249.537     0.000      249.537 <none> (D)  
    u_csrfile                 biriscv_csr_regfile_SUPPORT_MTIMECMP1_SUPPORT_SUPER0                                                                                                                                                                                                      1254    190.488     0.000      190.488 <none> (D)  
  u_div                       biriscv_divider                                                                                                                                                                                                                                           1287    193.112     0.000      193.112 <none> (D)  
  u_exec0                     biriscv_exec                                                                                                                                                                                                                                              1465    146.121     0.000      146.121 <none> (D)  
    u_alu                     biriscv_alu                                                                                                                                                                                                                                                789     63.817     0.000       63.817 <none> (D)  
  u_exec1                     biriscv_exec_2867                                                                                                                                                                                                                                         1467    146.660     0.000      146.660 <none> (D)  
    u_alu                     biriscv_alu_2865                                                                                                                                                                                                                                           789     63.817     0.000       63.817 <none> (D)  
  u_frontend                  biriscv_frontend_SUPPORT_BRANCH_PREDICTION1_SUPPORT_MULDIV1_SUPPORT_MMU0_EXTRA_DECODE_STAGE0_NUM_BTB_ENTRIES32_NUM_BTB_ENTRIES_W5_NUM_BHT_ENTRIES512_NUM_BHT_ENTRIES_W9_RAS_ENABLE1_GSHARE_ENABLE0_BHT_ENABLE1_NUM_RAS_ENTRIES8_NUM_RAS_ENTRIES_W3       11037   1670.474     0.000     1670.474 <none> (D)  
    u_decode                  biriscv_decode_SUPPORT_MULDIV1_EXTRA_DECODE_STAGE0                                                                                                                                                                                                         750    123.347     0.000      123.347 <none> (D)  
      genblk1.u_dec0          biriscv_decoder                                                                                                                                                                                                                                             78      5.540     0.000        5.540 <none> (D)  
      genblk1.u_dec1          biriscv_decoder_5666                                                                                                                                                                                                                                        78      5.540     0.000        5.540 <none> (D)  
      genblk1.u_fifo          fetch_fifo_OPC_INFO_W2                                                                                                                                                                                                                                     529    106.624     0.000      106.624 <none> (D)  
    u_fetch                   biriscv_fetch_SUPPORT_MMU0                                                                                                                                                                                                                                 577    112.004     0.000      112.004 <none> (D)  
    u_npc                     biriscv_npc_SUPPORT_BRANCH_PREDICTION1_NUM_BTB_ENTRIES32_NUM_BTB_ENTRIES_W5_NUM_BHT_ENTRIES512_NUM_BHT_ENTRIES_W9_RAS_ENABLE1_GSHARE_ENABLE0_BHT_ENABLE1_NUM_RAS_ENTRIES8_NUM_RAS_ENTRIES_W3                                                              9710   1435.124     0.000     1435.124 <none> (D)  
      BRANCH_PREDICTION.u_lru biriscv_npc_lfsr_DEPTH32_ADDR_W5                                                                                                                                                                                                                            38      7.844     0.000        7.844 <none> (D)  
  u_issue                     biriscv_issue_SUPPORT_MULDIV1_SUPPORT_DUAL_ISSUE1_SUPPORT_LOAD_BYPASS1_SUPPORT_MUL_BYPASS1_SUPPORT_REGFILE_XILINX0                                                                                                                                        8920   1214.427     0.000     1214.427 <none> (D)  
    u_pipe0_ctrl              biriscv_pipe_ctrl_SUPPORT_LOAD_BYPASS1_SUPPORT_MUL_BYPASS1                                                                                                                                                                                                 888    177.205     0.000      177.205 <none> (D)  
    u_pipe1_ctrl              biriscv_pipe_ctrl_SUPPORT_LOAD_BYPASS1_SUPPORT_MUL_BYPASS1_1                                                                                                                                                                                               598    109.685     0.000      109.685 <none> (D)  
    u_regfile                 biriscv_regfile_SUPPORT_REGFILE_XILINX0_SUPPORT_DUAL_ISSUE1                                                                                                                                                                                               4918    693.308     0.000      693.308 <none> (D)  
  u_lsu                       biriscv_lsu_MEM_CACHE_ADDR_MIN32h80000000_MEM_CACHE_ADDR_MAX32h8fffffff                                                                                                                                                                                    744    110.604     0.000      110.604 <none> (D)  
    u_lsu_request             biriscv_lsu_fifo_WIDTH36_DEPTH2_ADDR_W1                                                                                                                                                                                                                    202     41.116     0.000       41.116 <none> (D)  
  u_mul                       biriscv_multiplier                                                                                                                                                                                                                                        3057    337.133     0.000      337.133 <none> (D)  
  u_mule                      biriscv_multiplier_efficient                                                                                                                                                                                                                              1133    153.834     0.000      153.834 <none> (D)  
  (D) = wireload is default in technology library
