env CDS_WORKAREA is set to /home/ykaraagac/cadence-bitirme/Flows/NanGate45/biriscv_2mul_vs_hybrid/scripts/cadence
             0V	    VSS
           1.1V	    VDD
Using Power View WC_VIEW
.
Load RC corner of view WC_VIEW

Begin Power Analysis

             0V	    VSS
           1.1V	    VDD

Begin Processing Timing Library for Power Calculation

Ended Processing Timing Library for Power Calculation: (cpu=0:00:00, real=0:00:00, mem(process/total/peak)=3157.01MB/8132.78MB/3232.98MB)



Begin Processing Power Net/Grid for Power Calculation

Ended Processing Power Net/Grid for Power Calculation: (cpu=0:00:00, real=0:00:00, mem(process/total/peak)=3157.01MB/8132.78MB/3232.98MB)

Begin Processing Timing Window Data for Power Calculation

clk(100MHz) CK: assigning clock clk to net clk_i
Ended Processing Timing Window Data for Power Calculation: (cpu=0:00:00, real=0:00:00, mem(process/total/peak)=3157.01MB/8132.78MB/3232.98MB)

Begin Processing User Attributes

Ended Processing User Attributes: (cpu=0:00:00, real=0:00:00, mem(process/total/peak)=3157.01MB/8132.78MB/3232.98MB)

Begin Processing Signal Activity


Starting Activity Propagation
2026-Jun-23 05:52:03 (2026-Jun-23 05:52:03 GMT)
2026-Jun-23 05:52:04 (2026-Jun-23 05:52:04 GMT): 10%

Finished Activity Propagation
2026-Jun-23 05:52:05 (2026-Jun-23 05:52:05 GMT)

Activity annotation summary:
        Primary Inputs : 180/180 = 100%
          Flop outputs : 3874/14346 = 27.004%
  Memory/Macro outputs : 0/0 = 0%
      Tristate outputs : 0/0 = 0%
            Total Nets : 19975/72373 = 27.6001%

Ended Processing Signal Activity: (cpu=0:00:01, real=0:00:01, mem(process/total/peak)=3157.01MB/8132.78MB/3232.98MB)

Begin Power Computation

      ----------------------------------------------------------
      # of cell(s) missing both power/leakage table: 0
      # of cell(s) missing power table: 0
      # of cell(s) missing leakage table: 0
      ----------------------------------------------------------



Starting Calculating power
2026-Jun-23 05:52:05 (2026-Jun-23 05:52:05 GMT)
 ... Calculating switching power
2026-Jun-23 05:52:05 (2026-Jun-23 05:52:05 GMT): 10%
2026-Jun-23 05:52:05 (2026-Jun-23 05:52:05 GMT): 20%
2026-Jun-23 05:52:05 (2026-Jun-23 05:52:05 GMT): 30%
2026-Jun-23 05:52:05 (2026-Jun-23 05:52:05 GMT): 40%
2026-Jun-23 05:52:05 (2026-Jun-23 05:52:05 GMT): 50%
 ... Calculating internal and leakage power
2026-Jun-23 05:52:06 (2026-Jun-23 05:52:06 GMT): 60%
2026-Jun-23 05:52:08 (2026-Jun-23 05:52:08 GMT): 70%
2026-Jun-23 05:52:08 (2026-Jun-23 05:52:08 GMT): 80%
2026-Jun-23 05:52:09 (2026-Jun-23 05:52:09 GMT): 90%

Finished Calculating power
2026-Jun-23 05:52:10 (2026-Jun-23 05:52:10 GMT)
      # of MSMV cell(s) missing power_level: 0
Ended Power Computation: (cpu=0:00:06, real=0:00:05, mem(process/total/peak)=3157.01MB/8132.78MB/3232.98MB)

Begin Processing User Attributes

Begin Processing set_power
Ended Processing set_power: (cpu=0:00:00, real=0:00:00,
mem(process/total/peak)=3157.01MB/8132.78MB/3232.98MB)
Ended Processing User Attributes: (cpu=0:00:00, real=0:00:00, mem(process/total/peak)=3157.01MB/8132.78MB/3232.98MB)

Ended Power Analysis: (cpu=0:00:08, real=0:00:07, mem(process/total/peak)=3157.01MB/8132.78MB/3232.98MB)

Begin Boundary Leakage Calculation
Ended Boundary Leakage Calculation: (cpu=0:00:00, real=0:00:00,
mem(process/total/peak)=3157.01MB/8132.78MB/3232.98MB)
Begin Static Power Report Generation
*----------------------------------------------------------------------------------------
*	Innovus 25.12-s079_1 (64bit) 11/18/2025 12:56 (Linux 4.18.0-305.el8.x86_64)
*	
*
* 	Date & Time:	2026-Jun-23 05:52:10 (2026-Jun-23 05:52:10 GMT)
*
*----------------------------------------------------------------------------------------
*
*	Design: riscv_core
*
*	Liberty Libraries used:
*	        /home/ykaraagac/cadence-bitirme/Enablements/NanGate45/lib/NangateOpenCellLibrary_typical.lib
*
*	Parasitic Files used:
*
*       Dynamic View: WC_VIEW
*
*       Leakage View: WC_VIEW
*
*       User-Defined Activity : N.A.
*
*	Switching Activity File used:
*	        /home/ykaraagac/cadence-bitirme/Flows/NanGate45/biriscv_2mul_vs_hybrid/scripts/cadence/outputs/mul_update_energy_probe_vcds/unrolled_dot16_a04bb61_energy_baseline/vcd/core_hybrid.vcd
*                  Vcd Window used(Start Time, Stop Time):  
*                Vcd Scale Factor: 1
*
*       Hierarchical Global Activity: N.A.
*
*       Global Activity: N.A.
*
*       Sequential Element Activity: 0.200000
*
*       Primary Input Activity: 0.200000
*
*       Default icg ratio: N.A.
*
*       Global Comb ClockGate Ratio: N.A.
*
*	Power Units = 1mW
*
*	Time Units = 1e-09 secs
*
*       report_power -hierarchy all
*
-----------------------------------------------------------------------------------------
*



Total Power
-----------------------------------------------------------------------------------------
Total Internal Power:       47.07435630 	   59.8214%
Total Switching Power:      29.43589653 	   37.4067%
Total Leakage Power:         2.18121649 	    2.7719%
Total Power:                78.69146932
-----------------------------------------------------------------------------------------


Group                           Internal   Switching     Leakage       Total  Percentage 
                                Power      Power         Power         Power  (%)        
-----------------------------------------------------------------------------------------
Sequential                         26.72      0.4596      0.6647       27.85       35.39
Macro                                  0           0           0           0           0
IO                                     0           0           0           0           0
Combinational                      13.93       15.85       1.497       31.27       39.74
Clock (Combinational)              6.425       13.13     0.01956       19.57       24.87
Clock (Sequential)                     0           0           0           0           0
-----------------------------------------------------------------------------------------
Total                              47.07       29.44       2.181       78.69         100
-----------------------------------------------------------------------------------------


Clock                           Internal   Switching     Leakage       Total  Percentage 
                                Power      Power         Power         Power  (%)        
-----------------------------------------------------------------------------------------
clk                                6.425       13.13     0.01956       19.57       24.87
-----------------------------------------------------------------------------------------
Total                              6.425       13.13     0.01956       19.57       24.87
-----------------------------------------------------------------------------------------
Clock: clk
Clock Period: 0.010000 usec 
Clock Toggle Rate:   200.0000 Mhz 
Clock Static Probability:  0.5000
  


Rail                  Voltage   Internal   Switching     Leakage       Total  Percentage 
                                Power      Power         Power         Power  (%)        
-----------------------------------------------------------------------------------------
VDD                       1.1      47.07       29.44       2.181       78.69         100


Hierarchy                       Internal   Switching     Leakage       Total  Percentage 
                                Power      Power         Power         Power  (%)        
-----------------------------------------------------------------------------------------
u_cbm                              1.081      0.7297     0.04128       1.852       2.354 
u_csr                              1.588      0.2852     0.06158       1.935       2.459 
u_div                              1.065      0.3399     0.04974       1.454       1.848 
u_exec0                           0.6313       0.512     0.04303       1.186       1.507 
u_exec1                            0.727      0.5524     0.04358       1.323       1.681 
u_frontend                         13.27       6.309      0.4566       20.03       25.46 
u_issue                            10.82       7.064      0.5306       18.42        23.4 
u_lsu                             0.8797      0.4242     0.03202       1.336       1.698 
u_mul                              4.882       4.222     0.08658       9.191       11.68 
u_mul_array                        2.178       1.454     0.04575       3.678       4.674 
u_mul_bw                          0.1515     0.01195     0.04069      0.2041      0.2594 
u_mul_wallace                     0.1485     0.01104     0.04379      0.2033      0.2584 
u_mulc                            0.7201      0.1357     0.02588      0.8817        1.12 
u_mule                            0.5577      0.1133     0.03815      0.7091      0.9011 
u_mule2                           0.7124       0.169     0.07423      0.9557       1.214 
u_mule2n                          0.7088      0.1611     0.07425      0.9442         1.2 
u_mule3                           0.7225      0.2789     0.07368       1.075       1.366 
u_mule3n                          0.8067      0.3703     0.07413       1.251        1.59 
u_mule5                           0.9448      0.4217     0.08115       1.448        1.84 
u_mule5n                          0.9005      0.3499     0.08088       1.331       1.692 
u_mulen                           0.5599       0.137      0.0382      0.7351      0.9342 
u_mulp                            0.1377     0.01179     0.04071      0.1902      0.2417 
u_mulr                            0.3013       0.179     0.09568      0.5759      0.7319 
u_cbm/u_cbm_core                   1.079      0.7285     0.04109       1.849       2.349 
u_csr/u_csrfile                     1.11      0.1471     0.04426       1.301       1.653 
u_frontend/u_decode                1.055      0.3538     0.03286       1.442       1.832 
u_frontend/u_fetch                0.7637      0.1845     0.02807      0.9762       1.241 
u_frontend/u_npc                   11.27       5.398      0.3949       17.06       21.69 
u_issue/u_pipe0_ctrl               1.234      0.1458     0.05873       1.439       1.828 
u_issue/u_pipe1_ctrl              0.7877     0.05084     0.03415      0.8726       1.109 
u_issue/u_regfile                  6.485       3.421      0.2408       10.15       12.89 
u_lsu/u_lsu_request               0.3205       0.055    0.009851      0.3854      0.4897 
u_exec0/u_alu                      0.221      0.3335     0.02149       0.576      0.7319 
u_exec1/u_alu                     0.2453      0.3529     0.02105      0.6193       0.787 
u_mul_bw/g_array_reduce[1].u_csa
                               0.0005314   0.0002591    0.001435    0.002226    0.002828 
u_mul_bw/g_array_reduce[2].u_csa
                               0.0006043   0.0003527    0.001491    0.002448    0.003111 
u_mul_bw/g_array_reduce[3].u_csa
                               0.0007201   0.0004436    0.001448    0.002612    0.003319 
u_mul_bw/g_array_reduce[4].u_csa
                               0.0007907   0.0004867    0.001403     0.00268    0.003406 
u_mul_bw/g_array_reduce[5].u_csa
                               0.0008692   0.0005372    0.001359    0.002765    0.003514 
u_mul_bw/g_array_reduce[6].u_csa
                               0.0008194   0.0005224    0.001306    0.002648    0.003365 
u_mul_bw/g_array_reduce[7].u_csa
                                0.000746   0.0004652    0.001254    0.002465    0.003133 
u_mul_bw/g_array_reduce[8].u_csa
                               0.0006812   0.0004191    0.001203    0.002303    0.002927 
u_mul_bw/g_array_reduce[9].u_csa
                               0.0006617   0.0004251    0.001154    0.002241    0.002848 
u_mul_bw/g_array_reduce[10].u_csa
                               0.0007253   0.0005078    0.001106    0.002339    0.002972 
u_mul_bw/g_array_reduce[11].u_csa
                               0.0005665   0.0003597    0.001054     0.00198    0.002517 
u_mul_bw/g_array_reduce[12].u_csa
                               0.0006217   0.0004508    0.001005    0.002078    0.002641 
u_mul_bw/g_array_reduce[13].u_csa
                               0.0005708   0.0004068   0.0009551    0.001933    0.002456 
u_mul_bw/g_array_reduce[14].u_csa
                                 0.00051   0.0003922   0.0009041    0.001806    0.002295 
u_mul_bw/g_array_reduce[15].u_csa
                               0.0004445   0.0003415   0.0008536     0.00164    0.002083 
u_mul_bw/g_array_reduce[16].u_csa
                               0.0003937   0.0003055   0.0008039    0.001503     0.00191 
u_mul_bw/g_array_reduce[17].u_csa
                               0.0003483   0.0002718   0.0007545    0.001375    0.001747 
u_mul_bw/g_array_reduce[18].u_csa
                               0.0003053   0.0002514   0.0007052    0.001262    0.001604 
u_mul_bw/g_array_reduce[19].u_csa
                                0.000164   0.0001089   0.0006555   0.0009284     0.00118 
u_mul_bw/g_array_reduce[20].u_csa
                               0.0002437   0.0002072   0.0006075    0.001058    0.001345 
u_mul_bw/g_array_reduce[21].u_csa
                               0.0002246   0.0001976   0.0005589   0.0009811    0.001247 
u_mul_bw/g_array_reduce[22].u_csa
                               0.0002075   0.0001833   0.0005104   0.0009012    0.001145 
u_mul_bw/g_array_reduce[23].u_csa
                               0.0001922   0.0001706   0.0004619   0.0008248    0.001048 
u_mul_bw/g_array_reduce[24].u_csa
                               0.0001768   0.0001573   0.0004135   0.0007477   0.0009501 
u_mul_bw/g_array_reduce[25].u_csa
                               0.0001631    0.000165   0.0003651   0.0006931   0.0008808 
u_mul_bw/g_array_reduce[26].u_csa
                               0.0001489   0.0001614   0.0003167    0.000627   0.0007967 
u_mul_bw/g_array_reduce[27].u_csa
                               0.0001418   0.0001308   0.0002685   0.0005411   0.0006876 
u_mul_bw/g_array_reduce[28].u_csa
                               0.0001395   0.0001582   0.0002203   0.0005181   0.0006583 
u_mul_bw/g_array_reduce[29].u_csa
                                0.000138    0.000143   0.0001722   0.0004532    0.000576 
u_mul_bw/g_array_reduce[30].u_csa
                               0.0001365    0.000142   0.0001241   0.0004025   0.0005115 
u_mul_bw/g_array_reduce[31].u_csa
                               0.0001767   0.0001219   7.619e-05   0.0003747   0.0004762 
u_mul_wallace/g_w1[0].u_csa
                               0.0006691   0.0004818     0.00154    0.002691    0.003419 
u_mul_wallace/g_w1[1].u_csa
                               0.0007679    0.000462    0.001403    0.002633    0.003346 
u_mul_wallace/g_w1[2].u_csa
                               0.0003766   0.0002563    0.001243    0.001876    0.002384 
u_mul_wallace/g_w1[3].u_csa
                               0.0003219    0.000247    0.001096    0.001665    0.002116 
u_mul_wallace/g_w1[4].u_csa
                               0.0001901    0.000111   0.0009464    0.001247    0.001585 
u_mul_wallace/g_w1[5].u_csa
                               1.527e-05   1.024e-05   0.0007966   0.0008221    0.001045 
u_mul_wallace/g_w1[6].u_csa
                                       0           0   0.0006518   0.0006518   0.0008283 
u_mul_wallace/g_w1[7].u_csa
                                       0           0   0.0005075   0.0005075   0.0006449 
u_mul_wallace/g_w1[8].u_csa
                                       0           0   0.0003632   0.0003632   0.0004615 
u_mul_wallace/g_w1[9].u_csa
                                       0           0   0.0002188   0.0002188   0.0002781 
u_mul_wallace/g_w2[0].u_csa
                                0.001112   0.0008341    0.001503    0.003449    0.004383 
u_mul_wallace/g_w2[1].u_csa
                               0.0004677   0.0002883    0.001291    0.002047    0.002602 
u_mul_wallace/g_w2[2].u_csa
                                0.000387    0.000246     0.00105    0.001683    0.002138 
u_mul_wallace/g_w2[3].u_csa
                               2.881e-05   1.955e-05   0.0008436    0.000892    0.001134 
u_mul_wallace/g_w2[4].u_csa
                                       0           0   0.0006037   0.0006037   0.0007672 
u_mul_wallace/g_w2[5].u_csa
                                       0           0   0.0004099   0.0004099   0.0005209 
u_mul_wallace/g_w2[6].u_csa
                                       0           0   0.0001707   0.0001707    0.000217 
u_mul_wallace/g_w3[0].u_csa
                                0.001245   0.0009041    0.001457    0.003605    0.004582 
u_mul_wallace/g_w3[1].u_csa
                               0.0003946   0.0002356    0.001142    0.001772    0.002252 
u_mul_wallace/g_w3[2].u_csa
                               2.569e-05   1.509e-05   0.0007953    0.000836    0.001062 
u_mul_wallace/g_w3[3].u_csa
                                       0           0    0.000458    0.000458    0.000582 
u_mul_wallace/g_w3[4].u_csa
                               1.019e-05   9.435e-06   0.0001227   0.0001423   0.0001808 
u_mul_wallace/g_w4[0].u_csa
                                0.001283   0.0009117    0.001404    0.003599    0.004574 
u_mul_wallace/g_w4[1].u_csa
                               0.0001019   5.854e-05   0.0008922    0.001053    0.001338 
u_mul_wallace/g_w4[2].u_csa
                               7.859e-06   7.884e-06   0.0004085   0.0004242   0.0005391 
u_mul_wallace/g_w5[0].u_csa
                                0.001057   0.0006909    0.001343    0.003091    0.003928 
u_mul_wallace/g_w5[1].u_csa
                               1.279e-05   9.862e-06   0.0005514   0.0005741   0.0007295 
u_mul_wallace/u_w6_csa         0.0009743   0.0006073    0.001276    0.002858    0.003631 
u_mul_wallace/u_w7_csa          0.001033   0.0006659    0.001212     0.00291    0.003698 
u_mul_wallace/u_w8_csa         0.0008669   0.0005122    0.001148    0.002527    0.003212 
u_mul_wallace/u_wallace_ks
                               0.0007823   0.0004623    0.001159    0.002404    0.003055 
u_mule2/g_ppm_reduce[1].u_ppm_csa
                                       0           0    0.001428    0.001428    0.001815 
u_mule2/g_ppm_reduce[2].u_ppm_csa
                                       0           0    0.001471    0.001471    0.001869 
u_mule2/g_ppm_reduce[3].u_ppm_csa
                                       0           0    0.001423    0.001423    0.001808 
u_mule2/g_ppm_reduce[4].u_ppm_csa
                                       0           0    0.001375    0.001375    0.001747 
u_mule2/g_ppm_reduce[5].u_ppm_csa
                                       0           0    0.001327    0.001327    0.001686 
u_mule2/g_ppm_reduce[6].u_ppm_csa
                                       0           0    0.001279    0.001279    0.001625 
u_mule2/g_ppm_reduce[7].u_ppm_csa
                                       0           0     0.00123     0.00123    0.001564 
u_mule2/g_ppm_reduce[8].u_ppm_csa
                                       0           0    0.001182    0.001182    0.001503 
u_mule2/g_ppm_reduce[9].u_ppm_csa
                                       0           0    0.001134    0.001134    0.001441 
u_mule2/g_ppm_reduce[10].u_ppm_csa
                                       0           0    0.001086    0.001086     0.00138 
u_mule2/g_ppm_reduce[11].u_ppm_csa
                                       0           0    0.001038    0.001038    0.001319 
u_mule2/g_ppm_reduce[12].u_ppm_csa
                                       0           0   0.0009899   0.0009899    0.001258 
u_mule2/g_ppm_reduce[13].u_ppm_csa
                                       0           0   0.0009418   0.0009418    0.001197 
u_mule2/g_ppm_reduce[14].u_ppm_csa
                                       0           0   0.0008937   0.0008937    0.001136 
u_mule2/g_ppm_reduce[15].u_ppm_csa
                                       0           0   0.0008456   0.0008456    0.001075 
u_mule2/u_feedback_csa0                0           0    0.001572    0.001572    0.001998 
u_mule2/u_feedback_csa1                0           0    0.001506    0.001506    0.001914 
u_mule2n/g_ppm_reduce[1].u_ppm_csa
                                       0           0    0.001428    0.001428    0.001815 
u_mule2n/g_ppm_reduce[2].u_ppm_csa
                                       0           0    0.001471    0.001471    0.001869 
u_mule2n/g_ppm_reduce[3].u_ppm_csa
                                       0           0    0.001423    0.001423    0.001808 
u_mule2n/g_ppm_reduce[4].u_ppm_csa
                                       0           0    0.001375    0.001375    0.001747 
u_mule2n/g_ppm_reduce[5].u_ppm_csa
                                       0           0    0.001327    0.001327    0.001686 
u_mule2n/g_ppm_reduce[6].u_ppm_csa
                                       0           0    0.001279    0.001279    0.001625 
u_mule2n/g_ppm_reduce[7].u_ppm_csa
                                       0           0     0.00123     0.00123    0.001564 
u_mule2n/g_ppm_reduce[8].u_ppm_csa
                                       0           0    0.001182    0.001182    0.001503 
u_mule2n/g_ppm_reduce[9].u_ppm_csa
                                       0           0    0.001134    0.001134    0.001441 
u_mule2n/g_ppm_reduce[10].u_ppm_csa
                                       0           0    0.001086    0.001086     0.00138 
u_mule2n/g_ppm_reduce[11].u_ppm_csa
                                       0           0    0.001038    0.001038    0.001319 
u_mule2n/g_ppm_reduce[12].u_ppm_csa
                                       0           0   0.0009899   0.0009899    0.001258 
u_mule2n/g_ppm_reduce[13].u_ppm_csa
                                       0           0   0.0009418   0.0009418    0.001197 
u_mule2n/g_ppm_reduce[14].u_ppm_csa
                                       0           0   0.0008937   0.0008937    0.001136 
u_mule2n/g_ppm_reduce[15].u_ppm_csa
                                       0           0   0.0008456   0.0008456    0.001075 
u_mule2n/u_feedback_csa0               0           0    0.001572    0.001572    0.001998 
u_mule2n/u_feedback_csa1               0           0    0.001506    0.001506    0.001914 
u_mule3/g_ppm_reduce[1].u_ppm_csa
                                       0           0    0.001428    0.001428    0.001815 
u_mule3/g_ppm_reduce[2].u_ppm_csa
                                       0           0    0.001471    0.001471    0.001869 
u_mule3/g_ppm_reduce[3].u_ppm_csa
                                       0           0    0.001423    0.001423    0.001808 
u_mule3/g_ppm_reduce[4].u_ppm_csa
                                       0           0    0.001375    0.001375    0.001747 
u_mule3/g_ppm_reduce[5].u_ppm_csa
                                       0           0    0.001327    0.001327    0.001686 
u_mule3/g_ppm_reduce[6].u_ppm_csa
                                       0           0    0.001279    0.001279    0.001625 
u_mule3/g_ppm_reduce[7].u_ppm_csa
                                       0           0     0.00123     0.00123    0.001564 
u_mule3/g_ppm_reduce[8].u_ppm_csa
                                       0           0    0.001182    0.001182    0.001503 
u_mule3/g_ppm_reduce[9].u_ppm_csa
                                       0           0    0.001134    0.001134    0.001441 
u_mule3/g_ppm_reduce[10].u_ppm_csa
                                       0           0    0.001086    0.001086     0.00138 
u_mule3/u_feedback_csa0                0           0    0.001572    0.001572    0.001998 
u_mule3/u_feedback_csa1                0           0    0.001505    0.001505    0.001913 
u_mule3n/g_ppm_reduce[1].u_ppm_csa
                                       0           0    0.001428    0.001428    0.001815 
u_mule3n/g_ppm_reduce[2].u_ppm_csa
                                       0           0    0.001471    0.001471    0.001869 
u_mule3n/g_ppm_reduce[3].u_ppm_csa
                                       0           0    0.001423    0.001423    0.001808 
u_mule3n/g_ppm_reduce[4].u_ppm_csa
                                       0           0    0.001375    0.001375    0.001747 
u_mule3n/g_ppm_reduce[5].u_ppm_csa
                                       0           0    0.001327    0.001327    0.001686 
u_mule3n/g_ppm_reduce[6].u_ppm_csa
                                       0           0    0.001279    0.001279    0.001625 
u_mule3n/g_ppm_reduce[7].u_ppm_csa
                                       0           0     0.00123     0.00123    0.001564 
u_mule3n/g_ppm_reduce[8].u_ppm_csa
                                       0           0    0.001182    0.001182    0.001503 
u_mule3n/g_ppm_reduce[9].u_ppm_csa
                                       0           0    0.001134    0.001134    0.001441 
u_mule3n/g_ppm_reduce[10].u_ppm_csa
                                       0           0    0.001086    0.001086     0.00138 
u_mule3n/u_feedback_csa0               0           0    0.001572    0.001572    0.001998 
u_mule3n/u_feedback_csa1               0           0    0.001505    0.001505    0.001913 
u_mule5/g_ppm_reduce[1].u_ppm_csa
                                       0           0    0.001428    0.001428    0.001815 
u_mule5/g_ppm_reduce[2].u_ppm_csa
                                       0           0    0.001471    0.001471    0.001869 
u_mule5/g_ppm_reduce[3].u_ppm_csa
                                       0           0    0.001423    0.001423    0.001808 
u_mule5/g_ppm_reduce[4].u_ppm_csa
                                       0           0    0.001375    0.001375    0.001747 
u_mule5/g_ppm_reduce[5].u_ppm_csa
                                       0           0    0.001327    0.001327    0.001686 
u_mule5/g_ppm_reduce[6].u_ppm_csa
                                       0           0    0.001279    0.001279    0.001625 
u_mule5/u_feedback_csa0                0           0    0.001572    0.001572    0.001998 
u_mule5/u_feedback_csa1                0           0    0.001511    0.001511     0.00192 
u_mule5n/g_ppm_reduce[1].u_ppm_csa
                                       0           0    0.001428    0.001428    0.001815 
u_mule5n/g_ppm_reduce[2].u_ppm_csa
                                       0           0    0.001471    0.001471    0.001869 
u_mule5n/g_ppm_reduce[3].u_ppm_csa
                                       0           0    0.001423    0.001423    0.001808 
u_mule5n/g_ppm_reduce[4].u_ppm_csa
                                       0           0    0.001375    0.001375    0.001747 
u_mule5n/g_ppm_reduce[5].u_ppm_csa
                                       0           0    0.001327    0.001327    0.001686 
u_mule5n/g_ppm_reduce[6].u_ppm_csa
                                       0           0    0.001279    0.001279    0.001625 
u_mule5n/u_feedback_csa0               0           0    0.001572    0.001572    0.001998 
u_mule5n/u_feedback_csa1               0           0    0.001511    0.001511     0.00192 
u_mulp/g_rows[1].u_csa         0.0005317   0.0002701    0.001435    0.002237    0.002843 
u_mulp/g_rows[2].u_csa         0.0006045   0.0003654    0.001491    0.002461    0.003128 
u_mulp/g_rows[3].u_csa         0.0007197   0.0004381    0.001448    0.002606    0.003312 
u_mulp/g_rows[4].u_csa         0.0007909   0.0004901    0.001403    0.002684    0.003411 
u_mulp/g_rows[5].u_csa         0.0008692    0.000535    0.001359    0.002763    0.003511 
u_mulp/g_rows[6].u_csa         0.0008192   0.0005163    0.001306    0.002641    0.003357 
u_mulp/g_rows[7].u_csa         0.0007463   0.0004747    0.001254    0.002475    0.003145 
u_mulp/g_rows[8].u_csa         0.0006817   0.0004322    0.001203    0.002317    0.002944 
u_mulp/g_rows[9].u_csa         0.0006619   0.0004296    0.001154    0.002246    0.002854 
u_mulp/g_rows[10].u_csa         0.000725    0.000521    0.001106    0.002352    0.002989 
u_mulp/g_rows[11].u_csa        0.0005667   0.0003649    0.001054    0.001986    0.002524 
u_mulp/g_rows[12].u_csa         0.000622   0.0004571    0.001005    0.002085    0.002649 
u_mulp/g_rows[13].u_csa         0.000571   0.0004192   0.0009551    0.001945    0.002472 
u_mulp/g_rows[14].u_csa        0.0005097   0.0003803   0.0009041    0.001794     0.00228 
u_mulp/g_rows[15].u_csa        0.0004447    0.000348   0.0008536    0.001646    0.002092 
u_mulp/g_rows[16].u_csa        0.0003939   0.0003113   0.0008039    0.001509    0.001918 
u_mulp/g_rows[17].u_csa        0.0003491   0.0002807   0.0007545    0.001384    0.001759 
u_mulp/g_rows[18].u_csa        0.0003051   0.0002526   0.0007052    0.001263    0.001605 
u_mulp/g_rows[19].u_csa        0.0001645   0.0001172   0.0006555   0.0009371    0.001191 
u_mulp/g_rows[20].u_csa        0.0002446   0.0002124   0.0006075    0.001064    0.001353 
u_mulp/g_rows[21].u_csa        0.0002251   0.0001932   0.0005589   0.0009772    0.001242 
u_mulp/g_rows[22].u_csa        0.0002078   0.0001906   0.0005104   0.0009088    0.001155 
u_mulp/g_rows[23].u_csa        0.0001921   0.0001711   0.0004619   0.0008251    0.001049 
u_mulp/g_rows[24].u_csa        0.0001769   0.0001635   0.0004135   0.0007539   0.0009581 
u_mulp/g_rows[25].u_csa        0.0001626   0.0001656   0.0003651   0.0006933   0.0008811 
u_mulp/g_rows[26].u_csa         0.000149   0.0001543   0.0003167   0.0006201    0.000788 
u_mulp/g_rows[27].u_csa        0.0001417    0.000139   0.0002685   0.0005491   0.0006978 
u_mulp/g_rows[28].u_csa        0.0001402   0.0001362   0.0002203   0.0004967   0.0006312 
u_mulp/g_rows[29].u_csa        0.0001381   0.0001417   0.0001722   0.0004519   0.0005743 
u_mulp/g_rows[30].u_csa        0.0001362   0.0001978   0.0001241   0.0004581   0.0005821 
u_mulp/g_rows[31].u_csa        0.0001762   0.0001436   7.619e-05    0.000396   0.0005033 
u_mulr/g_bw[1].u_csa           0.0004834    0.000226    0.001247    0.001957    0.002486 
u_mulr/g_bw[2].u_csa           0.0005743    0.000336    0.001443    0.002353     0.00299 
u_mulr/g_bw[3].u_csa           0.0007241   0.0004278    0.001448      0.0026    0.003304 
u_mulr/g_bw[4].u_csa           0.0007951   0.0004978    0.001403    0.002696    0.003426 
u_mulr/g_bw[5].u_csa           0.0008732   0.0005406    0.001359    0.002772    0.003523 
u_mulr/g_bw[6].u_csa           0.0008211   0.0005033    0.001306     0.00263    0.003343 
u_mulr/g_bw[7].u_csa           0.0007481   0.0004677    0.001254     0.00247    0.003139 
u_mulr/g_bw[8].u_csa           0.0006824   0.0004169    0.001203    0.002302    0.002925 
u_mulr/g_bw[9].u_csa           0.0006633   0.0004126    0.001154     0.00223    0.002834 
u_mulr/g_bw[10].u_csa          0.0007263   0.0004894    0.001106    0.002321     0.00295 
u_mulr/g_bw[11].u_csa          0.0006641    0.000466    0.001055    0.002185    0.002777 
u_mulr/g_bw[12].u_csa          0.0006225   0.0004248    0.001005    0.002053    0.002609 
u_mulr/g_bw[13].u_csa          0.0005713   0.0003997   0.0009551    0.001926    0.002448 
u_mulr/g_bw[14].u_csa          0.0004077   0.0002404   0.0009035    0.001552    0.001972 
u_mulr/g_bw[15].u_csa          0.0003402   0.0001919   0.0008529    0.001385     0.00176 
u_mulr/g_bw[16].u_csa          0.0002882   0.0001662   0.0008032    0.001258    0.001598 
u_mulr/g_bw[17].u_csa           0.000243   0.0001348   0.0007538    0.001132    0.001438 
u_mulr/g_bw[18].u_csa          0.0003038   0.0002183   0.0007052    0.001227     0.00156 
u_mulr/g_bw[19].u_csa          0.0002657    0.000207   0.0006561    0.001129    0.001434 
u_mulr/g_bw[20].u_csa          0.0001411   7.484e-05   0.0006068   0.0008228    0.001046 
u_mulr/g_bw[21].u_csa          0.0001221   6.197e-05   0.0005582   0.0007423   0.0009433 
u_mulr/g_bw[22].u_csa          0.0002067   0.0001708   0.0005104   0.0008879    0.001128 
u_mulr/g_bw[23].u_csa          0.0001913   0.0001574   0.0004619   0.0008106     0.00103 
u_mulr/g_bw[24].u_csa          0.0001763   0.0001518   0.0004135   0.0007416   0.0009425 
u_mulr/g_bw[25].u_csa          0.0001623   0.0001419   0.0003651   0.0006693   0.0008505 
u_mulr/g_bw[26].u_csa          0.0001482   0.0001368   0.0003167   0.0006017   0.0007647 
u_mulr/g_bw[27].u_csa          0.0001411   0.0001367   0.0002685   0.0005463   0.0006942 
u_mulr/g_bw[28].u_csa          0.0001392    0.000139   0.0002203   0.0004985   0.0006335 
u_mulr/g_bw[29].u_csa          0.0001371   0.0001357   0.0001722    0.000445   0.0005655 
u_mulr/g_bw[30].u_csa           0.000136   0.0001614   0.0001241   0.0004214   0.0005355 
u_mulr/g_bw[31].u_csa          0.0001757   0.0001402   7.619e-05   0.0003921   0.0004982 
u_mulr/g_wb1[0].u_csa          0.0006567   0.0004486    0.001493    0.002598    0.003302 
u_mulr/g_wb1[1].u_csa           0.000784   0.0004492    0.001404    0.002637    0.003351 
u_mulr/g_wb1[2].u_csa           0.000381   0.0002328    0.001243    0.001857     0.00236 
u_mulr/g_wb1[3].u_csa          0.0003293   0.0002349    0.001097    0.001661    0.002111 
u_mulr/g_wb1[4].u_csa          0.0001935   0.0001158   0.0009464    0.001256    0.001596 
u_mulr/g_wb1[5].u_csa          1.571e-05   1.064e-05   0.0007966   0.0008229    0.001046 
u_mulr/g_wb1[6].u_csa                  0           0   0.0006518   0.0006518   0.0008283 
u_mulr/g_wb1[7].u_csa                  0           0   0.0005075   0.0005075   0.0006449 
u_mulr/g_wb1[8].u_csa                  0           0   0.0003266   0.0003266    0.000415 
u_mulr/g_wb1[9].u_csa                  0           0   0.0002188   0.0002188   0.0002781 
u_mulr/g_wb2[0].u_csa           0.001111   0.0008382    0.001502    0.003451    0.004386 
u_mulr/g_wb2[1].u_csa           0.000467   0.0002717    0.001291     0.00203     0.00258 
u_mulr/g_wb2[2].u_csa          0.0003868   0.0002526     0.00105    0.001689    0.002146 
u_mulr/g_wb2[3].u_csa          2.664e-05   1.857e-05   0.0008436   0.0008888    0.001129 
u_mulr/g_wb2[4].u_csa                  0           0   0.0006037   0.0006037   0.0007672 
u_mulr/g_wb2[5].u_csa                  0           0   0.0004099   0.0004099   0.0005209 
u_mulr/g_wb2[6].u_csa                  0           0   0.0001707   0.0001707    0.000217 
u_mulr/g_wb3[0].u_csa           0.001208   0.0008659    0.001457    0.003531    0.004487 
u_mulr/g_wb3[1].u_csa          0.0003929   0.0002316    0.001142    0.001767    0.002245 
u_mulr/g_wb3[2].u_csa          2.592e-05   1.728e-05   0.0007953   0.0008385    0.001066 
u_mulr/g_wb3[3].u_csa                  0           0    0.000458    0.000458    0.000582 
u_mulr/g_wb3[4].u_csa          1.029e-05   7.529e-06   0.0001227   0.0001405   0.0001785 
u_mulr/g_wb4[0].u_csa           0.001279   0.0008773    0.001405    0.003561    0.004525 
u_mulr/g_wb4[1].u_csa          0.0001036    5.76e-05   0.0008919    0.001053    0.001338 
u_mulr/g_wb4[2].u_csa          7.879e-06   9.734e-06   0.0004085   0.0004261   0.0005415 
u_mulr/g_wb5[0].u_csa           0.001195   0.0007786    0.001344    0.003318    0.004216 
u_mulr/g_wb5[1].u_csa          1.284e-05   9.993e-06   0.0005514   0.0005743   0.0007298 
u_mulr/u_w6_csa                 0.001115    0.000717    0.001277    0.003109    0.003951 
u_mulr/u_w7_csa                 0.001035   0.0006042    0.001219    0.002859    0.003633 
u_mulr/u_w8_csa                0.0008662   0.0004637    0.001148    0.002478    0.003149 
u_mulr/u_wallace_ks            0.0007923   0.0004438     0.00116    0.002396    0.003045 
u_frontend/u_decode/genblk1.u_fifo
                                   0.995      0.2879     0.02662       1.309       1.664 
u_frontend/u_npc/BRANCH_PREDICTION.u_lru
                                 0.06804    0.005341    0.001869     0.07525     0.09563 
u_frontend/u_decode/genblk1.u_dec0
                                 0.01463      0.0202     0.00234     0.03717     0.04724 
u_frontend/u_decode/genblk1.u_dec1
                                  0.0167     0.02309    0.002342     0.04213     0.05354 
 
 
-----------------------------------------------------------------------------------------
*	Power Distribution Summary: 
*              Highest Average Power: u_issue/FE_OFC2759_opcode0_ra_operand_w_7 (INV_X4):           0.0696
*              Highest Leakage Power:           u_issue/g162069 (AND4_X4):        0.0001893
*                Total Cap:      4.36518e-10 F
*                Total instances in design: 58275
*                Total instances in design with no power:     0
*                Total instances in design with no activty:     0

*                Total Fillers and Decap:     0
-----------------------------------------------------------------------------------------
 
** INFO:  (VOLTUS_POWR-3465): There are 0 decaps and 0 fillers in the design

Ended Static Power Report Generation: (cpu=0:00:00, real=0:00:00,
mem(process/total/peak)=3157.01MB/8132.78MB/3232.98MB)

