env CDS_WORKAREA is set to /home/ykaraagac/cadence-bitirme/Flows/NanGate45/biriscv_2mul_vs_hybrid/scripts/cadence
             0V	    VSS
           1.1V	    VDD
Using Power View WC_VIEW
.
Load RC corner of view WC_VIEW

Begin Power Analysis

             0V	    VSS
           1.1V	    VDD

Begin Processing Timing Library for Power Calculation

Ended Processing Timing Library for Power Calculation: (cpu=0:00:00, real=0:00:00, mem(process/total/peak)=2787.85MB/5985.66MB/2796.28MB)



Begin Processing Power Net/Grid for Power Calculation

Ended Processing Power Net/Grid for Power Calculation: (cpu=0:00:00, real=0:00:00, mem(process/total/peak)=2787.85MB/5985.66MB/2796.28MB)

Begin Processing Timing Window Data for Power Calculation

clk(100MHz) CK: assigning clock clk to net clk_i
Ended Processing Timing Window Data for Power Calculation: (cpu=0:00:00, real=0:00:00, mem(process/total/peak)=2787.85MB/5985.66MB/2796.28MB)

Begin Processing User Attributes

Ended Processing User Attributes: (cpu=0:00:00, real=0:00:00, mem(process/total/peak)=2787.85MB/5985.66MB/2796.28MB)

Begin Processing Signal Activity


Starting Activity Propagation
2026-Jun-08 22:05:39 (2026-Jun-08 22:05:39 GMT)
2026-Jun-08 22:05:39 (2026-Jun-08 22:05:39 GMT): 10%
2026-Jun-08 22:05:40 (2026-Jun-08 22:05:40 GMT): 20%

Finished Activity Propagation
2026-Jun-08 22:05:40 (2026-Jun-08 22:05:40 GMT)

Activity annotation summary:
        Primary Inputs : 180/180 = 100%
          Flop outputs : 1909/10414 = 18.3311%
  Memory/Macro outputs : 0/0 = 0%
      Tristate outputs : 0/0 = 0%
            Total Nets : 3867/35059 = 11.03%

Ended Processing Signal Activity: (cpu=0:00:00, real=0:00:00, mem(process/total/peak)=2787.85MB/5985.66MB/2796.28MB)

Begin Power Computation

      ----------------------------------------------------------
      # of cell(s) missing both power/leakage table: 0
      # of cell(s) missing power table: 0
      # of cell(s) missing leakage table: 0
      ----------------------------------------------------------



Starting Calculating power
2026-Jun-08 22:05:40 (2026-Jun-08 22:05:40 GMT)
 ... Calculating switching power
2026-Jun-08 22:05:40 (2026-Jun-08 22:05:40 GMT): 10%
2026-Jun-08 22:05:40 (2026-Jun-08 22:05:40 GMT): 20%
2026-Jun-08 22:05:40 (2026-Jun-08 22:05:40 GMT): 30%
2026-Jun-08 22:05:40 (2026-Jun-08 22:05:40 GMT): 40%
2026-Jun-08 22:05:40 (2026-Jun-08 22:05:40 GMT): 50%
 ... Calculating internal and leakage power
2026-Jun-08 22:05:40 (2026-Jun-08 22:05:40 GMT): 60%
2026-Jun-08 22:05:41 (2026-Jun-08 22:05:41 GMT): 70%
2026-Jun-08 22:05:42 (2026-Jun-08 22:05:42 GMT): 80%
2026-Jun-08 22:05:43 (2026-Jun-08 22:05:43 GMT): 90%

Finished Calculating power
2026-Jun-08 22:05:43 (2026-Jun-08 22:05:43 GMT)
      # of MSMV cell(s) missing power_level: 0
Ended Power Computation: (cpu=0:00:03, real=0:00:03, mem(process/total/peak)=2787.85MB/5985.66MB/2796.28MB)

Begin Processing User Attributes

Begin Processing set_power
Ended Processing set_power: (cpu=0:00:00, real=0:00:00,
mem(process/total/peak)=2787.85MB/5985.66MB/2796.28MB)
Ended Processing User Attributes: (cpu=0:00:00, real=0:00:00, mem(process/total/peak)=2787.85MB/5985.66MB/2796.28MB)

Ended Power Analysis: (cpu=0:00:04, real=0:00:04, mem(process/total/peak)=2787.85MB/5985.66MB/2796.28MB)

Begin Boundary Leakage Calculation
Ended Boundary Leakage Calculation: (cpu=0:00:00, real=0:00:00,
mem(process/total/peak)=2787.85MB/5985.66MB/2796.28MB)
Begin Static Power Report Generation
*----------------------------------------------------------------------------------------
*	Innovus 25.12-s079_1 (64bit) 11/18/2025 12:56 (Linux 4.18.0-305.el8.x86_64)
*	
*
* 	Date & Time:	2026-Jun-08 22:05:43 (2026-Jun-08 22:05:43 GMT)
*
*----------------------------------------------------------------------------------------
*
*	Design: riscv_core
*
*	Liberty Libraries used:
*	        /home/ykaraagac/cadence-bitirme/Enablements/NanGate45/lib/NangateOpenCellLibrary_typical.lib
*
*	Parasitic Files used:
*
*       Dynamic View: WC_VIEW
*
*       Leakage View: WC_VIEW
*
*       User-Defined Activity : N.A.
*
*	Switching Activity File used:
*	        /home/ykaraagac/cadence-bitirme/Flows/NanGate45/biriscv_2mul_vs_hybrid/scripts/cadence/outputs/job6_selective_runs/unrolled_dot64/vcd/core_hybrid.vcd
*                  Vcd Window used(Start Time, Stop Time):  
*                Vcd Scale Factor: 1
*
*       Hierarchical Global Activity: N.A.
*
*       Global Activity: N.A.
*
*       Sequential Element Activity: 0.200000
*
*       Primary Input Activity: 0.200000
*
*       Default icg ratio: N.A.
*
*       Global Comb ClockGate Ratio: N.A.
*
*	Power Units = 1mW
*
*	Time Units = 1e-09 secs
*
*       report_power -hierarchy all
*
-----------------------------------------------------------------------------------------
*



Total Power
-----------------------------------------------------------------------------------------
Total Internal Power:        4.42760721 	   53.2039%
Total Switching Power:       2.71039941 	   32.5693%
Total Leakage Power:         1.18394727 	   14.2268%
Total Power:                 8.32195389
-----------------------------------------------------------------------------------------


Group                           Internal   Switching     Leakage       Total  Percentage 
                                Power      Power         Power         Power  (%)        
-----------------------------------------------------------------------------------------
Sequential                         2.869      0.3825      0.4992        3.75       45.07
Macro                                  0           0           0           0           0
IO                                     0           0           0           0           0
Combinational                      1.082       1.348      0.6707         3.1       37.26
Clock (Combinational)             0.4766      0.9803     0.01403       1.471       17.68
Clock (Sequential)                     0           0           0           0           0
-----------------------------------------------------------------------------------------
Total                              4.428        2.71       1.184       8.322         100
-----------------------------------------------------------------------------------------


Clock                           Internal   Switching     Leakage       Total  Percentage 
                                Power      Power         Power         Power  (%)        
-----------------------------------------------------------------------------------------
clk                               0.4766      0.9803     0.01403       1.471       17.68
-----------------------------------------------------------------------------------------
Total                             0.4766      0.9803     0.01403       1.471       17.68
-----------------------------------------------------------------------------------------
Clock: clk
Clock Period: 0.010000 usec 
Clock Toggle Rate:   200.0000 Mhz 
Clock Static Probability:  0.5000
  


Rail                  Voltage   Internal   Switching     Leakage       Total  Percentage 
                                Power      Power         Power         Power  (%)        
-----------------------------------------------------------------------------------------
VDD                       1.1      4.428        2.71       1.184       8.322         100


Hierarchy                       Internal   Switching     Leakage       Total  Percentage 
                                Power      Power         Power         Power  (%)        
-----------------------------------------------------------------------------------------
u_csr                             0.1935      0.0258      0.0606      0.2799       3.364 
u_div                             0.1383     0.02907     0.04573      0.2131       2.561 
u_exec0                           0.0856     0.07138     0.04254      0.1995       2.398 
u_exec1                          0.08537     0.06908      0.0413      0.1957       2.352 
u_frontend                         1.853      0.8366      0.4618       3.151       37.87 
u_issue                            1.253      0.8703      0.3753       2.499       30.03 
u_lsu                             0.1017     0.04639     0.02782      0.1759       2.113 
u_mul                             0.4917      0.4342     0.08586       1.012       12.16 
u_mule                           0.06897    0.008983     0.03797      0.1159       1.393 
u_csr/u_csrfile                   0.1339     0.01078     0.04429      0.1889        2.27 
u_frontend/u_decode               0.1409     0.05063     0.03018      0.2218       2.665 
u_frontend/u_fetch                0.1035      0.0205     0.02764      0.1516       1.822 
u_frontend/u_npc                   1.573      0.6962      0.4027       2.672       32.11 
u_issue/u_pipe0_ctrl              0.1751     0.03732     0.04242      0.2549       3.062 
u_issue/u_pipe1_ctrl              0.1039     0.02299      0.0277      0.1546       1.858 
u_issue/u_regfile                 0.8468      0.5318      0.2373       1.616       19.42 
u_lsu/u_lsu_request              0.04075    0.007194    0.009387     0.05733       0.689 
u_exec0/u_alu                    0.03407     0.04498     0.02065     0.09971       1.198 
u_exec1/u_alu                    0.02367     0.03365     0.02015     0.07747      0.9309 
u_frontend/u_decode/genblk1.u_fifo
                                  0.1348      0.0447     0.02532      0.2048       2.461 
u_frontend/u_npc/BRANCH_PREDICTION.u_lru
                                 0.01074    0.001613    0.001928     0.01428      0.1716 
u_frontend/u_decode/genblk1.u_dec0
                                0.001431    0.001535    0.001651    0.004617     0.05548 
u_frontend/u_decode/genblk1.u_dec1
                                0.001795    0.002372    0.001657    0.005825     0.06999 
 
 
-----------------------------------------------------------------------------------------
*	Power Distribution Summary: 
*              Highest Average Power:            u_issue/g31226 (AND2_X2):         0.006495
*              Highest Leakage Power:            u_issue/g33248 (AND4_X4):        0.0001893
*                Total Cap:      2.19821e-10 F
*                Total instances in design: 28954
*                Total instances in design with no power:     0
*                Total instances in design with no activty:     0

*                Total Fillers and Decap:     0
-----------------------------------------------------------------------------------------
 
** INFO:  (VOLTUS_POWR-3465): There are 0 decaps and 0 fillers in the design

Ended Static Power Report Generation: (cpu=0:00:00, real=0:00:00,
mem(process/total/peak)=2787.85MB/5985.66MB/2796.28MB)

