env CDS_WORKAREA is set to /home/ykaraagac/cadence-bitirme/Flows/NanGate45/biriscv_2mul_vs_hybrid/scripts/cadence
             0V	    VSS
           1.1V	    VDD
Using Power View WC_VIEW
.
Load RC corner of view WC_VIEW

Begin Power Analysis

             0V	    VSS
           1.1V	    VDD

Begin Processing Timing Library for Power Calculation

Ended Processing Timing Library for Power Calculation: (cpu=0:00:00, real=0:00:00, mem(process/total/peak)=4145.89MB/13249.34MB/4200.20MB)



Begin Processing Power Net/Grid for Power Calculation

Ended Processing Power Net/Grid for Power Calculation: (cpu=0:00:00, real=0:00:00, mem(process/total/peak)=4145.89MB/13249.34MB/4200.20MB)

Begin Processing Timing Window Data for Power Calculation

clk(100MHz) CK: assigning clock clk to net clk_i
Ended Processing Timing Window Data for Power Calculation: (cpu=0:00:00, real=0:00:00, mem(process/total/peak)=4145.89MB/13249.34MB/4200.20MB)

Begin Processing User Attributes

Ended Processing User Attributes: (cpu=0:00:00, real=0:00:00, mem(process/total/peak)=4145.89MB/13249.34MB/4200.20MB)

Begin Processing Signal Activity


Starting Activity Propagation
2026-Mar-24 16:22:09 (2026-Mar-24 16:22:09 GMT)
2026-Mar-24 16:22:09 (2026-Mar-24 16:22:09 GMT): 10%
2026-Mar-24 16:22:09 (2026-Mar-24 16:22:09 GMT): 20%

Finished Activity Propagation
2026-Mar-24 16:22:10 (2026-Mar-24 16:22:10 GMT)
Ended Processing Signal Activity: (cpu=0:00:00, real=0:00:00, mem(process/total/peak)=4145.89MB/13249.34MB/4200.20MB)

Begin Power Computation

      ----------------------------------------------------------
      # of cell(s) missing both power/leakage table: 0
      # of cell(s) missing power table: 0
      # of cell(s) missing leakage table: 0
      ----------------------------------------------------------



Starting Calculating power
2026-Mar-24 16:22:10 (2026-Mar-24 16:22:10 GMT)
2026-Mar-24 16:22:10 (2026-Mar-24 16:22:10 GMT): 10%
2026-Mar-24 16:22:10 (2026-Mar-24 16:22:10 GMT): 20%
2026-Mar-24 16:22:10 (2026-Mar-24 16:22:10 GMT): 30%
2026-Mar-24 16:22:10 (2026-Mar-24 16:22:10 GMT): 40%
2026-Mar-24 16:22:10 (2026-Mar-24 16:22:10 GMT): 50%
2026-Mar-24 16:22:10 (2026-Mar-24 16:22:10 GMT): 60%
2026-Mar-24 16:22:10 (2026-Mar-24 16:22:10 GMT): 70%
2026-Mar-24 16:22:10 (2026-Mar-24 16:22:10 GMT): 80%
2026-Mar-24 16:22:10 (2026-Mar-24 16:22:10 GMT): 90%

Finished Calculating power
2026-Mar-24 16:22:10 (2026-Mar-24 16:22:10 GMT)
      # of MSMV cell(s) missing power_level: 0
Ended Power Computation: (cpu=0:00:02, real=0:00:00, mem(process/total/peak)=4147.89MB/13247.35MB/4200.20MB)

Begin Processing User Attributes

Begin Processing set_power
Ended Processing set_power: (cpu=0:00:00, real=0:00:00,
mem(process/total/peak)=4147.89MB/13247.35MB/4200.20MB)
Ended Processing User Attributes: (cpu=0:00:00, real=0:00:00, mem(process/total/peak)=4147.89MB/13247.35MB/4200.20MB)

Ended Power Analysis: (cpu=0:00:03, real=0:00:01, mem(process/total/peak)=4147.89MB/13247.35MB/4200.20MB)

Begin Boundary Leakage Calculation
Ended Boundary Leakage Calculation: (cpu=0:00:00, real=0:00:00,
mem(process/total/peak)=4147.89MB/13247.35MB/4200.20MB)
Begin Static Power Report Generation
*----------------------------------------------------------------------------------------
*	Innovus 25.12-s079_1 (64bit) 11/18/2025 12:56 (Linux 4.18.0-305.el8.x86_64)
*	
*
* 	Date & Time:	2026-Mar-24 16:22:10 (2026-Mar-24 16:22:10 GMT)
*
*----------------------------------------------------------------------------------------
*
*	Design: riscv_core
*
*	Liberty Libraries used:
*	        /home/ykaraagac/cadence-bitirme/Enablements/NanGate45/lib/NangateOpenCellLibrary_typical.lib
*
*	Parasitic Files used:
*
*       Dynamic View: WC_VIEW
*
*       Leakage View: WC_VIEW
*
*       User-Defined Activity : N.A.
*
*       Activity File: N.A.
*
*       Hierarchical Global Activity: N.A.
*
*       Global Activity: N.A.
*
*       Sequential Element Activity: 0.200000
*
*       Primary Input Activity: 0.200000
*
*       Default icg ratio: N.A.
*
*       Global Comb ClockGate Ratio: N.A.
*
*	Power Units = 1mW
*
*	Time Units = 1e-09 secs
*
*       report_power -instances {u_mul}
*
-----------------------------------------------------------------------------------------
*



Total Power
-----------------------------------------------------------------------------------------
Total Internal Power:        4.99454241 	   52.2473%
Total Switching Power:       3.32240643 	   34.7553%
Total Leakage Power:         1.24247154 	   12.9974%
Total Power:                 9.55942039
-----------------------------------------------------------------------------------------


Group                           Internal   Switching     Leakage       Total  Percentage 
                                Power      Power         Power         Power  (%)        
-----------------------------------------------------------------------------------------
Sequential                         2.906      0.5147      0.4996        3.92       41.01
Macro                                  0           0           0           0           0
IO                                     0           0           0           0           0
Combinational                      1.617       1.835      0.7289        4.18       43.73
Clock (Combinational)              0.472      0.9731      0.0139       1.459       15.26
Clock (Sequential)                     0           0           0           0           0
-----------------------------------------------------------------------------------------
Total                              4.995       3.322       1.242       9.559         100
-----------------------------------------------------------------------------------------


Clock                           Internal   Switching     Leakage       Total  Percentage 
                                Power      Power         Power         Power  (%)        
-----------------------------------------------------------------------------------------
clk                                0.472      0.9731      0.0139       1.459       15.26
-----------------------------------------------------------------------------------------
Total                              0.472      0.9731      0.0139       1.459       15.26
-----------------------------------------------------------------------------------------
Clock: clk
Clock Period: 0.010000 usec 
Clock Toggle Rate:   200.0000 Mhz 
Clock Static Probability:  0.5000
  


Rail                  Voltage   Internal   Switching     Leakage       Total  Percentage 
                                Power      Power         Power         Power  (%)        
-----------------------------------------------------------------------------------------
VDD                       1.1      4.995       3.322       1.242       9.559         100


Instance                      Max Toggles   Total Toggles   Internal   Switching     Leakage       Total  Percentage    Cell
                              Input Pins    Output Pins     Power      Power         Power         Power  (%)           Name
----------------------------------------------------------------------------------------------------------------------------
u_mul                                   0               0     0.9377      0.8093       0.136       1.883        19.7    
----------------------------------------------------------------------------------------------------------------------------
Total                                                         0.9377      0.8093       0.136       1.883        19.7    
 
 
-----------------------------------------------------------------------------------------
*	Power Distribution Summary: 
*              Highest Average Power:  u_frontend/u_npc/g198057 (AND2_X4):         0.004768
*              Highest Leakage Power:         u_div/g8271__1705 (OR4_X4):        0.0001582
*                Total Cap:      2.16931e-10 F
*                Total instances in design: 29216
*                Total instances in design with no power:     0
*                Total instances in design with no activty:     0

*                Total Fillers and Decap:     0
-----------------------------------------------------------------------------------------
 
** INFO:  (VOLTUS_POWR-3465): There are 0 decaps and 0 fillers in the design

Ended Static Power Report Generation: (cpu=0:00:00, real=0:00:00,
mem(process/total/peak)=4147.89MB/13247.35MB/4200.20MB)

