env CDS_WORKAREA is set to /home/ykaraagac/cadence-bitirme/Flows/NanGate45/biriscv_2mul_vs_hybrid/scripts/cadence
             0V	    VSS
           1.1V	    VDD
Using Power View WC_VIEW
.
Load RC corner of view WC_VIEW

Begin Power Analysis

             0V	    VSS
           1.1V	    VDD

Begin Processing Timing Library for Power Calculation

Ended Processing Timing Library for Power Calculation: (cpu=0:00:00, real=0:00:00, mem(process/total/peak)=2799.05MB/8688.50MB/2799.05MB)



Begin Processing Power Net/Grid for Power Calculation

Ended Processing Power Net/Grid for Power Calculation: (cpu=0:00:00, real=0:00:00, mem(process/total/peak)=2799.05MB/8688.50MB/2799.05MB)

Begin Processing Timing Window Data for Power Calculation

clk(100MHz) CK: assigning clock clk to net clk_i
Ended Processing Timing Window Data for Power Calculation: (cpu=0:00:00, real=0:00:00, mem(process/total/peak)=2799.05MB/8688.50MB/2799.05MB)

** WARN:  (VOLTUS_POWR-1784): The SDC clock frequency 100MHz is being overwritten with the VCD clock frequency 100.002MHz for the clock 'clk' associated with the net
'clk_i' from the TCF file. If the SDC clock frequency is required for static power calculation, use the command
'set_switching_activity -clock <clock name> -scale_factor <num>' to scale frequency of this clock.

Begin Processing User Attributes

Ended Processing User Attributes: (cpu=0:00:00, real=0:00:00, mem(process/total/peak)=2799.05MB/8688.50MB/2799.05MB)

Begin Processing Signal Activity


Starting Activity Propagation
2026-Jun-08 14:44:23 (2026-Jun-08 14:44:23 GMT)
2026-Jun-08 14:44:23 (2026-Jun-08 14:44:23 GMT): 10%
2026-Jun-08 14:44:23 (2026-Jun-08 14:44:23 GMT): 20%

Finished Activity Propagation
2026-Jun-08 14:44:24 (2026-Jun-08 14:44:24 GMT)

Activity annotation summary:
        Primary Inputs : 180/180 = 100%
          Flop outputs : 1909/10414 = 18.3311%
  Memory/Macro outputs : 0/0 = 0%
      Tristate outputs : 0/0 = 0%
            Total Nets : 3867/35059 = 11.03%

Ended Processing Signal Activity: (cpu=0:00:00, real=0:00:00, mem(process/total/peak)=2800.05MB/8688.50MB/2800.05MB)

Begin Power Computation

      ----------------------------------------------------------
      # of cell(s) missing both power/leakage table: 0
      # of cell(s) missing power table: 0
      # of cell(s) missing leakage table: 0
      ----------------------------------------------------------



Starting Calculating power
2026-Jun-08 14:44:24 (2026-Jun-08 14:44:24 GMT)
 ... Calculating switching power
2026-Jun-08 14:44:24 (2026-Jun-08 14:44:24 GMT): 10%
2026-Jun-08 14:44:24 (2026-Jun-08 14:44:24 GMT): 20%
2026-Jun-08 14:44:24 (2026-Jun-08 14:44:24 GMT): 30%
2026-Jun-08 14:44:24 (2026-Jun-08 14:44:24 GMT): 40%
2026-Jun-08 14:44:24 (2026-Jun-08 14:44:24 GMT): 50%
 ... Calculating internal and leakage power
2026-Jun-08 14:44:24 (2026-Jun-08 14:44:24 GMT): 60%
2026-Jun-08 14:44:25 (2026-Jun-08 14:44:25 GMT): 70%
2026-Jun-08 14:44:26 (2026-Jun-08 14:44:26 GMT): 80%
2026-Jun-08 14:44:27 (2026-Jun-08 14:44:27 GMT): 90%

Finished Calculating power
2026-Jun-08 14:44:27 (2026-Jun-08 14:44:27 GMT)
      # of MSMV cell(s) missing power_level: 0
Ended Power Computation: (cpu=0:00:03, real=0:00:03, mem(process/total/peak)=2800.05MB/8688.50MB/2800.05MB)

Begin Processing User Attributes

Begin Processing set_power
Ended Processing set_power: (cpu=0:00:00, real=0:00:00,
mem(process/total/peak)=2800.05MB/8688.50MB/2800.05MB)
Ended Processing User Attributes: (cpu=0:00:00, real=0:00:00, mem(process/total/peak)=2800.05MB/8688.50MB/2800.05MB)

Ended Power Analysis: (cpu=0:00:04, real=0:00:04, mem(process/total/peak)=2800.05MB/8688.50MB/2800.05MB)

Begin Boundary Leakage Calculation
Ended Boundary Leakage Calculation: (cpu=0:00:00, real=0:00:00,
mem(process/total/peak)=2800.05MB/8688.50MB/2800.05MB)
Begin Static Power Report Generation
*----------------------------------------------------------------------------------------
*	Innovus 25.12-s079_1 (64bit) 11/18/2025 12:56 (Linux 4.18.0-305.el8.x86_64)
*	
*
* 	Date & Time:	2026-Jun-08 14:44:27 (2026-Jun-08 14:44:27 GMT)
*
*----------------------------------------------------------------------------------------
*
*	Design: riscv_core
*
*	Liberty Libraries used:
*	        /home/ykaraagac/cadence-bitirme/Enablements/NanGate45/lib/NangateOpenCellLibrary_typical.lib
*
*	Parasitic Files used:
*
*       Dynamic View: WC_VIEW
*
*       Leakage View: WC_VIEW
*
*       User-Defined Activity : N.A.
*
*	Switching Activity File used:
*	        /home/ykaraagac/cadence-bitirme/Flows/NanGate45/biriscv_2mul_vs_hybrid/scripts/cadence/outputs/benchmark_runs/outer_product/work/core_hybrid/waveform.vcd
*                  Vcd Window used(Start Time, Stop Time):  
*                Vcd Scale Factor: 1
*
*       Hierarchical Global Activity: N.A.
*
*       Global Activity: N.A.
*
*       Sequential Element Activity: 0.200000
*
*       Primary Input Activity: 0.200000
*
*       Default icg ratio: N.A.
*
*       Global Comb ClockGate Ratio: N.A.
*
*	Power Units = 1mW
*
*	Time Units = 1e-09 secs
*
*       report_power -hierarchy all
*
-----------------------------------------------------------------------------------------
*



Total Power
-----------------------------------------------------------------------------------------
Total Internal Power:        4.38374176 	   53.4753%
Total Switching Power:       2.63003477 	   32.0826%
Total Leakage Power:         1.18391198 	   14.4420%
Total Power:                 8.19768851
-----------------------------------------------------------------------------------------


Group                           Internal   Switching     Leakage       Total  Percentage 
                                Power      Power         Power         Power  (%)        
-----------------------------------------------------------------------------------------
Sequential                         2.861       0.373      0.4991       3.733       45.54
Macro                                  0           0           0           0           0
IO                                     0           0           0           0           0
Combinational                      1.046       1.277      0.6707       2.994       36.52
Clock (Combinational)             0.4766      0.9803     0.01403       1.471       17.94
Clock (Sequential)                     0           0           0           0           0
-----------------------------------------------------------------------------------------
Total                              4.384        2.63       1.184       8.198         100
-----------------------------------------------------------------------------------------


Clock                           Internal   Switching     Leakage       Total  Percentage 
                                Power      Power         Power         Power  (%)        
-----------------------------------------------------------------------------------------
clk                               0.4766      0.9803     0.01403       1.471       17.94
-----------------------------------------------------------------------------------------
Total                             0.4766      0.9803     0.01403       1.471       17.94
-----------------------------------------------------------------------------------------
Clock: clk
Clock Period: 0.010000 usec 
Clock Toggle Rate:   200.0034 Mhz 
Clock Static Probability:  0.5000
  


Rail                  Voltage   Internal   Switching     Leakage       Total  Percentage 
                                Power      Power         Power         Power  (%)        
-----------------------------------------------------------------------------------------
VDD                       1.1      4.384        2.63       1.184       8.198         100


Hierarchy                       Internal   Switching     Leakage       Total  Percentage 
                                Power      Power         Power         Power  (%)        
-----------------------------------------------------------------------------------------
u_csr                             0.1935     0.02631     0.06076      0.2805       3.422 
u_div                             0.1406     0.03193     0.04665      0.2191       2.673 
u_exec0                          0.09206     0.08399     0.04254      0.2186       2.667 
u_exec1                          0.07649     0.05067     0.04132      0.1685       2.055 
u_frontend                         1.845      0.8245       0.462       3.132       38.21 
u_issue                            1.221      0.8093      0.3742       2.404       29.33 
u_lsu                             0.1003     0.04405     0.02776      0.1721         2.1 
u_mul                             0.4895      0.4312     0.08584       1.007       12.28 
u_mule                           0.06897    0.008983     0.03796      0.1159       1.414 
u_csr/u_csrfile                    0.134     0.01089     0.04434      0.1892       2.308 
u_frontend/u_decode               0.1385     0.04736     0.03021      0.2161       2.636 
u_frontend/u_fetch                0.1026     0.01993     0.02765      0.1501       1.831 
u_frontend/u_npc                   1.569      0.6879      0.4028        2.66       32.45 
u_issue/u_pipe0_ctrl              0.1704     0.03516     0.04201      0.2476        3.02 
u_issue/u_pipe1_ctrl              0.1016     0.01704     0.02762      0.1463       1.784 
u_issue/u_regfile                 0.8353      0.5071      0.2369       1.579       19.27 
u_lsu/u_lsu_request              0.04009    0.006409    0.009383     0.05588      0.6817 
u_exec0/u_alu                    0.04097     0.05742     0.02075      0.1191       1.453 
u_exec1/u_alu                    0.01473     0.02131     0.02023     0.05627      0.6864 
u_frontend/u_decode/genblk1.u_fifo
                                  0.1325     0.04137     0.02531      0.1992        2.43 
u_frontend/u_npc/BRANCH_PREDICTION.u_lru
                                 0.01084    0.001642    0.001928     0.01441      0.1758 
u_frontend/u_decode/genblk1.u_dec0
                                0.001116      0.0012    0.001657    0.003973     0.04846 
u_frontend/u_decode/genblk1.u_dec1
                                 0.00216    0.002941    0.001686    0.006786     0.08278 
 
 
-----------------------------------------------------------------------------------------
*	Power Distribution Summary: 
*              Highest Average Power:  u_frontend/u_npc/g200414 (AND2_X4):         0.005168
*              Highest Leakage Power:            u_issue/g33248 (AND4_X4):        0.0001893
*                Total Cap:      2.19821e-10 F
*                Total instances in design: 28954
*                Total instances in design with no power:     0
*                Total instances in design with no activty:     0

*                Total Fillers and Decap:     0
-----------------------------------------------------------------------------------------
 
** INFO:  (VOLTUS_POWR-3465): There are 0 decaps and 0 fillers in the design

Ended Static Power Report Generation: (cpu=0:00:00, real=0:00:00,
mem(process/total/peak)=2800.05MB/8688.50MB/2800.05MB)

