env CDS_WORKAREA is set to /home/ykaraagac/cadence-bitirme/Flows/NanGate45/biriscv_mul_mule_power/scripts/cadence
             0V	    VSS
           1.1V	    VDD
Using Power View WC_VIEW
.
Load RC corner of view WC_VIEW

Begin Power Analysis

             0V	    VSS
           1.1V	    VDD

Begin Processing Timing Library for Power Calculation

Ended Processing Timing Library for Power Calculation: (cpu=0:00:00, real=0:00:00, mem(process/total/peak)=3725.54MB/11065.34MB/3725.54MB)



Begin Processing Power Net/Grid for Power Calculation

Ended Processing Power Net/Grid for Power Calculation: (cpu=0:00:00, real=0:00:00, mem(process/total/peak)=3725.54MB/11065.34MB/3725.54MB)

Begin Processing Timing Window Data for Power Calculation

clk(1499.25MHz) CK: assigning clock clk to net clk_i
Ended Processing Timing Window Data for Power Calculation: (cpu=0:00:00, real=0:00:00, mem(process/total/peak)=3725.54MB/11065.34MB/3725.54MB)

** WARN:  (VOLTUS_POWR-1784): The SDC clock frequency 1499.25MHz is being overwritten with the VCD clock frequency 100MHz for the clock 'clk' associated with the net
'clk_i' from the TCF file. If the SDC clock frequency is required for static power calculation, use the command
'set_switching_activity -clock <clock name> -scale_factor <num>' to scale frequency of this clock.

Begin Processing User Attributes

Ended Processing User Attributes: (cpu=0:00:00, real=0:00:00, mem(process/total/peak)=3725.54MB/11065.34MB/3725.54MB)

Begin Processing Signal Activity


Starting Activity Propagation
2026-May-29 10:22:31 (2026-May-29 10:22:31 GMT)
2026-May-29 10:22:31 (2026-May-29 10:22:31 GMT): 10%
2026-May-29 10:22:31 (2026-May-29 10:22:31 GMT): 20%

Finished Activity Propagation
2026-May-29 10:22:32 (2026-May-29 10:22:32 GMT)

Activity annotation summary:
        Primary Inputs : 180/180 = 100%
          Flop outputs : 1903/10414 = 18.2735%
  Memory/Macro outputs : 0/0 = 0%
      Tristate outputs : 0/0 = 0%
            Total Nets : 4081/61804 = 6.60313%

Ended Processing Signal Activity: (cpu=0:00:01, real=0:00:01, mem(process/total/peak)=3725.54MB/11065.34MB/3725.54MB)

Begin Power Computation

      ----------------------------------------------------------
      # of cell(s) missing both power/leakage table: 0
      # of cell(s) missing power table: 0
      # of cell(s) missing leakage table: 0
      ----------------------------------------------------------



Starting Calculating power
2026-May-29 10:22:32 (2026-May-29 10:22:32 GMT)
2026-May-29 10:22:33 (2026-May-29 10:22:33 GMT): 10%
2026-May-29 10:22:33 (2026-May-29 10:22:33 GMT): 20%
2026-May-29 10:22:33 (2026-May-29 10:22:33 GMT): 30%
2026-May-29 10:22:33 (2026-May-29 10:22:33 GMT): 40%
2026-May-29 10:22:33 (2026-May-29 10:22:33 GMT): 50%
2026-May-29 10:22:33 (2026-May-29 10:22:33 GMT): 60%
2026-May-29 10:22:33 (2026-May-29 10:22:33 GMT): 70%
2026-May-29 10:22:33 (2026-May-29 10:22:33 GMT): 80%
2026-May-29 10:22:33 (2026-May-29 10:22:33 GMT): 90%

Finished Calculating power
2026-May-29 10:22:33 (2026-May-29 10:22:33 GMT)
      # of MSMV cell(s) missing power_level: 0
Ended Power Computation: (cpu=0:00:02, real=0:00:00, mem(process/total/peak)=3726.54MB/11065.34MB/3726.54MB)

Begin Processing User Attributes

Begin Processing set_power
Ended Processing set_power: (cpu=0:00:00, real=0:00:00,
mem(process/total/peak)=3726.54MB/11065.34MB/3726.54MB)
Ended Processing User Attributes: (cpu=0:00:00, real=0:00:00, mem(process/total/peak)=3726.54MB/11065.34MB/3726.54MB)

Ended Power Analysis: (cpu=0:00:04, real=0:00:02, mem(process/total/peak)=3726.54MB/11065.34MB/3726.54MB)

Begin Boundary Leakage Calculation
Ended Boundary Leakage Calculation: (cpu=0:00:00, real=0:00:00,
mem(process/total/peak)=3726.54MB/11065.34MB/3726.54MB)
Begin Static Power Report Generation
*----------------------------------------------------------------------------------------
*	Innovus 25.12-s079_1 (64bit) 11/18/2025 12:56 (Linux 4.18.0-305.el8.x86_64)
*	
*
* 	Date & Time:	2026-May-29 10:22:33 (2026-May-29 10:22:33 GMT)
*
*----------------------------------------------------------------------------------------
*
*	Design: riscv_core
*
*	Liberty Libraries used:
*	        /home/ykaraagac/cadence-bitirme/Enablements/NanGate45/lib/NangateOpenCellLibrary_typical.lib
*
*	Parasitic Files used:
*
*       Dynamic View: WC_VIEW
*
*       Leakage View: WC_VIEW
*
*       User-Defined Activity : N.A.
*
*	Switching Activity File used:
*	        /home/ykaraagac/cadence-bitirme/Flows/NanGate45/biriscv_mul_mule_power/scripts/cadence/outputs/vcd/core_mul.vcd
*                  Vcd Window used(Start Time, Stop Time):  
*                Vcd Scale Factor: 1
*
*       Hierarchical Global Activity: N.A.
*
*       Global Activity: N.A.
*
*       Sequential Element Activity: 0.200000
*
*       Primary Input Activity: 0.200000
*
*       Default icg ratio: N.A.
*
*       Global Comb ClockGate Ratio: N.A.
*
*	Power Units = 1mW
*
*	Time Units = 1e-09 secs
*
*       report_power -instances {u_mul}
*
-----------------------------------------------------------------------------------------
*



Total Power
-----------------------------------------------------------------------------------------
Total Internal Power:        6.23236870 	   44.8215%
Total Switching Power:       5.12484485 	   36.8565%
Total Leakage Power:         2.54763751 	   18.3219%
Total Power:                13.90485107
-----------------------------------------------------------------------------------------


Group                           Internal   Switching     Leakage       Total  Percentage 
                                Power      Power         Power         Power  (%)        
-----------------------------------------------------------------------------------------
Sequential                         2.856      0.5174      0.4599       3.833       27.57
Macro                                  0           0           0           0           0
IO                                     0           0           0           0           0
Combinational                      2.826       3.592       2.071       8.489       61.05
Clock (Combinational)             0.5498       1.016     0.01695       1.583       11.38
Clock (Sequential)                     0           0           0           0           0
-----------------------------------------------------------------------------------------
Total                              6.232       5.125       2.548        13.9         100
-----------------------------------------------------------------------------------------


Clock                           Internal   Switching     Leakage       Total  Percentage 
                                Power      Power         Power         Power  (%)        
-----------------------------------------------------------------------------------------
clk                               0.5498       1.016     0.01695       1.583       11.38
-----------------------------------------------------------------------------------------
Total                             0.5498       1.016     0.01695       1.583       11.38
-----------------------------------------------------------------------------------------
Clock: clk
Clock Period: 0.010000 usec 
Clock Toggle Rate:   200.0000 Mhz 
Clock Static Probability:  0.5000
  


Rail                  Voltage   Internal   Switching     Leakage       Total  Percentage 
                                Power      Power         Power         Power  (%)        
-----------------------------------------------------------------------------------------
VDD                       1.1      6.232       5.125       2.548        13.9         100


Instance                      Max Toggles   Total Toggles   Internal   Switching     Leakage       Total  Percentage    Cell
                              Input Pins    Output Pins     Power      Power         Power         Power  (%)           Name
----------------------------------------------------------------------------------------------------------------------------
u_mul                                   0               0     0.9087      0.9987      0.3664       2.274       16.35    
----------------------------------------------------------------------------------------------------------------------------
Total                                                         0.9087      0.9987      0.3664       2.274       16.35    
 
 
-----------------------------------------------------------------------------------------
*	Power Distribution Summary: 
*              Highest Average Power: u_issue/FE_OCPC7792_n_36542 (BUF_X32):          0.01662
*              Highest Leakage Power:     u_issue/FE_RC_30826_0 (BUF_X32):         0.000757
*                Total Cap:      4.03046e-10 F
*                Total instances in design: 56303
*                Total instances in design with no power:     0
*                Total instances in design with no activty:     0

*                Total Fillers and Decap:     0
-----------------------------------------------------------------------------------------
 
** INFO:  (VOLTUS_POWR-3465): There are 0 decaps and 0 fillers in the design

Ended Static Power Report Generation: (cpu=0:00:00, real=0:00:00,
mem(process/total/peak)=3726.54MB/11065.34MB/3726.54MB)

