env CDS_WORKAREA is set to /home/ykaraagac/cadence-bitirme/Flows/NanGate45/biriscv_2mul_vs_hybrid/scripts/cadence
             0V	    VSS
           1.1V	    VDD
Using Power View WC_VIEW
.
Load RC corner of view WC_VIEW

Begin Power Analysis

             0V	    VSS
           1.1V	    VDD

Begin Processing Timing Library for Power Calculation

Ended Processing Timing Library for Power Calculation: (cpu=0:00:00, real=0:00:00, mem(process/total/peak)=2785.31MB/5985.66MB/2795.64MB)



Begin Processing Power Net/Grid for Power Calculation

Ended Processing Power Net/Grid for Power Calculation: (cpu=0:00:00, real=0:00:00, mem(process/total/peak)=2785.31MB/5985.66MB/2795.64MB)

Begin Processing Timing Window Data for Power Calculation

clk(100MHz) CK: assigning clock clk to net clk_i
Ended Processing Timing Window Data for Power Calculation: (cpu=0:00:00, real=0:00:00, mem(process/total/peak)=2785.31MB/5985.66MB/2795.64MB)

Begin Processing User Attributes

Ended Processing User Attributes: (cpu=0:00:00, real=0:00:00, mem(process/total/peak)=2785.31MB/5985.66MB/2795.64MB)

Begin Processing Signal Activity


Starting Activity Propagation
2026-Jun-08 22:02:57 (2026-Jun-08 22:02:57 GMT)
2026-Jun-08 22:02:57 (2026-Jun-08 22:02:57 GMT): 10%
2026-Jun-08 22:02:57 (2026-Jun-08 22:02:57 GMT): 20%

Finished Activity Propagation
2026-Jun-08 22:02:58 (2026-Jun-08 22:02:58 GMT)

Activity annotation summary:
        Primary Inputs : 180/180 = 100%
          Flop outputs : 1909/10414 = 18.3311%
  Memory/Macro outputs : 0/0 = 0%
      Tristate outputs : 0/0 = 0%
            Total Nets : 3867/35059 = 11.03%

Ended Processing Signal Activity: (cpu=0:00:00, real=0:00:00, mem(process/total/peak)=2785.31MB/5985.66MB/2795.64MB)

Begin Power Computation

      ----------------------------------------------------------
      # of cell(s) missing both power/leakage table: 0
      # of cell(s) missing power table: 0
      # of cell(s) missing leakage table: 0
      ----------------------------------------------------------



Starting Calculating power
2026-Jun-08 22:02:58 (2026-Jun-08 22:02:58 GMT)
 ... Calculating switching power
2026-Jun-08 22:02:58 (2026-Jun-08 22:02:58 GMT): 10%
2026-Jun-08 22:02:58 (2026-Jun-08 22:02:58 GMT): 20%
2026-Jun-08 22:02:58 (2026-Jun-08 22:02:58 GMT): 30%
2026-Jun-08 22:02:58 (2026-Jun-08 22:02:58 GMT): 40%
2026-Jun-08 22:02:58 (2026-Jun-08 22:02:58 GMT): 50%
 ... Calculating internal and leakage power
2026-Jun-08 22:02:58 (2026-Jun-08 22:02:58 GMT): 60%
2026-Jun-08 22:02:59 (2026-Jun-08 22:02:59 GMT): 70%
2026-Jun-08 22:03:00 (2026-Jun-08 22:03:00 GMT): 80%
2026-Jun-08 22:03:00 (2026-Jun-08 22:03:00 GMT): 90%

Finished Calculating power
2026-Jun-08 22:03:01 (2026-Jun-08 22:03:01 GMT)
      # of MSMV cell(s) missing power_level: 0
Ended Power Computation: (cpu=0:00:03, real=0:00:03, mem(process/total/peak)=2785.31MB/5985.66MB/2795.64MB)

Begin Processing User Attributes

Begin Processing set_power
Ended Processing set_power: (cpu=0:00:00, real=0:00:00,
mem(process/total/peak)=2785.31MB/5985.66MB/2795.64MB)
Ended Processing User Attributes: (cpu=0:00:00, real=0:00:00, mem(process/total/peak)=2785.31MB/5985.66MB/2795.64MB)

Ended Power Analysis: (cpu=0:00:04, real=0:00:04, mem(process/total/peak)=2785.31MB/5985.66MB/2795.64MB)

Begin Boundary Leakage Calculation
Ended Boundary Leakage Calculation: (cpu=0:00:00, real=0:00:00,
mem(process/total/peak)=2785.31MB/5985.66MB/2795.64MB)
Begin Static Power Report Generation
*----------------------------------------------------------------------------------------
*	Innovus 25.12-s079_1 (64bit) 11/18/2025 12:56 (Linux 4.18.0-305.el8.x86_64)
*	
*
* 	Date & Time:	2026-Jun-08 22:03:01 (2026-Jun-08 22:03:01 GMT)
*
*----------------------------------------------------------------------------------------
*
*	Design: riscv_core
*
*	Liberty Libraries used:
*	        /home/ykaraagac/cadence-bitirme/Enablements/NanGate45/lib/NangateOpenCellLibrary_typical.lib
*
*	Parasitic Files used:
*
*       Dynamic View: WC_VIEW
*
*       Leakage View: WC_VIEW
*
*       User-Defined Activity : N.A.
*
*	Switching Activity File used:
*	        /home/ykaraagac/cadence-bitirme/Flows/NanGate45/biriscv_2mul_vs_hybrid/scripts/cadence/outputs/job6_selective_runs/unrolled_dot32/vcd/core_hybrid.vcd
*                  Vcd Window used(Start Time, Stop Time):  
*                Vcd Scale Factor: 1
*
*       Hierarchical Global Activity: N.A.
*
*       Global Activity: N.A.
*
*       Sequential Element Activity: 0.200000
*
*       Primary Input Activity: 0.200000
*
*       Default icg ratio: N.A.
*
*       Global Comb ClockGate Ratio: N.A.
*
*	Power Units = 1mW
*
*	Time Units = 1e-09 secs
*
*       report_power -hierarchy all
*
-----------------------------------------------------------------------------------------
*



Total Power
-----------------------------------------------------------------------------------------
Total Internal Power:        4.43077969 	   53.2337%
Total Switching Power:       2.70884337 	   32.5454%
Total Leakage Power:         1.18364325 	   14.2209%
Total Power:                 8.32326632
-----------------------------------------------------------------------------------------


Group                           Internal   Switching     Leakage       Total  Percentage 
                                Power      Power         Power         Power  (%)        
-----------------------------------------------------------------------------------------
Sequential                         2.872       0.383      0.4991       3.754       45.11
Macro                                  0           0           0           0           0
IO                                     0           0           0           0           0
Combinational                      1.082       1.346      0.6705       3.098       37.22
Clock (Combinational)             0.4766      0.9803     0.01403       1.471       17.67
Clock (Sequential)                     0           0           0           0           0
-----------------------------------------------------------------------------------------
Total                              4.431       2.709       1.184       8.323         100
-----------------------------------------------------------------------------------------


Clock                           Internal   Switching     Leakage       Total  Percentage 
                                Power      Power         Power         Power  (%)        
-----------------------------------------------------------------------------------------
clk                               0.4766      0.9803     0.01403       1.471       17.67
-----------------------------------------------------------------------------------------
Total                             0.4766      0.9803     0.01403       1.471       17.67
-----------------------------------------------------------------------------------------
Clock: clk
Clock Period: 0.010000 usec 
Clock Toggle Rate:   200.0000 Mhz 
Clock Static Probability:  0.5000
  


Rail                  Voltage   Internal   Switching     Leakage       Total  Percentage 
                                Power      Power         Power         Power  (%)        
-----------------------------------------------------------------------------------------
VDD                       1.1      4.431       2.709       1.184       8.323         100


Hierarchy                       Internal   Switching     Leakage       Total  Percentage 
                                Power      Power         Power         Power  (%)        
-----------------------------------------------------------------------------------------
u_csr                             0.1941     0.02691     0.06063      0.2816       3.383 
u_div                             0.1401     0.03092      0.0457      0.2167       2.604 
u_exec0                           0.0848     0.06921     0.04234      0.1963       2.359 
u_exec1                          0.08965     0.07931     0.04132      0.2103       2.526 
u_frontend                         1.849      0.8169      0.4619       3.128       37.58 
u_issue                            1.257        0.88      0.3752       2.512       30.18 
u_lsu                             0.1004     0.04447     0.02782      0.1727       2.075 
u_mul                             0.4911      0.4337     0.08584       1.011       12.14 
u_mule                           0.06898    0.008983     0.03796      0.1159       1.393 
u_csr/u_csrfile                   0.1339      0.0109     0.04429      0.1891       2.272 
u_frontend/u_decode               0.1418     0.05103     0.03018       0.223        2.68 
u_frontend/u_fetch                0.1054     0.02334     0.02768      0.1564       1.879 
u_frontend/u_npc                   1.566      0.6734      0.4027       2.642       31.75 
u_issue/u_pipe0_ctrl              0.1751     0.03751      0.0422      0.2548       3.061 
u_issue/u_pipe1_ctrl              0.1049     0.02545     0.02772       0.158       1.899 
u_issue/u_regfile                 0.8461      0.5286      0.2375       1.612       19.37 
u_lsu/u_lsu_request              0.04033    0.006764    0.009389     0.05648      0.6786 
u_exec0/u_alu                    0.03079     0.04133     0.02056     0.09268       1.113 
u_exec1/u_alu                    0.03115      0.0444     0.02019     0.09574        1.15 
u_frontend/u_decode/genblk1.u_fifo
                                  0.1361     0.04551     0.02531      0.2069       2.486 
u_frontend/u_npc/BRANCH_PREDICTION.u_lru
                                 0.01104    0.001703    0.001927     0.01467      0.1763 
u_frontend/u_decode/genblk1.u_dec0
                                0.001631    0.001726    0.001652     0.00501     0.06019 
u_frontend/u_decode/genblk1.u_dec1
                                0.001596    0.002074    0.001656    0.005326     0.06399 
 
 
-----------------------------------------------------------------------------------------
*	Power Distribution Summary: 
*              Highest Average Power:            u_issue/g31226 (AND2_X2):         0.005815
*              Highest Leakage Power:            u_issue/g33248 (AND4_X4):        0.0001893
*                Total Cap:      2.19821e-10 F
*                Total instances in design: 28954
*                Total instances in design with no power:     0
*                Total instances in design with no activty:     0

*                Total Fillers and Decap:     0
-----------------------------------------------------------------------------------------
 
** INFO:  (VOLTUS_POWR-3465): There are 0 decaps and 0 fillers in the design

Ended Static Power Report Generation: (cpu=0:00:00, real=0:00:00,
mem(process/total/peak)=2785.31MB/5985.66MB/2795.64MB)

