============================================================
  Generated by:           Genus(TM) Synthesis Solution 23.13-s073_1
  Generated on:           Dec 08 2025  03:10:36 pm
  Module:                 riscv_core
  Technology libraries:   sram_asap7_64x256_1rw 1.0
                          asap7sc7p5t_OA_RVT_FF_nldm_201020 1.0
                          asap7sc7p5t_SEQ_RVT_FF_nldm_201020 1.0
                          sram_asap7_16x256_1rw 1.0
                          sram_asap7_64x64_1rw 1.0
                          asap7sc7p5t_AO_RVT_FF_nldm_201020 1.0
                          asap7sc7p5t_INVBUF_RVT_FF_nldm_201020 1.0
                          asap7sc7p5t_SIMPLE_RVT_FF_nldm_201020 1.0
                          sram_asap7_32x256_1rw 1.0
  Operating conditions:   tt_1.0_25.0 (balanced_tree)
  Wireload mode:          enclosed
  Area mode:              timing library
============================================================

                                                 Leakage  
           Gate            Instances    Area   Power (nW)                  Library                 
---------------------------------------------------------------------------------------------------
A2O1A1Ixp33_ASAP7_75t_R           81     7.086      4.507    asap7sc7p5t_AO_RVT_FF_nldm_201020     
A2O1A1O1Ixp25_ASAP7_75t_R          1     0.131      0.034    asap7sc7p5t_AO_RVT_FF_nldm_201020     
AND2x2_ASAP7_75t_R               359    31.405     72.590    asap7sc7p5t_SIMPLE_RVT_FF_nldm_201020 
AND3x1_ASAP7_75t_R                31     2.712      4.657    asap7sc7p5t_SIMPLE_RVT_FF_nldm_201020 
AND4x1_ASAP7_75t_R               313    31.945    108.241    asap7sc7p5t_SIMPLE_RVT_FF_nldm_201020 
AND5x1_ASAP7_75t_R               144    16.796     41.544    asap7sc7p5t_SIMPLE_RVT_FF_nldm_201020 
AO21x1_ASAP7_75t_R                77     6.736      6.999    asap7sc7p5t_AO_RVT_FF_nldm_201020     
AO221x1_ASAP7_75t_R               21     3.062      1.898    asap7sc7p5t_AO_RVT_FF_nldm_201020     
AO222x2_ASAP7_75t_R              207    36.217     30.391    asap7sc7p5t_AO_RVT_FF_nldm_201020     
AO22x1_ASAP7_75t_R              1048   137.519     73.599    asap7sc7p5t_AO_RVT_FF_nldm_201020     
AO32x1_ASAP7_75t_R                12     1.400      1.042    asap7sc7p5t_AO_RVT_FF_nldm_201020     
AO332x1_ASAP7_75t_R                1     0.160      0.124    asap7sc7p5t_AO_RVT_FF_nldm_201020     
AO33x2_ASAP7_75t_R                 1     0.146      0.122    asap7sc7p5t_AO_RVT_FF_nldm_201020     
AOI211xp5_ASAP7_75t_R            171    14.959      5.136    asap7sc7p5t_AO_RVT_FF_nldm_201020     
AOI21xp33_ASAP7_75t_R            266    19.391      8.613    asap7sc7p5t_AO_RVT_FF_nldm_201020     
AOI221xp5_ASAP7_75t_R            907    92.568     51.168    asap7sc7p5t_AO_RVT_FF_nldm_201020     
AOI222xp33_ASAP7_75t_R          1641   239.258    102.398    asap7sc7p5t_AO_RVT_FF_nldm_201020     
AOI22xp33_ASAP7_75t_R           7657   669.834    350.573    asap7sc7p5t_AO_RVT_FF_nldm_201020     
AOI22xp5_ASAP7_75t_R               9     0.787      0.578    asap7sc7p5t_AO_RVT_FF_nldm_201020     
AOI311xp33_ASAP7_75t_R             3     0.306      0.077    asap7sc7p5t_AO_RVT_FF_nldm_201020     
AOI31xp33_ASAP7_75t_R             14     1.225      0.618    asap7sc7p5t_AO_RVT_FF_nldm_201020     
AOI321xp33_ASAP7_75t_R             3     0.350      0.244    asap7sc7p5t_AO_RVT_FF_nldm_201020     
AOI322xp5_ASAP7_75t_R              3     0.394      0.235    asap7sc7p5t_AO_RVT_FF_nldm_201020     
AOI32xp33_ASAP7_75t_R            430    43.886     24.874    asap7sc7p5t_AO_RVT_FF_nldm_201020     
AOI33xp33_ASAP7_75t_R             17     1.983      1.127    asap7sc7p5t_AO_RVT_FF_nldm_201020     
ASYNC_DFFHx1_ASAP7_75t_R        4370  1656.580    878.370    asap7sc7p5t_SEQ_RVT_FF_nldm_201020    
BUFx2_ASAP7_75t_R                  3     0.219      0.209    asap7sc7p5t_INVBUF_RVT_FF_nldm_201020 
BUFx8_ASAP7_75t_R                  1     0.175      0.314    asap7sc7p5t_INVBUF_RVT_FF_nldm_201020 
DFFHQNx1_ASAP7_75t_R             992   289.267    149.362    asap7sc7p5t_SEQ_RVT_FF_nldm_201020    
FAx1_ASAP7_75t_R                 454    92.670    138.738    asap7sc7p5t_SIMPLE_RVT_FF_nldm_201020 
HAxp5_ASAP7_75t_R                  6     0.787      1.195    asap7sc7p5t_SIMPLE_RVT_FF_nldm_201020 
INVx1_ASAP7_75t_R               1716    75.058     60.526    asap7sc7p5t_INVBUF_RVT_FF_nldm_201020 
INVx2_ASAP7_75t_R                  7     0.408      0.497    asap7sc7p5t_INVBUF_RVT_FF_nldm_201020 
INVxp33_ASAP7_75t_R              194     8.486      1.937    asap7sc7p5t_INVBUF_RVT_FF_nldm_201020 
INVxp67_ASAP7_75t_R              679    29.699     14.911    asap7sc7p5t_INVBUF_RVT_FF_nldm_201020 
MAJIxp5_ASAP7_75t_R              622    63.481     83.310    asap7sc7p5t_SIMPLE_RVT_FF_nldm_201020 
MAJx2_ASAP7_75t_R                 92    12.072     25.622    asap7sc7p5t_SIMPLE_RVT_FF_nldm_201020 
NAND2x1_ASAP7_75t_R                2     0.175      0.212    asap7sc7p5t_SIMPLE_RVT_FF_nldm_201020 
NAND2xp33_ASAP7_75t_R           2205   128.596     80.064    asap7sc7p5t_SIMPLE_RVT_FF_nldm_201020 
NAND2xp5_ASAP7_75t_R              15     0.875      0.902    asap7sc7p5t_SIMPLE_RVT_FF_nldm_201020 
NAND3xp33_ASAP7_75t_R            112     8.165      9.315    asap7sc7p5t_SIMPLE_RVT_FF_nldm_201020 
NAND4xp25_ASAP7_75t_R            175    15.309     25.960    asap7sc7p5t_SIMPLE_RVT_FF_nldm_201020 
NAND5xp2_ASAP7_75t_R             437    44.600     81.701    asap7sc7p5t_SIMPLE_RVT_FF_nldm_201020 
NOR2x1_ASAP7_75t_R                48     4.199      5.988    asap7sc7p5t_SIMPLE_RVT_FF_nldm_201020 
NOR2xp33_ASAP7_75t_R            1683    98.153     48.057    asap7sc7p5t_SIMPLE_RVT_FF_nldm_201020 
NOR2xp67_ASAP7_75t_R              17     1.487      0.804    asap7sc7p5t_SIMPLE_RVT_FF_nldm_201020 
NOR3xp33_ASAP7_75t_R             130     9.477      8.561    asap7sc7p5t_SIMPLE_RVT_FF_nldm_201020 
NOR4xp25_ASAP7_75t_R              65     5.686      4.862    asap7sc7p5t_SIMPLE_RVT_FF_nldm_201020 
NOR5xp2_ASAP7_75t_R              136    13.880      9.638    asap7sc7p5t_SIMPLE_RVT_FF_nldm_201020 
O2A1O1Ixp33_ASAP7_75t_R           63     5.511      3.905    asap7sc7p5t_OA_RVT_FF_nldm_201020     
OA211x2_ASAP7_75t_R               10     1.166      1.105    asap7sc7p5t_OA_RVT_FF_nldm_201020     
OA21x2_ASAP7_75t_R                60     6.124      7.706    asap7sc7p5t_OA_RVT_FF_nldm_201020     
OA222x2_ASAP7_75t_R                2     0.350      0.282    asap7sc7p5t_OA_RVT_FF_nldm_201020     
OA22x2_ASAP7_75t_R                 2     0.292      0.217    asap7sc7p5t_OA_RVT_FF_nldm_201020     
OA33x2_ASAP7_75t_R                 3     0.437      0.362    asap7sc7p5t_OA_RVT_FF_nldm_201020     
OAI211xp5_ASAP7_75t_R            264    23.095     15.079    asap7sc7p5t_OA_RVT_FF_nldm_201020     
OAI21x1_ASAP7_75t_R                1     0.117      0.072    asap7sc7p5t_OA_RVT_FF_nldm_201020     
OAI21xp33_ASAP7_75t_R            338    24.640     10.938    asap7sc7p5t_OA_RVT_FF_nldm_201020     
OAI21xp5_ASAP7_75t_R               2     0.146      0.121    asap7sc7p5t_OA_RVT_FF_nldm_201020     
OAI221xp5_ASAP7_75t_R            878    89.609     42.332    asap7sc7p5t_OA_RVT_FF_nldm_201020     
OAI222xp33_ASAP7_75t_R            34     4.957      2.497    asap7sc7p5t_OA_RVT_FF_nldm_201020     
OAI22xp33_ASAP7_75t_R            567    49.601     16.608    asap7sc7p5t_OA_RVT_FF_nldm_201020     
OAI311xp33_ASAP7_75t_R             4     0.408      0.142    asap7sc7p5t_OA_RVT_FF_nldm_201020     
OAI31xp33_ASAP7_75t_R              7     0.612      0.240    asap7sc7p5t_OA_RVT_FF_nldm_201020     
OAI321xp33_ASAP7_75t_R             9     1.050      0.569    asap7sc7p5t_OA_RVT_FF_nldm_201020     
OAI322xp33_ASAP7_75t_R             2     0.262      0.056    asap7sc7p5t_OA_RVT_FF_nldm_201020     
OAI32xp33_ASAP7_75t_R             73     7.450      2.885    asap7sc7p5t_OA_RVT_FF_nldm_201020     
OAI331xp33_ASAP7_75t_R             2     0.262      0.129    asap7sc7p5t_OA_RVT_FF_nldm_201020     
OAI33xp33_ASAP7_75t_R             11     1.283      0.353    asap7sc7p5t_OA_RVT_FF_nldm_201020     
OR2x2_ASAP7_75t_R                 49     4.287     10.675    asap7sc7p5t_SIMPLE_RVT_FF_nldm_201020 
OR2x4_ASAP7_75t_R                  1     0.117      0.382    asap7sc7p5t_SIMPLE_RVT_FF_nldm_201020 
OR3x1_ASAP7_75t_R                 29     2.537      5.370    asap7sc7p5t_SIMPLE_RVT_FF_nldm_201020 
OR4x1_ASAP7_75t_R                 17     1.735      3.460    asap7sc7p5t_SIMPLE_RVT_FF_nldm_201020 
OR5x1_ASAP7_75t_R                 43     5.016      9.159    asap7sc7p5t_SIMPLE_RVT_FF_nldm_201020 
XNOR2xp5_ASAP7_75t_R            1050   137.781    208.705    asap7sc7p5t_SIMPLE_RVT_FF_nldm_201020 
XOR2xp5_ASAP7_75t_R              246    32.280     46.425    asap7sc7p5t_SIMPLE_RVT_FF_nldm_201020 
---------------------------------------------------------------------------------------------------
total                          31345  4320.885   2912.215                                          


                                                                       Leakage  Leakage 
               Library                Instances Instances %   Area   Power (nW) Power % 
----------------------------------------------------------------------------------------
asap7sc7p5t_AO_RVT_FF_nldm_201020         12570        40.1 1277.398    664.357    22.8 
asap7sc7p5t_INVBUF_RVT_FF_nldm_201020      2600         8.3  114.045     78.394     2.7 
asap7sc7p5t_OA_RVT_FF_nldm_201020          2332         7.4  217.373    105.596     3.6 
asap7sc7p5t_SEQ_RVT_FF_nldm_201020         5362        17.1 1945.847   1027.732    35.3 
asap7sc7p5t_SIMPLE_RVT_FF_nldm_201020      8481        27.1  766.223   1036.136    35.6 

                                           Leakage  Leakage 
     Type      Instances   Area   Area % Power (nW) Power % 
------------------------------------------------------------
sequential          5362 1945.847   45.0   1027.732    35.3 
inverter            2596  113.651    2.6     77.871     2.7 
buffer                 4    0.394    0.0      0.523     0.0 
logic              23383 2260.994   52.3   1806.089    62.0 
physical_cells         0    0.000    0.0      0.000     0.0 
------------------------------------------------------------
total              31345 4320.885  100.0   2912.215   100.0 

