

Working Directory = /home/ziyx/cadence-bitirme/Flows/ASAP7/biriscv_cbm/scripts/cadence
QoS Summary for riscv_core
================================================================================
Metric                          generic         map             final          
================================================================================
Slack (ps):                       inf             inf             inf
  R2R (ps):                  no_value        no_value        no_value
  I2R (ps):                  no_value        no_value        no_value
  R2O (ps):                  no_value        no_value        no_value
  I2O (ps):                  no_value        no_value        no_value
  CG  (ps):                  no_value        no_value        no_value
TNS (ps):                           0               0               0
  R2R (ps):                  no_value        no_value        no_value
  I2R (ps):                  no_value        no_value        no_value
  R2O (ps):                  no_value        no_value        no_value
  I2O (ps):                  no_value        no_value        no_value
  CG  (ps):                  no_value        no_value        no_value
Failing Paths:                      0               0               0
Cell Area:                      6,804           4,374           4,321
Total Cell Area:                6,804           4,374           4,321
Leaf Instances:                66,237          32,117          31,345
Total Instances:               66,237          32,117          31,345
Utilization (%):                 0.00            0.00            0.00
Tot. Net Length (um):        no_value        no_value        no_value
Avg. Net Length (um):        no_value        no_value        no_value
Route Overflow H (%):        no_value        no_value        no_value
Route Overflow V (%):        no_value        no_value        no_value
MBCI(%) (bits/gate) :            0.00            0.00            0.00
Norm Cong Hotspot Area:
  Max Cong:                  no_value        no_value        no_value
  Tot Cong:                  no_value        no_value        no_value
================================================================================
CPU  Runtime (h:m:s):        00:07:56        00:04:55        00:00:34
Real Runtime (h:m:s):        00:07:19        00:02:48        00:00:30
CPU  Elapsed (h:m:s):        00:08:00        00:12:55        00:13:27
Real Elapsed (h:m:s):        00:07:21        00:10:08        00:10:38
Memory (MB):                  2361.49         2350.18         2399.01
================================================================================
================================================================================
Flow Settings:
================================================================================
Total Runtime (h:m:s): 00:10:38
Total Memory (MB):     2399.01
Executable Version:    23.13-s073_1
================================================================================
Total Cell Area =  Cell Area + Physical Cell Area
Total Instances =  Leaf Instances + Physical Instances


