============================================================
  Generated by:           Genus(TM) Synthesis Solution 23.13-s073_1
  Generated on:           Dec 08 2025  03:10:06 pm
  Module:                 riscv_core
  Technology libraries:   sram_asap7_64x256_1rw 1.0
                          asap7sc7p5t_OA_RVT_FF_nldm_201020 1.0
                          asap7sc7p5t_SEQ_RVT_FF_nldm_201020 1.0
                          sram_asap7_16x256_1rw 1.0
                          sram_asap7_64x64_1rw 1.0
                          asap7sc7p5t_AO_RVT_FF_nldm_201020 1.0
                          asap7sc7p5t_INVBUF_RVT_FF_nldm_201020 1.0
                          asap7sc7p5t_SIMPLE_RVT_FF_nldm_201020 1.0
                          sram_asap7_32x256_1rw 1.0
  Operating conditions:   tt_1.0_25.0 (balanced_tree)
  Wireload mode:          enclosed
  Area mode:              timing library
============================================================

Timing
-------
  Cost    Critical         Violating 
 Group   Path Slack  TNS     Paths   
-------------------------------------
default    No paths   0.0            
-------------------------------------
Total                 0.0          0 

Instance Count
--------------
Leaf Instance Count             32117 
Physical Instance count             0 
Sequential Instance Count        5362 
Combinational Instance Count    26755 
Hierarchical Instance Count        24 

Area
----
Cell Area                          4374.000
Physical Cell Area                 0.000
Total Cell Area (Cell+Physical)    4374.000
Net Area                           0.000
Total Area (Cell+Physical+Net)     4374.000

Runtime                            99.20507699999999 seconds
Elapsed Runtime                    613 seconds
Genus peak memory usage            2350.18 
Innovus peak memory usage          no_value 
Hostname                           eda-bitirme
