env CDS_WORKAREA is set to /home/ykaraagac/cadence-bitirme/Flows/NanGate45/biriscv_2mul_vs_hybrid/scripts/cadence
             0V	    VSS
           1.1V	    VDD
Using Power View WC_VIEW
.
Load RC corner of view WC_VIEW

Begin Power Analysis

             0V	    VSS
           1.1V	    VDD

Begin Processing Timing Library for Power Calculation

Ended Processing Timing Library for Power Calculation: (cpu=0:00:00, real=0:00:00, mem(process/total/peak)=2791.42MB/8681.52MB/2791.42MB)



Begin Processing Power Net/Grid for Power Calculation

Ended Processing Power Net/Grid for Power Calculation: (cpu=0:00:00, real=0:00:00, mem(process/total/peak)=2791.42MB/8681.52MB/2791.42MB)

Begin Processing Timing Window Data for Power Calculation

clk(100MHz) CK: assigning clock clk to net clk_i
Ended Processing Timing Window Data for Power Calculation: (cpu=0:00:00, real=0:00:00, mem(process/total/peak)=2791.42MB/8681.52MB/2791.42MB)

Begin Processing User Attributes

Ended Processing User Attributes: (cpu=0:00:00, real=0:00:00, mem(process/total/peak)=2791.42MB/8681.52MB/2791.42MB)

Begin Processing Signal Activity


Starting Activity Propagation
2026-Jun-08 21:39:39 (2026-Jun-08 21:39:39 GMT)
2026-Jun-08 21:39:39 (2026-Jun-08 21:39:39 GMT): 10%
2026-Jun-08 21:39:39 (2026-Jun-08 21:39:39 GMT): 20%

Finished Activity Propagation
2026-Jun-08 21:39:40 (2026-Jun-08 21:39:40 GMT)

Activity annotation summary:
        Primary Inputs : 180/180 = 100%
          Flop outputs : 1909/10414 = 18.3311%
  Memory/Macro outputs : 0/0 = 0%
      Tristate outputs : 0/0 = 0%
            Total Nets : 3867/35059 = 11.03%

Ended Processing Signal Activity: (cpu=0:00:00, real=0:00:00, mem(process/total/peak)=2791.42MB/8681.52MB/2791.42MB)

Begin Power Computation

      ----------------------------------------------------------
      # of cell(s) missing both power/leakage table: 0
      # of cell(s) missing power table: 0
      # of cell(s) missing leakage table: 0
      ----------------------------------------------------------



Starting Calculating power
2026-Jun-08 21:39:40 (2026-Jun-08 21:39:40 GMT)
 ... Calculating switching power
2026-Jun-08 21:39:40 (2026-Jun-08 21:39:40 GMT): 10%
2026-Jun-08 21:39:40 (2026-Jun-08 21:39:40 GMT): 20%
2026-Jun-08 21:39:40 (2026-Jun-08 21:39:40 GMT): 30%
2026-Jun-08 21:39:40 (2026-Jun-08 21:39:40 GMT): 40%
2026-Jun-08 21:39:40 (2026-Jun-08 21:39:40 GMT): 50%
 ... Calculating internal and leakage power
2026-Jun-08 21:39:40 (2026-Jun-08 21:39:40 GMT): 60%
2026-Jun-08 21:39:41 (2026-Jun-08 21:39:41 GMT): 70%
2026-Jun-08 21:39:42 (2026-Jun-08 21:39:42 GMT): 80%
2026-Jun-08 21:39:42 (2026-Jun-08 21:39:42 GMT): 90%

Finished Calculating power
2026-Jun-08 21:39:43 (2026-Jun-08 21:39:43 GMT)
      # of MSMV cell(s) missing power_level: 0
Ended Power Computation: (cpu=0:00:03, real=0:00:03, mem(process/total/peak)=2791.42MB/8681.52MB/2791.42MB)

Begin Processing User Attributes

Begin Processing set_power
Ended Processing set_power: (cpu=0:00:00, real=0:00:00,
mem(process/total/peak)=2791.42MB/8681.52MB/2791.42MB)
Ended Processing User Attributes: (cpu=0:00:00, real=0:00:00, mem(process/total/peak)=2791.42MB/8681.52MB/2791.42MB)

Ended Power Analysis: (cpu=0:00:03, real=0:00:04, mem(process/total/peak)=2791.42MB/8681.52MB/2791.42MB)

Begin Boundary Leakage Calculation
Ended Boundary Leakage Calculation: (cpu=0:00:00, real=0:00:00,
mem(process/total/peak)=2791.42MB/8681.52MB/2791.42MB)
Begin Static Power Report Generation
*----------------------------------------------------------------------------------------
*	Innovus 25.12-s079_1 (64bit) 11/18/2025 12:56 (Linux 4.18.0-305.el8.x86_64)
*	
*
* 	Date & Time:	2026-Jun-08 21:39:43 (2026-Jun-08 21:39:43 GMT)
*
*----------------------------------------------------------------------------------------
*
*	Design: riscv_core
*
*	Liberty Libraries used:
*	        /home/ykaraagac/cadence-bitirme/Enablements/NanGate45/lib/NangateOpenCellLibrary_typical.lib
*
*	Parasitic Files used:
*
*       Dynamic View: WC_VIEW
*
*       Leakage View: WC_VIEW
*
*       User-Defined Activity : N.A.
*
*	Switching Activity File used:
*	        /home/ykaraagac/cadence-bitirme/Flows/NanGate45/biriscv_2mul_vs_hybrid/scripts/cadence/outputs/job6_selective_runs/fir_unrolled/vcd/core_hybrid.vcd
*                  Vcd Window used(Start Time, Stop Time):  
*                Vcd Scale Factor: 1
*
*       Hierarchical Global Activity: N.A.
*
*       Global Activity: N.A.
*
*       Sequential Element Activity: 0.200000
*
*       Primary Input Activity: 0.200000
*
*       Default icg ratio: N.A.
*
*       Global Comb ClockGate Ratio: N.A.
*
*	Power Units = 1mW
*
*	Time Units = 1e-09 secs
*
*       report_power -hierarchy all
*
-----------------------------------------------------------------------------------------
*



Total Power
-----------------------------------------------------------------------------------------
Total Internal Power:        4.34864781 	   53.7771%
Total Switching Power:       2.55146376 	   31.5524%
Total Leakage Power:         1.18631658 	   14.6705%
Total Power:                 8.08642815
-----------------------------------------------------------------------------------------


Group                           Internal   Switching     Leakage       Total  Percentage 
                                Power      Power         Power         Power  (%)        
-----------------------------------------------------------------------------------------
Sequential                         2.847      0.3759      0.4995       3.723       46.04
Macro                                  0           0           0           0           0
IO                                     0           0           0           0           0
Combinational                      1.025       1.195      0.6728       2.893       35.77
Clock (Combinational)             0.4766      0.9803     0.01403       1.471       18.19
Clock (Sequential)                     0           0           0           0           0
-----------------------------------------------------------------------------------------
Total                              4.349       2.551       1.186       8.086         100
-----------------------------------------------------------------------------------------


Clock                           Internal   Switching     Leakage       Total  Percentage 
                                Power      Power         Power         Power  (%)        
-----------------------------------------------------------------------------------------
clk                               0.4766      0.9803     0.01403       1.471       18.19
-----------------------------------------------------------------------------------------
Total                             0.4766      0.9803     0.01403       1.471       18.19
-----------------------------------------------------------------------------------------
Clock: clk
Clock Period: 0.010000 usec 
Clock Toggle Rate:   200.0000 Mhz 
Clock Static Probability:  0.5000
  


Rail                  Voltage   Internal   Switching     Leakage       Total  Percentage 
                                Power      Power         Power         Power  (%)        
-----------------------------------------------------------------------------------------
VDD                       1.1      4.349       2.551       1.186       8.086         100


Hierarchy                       Internal   Switching     Leakage       Total  Percentage 
                                Power      Power         Power         Power  (%)        
-----------------------------------------------------------------------------------------
u_csr                             0.1909     0.02302     0.06077      0.2746       3.396 
u_div                             0.1444     0.03512     0.04666      0.2262       2.797 
u_exec0                           0.0795     0.05993     0.04326      0.1827       2.259 
u_exec1                          0.07799     0.05987     0.04149      0.1793       2.218 
u_frontend                         1.831      0.8022      0.4619       3.095       38.27 
u_issue                            1.199       0.764      0.3753       2.338       28.91 
u_lsu                            0.09429      0.0348     0.02797      0.1571       1.942 
u_mul                             0.5069      0.4454     0.08602       1.038       12.84 
u_mule                           0.06898    0.008983     0.03798      0.1159       1.434 
u_csr/u_csrfile                   0.1332     0.01016     0.04433      0.1877       2.321 
u_frontend/u_decode               0.1318     0.03916     0.03026      0.2012       2.488 
u_frontend/u_fetch               0.09882     0.01455     0.02781      0.1412       1.746 
u_frontend/u_npc                   1.565      0.6791      0.4026       2.646       32.73 
u_issue/u_pipe0_ctrl              0.1687     0.03037     0.04256      0.2416       2.988 
u_issue/u_pipe1_ctrl             0.09721      0.0154     0.02758      0.1402       1.734 
u_issue/u_regfile                 0.8283       0.503      0.2371       1.568        19.4 
u_lsu/u_lsu_request              0.03745    0.003992    0.009407     0.05085      0.6288 
u_exec0/u_alu                    0.02911     0.03604     0.02102     0.08618       1.066 
u_exec1/u_alu                    0.01976      0.0268     0.02034      0.0669      0.8273 
u_frontend/u_decode/genblk1.u_fifo
                                  0.1274     0.03511     0.02533      0.1879       2.323 
u_frontend/u_npc/BRANCH_PREDICTION.u_lru
                                 0.01006    0.001409     0.00193      0.0134      0.1657 
u_frontend/u_decode/genblk1.u_dec0
                                0.001168    0.001217    0.001696    0.004081     0.05046 
u_frontend/u_decode/genblk1.u_dec1
                                0.001153    0.001414     0.00166    0.004226     0.05226 
 
 
-----------------------------------------------------------------------------------------
*	Power Distribution Summary: 
*              Highest Average Power: u_frontend/u_npc/FE_OFC1066_branch_info_source_w_2 (CLKBUF_X3):         0.004955
*              Highest Leakage Power:            u_issue/g33248 (AND4_X4):        0.0001893
*                Total Cap:      2.19821e-10 F
*                Total instances in design: 28954
*                Total instances in design with no power:     0
*                Total instances in design with no activty:     0

*                Total Fillers and Decap:     0
-----------------------------------------------------------------------------------------
 
** INFO:  (VOLTUS_POWR-3465): There are 0 decaps and 0 fillers in the design

Ended Static Power Report Generation: (cpu=0:00:00, real=0:00:00,
mem(process/total/peak)=2791.42MB/8681.52MB/2791.42MB)

