env CDS_WORKAREA is set to /home/ykaraagac/cadence-bitirme/Flows/NanGate45/biriscv_2mul_vs_hybrid/scripts/cadence
             0V	    VSS
           1.1V	    VDD
Using Power View WC_VIEW
.
Load RC corner of view WC_VIEW

Begin Power Analysis

             0V	    VSS
           1.1V	    VDD

Begin Processing Timing Library for Power Calculation

Ended Processing Timing Library for Power Calculation: (cpu=0:00:00, real=0:00:00, mem(process/total/peak)=3192.95MB/10956.92MB/7490.74MB)



Begin Processing Power Net/Grid for Power Calculation

Ended Processing Power Net/Grid for Power Calculation: (cpu=0:00:00, real=0:00:00, mem(process/total/peak)=3192.95MB/10956.92MB/7490.74MB)

Begin Processing Timing Window Data for Power Calculation

clk(100MHz) CK: assigning clock clk to net clk_i
Ended Processing Timing Window Data for Power Calculation: (cpu=0:00:00, real=0:00:00, mem(process/total/peak)=3192.95MB/10956.92MB/7490.74MB)

Begin Processing User Attributes

Ended Processing User Attributes: (cpu=0:00:00, real=0:00:00, mem(process/total/peak)=3192.95MB/10956.92MB/7490.74MB)

Begin Processing Signal Activity


Starting Activity Propagation
2026-Jun-29 12:06:05 (2026-Jun-29 12:06:05 GMT)
2026-Jun-29 12:06:05 (2026-Jun-29 12:06:05 GMT): 10%

Finished Activity Propagation
2026-Jun-29 12:06:07 (2026-Jun-29 12:06:07 GMT)

Activity annotation summary:
        Primary Inputs : 180/180 = 100%
          Flop outputs : 3874/14346 = 27.004%
  Memory/Macro outputs : 0/0 = 0%
      Tristate outputs : 0/0 = 0%
            Total Nets : 19975/72373 = 27.6001%

Ended Processing Signal Activity: (cpu=0:00:02, real=0:00:01, mem(process/total/peak)=3192.95MB/10956.92MB/7490.74MB)

Begin Power Computation

      ----------------------------------------------------------
      # of cell(s) missing both power/leakage table: 0
      # of cell(s) missing power table: 0
      # of cell(s) missing leakage table: 0
      ----------------------------------------------------------



Starting Calculating power
2026-Jun-29 12:06:07 (2026-Jun-29 12:06:07 GMT)
 ... Calculating switching power
2026-Jun-29 12:06:07 (2026-Jun-29 12:06:07 GMT): 10%
2026-Jun-29 12:06:07 (2026-Jun-29 12:06:07 GMT): 20%
2026-Jun-29 12:06:07 (2026-Jun-29 12:06:07 GMT): 30%
2026-Jun-29 12:06:07 (2026-Jun-29 12:06:07 GMT): 40%
2026-Jun-29 12:06:07 (2026-Jun-29 12:06:07 GMT): 50%
 ... Calculating internal and leakage power
2026-Jun-29 12:06:07 (2026-Jun-29 12:06:07 GMT): 60%
2026-Jun-29 12:06:09 (2026-Jun-29 12:06:09 GMT): 70%
2026-Jun-29 12:06:10 (2026-Jun-29 12:06:10 GMT): 80%
2026-Jun-29 12:06:11 (2026-Jun-29 12:06:11 GMT): 90%

Finished Calculating power
2026-Jun-29 12:06:12 (2026-Jun-29 12:06:12 GMT)
      # of MSMV cell(s) missing power_level: 0
Ended Power Computation: (cpu=0:00:04, real=0:00:05, mem(process/total/peak)=3192.95MB/10956.92MB/7490.74MB)

Begin Processing User Attributes

Begin Processing set_power
Ended Processing set_power: (cpu=0:00:00, real=0:00:00,
mem(process/total/peak)=3192.95MB/10956.92MB/7490.74MB)
Ended Processing User Attributes: (cpu=0:00:00, real=0:00:00, mem(process/total/peak)=3192.95MB/10956.92MB/7490.74MB)

Ended Power Analysis: (cpu=0:00:07, real=0:00:07, mem(process/total/peak)=3192.95MB/10956.92MB/7490.74MB)

Begin Boundary Leakage Calculation
Ended Boundary Leakage Calculation: (cpu=0:00:00, real=0:00:00,
mem(process/total/peak)=3192.95MB/10956.92MB/7490.74MB)
Begin Static Power Report Generation
*----------------------------------------------------------------------------------------
*	Innovus 25.12-s079_1 (64bit) 11/18/2025 12:56 (Linux 4.18.0-305.el8.x86_64)
*	
*
* 	Date & Time:	2026-Jun-29 12:06:12 (2026-Jun-29 12:06:12 GMT)
*
*----------------------------------------------------------------------------------------
*
*	Design: riscv_core
*
*	Liberty Libraries used:
*	        /home/ykaraagac/cadence-bitirme/Enablements/NanGate45/lib/NangateOpenCellLibrary_typical.lib
*
*	Parasitic Files used:
*
*       Dynamic View: WC_VIEW
*
*       Leakage View: WC_VIEW
*
*       User-Defined Activity : N.A.
*
*	Switching Activity File used:
*	        /home/ykaraagac/cadence-bitirme/Flows/NanGate45/biriscv_2mul_vs_hybrid/scripts/cadence/outputs/mul_update_full_hide_power_vcds_a04bb61/mule5n_th10/complex_bank_selective_latency_hidden_mule5n/vcd/core_hybrid.vcd
*                  Vcd Window used(Start Time, Stop Time):  
*                Vcd Scale Factor: 1
*
*       Hierarchical Global Activity: N.A.
*
*       Global Activity: N.A.
*
*       Sequential Element Activity: 0.200000
*
*       Primary Input Activity: 0.200000
*
*       Default icg ratio: N.A.
*
*       Global Comb ClockGate Ratio: N.A.
*
*	Power Units = 1mW
*
*	Time Units = 1e-09 secs
*
*       report_power -hierarchy all
*
-----------------------------------------------------------------------------------------
*



Total Power
-----------------------------------------------------------------------------------------
Total Internal Power:        5.94005757 	   50.0973%
Total Switching Power:       3.73537146 	   31.5034%
Total Leakage Power:         2.18161306 	   18.3993%
Total Power:                11.85704209
-----------------------------------------------------------------------------------------


Group                           Internal   Switching     Leakage       Total  Percentage 
                                Power      Power         Power         Power  (%)        
-----------------------------------------------------------------------------------------
Sequential                         3.748      0.4563      0.6647       4.869       41.06
Macro                                  0           0           0           0           0
IO                                     0           0           0           0           0
Combinational                      1.528       1.923       1.497       4.948       41.73
Clock (Combinational)             0.6642       1.356     0.01956        2.04        17.2
Clock (Sequential)                     0           0           0           0           0
-----------------------------------------------------------------------------------------
Total                               5.94       3.735       2.182       11.86         100
-----------------------------------------------------------------------------------------


Clock                           Internal   Switching     Leakage       Total  Percentage 
                                Power      Power         Power         Power  (%)        
-----------------------------------------------------------------------------------------
clk                               0.6642       1.356     0.01956        2.04        17.2
-----------------------------------------------------------------------------------------
Total                             0.6642       1.356     0.01956        2.04        17.2
-----------------------------------------------------------------------------------------
Clock: clk
Clock Period: 0.010000 usec 
Clock Toggle Rate:   200.0000 Mhz 
Clock Static Probability:  0.5000
  


Rail                  Voltage   Internal   Switching     Leakage       Total  Percentage 
                                Power      Power         Power         Power  (%)        
-----------------------------------------------------------------------------------------
VDD                       1.1       5.94       3.735       2.182       11.86         100


Hierarchy                       Internal   Switching     Leakage       Total  Percentage 
                                Power      Power         Power         Power  (%)        
-----------------------------------------------------------------------------------------
u_cbm                              0.129      0.0736     0.04128      0.2438       2.056 
u_csr                              0.196     0.03289     0.06165      0.2905        2.45 
u_div                             0.1429     0.03787     0.04967      0.2305       1.944 
u_exec0                          0.08014     0.05732     0.04255        0.18       1.518 
u_exec1                          0.08323     0.06252     0.04354      0.1893       1.596 
u_frontend                         1.831      0.7884      0.4566       3.076       25.94 
u_issue                            1.378       1.112        0.53        3.02       25.47 
u_lsu                             0.1058     0.05756     0.03196      0.1953       1.647 
u_mul                             0.5013       0.441     0.08656       1.029       8.678 
u_mul_array                       0.1868      0.1188      0.0458      0.3514       2.964 
u_mul_bw                         0.04026     0.01646     0.04096     0.09768      0.8238 
u_mul_wallace                    0.04156     0.01734     0.04408       0.103      0.8685 
u_mulc                           0.08452     0.01578     0.02586      0.1262       1.064 
u_mule                           0.06866      0.0115     0.03814      0.1183      0.9978 
u_mule2                          0.08726     0.02702      0.0742      0.1885        1.59 
u_mule2n                         0.08655      0.0264     0.07422      0.1872       1.579 
u_mule3                           0.0926     0.03465     0.07368      0.2009       1.695 
u_mule3n                         0.09753     0.04364     0.07412      0.2153       1.816 
u_mule5                           0.1165     0.04834     0.08114       0.246       2.075 
u_mule5n                          0.1157      0.0518     0.08089      0.2484       2.095 
u_mulen                          0.06852     0.01382      0.0382      0.1205       1.017 
u_mulp                           0.04006     0.01655     0.04096     0.09757      0.8229 
u_mulr                           0.08576     0.06249     0.09649      0.2447       2.064 
u_cbm/u_cbm_core                  0.1286     0.07342      0.0411      0.2432       2.051 
u_csr/u_csrfile                   0.1368     0.01682      0.0443      0.1979       1.669 
u_frontend/u_decode               0.1437     0.05025     0.03288      0.2268       1.913 
u_frontend/u_fetch                 0.105     0.02925     0.02806      0.1623       1.369 
u_frontend/u_npc                   1.564      0.6684      0.3949       2.628       22.16 
u_issue/u_pipe0_ctrl              0.1749     0.03678     0.05864      0.2703        2.28 
u_issue/u_pipe1_ctrl              0.1035     0.01568     0.03427      0.1535       1.294 
u_issue/u_regfile                  0.802      0.4749      0.2405       1.517        12.8 
u_lsu/u_lsu_request              0.04167    0.008129     0.00985     0.05965      0.5031 
u_exec0/u_alu                    0.01907     0.02734     0.02127     0.06768      0.5708 
u_exec1/u_alu                    0.02346     0.03426     0.02105     0.07876      0.6643 
u_mul_bw/g_array_reduce[1].u_csa
                               0.0007946   0.0003875    0.001439    0.002622     0.02211 
u_mul_bw/g_array_reduce[2].u_csa
                               0.0009759   0.0005702    0.001501    0.003048      0.0257 
u_mul_bw/g_array_reduce[3].u_csa
                                0.001207   0.0007438    0.001462    0.003413     0.02878 
u_mul_bw/g_array_reduce[4].u_csa
                                0.001357   0.0008351     0.00142    0.003613     0.03047 
u_mul_bw/g_array_reduce[5].u_csa
                                0.001332   0.0008186     0.00137    0.003521     0.02969 
u_mul_bw/g_array_reduce[6].u_csa
                                0.001315   0.0008341    0.001321    0.003471     0.02927 
u_mul_bw/g_array_reduce[7].u_csa
                                0.001279   0.0007995    0.001272    0.003351     0.02826 
u_mul_bw/g_array_reduce[8].u_csa
                                0.001248   0.0007727    0.001223    0.003244     0.02736 
u_mul_bw/g_array_reduce[9].u_csa
                                0.001177   0.0007546    0.001171    0.003103     0.02617 
u_mul_bw/g_array_reduce[10].u_csa
                                0.001125   0.0007268    0.001122    0.002974     0.02508 
u_mul_bw/g_array_reduce[11].u_csa
                                0.001095   0.0006949    0.001071    0.002861     0.02413 
u_mul_bw/g_array_reduce[12].u_csa
                                0.001037   0.0006985    0.001022    0.002758     0.02326 
u_mul_bw/g_array_reduce[13].u_csa
                               0.0009772   0.0006465   0.0009723    0.002596     0.02189 
u_mul_bw/g_array_reduce[14].u_csa
                               0.0007875   0.0005501   0.0009146    0.002252     0.01899 
u_mul_bw/g_array_reduce[15].u_csa
                               0.0006669   0.0004661   0.0008617    0.001995     0.01682 
u_mul_bw/g_array_reduce[16].u_csa
                               0.0005684   0.0003985   0.0008104    0.001777     0.01499 
u_mul_bw/g_array_reduce[17].u_csa
                               0.0004926   0.0003468   0.0007602      0.0016     0.01349 
u_mul_bw/g_array_reduce[18].u_csa
                                0.000421   0.0003141   0.0007102    0.001445     0.01219 
u_mul_bw/g_array_reduce[19].u_csa
                               0.0003749   0.0002555   0.0006597     0.00129     0.01088 
u_mul_bw/g_array_reduce[20].u_csa
                               0.0003134   0.0002289   0.0006114    0.001154     0.00973 
u_mul_bw/g_array_reduce[21].u_csa
                               0.0002663   0.0002001   0.0005622    0.001029    0.008675 
u_mul_bw/g_array_reduce[22].u_csa
                               0.0002203   0.0001521   0.0005131   0.0008855    0.007468 
u_mul_bw/g_array_reduce[23].u_csa
                               0.0001795   0.0001424    0.000464    0.000786    0.006629 
u_mul_bw/g_array_reduce[24].u_csa
                               0.0001416   0.0001029   0.0004151   0.0006595    0.005562 
u_mul_bw/g_array_reduce[25].u_csa
                               0.0001102   8.672e-05   0.0003662   0.0005631    0.004749 
u_mul_bw/g_array_reduce[26].u_csa
                               9.041e-05   6.981e-05   0.0003177   0.0004779    0.004031 
u_mul_bw/g_array_reduce[27].u_csa
                                6.22e-05   5.036e-05    0.000269   0.0003816    0.003218 
u_mul_bw/g_array_reduce[28].u_csa
                               5.548e-05   5.326e-05   0.0002207   0.0003295    0.002779 
u_mul_bw/g_array_reduce[29].u_csa
                               4.941e-05   4.762e-05   0.0001725   0.0002695    0.002273 
u_mul_bw/g_array_reduce[30].u_csa
                               4.301e-05   4.638e-05   0.0001242   0.0002136    0.001801 
u_mul_bw/g_array_reduce[31].u_csa
                               5.676e-05   3.073e-05   7.601e-05   0.0001635    0.001379 
u_mul_wallace/g_w1[0].u_csa
                                0.001058   0.0007857     0.00155    0.003394     0.02862 
u_mul_wallace/g_w1[1].u_csa
                                0.001154   0.0006886    0.001417     0.00326     0.02749 
u_mul_wallace/g_w1[2].u_csa
                               0.0008841   0.0006075    0.001261    0.002753     0.02322 
u_mul_wallace/g_w1[3].u_csa
                               0.0007077   0.0005353    0.001109    0.002352     0.01984 
u_mul_wallace/g_w1[4].u_csa
                               0.0004695   0.0002676   0.0009568    0.001694     0.01429 
u_mul_wallace/g_w1[5].u_csa
                               3.309e-05   1.994e-05   0.0007972   0.0008503    0.007171 
u_mul_wallace/g_w1[6].u_csa
                               2.421e-05   1.591e-05   0.0006527   0.0006928    0.005843 
u_mul_wallace/g_w1[7].u_csa
                               2.057e-05   1.382e-05   0.0005082   0.0005426    0.004576 
u_mul_wallace/g_w1[8].u_csa
                               1.437e-05   9.552e-06   0.0003636   0.0003875    0.003269 
u_mul_wallace/g_w1[9].u_csa
                               8.683e-06   5.908e-06   0.0002191   0.0002336    0.001971 
u_mul_wallace/g_w2[0].u_csa
                                0.001566    0.001152    0.001521    0.004238     0.03575 
u_mul_wallace/g_w2[1].u_csa
                               0.0009173   0.0005717    0.001305    0.002794     0.02356 
u_mul_wallace/g_w2[2].u_csa
                               0.0008692   0.0005581    0.001065    0.002493     0.02102 
u_mul_wallace/g_w2[3].u_csa
                               6.775e-05    4.49e-05   0.0008451   0.0009577    0.008077 
u_mul_wallace/g_w2[4].u_csa
                               2.583e-05   1.694e-05   0.0006045   0.0006473    0.005459 
u_mul_wallace/g_w2[5].u_csa
                               1.607e-05   1.113e-05   0.0004104   0.0004376    0.003691 
u_mul_wallace/g_w2[6].u_csa
                               6.149e-06   4.173e-06   0.0001708   0.0001812    0.001528 
u_mul_wallace/g_w3[0].u_csa
                                0.001798    0.001303    0.001479    0.004581     0.03864 
u_mul_wallace/g_w3[1].u_csa
                               0.0008931   0.0005305    0.001157    0.002581     0.02177 
u_mul_wallace/g_w3[2].u_csa
                               7.371e-05   4.198e-05   0.0007967   0.0009124    0.007695 
u_mul_wallace/g_w3[3].u_csa
                               1.747e-05   1.074e-05   0.0004585   0.0004867    0.004105 
u_mul_wallace/g_w3[4].u_csa
                               2.099e-05   1.839e-05   0.0001228   0.0001622    0.001368 
u_mul_wallace/g_w4[0].u_csa
                                0.001996    0.001428     0.00143    0.004855     0.04094 
u_mul_wallace/g_w4[1].u_csa
                               0.0002581   0.0001438   0.0008963    0.001298     0.01095 
u_mul_wallace/g_w4[2].u_csa
                               3.075e-05   2.411e-05   0.0004089   0.0004638    0.003911 
u_mul_wallace/g_w5[0].u_csa
                                0.001873    0.001235    0.001364    0.004472     0.03772 
u_mul_wallace/g_w5[1].u_csa
                               3.573e-05   2.581e-05   0.0005519   0.0006135    0.005174 
u_mul_wallace/u_w6_csa          0.001722    0.001093    0.001287    0.004102     0.03459 
u_mul_wallace/u_w7_csa          0.001644   0.0009867    0.001215    0.003845     0.03243 
u_mul_wallace/u_w8_csa          0.001595   0.0009513    0.001147    0.003692     0.03114 
u_mul_wallace/u_wallace_ks
                                0.001221   0.0006393    0.001175    0.003035      0.0256 
u_mule2/g_ppm_reduce[1].u_ppm_csa
                                       0           0    0.001428    0.001428     0.01204 
u_mule2/g_ppm_reduce[2].u_ppm_csa
                                       0           0    0.001471    0.001471     0.01241 
u_mule2/g_ppm_reduce[3].u_ppm_csa
                                       0           0    0.001423    0.001423       0.012 
u_mule2/g_ppm_reduce[4].u_ppm_csa
                                       0           0    0.001375    0.001375     0.01159 
u_mule2/g_ppm_reduce[5].u_ppm_csa
                                       0           0    0.001327    0.001327     0.01119 
u_mule2/g_ppm_reduce[6].u_ppm_csa
                                       0           0    0.001279    0.001279     0.01078 
u_mule2/g_ppm_reduce[7].u_ppm_csa
                                       0           0     0.00123     0.00123     0.01038 
u_mule2/g_ppm_reduce[8].u_ppm_csa
                                       0           0    0.001182    0.001182    0.009972 
u_mule2/g_ppm_reduce[9].u_ppm_csa
                                       0           0    0.001134    0.001134    0.009566 
u_mule2/g_ppm_reduce[10].u_ppm_csa
                                       0           0    0.001086    0.001086     0.00916 
u_mule2/g_ppm_reduce[11].u_ppm_csa
                                       0           0    0.001038    0.001038    0.008755 
u_mule2/g_ppm_reduce[12].u_ppm_csa
                                       0           0   0.0009899   0.0009899    0.008349 
u_mule2/g_ppm_reduce[13].u_ppm_csa
                                       0           0   0.0009418   0.0009418    0.007943 
u_mule2/g_ppm_reduce[14].u_ppm_csa
                                       0           0   0.0008937   0.0008937    0.007537 
u_mule2/g_ppm_reduce[15].u_ppm_csa
                                       0           0   0.0008456   0.0008456    0.007132 
u_mule2/u_feedback_csa0                0           0    0.001572    0.001572     0.01326 
u_mule2/u_feedback_csa1                0           0    0.001506    0.001506      0.0127 
u_mule2n/g_ppm_reduce[1].u_ppm_csa
                                       0           0    0.001428    0.001428     0.01204 
u_mule2n/g_ppm_reduce[2].u_ppm_csa
                                       0           0    0.001471    0.001471     0.01241 
u_mule2n/g_ppm_reduce[3].u_ppm_csa
                                       0           0    0.001423    0.001423       0.012 
u_mule2n/g_ppm_reduce[4].u_ppm_csa
                                       0           0    0.001375    0.001375     0.01159 
u_mule2n/g_ppm_reduce[5].u_ppm_csa
                                       0           0    0.001327    0.001327     0.01119 
u_mule2n/g_ppm_reduce[6].u_ppm_csa
                                       0           0    0.001279    0.001279     0.01078 
u_mule2n/g_ppm_reduce[7].u_ppm_csa
                                       0           0     0.00123     0.00123     0.01038 
u_mule2n/g_ppm_reduce[8].u_ppm_csa
                                       0           0    0.001182    0.001182    0.009972 
u_mule2n/g_ppm_reduce[9].u_ppm_csa
                                       0           0    0.001134    0.001134    0.009566 
u_mule2n/g_ppm_reduce[10].u_ppm_csa
                                       0           0    0.001086    0.001086     0.00916 
u_mule2n/g_ppm_reduce[11].u_ppm_csa
                                       0           0    0.001038    0.001038    0.008755 
u_mule2n/g_ppm_reduce[12].u_ppm_csa
                                       0           0   0.0009899   0.0009899    0.008349 
u_mule2n/g_ppm_reduce[13].u_ppm_csa
                                       0           0   0.0009418   0.0009418    0.007943 
u_mule2n/g_ppm_reduce[14].u_ppm_csa
                                       0           0   0.0008937   0.0008937    0.007537 
u_mule2n/g_ppm_reduce[15].u_ppm_csa
                                       0           0   0.0008456   0.0008456    0.007132 
u_mule2n/u_feedback_csa0               0           0    0.001572    0.001572     0.01326 
u_mule2n/u_feedback_csa1               0           0    0.001506    0.001506      0.0127 
u_mule3/g_ppm_reduce[1].u_ppm_csa
                                       0           0    0.001428    0.001428     0.01204 
u_mule3/g_ppm_reduce[2].u_ppm_csa
                                       0           0    0.001471    0.001471     0.01241 
u_mule3/g_ppm_reduce[3].u_ppm_csa
                                       0           0    0.001423    0.001423       0.012 
u_mule3/g_ppm_reduce[4].u_ppm_csa
                                       0           0    0.001375    0.001375     0.01159 
u_mule3/g_ppm_reduce[5].u_ppm_csa
                                       0           0    0.001327    0.001327     0.01119 
u_mule3/g_ppm_reduce[6].u_ppm_csa
                                       0           0    0.001279    0.001279     0.01078 
u_mule3/g_ppm_reduce[7].u_ppm_csa
                                       0           0     0.00123     0.00123     0.01038 
u_mule3/g_ppm_reduce[8].u_ppm_csa
                                       0           0    0.001182    0.001182    0.009972 
u_mule3/g_ppm_reduce[9].u_ppm_csa
                                       0           0    0.001134    0.001134    0.009566 
u_mule3/g_ppm_reduce[10].u_ppm_csa
                                       0           0    0.001086    0.001086     0.00916 
u_mule3/u_feedback_csa0                0           0    0.001572    0.001572     0.01326 
u_mule3/u_feedback_csa1                0           0    0.001505    0.001505     0.01269 
u_mule3n/g_ppm_reduce[1].u_ppm_csa
                                       0           0    0.001428    0.001428     0.01204 
u_mule3n/g_ppm_reduce[2].u_ppm_csa
                                       0           0    0.001471    0.001471     0.01241 
u_mule3n/g_ppm_reduce[3].u_ppm_csa
                                       0           0    0.001423    0.001423       0.012 
u_mule3n/g_ppm_reduce[4].u_ppm_csa
                                       0           0    0.001375    0.001375     0.01159 
u_mule3n/g_ppm_reduce[5].u_ppm_csa
                                       0           0    0.001327    0.001327     0.01119 
u_mule3n/g_ppm_reduce[6].u_ppm_csa
                                       0           0    0.001279    0.001279     0.01078 
u_mule3n/g_ppm_reduce[7].u_ppm_csa
                                       0           0     0.00123     0.00123     0.01038 
u_mule3n/g_ppm_reduce[8].u_ppm_csa
                                       0           0    0.001182    0.001182    0.009972 
u_mule3n/g_ppm_reduce[9].u_ppm_csa
                                       0           0    0.001134    0.001134    0.009566 
u_mule3n/g_ppm_reduce[10].u_ppm_csa
                                       0           0    0.001086    0.001086     0.00916 
u_mule3n/u_feedback_csa0               0           0    0.001572    0.001572     0.01326 
u_mule3n/u_feedback_csa1               0           0    0.001505    0.001505     0.01269 
u_mule5/g_ppm_reduce[1].u_ppm_csa
                                       0           0    0.001428    0.001428     0.01204 
u_mule5/g_ppm_reduce[2].u_ppm_csa
                                       0           0    0.001471    0.001471     0.01241 
u_mule5/g_ppm_reduce[3].u_ppm_csa
                                       0           0    0.001423    0.001423       0.012 
u_mule5/g_ppm_reduce[4].u_ppm_csa
                                       0           0    0.001375    0.001375     0.01159 
u_mule5/g_ppm_reduce[5].u_ppm_csa
                                       0           0    0.001327    0.001327     0.01119 
u_mule5/g_ppm_reduce[6].u_ppm_csa
                                       0           0    0.001279    0.001279     0.01078 
u_mule5/u_feedback_csa0                0           0    0.001572    0.001572     0.01326 
u_mule5/u_feedback_csa1                0           0    0.001511    0.001511     0.01274 
u_mule5n/g_ppm_reduce[1].u_ppm_csa
                               2.129e-05   1.214e-05    0.001428    0.001462     0.01233 
u_mule5n/g_ppm_reduce[2].u_ppm_csa
                               2.005e-05    1.35e-05    0.001472    0.001505     0.01269 
u_mule5n/g_ppm_reduce[3].u_ppm_csa
                               2.359e-05    1.56e-05    0.001424    0.001463     0.01234 
u_mule5n/g_ppm_reduce[4].u_ppm_csa
                               2.543e-05    1.73e-05    0.001376    0.001418     0.01196 
u_mule5n/g_ppm_reduce[5].u_ppm_csa
                               1.681e-05   1.432e-05    0.001327    0.001358     0.01146 
u_mule5n/g_ppm_reduce[6].u_ppm_csa
                               1.131e-05   1.016e-05    0.001279      0.0013     0.01097 
u_mule5n/u_feedback_csa0       3.341e-05   2.334e-05    0.001573     0.00163     0.01374 
u_mule5n/u_feedback_csa1       3.913e-05   3.566e-05    0.001511    0.001586     0.01337 
u_mulp/g_rows[1].u_csa         0.0007949      0.0004    0.001439    0.002634     0.02222 
u_mulp/g_rows[2].u_csa         0.0009764   0.0005888    0.001501    0.003067     0.02586 
u_mulp/g_rows[3].u_csa          0.001206   0.0007386    0.001462    0.003407     0.02874 
u_mulp/g_rows[4].u_csa          0.001357   0.0008413     0.00142    0.003619     0.03052 
u_mulp/g_rows[5].u_csa          0.001332    0.000818     0.00137     0.00352     0.02969 
u_mulp/g_rows[6].u_csa          0.001315   0.0008237    0.001321     0.00346     0.02918 
u_mulp/g_rows[7].u_csa          0.001279   0.0008104    0.001272    0.003362     0.02835 
u_mulp/g_rows[8].u_csa          0.001249   0.0007956    0.001223    0.003268     0.02756 
u_mulp/g_rows[9].u_csa          0.001177    0.000764    0.001171    0.003112     0.02625 
u_mulp/g_rows[10].u_csa         0.001125   0.0007301    0.001122    0.002977     0.02511 
u_mulp/g_rows[11].u_csa         0.001095   0.0007058    0.001071    0.002872     0.02422 
u_mulp/g_rows[12].u_csa         0.001038   0.0007102    0.001022     0.00277     0.02337 
u_mulp/g_rows[13].u_csa        0.0009773   0.0006516   0.0009723    0.002601     0.02194 
u_mulp/g_rows[14].u_csa         0.000787   0.0005366   0.0009146    0.002238     0.01888 
u_mulp/g_rows[15].u_csa        0.0006672   0.0004754   0.0008617    0.002004      0.0169 
u_mulp/g_rows[16].u_csa        0.0005687   0.0004094   0.0008104    0.001788     0.01508 
u_mulp/g_rows[17].u_csa        0.0004934   0.0003642   0.0007602    0.001618     0.01364 
u_mulp/g_rows[18].u_csa        0.0004206   0.0003051   0.0007102    0.001436     0.01211 
u_mulp/g_rows[19].u_csa        0.0003757   0.0002713   0.0006597    0.001307     0.01102 
u_mulp/g_rows[20].u_csa         0.000314   0.0002427   0.0006114    0.001168    0.009851 
u_mulp/g_rows[21].u_csa        0.0002665   0.0002011   0.0005622     0.00103    0.008685 
u_mulp/g_rows[22].u_csa        0.0002213   0.0001733   0.0005131   0.0009077    0.007656 
u_mulp/g_rows[23].u_csa        0.0001793   0.0001364    0.000464   0.0007797    0.006576 
u_mulp/g_rows[24].u_csa         0.000142   0.0001116   0.0004151   0.0006687    0.005639 
u_mulp/g_rows[25].u_csa        0.0001102   8.721e-05   0.0003662   0.0005636    0.004753 
u_mulp/g_rows[26].u_csa        9.044e-05   6.698e-05   0.0003177   0.0004751    0.004007 
u_mulp/g_rows[27].u_csa        6.233e-05    5.87e-05    0.000269     0.00039    0.003289 
u_mulp/g_rows[28].u_csa        5.552e-05   5.108e-05   0.0002207   0.0003273    0.002761 
u_mulp/g_rows[29].u_csa        4.938e-05   4.371e-05   0.0001725   0.0002655     0.00224 
u_mulp/g_rows[30].u_csa        4.312e-05   5.286e-05   0.0001242   0.0002202    0.001857 
u_mulp/g_rows[31].u_csa        5.671e-05   3.137e-05   7.601e-05   0.0001641    0.001384 
u_mulr/g_bw[1].u_csa           0.0007278   0.0003339    0.001251    0.002313      0.0195 
u_mulr/g_bw[2].u_csa            0.000939   0.0005424    0.001452    0.002933     0.02474 
u_mulr/g_bw[3].u_csa            0.001213   0.0007161    0.001462    0.003391      0.0286 
u_mulr/g_bw[4].u_csa            0.001364   0.0008542     0.00142    0.003639     0.03069 
u_mulr/g_bw[5].u_csa            0.001336   0.0008241     0.00137     0.00353     0.02977 
u_mulr/g_bw[6].u_csa            0.001319   0.0008048    0.001321    0.003445     0.02905 
u_mulr/g_bw[7].u_csa            0.001284   0.0008061    0.001272    0.003362     0.02836 
u_mulr/g_bw[8].u_csa            0.001252   0.0007741    0.001223    0.003249      0.0274 
u_mulr/g_bw[9].u_csa             0.00118   0.0007461    0.001171    0.003097     0.02612 
u_mulr/g_bw[10].u_csa           0.001128    0.000708    0.001122    0.002958     0.02495 
u_mulr/g_bw[11].u_csa           0.001086   0.0006875    0.001072    0.002846       0.024 
u_mulr/g_bw[12].u_csa           0.001039   0.0006484    0.001022     0.00271     0.02286 
u_mulr/g_bw[13].u_csa          0.0009793   0.0006198   0.0009723    0.002571     0.02169 
u_mulr/g_bw[14].u_csa          0.0007959   0.0004714   0.0009136    0.002181     0.01839 
u_mulr/g_bw[15].u_csa          0.0006751   0.0003752   0.0008607    0.001911     0.01612 
u_mulr/g_bw[16].u_csa          0.0005774   0.0003338   0.0008094    0.001721     0.01451 
u_mulr/g_bw[17].u_csa          0.0005014   0.0002787   0.0007592    0.001539     0.01298 
u_mulr/g_bw[18].u_csa          0.0004188   0.0002448   0.0007102    0.001374     0.01159 
u_mulr/g_bw[19].u_csa          0.0003629    0.000226   0.0006607     0.00125     0.01054 
u_mulr/g_bw[20].u_csa          0.0003232   0.0001771   0.0006104    0.001111    0.009368 
u_mulr/g_bw[21].u_csa          0.0002759   0.0001472   0.0005612   0.0009843    0.008302 
u_mulr/g_bw[22].u_csa          0.0002207   0.0001443   0.0005131   0.0008781    0.007406 
u_mulr/g_bw[23].u_csa          0.0001788   0.0001134    0.000464   0.0007562    0.006378 
u_mulr/g_bw[24].u_csa          0.0001415   9.133e-05   0.0004151   0.0006479    0.005464 
u_mulr/g_bw[25].u_csa          0.0001099   7.479e-05   0.0003662   0.0005509    0.004646 
u_mulr/g_bw[26].u_csa           9.04e-05   6.316e-05   0.0003177   0.0004713    0.003975 
u_mulr/g_bw[27].u_csa           6.21e-05   4.968e-05    0.000269   0.0003808    0.003211 
u_mulr/g_bw[28].u_csa          5.537e-05   4.538e-05   0.0002207   0.0003215    0.002711 
u_mulr/g_bw[29].u_csa          4.921e-05   4.199e-05   0.0001725   0.0002637    0.002224 
u_mulr/g_bw[30].u_csa            4.3e-05   4.384e-05   0.0001242   0.0002111     0.00178 
u_mulr/g_bw[31].u_csa          5.665e-05   4.006e-05   7.601e-05   0.0001727    0.001457 
u_mulr/g_wb1[0].u_csa           0.001035   0.0007279    0.001502    0.003265     0.02754 
u_mulr/g_wb1[1].u_csa            0.00117    0.000667    0.001417    0.003254     0.02745 
u_mulr/g_wb1[2].u_csa          0.0008955   0.0005456    0.001261    0.002702     0.02279 
u_mulr/g_wb1[3].u_csa          0.0007192   0.0005083    0.001108    0.002336      0.0197 
u_mulr/g_wb1[4].u_csa          0.0004805   0.0002772   0.0009569    0.001715     0.01446 
u_mulr/g_wb1[5].u_csa          3.368e-05   2.166e-05   0.0007972   0.0008526    0.007191 
u_mulr/g_wb1[6].u_csa          2.468e-05   1.745e-05   0.0006526   0.0006948     0.00586 
u_mulr/g_wb1[7].u_csa          2.093e-05   1.235e-05   0.0005081   0.0005414    0.004566 
u_mulr/g_wb1[8].u_csa          1.381e-05    8.21e-06    0.000327    0.000349    0.002943 
u_mulr/g_wb1[9].u_csa            8.7e-06   5.921e-06    0.000219   0.0002337    0.001971 
u_mulr/g_wb2[0].u_csa           0.001566    0.001152     0.00152    0.004238     0.03574 
u_mulr/g_wb2[1].u_csa          0.0009162   0.0005399    0.001305    0.002761     0.02329 
u_mulr/g_wb2[2].u_csa          0.0008699   0.0005661    0.001065    0.002501     0.02109 
u_mulr/g_wb2[3].u_csa          6.777e-05   4.566e-05   0.0008451   0.0009585    0.008084 
u_mulr/g_wb2[4].u_csa          2.576e-05   1.638e-05   0.0006046   0.0006467    0.005454 
u_mulr/g_wb2[5].u_csa          1.608e-05   1.018e-05   0.0004104   0.0004366    0.003683 
u_mulr/g_wb2[6].u_csa          6.151e-06   4.203e-06   0.0001708   0.0001812    0.001528 
u_mulr/g_wb3[0].u_csa           0.001795    0.001247     0.00148    0.004523     0.03815 
u_mulr/g_wb3[1].u_csa          0.0008924   0.0005255    0.001157    0.002575     0.02172 
u_mulr/g_wb3[2].u_csa          7.421e-05   5.103e-05   0.0007966   0.0009219    0.007775 
u_mulr/g_wb3[3].u_csa          1.751e-05   1.129e-05   0.0004585   0.0004873     0.00411 
u_mulr/g_wb3[4].u_csa          2.106e-05   1.662e-05   0.0001228   0.0001605    0.001354 
u_mulr/g_wb4[0].u_csa           0.001997    0.001354    0.001431    0.004782     0.04033 
u_mulr/g_wb4[1].u_csa          0.0002622    0.000142   0.0008957      0.0013     0.01096 
u_mulr/g_wb4[2].u_csa          3.081e-05   2.777e-05   0.0004089   0.0004675    0.003943 
u_mulr/g_wb5[0].u_csa           0.001866     0.00115    0.001365    0.004381     0.03695 
u_mulr/g_wb5[1].u_csa          3.579e-05   2.643e-05   0.0005519   0.0006141    0.005179 
u_mulr/u_w6_csa                 0.001723   0.0009709    0.001288    0.003982     0.03358 
u_mulr/u_w7_csa                  0.00165     0.00087    0.001222    0.003742     0.03156 
u_mulr/u_w8_csa                 0.001593   0.0008553    0.001147    0.003595     0.03032 
u_mulr/u_wallace_ks             0.001234   0.0005634    0.001176    0.002974     0.02508 
u_frontend/u_decode/genblk1.u_fifo
                                    0.14     0.04634     0.02661       0.213       1.796 
u_frontend/u_npc/BRANCH_PREDICTION.u_lru
                                 0.01023    0.001833    0.001867     0.01393      0.1175 
u_frontend/u_decode/genblk1.u_dec0
                                0.001017    0.001302    0.002354    0.004674     0.03942 
u_frontend/u_decode/genblk1.u_dec1
                                0.001019    0.001385    0.002373    0.004777     0.04029 
 
 
-----------------------------------------------------------------------------------------
*	Power Distribution Summary: 
*              Highest Average Power: u_cbm/u_cbm_core/FE_OFC3170_n_521 (CLKBUF_X1):         0.005004
*              Highest Leakage Power:           u_issue/g162069 (AND4_X4):        0.0001893
*                Total Cap:      4.36518e-10 F
*                Total instances in design: 58275
*                Total instances in design with no power:     0
*                Total instances in design with no activty:     0

*                Total Fillers and Decap:     0
-----------------------------------------------------------------------------------------
 
** INFO:  (VOLTUS_POWR-3465): There are 0 decaps and 0 fillers in the design

Ended Static Power Report Generation: (cpu=0:00:01, real=0:00:00,
mem(process/total/peak)=3192.95MB/10956.92MB/7490.74MB)

