env CDS_WORKAREA is set to /home/ykaraagac/cadence-bitirme/Flows/NanGate45/biriscv_2mul_vs_hybrid/scripts/cadence
             0V	    VSS
           1.1V	    VDD
Using Power View WC_VIEW
.
Load RC corner of view WC_VIEW

Begin Power Analysis

             0V	    VSS
           1.1V	    VDD

Begin Processing Timing Library for Power Calculation

Ended Processing Timing Library for Power Calculation: (cpu=0:00:00, real=0:00:00, mem(process/total/peak)=2808.59MB/8681.51MB/2808.59MB)



Begin Processing Power Net/Grid for Power Calculation

Ended Processing Power Net/Grid for Power Calculation: (cpu=0:00:00, real=0:00:00, mem(process/total/peak)=2808.59MB/8681.51MB/2808.59MB)

Begin Processing Timing Window Data for Power Calculation

clk(100MHz) CK: assigning clock clk to net clk_i
Ended Processing Timing Window Data for Power Calculation: (cpu=0:00:00, real=0:00:00, mem(process/total/peak)=2809.59MB/8681.51MB/2809.59MB)

Begin Processing User Attributes

Ended Processing User Attributes: (cpu=0:00:00, real=0:00:00, mem(process/total/peak)=2809.59MB/8681.51MB/2809.59MB)

Begin Processing Signal Activity


Starting Activity Propagation
2026-Jun-08 14:29:45 (2026-Jun-08 14:29:45 GMT)
2026-Jun-08 14:29:45 (2026-Jun-08 14:29:45 GMT): 10%
2026-Jun-08 14:29:45 (2026-Jun-08 14:29:45 GMT): 20%

Finished Activity Propagation
2026-Jun-08 14:29:46 (2026-Jun-08 14:29:46 GMT)

Activity annotation summary:
        Primary Inputs : 180/180 = 100%
          Flop outputs : 1909/10414 = 18.3311%
  Memory/Macro outputs : 0/0 = 0%
      Tristate outputs : 0/0 = 0%
            Total Nets : 3867/35059 = 11.03%

Ended Processing Signal Activity: (cpu=0:00:00, real=0:00:00, mem(process/total/peak)=2809.59MB/8681.51MB/2809.59MB)

Begin Power Computation

      ----------------------------------------------------------
      # of cell(s) missing both power/leakage table: 0
      # of cell(s) missing power table: 0
      # of cell(s) missing leakage table: 0
      ----------------------------------------------------------



Starting Calculating power
2026-Jun-08 14:29:46 (2026-Jun-08 14:29:46 GMT)
 ... Calculating switching power
2026-Jun-08 14:29:46 (2026-Jun-08 14:29:46 GMT): 10%
2026-Jun-08 14:29:46 (2026-Jun-08 14:29:46 GMT): 20%
2026-Jun-08 14:29:46 (2026-Jun-08 14:29:46 GMT): 30%
2026-Jun-08 14:29:46 (2026-Jun-08 14:29:46 GMT): 40%
2026-Jun-08 14:29:46 (2026-Jun-08 14:29:46 GMT): 50%
 ... Calculating internal and leakage power
2026-Jun-08 14:29:46 (2026-Jun-08 14:29:46 GMT): 60%
2026-Jun-08 14:29:47 (2026-Jun-08 14:29:47 GMT): 70%
2026-Jun-08 14:29:48 (2026-Jun-08 14:29:48 GMT): 80%
2026-Jun-08 14:29:48 (2026-Jun-08 14:29:48 GMT): 90%

Finished Calculating power
2026-Jun-08 14:29:49 (2026-Jun-08 14:29:49 GMT)
      # of MSMV cell(s) missing power_level: 0
Ended Power Computation: (cpu=0:00:02, real=0:00:03, mem(process/total/peak)=2809.59MB/8681.51MB/2809.59MB)

Begin Processing User Attributes

Begin Processing set_power
Ended Processing set_power: (cpu=0:00:00, real=0:00:00,
mem(process/total/peak)=2809.59MB/8681.51MB/2809.59MB)
Ended Processing User Attributes: (cpu=0:00:00, real=0:00:00, mem(process/total/peak)=2809.59MB/8681.51MB/2809.59MB)

Ended Power Analysis: (cpu=0:00:03, real=0:00:04, mem(process/total/peak)=2809.59MB/8681.51MB/2809.59MB)

Begin Boundary Leakage Calculation
Ended Boundary Leakage Calculation: (cpu=0:00:00, real=0:00:00,
mem(process/total/peak)=2809.59MB/8681.51MB/2809.59MB)
Begin Static Power Report Generation
*----------------------------------------------------------------------------------------
*	Innovus 25.12-s079_1 (64bit) 11/18/2025 12:56 (Linux 4.18.0-305.el8.x86_64)
*	
*
* 	Date & Time:	2026-Jun-08 14:29:49 (2026-Jun-08 14:29:49 GMT)
*
*----------------------------------------------------------------------------------------
*
*	Design: riscv_core
*
*	Liberty Libraries used:
*	        /home/ykaraagac/cadence-bitirme/Enablements/NanGate45/lib/NangateOpenCellLibrary_typical.lib
*
*	Parasitic Files used:
*
*       Dynamic View: WC_VIEW
*
*       Leakage View: WC_VIEW
*
*       User-Defined Activity : N.A.
*
*	Switching Activity File used:
*	        /home/ykaraagac/cadence-bitirme/Flows/NanGate45/biriscv_2mul_vs_hybrid/scripts/cadence/outputs/benchmark_runs/complex_mul_vec_latency_hidden_mule/vcd/core_hybrid.vcd
*                  Vcd Window used(Start Time, Stop Time):  
*                Vcd Scale Factor: 1
*
*       Hierarchical Global Activity: N.A.
*
*       Global Activity: N.A.
*
*       Sequential Element Activity: 0.200000
*
*       Primary Input Activity: 0.200000
*
*       Default icg ratio: N.A.
*
*       Global Comb ClockGate Ratio: N.A.
*
*	Power Units = 1mW
*
*	Time Units = 1e-09 secs
*
*       report_power -hierarchy all
*
-----------------------------------------------------------------------------------------
*



Total Power
-----------------------------------------------------------------------------------------
Total Internal Power:        4.11535762 	   55.2497%
Total Switching Power:       2.14756205 	   28.8315%
Total Leakage Power:         1.18573488 	   15.9188%
Total Power:                 7.44865455
-----------------------------------------------------------------------------------------


Group                           Internal   Switching     Leakage       Total  Percentage 
                                Power      Power         Power         Power  (%)        
-----------------------------------------------------------------------------------------
Sequential                         2.833      0.3583      0.4994       3.691       49.55
Macro                                  0           0           0           0           0
IO                                     0           0           0           0           0
Combinational                     0.8056      0.8089      0.6723       2.287        30.7
Clock (Combinational)             0.4766      0.9803     0.01403       1.471       19.75
Clock (Sequential)                     0           0           0           0           0
-----------------------------------------------------------------------------------------
Total                              4.115       2.148       1.186       7.449         100
-----------------------------------------------------------------------------------------


Clock                           Internal   Switching     Leakage       Total  Percentage 
                                Power      Power         Power         Power  (%)        
-----------------------------------------------------------------------------------------
clk                               0.4766      0.9803     0.01403       1.471       19.75
-----------------------------------------------------------------------------------------
Total                             0.4766      0.9803     0.01403       1.471       19.75
-----------------------------------------------------------------------------------------
Clock: clk
Clock Period: 0.010000 usec 
Clock Toggle Rate:   200.0000 Mhz 
Clock Static Probability:  0.5000
  


Rail                  Voltage   Internal   Switching     Leakage       Total  Percentage 
                                Power      Power         Power         Power  (%)        
-----------------------------------------------------------------------------------------
VDD                       1.1      4.115       2.148       1.186       7.449         100


Hierarchy                       Internal   Switching     Leakage       Total  Percentage 
                                Power      Power         Power         Power  (%)        
-----------------------------------------------------------------------------------------
u_csr                             0.1888     0.02262      0.0612      0.2727       3.661 
u_div                             0.1459     0.03804     0.04707       0.231       3.102 
u_exec0                           0.0509     0.02444     0.04276      0.1181       1.585 
u_exec1                          0.05059     0.02441     0.04149      0.1165       1.564 
u_frontend                         1.797      0.7238      0.4623       2.983       40.05 
u_issue                            1.073      0.5261      0.3738       1.972       26.48 
u_lsu                            0.08913     0.02836     0.02803      0.1455       1.954 
u_mul                             0.4934      0.4302     0.08595        1.01       13.55 
u_mule                           0.07068     0.01161     0.03815      0.1204       1.617 
u_csr/u_csrfile                   0.1331        0.01     0.04438      0.1875       2.517 
u_frontend/u_decode               0.1246     0.02754     0.03019      0.1823       2.448 
u_frontend/u_fetch               0.09878     0.01686     0.02792      0.1436       1.927 
u_frontend/u_npc                   1.538       0.611      0.4028       2.552       34.27 
u_issue/u_pipe0_ctrl              0.1529     0.01755     0.04208      0.2126       2.854 
u_issue/u_pipe1_ctrl             0.09432    0.008741     0.02749      0.1305       1.753 
u_issue/u_regfile                 0.7623      0.3868      0.2367       1.386        18.6 
u_lsu/u_lsu_request              0.03696    0.003345    0.009338     0.04965      0.6665 
u_exec0/u_alu                   0.009612     0.01279     0.02071     0.04311      0.5788 
u_exec1/u_alu                   0.007874     0.01053      0.0204      0.0388      0.5209 
u_frontend/u_decode/genblk1.u_fifo
                                  0.1228     0.02582     0.02529       0.174       2.335 
u_frontend/u_npc/BRANCH_PREDICTION.u_lru
                                 0.01014    0.001433     0.00193      0.0135      0.1813 
u_frontend/u_decode/genblk1.u_dec0
                                0.000485   0.0005075     0.00166    0.002652      0.0356 
u_frontend/u_decode/genblk1.u_dec1
                                0.000545   0.0007107    0.001666    0.002922     0.03922 
 
 
-----------------------------------------------------------------------------------------
*	Power Distribution Summary: 
*              Highest Average Power: u_frontend/u_npc/CTS_ccl_a_buf_00338 (CLKBUF_X3):         0.003758
*              Highest Leakage Power:            u_issue/g33248 (AND4_X4):        0.0001893
*                Total Cap:      2.19821e-10 F
*                Total instances in design: 28954
*                Total instances in design with no power:     0
*                Total instances in design with no activty:     0

*                Total Fillers and Decap:     0
-----------------------------------------------------------------------------------------
 
** INFO:  (VOLTUS_POWR-3465): There are 0 decaps and 0 fillers in the design

Ended Static Power Report Generation: (cpu=0:00:00, real=0:00:00,
mem(process/total/peak)=2809.59MB/8681.51MB/2809.59MB)

