============================================================
  Generated by:           Genus(TM) Synthesis Solution 25.12-s067_1
  Generated on:           Mar 31 2026  09:04:37 am
  Module:                 riscv_core
  Technology library:     NangateOpenCellLibrary revision 1.0
  Operating conditions:   typical (balanced_tree)
  Wireload mode:          enclosed
  Area mode:              timing library
============================================================

Timing
--------

Clock  Period 
--------------
clk   10000.0 


  Cost    Critical         Violating 
 Group   Path Slack  TNS     Paths   
-------------------------------------
clk          4244.7   0.0          0 
default    No paths   0.0            
-------------------------------------
Total                 0.0          0 

Instance Count
--------------
Leaf Instance Count             28302 
Physical Instance count             0 
Sequential Instance Count        5207 
Combinational Instance Count    23095 
Hierarchical Instance Count        23 

Area
----
Cell Area                          61009.494
Physical Cell Area                 0.000
Total Cell Area (Cell+Physical)    61009.494
Net Area                           0.000
Total Area (Cell+Physical+Net)     61009.494

Runtime                            1.0 seconds
Elapsed Runtime                    927 seconds
Genus peak memory usage            2491.01 
Innovus peak memory usage          no_value 
Hostname                           dockereda-rocky8
