env CDS_WORKAREA is set to /home/ykaraagac/cadence-bitirme/Flows/NanGate45/biriscv_2mul_vs_hybrid/scripts/cadence
             0V	    VSS
           1.1V	    VDD
Using Power View WC_VIEW
.
Load RC corner of view WC_VIEW

Begin Power Analysis

             0V	    VSS
           1.1V	    VDD

Begin Processing Timing Library for Power Calculation

Ended Processing Timing Library for Power Calculation: (cpu=0:00:00, real=0:00:00, mem(process/total/peak)=3252.50MB/13012.91MB/10438.30MB)



Begin Processing Power Net/Grid for Power Calculation

Ended Processing Power Net/Grid for Power Calculation: (cpu=0:00:00, real=0:00:00, mem(process/total/peak)=3252.50MB/13012.91MB/10438.30MB)

Begin Processing Timing Window Data for Power Calculation

clk(100MHz) CK: assigning clock clk to net clk_i
Ended Processing Timing Window Data for Power Calculation: (cpu=0:00:00, real=0:00:00, mem(process/total/peak)=3252.50MB/13012.91MB/10438.30MB)

Begin Processing User Attributes

Ended Processing User Attributes: (cpu=0:00:00, real=0:00:00, mem(process/total/peak)=3252.50MB/13012.91MB/10438.30MB)

Begin Processing Signal Activity


Starting Activity Propagation
2026-Jun-29 12:42:06 (2026-Jun-29 12:42:06 GMT)
2026-Jun-29 12:42:07 (2026-Jun-29 12:42:07 GMT): 10%

Finished Activity Propagation
2026-Jun-29 12:42:08 (2026-Jun-29 12:42:08 GMT)

Activity annotation summary:
        Primary Inputs : 180/180 = 100%
          Flop outputs : 3874/14346 = 27.004%
  Memory/Macro outputs : 0/0 = 0%
      Tristate outputs : 0/0 = 0%
            Total Nets : 19975/72373 = 27.6001%

Ended Processing Signal Activity: (cpu=0:00:02, real=0:00:01, mem(process/total/peak)=3252.50MB/13012.91MB/10438.30MB)

Begin Power Computation

      ----------------------------------------------------------
      # of cell(s) missing both power/leakage table: 0
      # of cell(s) missing power table: 0
      # of cell(s) missing leakage table: 0
      ----------------------------------------------------------



Starting Calculating power
2026-Jun-29 12:42:08 (2026-Jun-29 12:42:08 GMT)
 ... Calculating switching power
2026-Jun-29 12:42:08 (2026-Jun-29 12:42:08 GMT): 10%
2026-Jun-29 12:42:08 (2026-Jun-29 12:42:08 GMT): 20%
2026-Jun-29 12:42:08 (2026-Jun-29 12:42:08 GMT): 30%
2026-Jun-29 12:42:08 (2026-Jun-29 12:42:08 GMT): 40%
2026-Jun-29 12:42:08 (2026-Jun-29 12:42:08 GMT): 50%
 ... Calculating internal and leakage power
2026-Jun-29 12:42:09 (2026-Jun-29 12:42:09 GMT): 60%
2026-Jun-29 12:42:10 (2026-Jun-29 12:42:10 GMT): 70%
2026-Jun-29 12:42:11 (2026-Jun-29 12:42:11 GMT): 80%
2026-Jun-29 12:42:12 (2026-Jun-29 12:42:12 GMT): 90%

Finished Calculating power
2026-Jun-29 12:42:13 (2026-Jun-29 12:42:13 GMT)
      # of MSMV cell(s) missing power_level: 0
Ended Power Computation: (cpu=0:00:05, real=0:00:05, mem(process/total/peak)=3252.50MB/13012.91MB/10438.30MB)

Begin Processing User Attributes

Begin Processing set_power
Ended Processing set_power: (cpu=0:00:00, real=0:00:00,
mem(process/total/peak)=3252.50MB/13012.91MB/10438.30MB)
Ended Processing User Attributes: (cpu=0:00:00, real=0:00:00, mem(process/total/peak)=3252.50MB/13012.91MB/10438.30MB)

Ended Power Analysis: (cpu=0:00:07, real=0:00:07, mem(process/total/peak)=3252.50MB/13012.91MB/10438.30MB)

Begin Boundary Leakage Calculation
Ended Boundary Leakage Calculation: (cpu=0:00:00, real=0:00:00,
mem(process/total/peak)=3252.50MB/13012.91MB/10438.30MB)
Begin Static Power Report Generation
*----------------------------------------------------------------------------------------
*	Innovus 25.12-s079_1 (64bit) 11/18/2025 12:56 (Linux 4.18.0-305.el8.x86_64)
*	
*
* 	Date & Time:	2026-Jun-29 12:42:13 (2026-Jun-29 12:42:13 GMT)
*
*----------------------------------------------------------------------------------------
*
*	Design: riscv_core
*
*	Liberty Libraries used:
*	        /home/ykaraagac/cadence-bitirme/Enablements/NanGate45/lib/NangateOpenCellLibrary_typical.lib
*
*	Parasitic Files used:
*
*       Dynamic View: WC_VIEW
*
*       Leakage View: WC_VIEW
*
*       User-Defined Activity : N.A.
*
*	Switching Activity File used:
*	        /home/ykaraagac/cadence-bitirme/Flows/NanGate45/biriscv_2mul_vs_hybrid/scripts/cadence/outputs/mul_update_full_hide_power_vcds_a04bb61/mule3n_th4/extended_estrin_selective_latency_hidden_mule3n/vcd/core_hybrid.vcd
*                  Vcd Window used(Start Time, Stop Time):  
*                Vcd Scale Factor: 1
*
*       Hierarchical Global Activity: N.A.
*
*       Global Activity: N.A.
*
*       Sequential Element Activity: 0.200000
*
*       Primary Input Activity: 0.200000
*
*       Default icg ratio: N.A.
*
*       Global Comb ClockGate Ratio: N.A.
*
*	Power Units = 1mW
*
*	Time Units = 1e-09 secs
*
*       report_power -instances {u_mul}
*
-----------------------------------------------------------------------------------------
*



Total Power
-----------------------------------------------------------------------------------------
Total Internal Power:        6.26556349 	   49.5770%
Total Switching Power:       4.18001571 	   33.0748%
Total Leakage Power:         2.19247326 	   17.3482%
Total Power:                12.63805247
-----------------------------------------------------------------------------------------


Group                           Internal   Switching     Leakage       Total  Percentage 
                                Power      Power         Power         Power  (%)        
-----------------------------------------------------------------------------------------
Sequential                         3.751      0.4737      0.6649        4.89       38.69
Macro                                  0           0           0           0           0
IO                                     0           0           0           0           0
Combinational                       1.85        2.35       1.508       5.708       45.17
Clock (Combinational)             0.6642       1.356     0.01956        2.04       16.14
Clock (Sequential)                     0           0           0           0           0
-----------------------------------------------------------------------------------------
Total                              6.266        4.18       2.192       12.64         100
-----------------------------------------------------------------------------------------


Clock                           Internal   Switching     Leakage       Total  Percentage 
                                Power      Power         Power         Power  (%)        
-----------------------------------------------------------------------------------------
clk                               0.6642       1.356     0.01956        2.04       16.14
-----------------------------------------------------------------------------------------
Total                             0.6642       1.356     0.01956        2.04       16.14
-----------------------------------------------------------------------------------------
Clock: clk
Clock Period: 0.010000 usec 
Clock Toggle Rate:   200.0000 Mhz 
Clock Static Probability:  0.5000
  


Rail                  Voltage   Internal   Switching     Leakage       Total  Percentage 
                                Power      Power         Power         Power  (%)        
-----------------------------------------------------------------------------------------
VDD                       1.1      6.266        4.18       2.192       12.64         100


Instance                      Max Toggles   Total Toggles   Internal   Switching     Leakage       Total  Percentage    Cell
                              Input Pins    Output Pins     Power      Power         Power         Power  (%)           Name
----------------------------------------------------------------------------------------------------------------------------
u_mul                                   0               0      1.919       1.105      0.9221       3.946       31.22    
----------------------------------------------------------------------------------------------------------------------------
Total                                                          1.919       1.105      0.9221       3.946       31.22    
 
 
-----------------------------------------------------------------------------------------
*	Power Distribution Summary: 
*              Highest Average Power: u_issue/FE_OFC2820_opcode0_rb_operand_w_5 (INV_X4):         0.007118
*              Highest Leakage Power:           u_issue/g162069 (AND4_X4):        0.0001893
*                Total Cap:      4.36518e-10 F
*                Total instances in design: 58275
*                Total instances in design with no power:     0
*                Total instances in design with no activty:     0

*                Total Fillers and Decap:     0
-----------------------------------------------------------------------------------------
 
** INFO:  (VOLTUS_POWR-3465): There are 0 decaps and 0 fillers in the design

Ended Static Power Report Generation: (cpu=0:00:00, real=0:00:00,
mem(process/total/peak)=3252.50MB/13012.91MB/10438.30MB)

