env CDS_WORKAREA is set to /home/ykaraagac/cadence-bitirme/Flows/NanGate45/biriscv_2mul_vs_hybrid/scripts/cadence
             0V	    VSS
           1.1V	    VDD
Using Power View WC_VIEW
.
Load RC corner of view WC_VIEW

Begin Power Analysis

             0V	    VSS
           1.1V	    VDD

Begin Processing Timing Library for Power Calculation

Ended Processing Timing Library for Power Calculation: (cpu=0:00:00, real=0:00:00, mem(process/total/peak)=2810.12MB/8681.50MB/2810.12MB)



Begin Processing Power Net/Grid for Power Calculation

Ended Processing Power Net/Grid for Power Calculation: (cpu=0:00:00, real=0:00:00, mem(process/total/peak)=2810.12MB/8681.50MB/2810.12MB)

Begin Processing Timing Window Data for Power Calculation

clk(100MHz) CK: assigning clock clk to net clk_i
Ended Processing Timing Window Data for Power Calculation: (cpu=0:00:00, real=0:00:00, mem(process/total/peak)=2810.12MB/8681.50MB/2810.12MB)

Begin Processing User Attributes

Ended Processing User Attributes: (cpu=0:00:00, real=0:00:00, mem(process/total/peak)=2810.12MB/8681.50MB/2810.12MB)

Begin Processing Signal Activity


Starting Activity Propagation
2026-Jun-09 07:39:47 (2026-Jun-09 07:39:47 GMT)
2026-Jun-09 07:39:48 (2026-Jun-09 07:39:48 GMT): 10%
2026-Jun-09 07:39:48 (2026-Jun-09 07:39:48 GMT): 20%

Finished Activity Propagation
2026-Jun-09 07:39:48 (2026-Jun-09 07:39:48 GMT)

Activity annotation summary:
        Primary Inputs : 180/180 = 100%
          Flop outputs : 1909/10414 = 18.3311%
  Memory/Macro outputs : 0/0 = 0%
      Tristate outputs : 0/0 = 0%
            Total Nets : 3867/35059 = 11.03%

Ended Processing Signal Activity: (cpu=0:00:00, real=0:00:00, mem(process/total/peak)=2810.12MB/8681.50MB/2810.12MB)

Begin Power Computation

      ----------------------------------------------------------
      # of cell(s) missing both power/leakage table: 0
      # of cell(s) missing power table: 0
      # of cell(s) missing leakage table: 0
      ----------------------------------------------------------



Starting Calculating power
2026-Jun-09 07:39:48 (2026-Jun-09 07:39:48 GMT)
 ... Calculating switching power
2026-Jun-09 07:39:48 (2026-Jun-09 07:39:48 GMT): 10%
2026-Jun-09 07:39:48 (2026-Jun-09 07:39:48 GMT): 20%
2026-Jun-09 07:39:48 (2026-Jun-09 07:39:48 GMT): 30%
2026-Jun-09 07:39:48 (2026-Jun-09 07:39:48 GMT): 40%
2026-Jun-09 07:39:48 (2026-Jun-09 07:39:48 GMT): 50%
 ... Calculating internal and leakage power
2026-Jun-09 07:39:49 (2026-Jun-09 07:39:49 GMT): 60%
2026-Jun-09 07:39:49 (2026-Jun-09 07:39:49 GMT): 70%
2026-Jun-09 07:39:50 (2026-Jun-09 07:39:50 GMT): 80%
2026-Jun-09 07:39:51 (2026-Jun-09 07:39:51 GMT): 90%

Finished Calculating power
2026-Jun-09 07:39:51 (2026-Jun-09 07:39:51 GMT)
      # of MSMV cell(s) missing power_level: 0
Ended Power Computation: (cpu=0:00:02, real=0:00:03, mem(process/total/peak)=2810.12MB/8681.50MB/2810.12MB)

Begin Processing User Attributes

Begin Processing set_power
Ended Processing set_power: (cpu=0:00:00, real=0:00:00,
mem(process/total/peak)=2810.12MB/8681.50MB/2810.12MB)
Ended Processing User Attributes: (cpu=0:00:00, real=0:00:00, mem(process/total/peak)=2810.12MB/8681.50MB/2810.12MB)

Ended Power Analysis: (cpu=0:00:03, real=0:00:04, mem(process/total/peak)=2810.12MB/8681.50MB/2810.12MB)

Begin Boundary Leakage Calculation
Ended Boundary Leakage Calculation: (cpu=0:00:00, real=0:00:00,
mem(process/total/peak)=2810.12MB/8681.50MB/2810.12MB)
Begin Static Power Report Generation
*----------------------------------------------------------------------------------------
*	Innovus 25.12-s079_1 (64bit) 11/18/2025 12:56 (Linux 4.18.0-305.el8.x86_64)
*	
*
* 	Date & Time:	2026-Jun-09 07:39:51 (2026-Jun-09 07:39:51 GMT)
*
*----------------------------------------------------------------------------------------
*
*	Design: riscv_core
*
*	Liberty Libraries used:
*	        /home/ykaraagac/cadence-bitirme/Enablements/NanGate45/lib/NangateOpenCellLibrary_typical.lib
*
*	Parasitic Files used:
*
*       Dynamic View: WC_VIEW
*
*       Leakage View: WC_VIEW
*
*       User-Defined Activity : N.A.
*
*	Switching Activity File used:
*	        /home/ykaraagac/cadence-bitirme/Flows/NanGate45/biriscv_2mul_vs_hybrid/scripts/cadence/outputs/job7_near_free_runs/complex_bank_near_free_relaxed_mule/vcd/core_hybrid.vcd
*                  Vcd Window used(Start Time, Stop Time):  
*                Vcd Scale Factor: 1
*
*       Hierarchical Global Activity: N.A.
*
*       Global Activity: N.A.
*
*       Sequential Element Activity: 0.200000
*
*       Primary Input Activity: 0.200000
*
*       Default icg ratio: N.A.
*
*       Global Comb ClockGate Ratio: N.A.
*
*	Power Units = 1mW
*
*	Time Units = 1e-09 secs
*
*       report_power -hierarchy all
*
-----------------------------------------------------------------------------------------
*



Total Power
-----------------------------------------------------------------------------------------
Total Internal Power:        4.41827788 	   53.4427%
Total Switching Power:       2.66552840 	   32.2418%
Total Leakage Power:         1.18351004 	   14.3155%
Total Power:                 8.26731631
-----------------------------------------------------------------------------------------


Group                           Internal   Switching     Leakage       Total  Percentage 
                                Power      Power         Power         Power  (%)        
-----------------------------------------------------------------------------------------
Sequential                         2.877      0.3812      0.4993       3.757       45.45
Macro                                  0           0           0           0           0
IO                                     0           0           0           0           0
Combinational                      1.065       1.304      0.6702       3.039       36.76
Clock (Combinational)             0.4766      0.9803     0.01403       1.471       17.79
Clock (Sequential)                     0           0           0           0           0
-----------------------------------------------------------------------------------------
Total                              4.418       2.666       1.184       8.267         100
-----------------------------------------------------------------------------------------


Clock                           Internal   Switching     Leakage       Total  Percentage 
                                Power      Power         Power         Power  (%)        
-----------------------------------------------------------------------------------------
clk                               0.4766      0.9803     0.01403       1.471       17.79
-----------------------------------------------------------------------------------------
Total                             0.4766      0.9803     0.01403       1.471       17.79
-----------------------------------------------------------------------------------------
Clock: clk
Clock Period: 0.010000 usec 
Clock Toggle Rate:   200.0000 Mhz 
Clock Static Probability:  0.5000
  


Rail                  Voltage   Internal   Switching     Leakage       Total  Percentage 
                                Power      Power         Power         Power  (%)        
-----------------------------------------------------------------------------------------
VDD                       1.1      4.418       2.666       1.184       8.267         100


Hierarchy                       Internal   Switching     Leakage       Total  Percentage 
                                Power      Power         Power         Power  (%)        
-----------------------------------------------------------------------------------------
u_csr                             0.1943     0.02744     0.06067      0.2824       3.416 
u_div                             0.1401     0.03037     0.04563      0.2161       2.614 
u_exec0                          0.08183     0.06318     0.04229      0.1873       2.265 
u_exec1                          0.08844     0.07058     0.04124      0.2003       2.422 
u_frontend                         1.843      0.7962      0.4618       3.102       37.52 
u_issue                            1.246       0.861      0.3749       2.482       30.02 
u_lsu                             0.1032     0.05002     0.02784      0.1811        2.19 
u_mul                             0.4926      0.4349     0.08587       1.013       12.26 
u_mule                           0.07204     0.01333     0.03825      0.1236       1.495 
u_csr/u_csrfile                    0.134      0.0109     0.04434      0.1893       2.289 
u_frontend/u_decode               0.1399     0.04753     0.03022      0.2176       2.632 
u_frontend/u_fetch                0.1069     0.02681     0.02775      0.1614       1.953 
u_frontend/u_npc                   1.561      0.6531      0.4025       2.617       31.66 
u_issue/u_pipe0_ctrl              0.1764      0.0413     0.04204      0.2597       3.142 
u_issue/u_pipe1_ctrl              0.1053     0.02425     0.02775      0.1573       1.903 
u_issue/u_regfile                 0.8404      0.5181      0.2375       1.596       19.31 
u_lsu/u_lsu_request              0.04191    0.008371    0.009391     0.05967      0.7218 
u_exec0/u_alu                    0.02649      0.0355     0.02059     0.08258      0.9989 
u_exec1/u_alu                    0.02434     0.03481     0.02013     0.07927      0.9589 
u_frontend/u_decode/genblk1.u_fifo
                                  0.1363     0.04409      0.0253      0.2057       2.489 
u_frontend/u_npc/BRANCH_PREDICTION.u_lru
                                 0.01125    0.001764    0.001927     0.01494      0.1807 
u_frontend/u_decode/genblk1.u_dec0
                               0.0008764   0.0009115     0.00167    0.003457     0.04182 
u_frontend/u_decode/genblk1.u_dec1
                                0.001065    0.001425    0.001697    0.004187     0.05065 
 
 
-----------------------------------------------------------------------------------------
*	Power Distribution Summary: 
*              Highest Average Power:            u_issue/g33021 (AND3_X2):         0.004557
*              Highest Leakage Power:            u_issue/g33248 (AND4_X4):        0.0001893
*                Total Cap:      2.19821e-10 F
*                Total instances in design: 28954
*                Total instances in design with no power:     0
*                Total instances in design with no activty:     0

*                Total Fillers and Decap:     0
-----------------------------------------------------------------------------------------
 
** INFO:  (VOLTUS_POWR-3465): There are 0 decaps and 0 fillers in the design

Ended Static Power Report Generation: (cpu=0:00:00, real=0:00:00,
mem(process/total/peak)=2810.12MB/8681.50MB/2810.12MB)

