============================================================
  Generated by:           Genus(TM) Synthesis Solution 23.13-s073_1
  Generated on:           Dec 10 2025  09:33:48 am
  Module:                 riscv_core
  Technology libraries:   sram_asap7_64x256_1rw 1.0
                          asap7sc7p5t_OA_RVT_FF_nldm_201020 1.0
                          asap7sc7p5t_SEQ_RVT_FF_nldm_201020 1.0
                          sram_asap7_16x256_1rw 1.0
                          sram_asap7_64x64_1rw 1.0
                          asap7sc7p5t_AO_RVT_FF_nldm_201020 1.0
                          asap7sc7p5t_INVBUF_RVT_FF_nldm_201020 1.0
                          asap7sc7p5t_SIMPLE_RVT_FF_nldm_201020 1.0
                          sram_asap7_32x256_1rw 1.0
  Operating conditions:   tt_1.0_25.0 (balanced_tree)
  Wireload mode:          enclosed
  Area mode:              timing library
============================================================

           Instance                                                                                                                                 Module                                                                                                                        Cell-Count  Cell-Area  Net-Area   Total-Area   Wireload  
-------------------------------------------------------------------------------------------------------------------------------------------------------------------------------------------------------------------------------------------------------------------------------------------------------------------------------------------
riscv_core                    NA                                                                                                                                                                                                                                                       44052   5069.495     0.000     5069.495 <none> (D)  
  u_cbm                       column_bypass_multiplier                                                                                                                                                                                                                                   880    109.554     0.000      109.554 <none> (D)  
  u_csr                       biriscv_csr_SUPPORT_MULDIV1_SUPPORT_SUPER0                                                                                                                                                                                                                1782    264.481     0.000      264.481 <none> (D)  
    u_csrfile                 biriscv_csr_regfile_SUPPORT_MTIMECMP1_SUPPORT_SUPER0                                                                                                                                                                                                      1350    200.781     0.000      200.781 <none> (D)  
  u_div                       biriscv_divider                                                                                                                                                                                                                                           1709    214.807     0.000      214.807 <none> (D)  
  u_exec0                     biriscv_exec                                                                                                                                                                                                                                              2834    232.289     0.000      232.289 <none> (D)  
    u_alu                     biriscv_alu                                                                                                                                                                                                                                               1472    105.822     0.000      105.822 <none> (D)  
  u_exec1                     biriscv_exec_2877                                                                                                                                                                                                                                         2777    228.046     0.000      228.046 <none> (D)  
    u_alu                     biriscv_alu_2875                                                                                                                                                                                                                                          1434    104.101     0.000      104.101 <none> (D)  
  u_frontend                  biriscv_frontend_SUPPORT_BRANCH_PREDICTION1_SUPPORT_MULDIV1_SUPPORT_MMU0_EXTRA_DECODE_STAGE0_NUM_BTB_ENTRIES32_NUM_BTB_ENTRIES_W5_NUM_BHT_ENTRIES512_NUM_BHT_ENTRIES_W9_RAS_ENABLE1_GSHARE_ENABLE0_BHT_ENABLE1_NUM_RAS_ENTRIES8_NUM_RAS_ENTRIES_W3       15090   1882.599     0.000     1882.599 <none> (D)  
    u_decode                  biriscv_decode_SUPPORT_MULDIV1_EXTRA_DECODE_STAGE0                                                                                                                                                                                                        1238    149.532     0.000      149.532 <none> (D)  
      genblk1.u_dec0          biriscv_decoder                                                                                                                                                                                                                                            184     12.583     0.000       12.583 <none> (D)  
      genblk1.u_dec1          biriscv_decoder_5850                                                                                                                                                                                                                                       200     13.297     0.000       13.297 <none> (D)  
      genblk1.u_fifo          fetch_fifo_OPC_INFO_W2                                                                                                                                                                                                                                     764    116.538     0.000      116.538 <none> (D)  
    u_fetch                   biriscv_fetch_SUPPORT_MMU0                                                                                                                                                                                                                                 722    120.460     0.000      120.460 <none> (D)  
    u_npc                     biriscv_npc_SUPPORT_BRANCH_PREDICTION1_NUM_BTB_ENTRIES32_NUM_BTB_ENTRIES_W5_NUM_BHT_ENTRIES512_NUM_BHT_ENTRIES_W9_RAS_ENABLE1_GSHARE_ENABLE0_BHT_ENABLE1_NUM_RAS_ENTRIES8_NUM_RAS_ENTRIES_W3                                                             13129   1612.548     0.000     1612.548 <none> (D)  
      BRANCH_PREDICTION.u_lru biriscv_npc_lfsr_DEPTH32_ADDR_W5                                                                                                                                                                                                                            36      7.917     0.000        7.917 <none> (D)  
  u_issue                     biriscv_issue_SUPPORT_MULDIV1_SUPPORT_DUAL_ISSUE1_SUPPORT_LOAD_BYPASS1_SUPPORT_MUL_BYPASS1_SUPPORT_REGFILE_XILINX0                                                                                                                                       10941   1357.558     0.000     1357.558 <none> (D)  
    u_pipe0_ctrl              biriscv_pipe_ctrl_SUPPORT_LOAD_BYPASS1_SUPPORT_MUL_BYPASS1                                                                                                                                                                                                 970    179.451     0.000      179.451 <none> (D)  
    u_pipe1_ctrl              biriscv_pipe_ctrl_SUPPORT_LOAD_BYPASS1_SUPPORT_MUL_BYPASS1_1                                                                                                                                                                                               551    109.000     0.000      109.000 <none> (D)  
    u_regfile                 biriscv_regfile_SUPPORT_REGFILE_XILINX0_SUPPORT_DUAL_ISSUE1                                                                                                                                                                                               5237    724.539     0.000      724.539 <none> (D)  
  u_lsu                       biriscv_lsu_MEM_CACHE_ADDR_MIN32h80000000_MEM_CACHE_ADDR_MAX32h8fffffff                                                                                                                                                                                   1350    149.430     0.000      149.430 <none> (D)  
    u_lsu_request             biriscv_lsu_fifo_WIDTH36_DEPTH2_ADDR_W1                                                                                                                                                                                                                    219     42.778     0.000       42.778 <none> (D)  
  u_mul                       biriscv_multiplier                                                                                                                                                                                                                                        4814    438.829     0.000      438.829 <none> (D)  
  u_mule                      biriscv_multiplier_efficient                                                                                                                                                                                                                              1820    189.073     0.000      189.073 <none> (D)  
  (D) = wireload is default in technology library
