

Working Directory = /home/ziyx/cadence-bitirme/Flows/ASAP7/biriscv/scripts/cadence
QoS Summary for riscv_core
================================================================================
Metric                          generic         map             final          
================================================================================
Slack (ps):                      -607            -450            -442
  R2R (ps):                      -607            -450            -442
  I2R (ps):                      -552            -427            -423
  R2O (ps):                      -210            -123            -115
  I2O (ps):                      -156             -96             -92
  CG  (ps):                  no_value        no_value        no_value
TNS (ps):                  -1,317,107      -1,238,619      -1,201,047
  R2R (ps):                -1,311,035      -1,235,459      -1,198,054
  I2R (ps):                  -618,231        -691,853        -654,354
  R2O (ps):                    -6,072          -3,160          -2,991
  I2O (ps):                    -4,491          -2,389          -2,363
  CG  (ps):                  no_value        no_value        no_value
Failing Paths:                  5,050           5,149           5,003
Cell Area:                      7,637           5,274           5,070
Total Cell Area:                7,637           5,274           5,070
Leaf Instances:                76,179          48,221          44,052
Total Instances:               76,179          48,221          44,052
Utilization (%):                 0.00            0.00            0.00
Tot. Net Length (um):        no_value        no_value        no_value
Avg. Net Length (um):        no_value        no_value        no_value
Route Overflow H (%):        no_value        no_value        no_value
Route Overflow V (%):        no_value        no_value        no_value
MBCI(%) (bits/gate) :            0.00            0.00            0.00
Norm Cong Hotspot Area:
  Max Cong:                  no_value        no_value        no_value
  Tot Cong:                  no_value        no_value        no_value
================================================================================
CPU  Runtime (h:m:s):        00:13:24        00:10:40        00:05:28
Real Runtime (h:m:s):        00:11:39        00:05:18        00:03:05
CPU  Elapsed (h:m:s):        00:13:32        00:24:10        00:29:35
Real Elapsed (h:m:s):        00:11:42        00:16:59        00:20:03
Memory (MB):                  2580.44         2531.33         2578.17
================================================================================
================================================================================
Flow Settings:
================================================================================
Total Runtime (h:m:s): 00:20:03
Total Memory (MB):     2578.17
Executable Version:    23.13-s073_1
================================================================================
Total Cell Area =  Cell Area + Physical Cell Area
Total Instances =  Leaf Instances + Physical Instances


