============================================================
  Generated by:           Genus(TM) Synthesis Solution 23.13-s073_1
  Generated on:           Dec 10 2025  09:33:48 am
  Module:                 riscv_core
  Technology libraries:   sram_asap7_64x256_1rw 1.0
                          asap7sc7p5t_OA_RVT_FF_nldm_201020 1.0
                          asap7sc7p5t_SEQ_RVT_FF_nldm_201020 1.0
                          sram_asap7_16x256_1rw 1.0
                          sram_asap7_64x64_1rw 1.0
                          asap7sc7p5t_AO_RVT_FF_nldm_201020 1.0
                          asap7sc7p5t_INVBUF_RVT_FF_nldm_201020 1.0
                          asap7sc7p5t_SIMPLE_RVT_FF_nldm_201020 1.0
                          sram_asap7_32x256_1rw 1.0
  Operating conditions:   tt_1.0_25.0 (balanced_tree)
  Wireload mode:          enclosed
  Area mode:              timing library
============================================================

Timing
--------

Clock Period 
-------------
clk    250.0 


  Cost    Critical                Violating 
 Group   Path Slack      TNS        Paths   
--------------------------------------------
clk          -441.5   -1201047.0       5003 
default    No paths          0.0            
--------------------------------------------
Total                 -1201047.0       5003 

Instance Count
--------------
Leaf Instance Count             44052 
Physical Instance count             0 
Sequential Instance Count        5356 
Combinational Instance Count    38696 
Hierarchical Instance Count        24 

Area
----
Cell Area                          5069.495
Physical Cell Area                 0.000
Total Cell Area (Cell+Physical)    5069.495
Net Area                           0.000
Total Area (Cell+Physical+Net)     5069.495

Runtime                            237.90204 seconds
Elapsed Runtime                    1207 seconds
Genus peak memory usage            2578.17 
Innovus peak memory usage          no_value 
Hostname                           eda-bitirme
