============================================================
  Generated by:           Genus(TM) Synthesis Solution 23.13-s073_1
  Generated on:           Dec 10 2025  09:30:44 am
  Module:                 riscv_core
  Technology libraries:   sram_asap7_64x256_1rw 1.0
                          asap7sc7p5t_OA_RVT_FF_nldm_201020 1.0
                          asap7sc7p5t_SEQ_RVT_FF_nldm_201020 1.0
                          sram_asap7_16x256_1rw 1.0
                          sram_asap7_64x64_1rw 1.0
                          asap7sc7p5t_AO_RVT_FF_nldm_201020 1.0
                          asap7sc7p5t_INVBUF_RVT_FF_nldm_201020 1.0
                          asap7sc7p5t_SIMPLE_RVT_FF_nldm_201020 1.0
                          sram_asap7_32x256_1rw 1.0
  Operating conditions:   tt_1.0_25.0 (balanced_tree)
  Wireload mode:          enclosed
  Area mode:              timing library
============================================================

           Instance                                                                                                                                 Module                                                                                                                        Cell-Count  Cell-Area  Net-Area   Total-Area   Wireload  
-------------------------------------------------------------------------------------------------------------------------------------------------------------------------------------------------------------------------------------------------------------------------------------------------------------------------------------------
riscv_core                    NA                                                                                                                                                                                                                                                       48221   5273.766     0.000     5273.766 <none> (D)  
  u_cbm                       column_bypass_multiplier                                                                                                                                                                                                                                   912    111.187     0.000      111.187 <none> (D)  
  u_csr                       biriscv_csr_SUPPORT_MULDIV1_SUPPORT_SUPER0                                                                                                                                                                                                                1870    269.018     0.000      269.018 <none> (D)  
    u_csrfile                 biriscv_csr_regfile_SUPPORT_MTIMECMP1_SUPPORT_SUPER0                                                                                                                                                                                                      1417    204.268     0.000      204.268 <none> (D)  
  u_div                       biriscv_divider                                                                                                                                                                                                                                           1992    227.302     0.000      227.302 <none> (D)  
  u_exec0                     biriscv_exec                                                                                                                                                                                                                                              3339    256.462     0.000      256.462 <none> (D)  
    u_alu                     biriscv_alu                                                                                                                                                                                                                                               1636    114.205     0.000      114.205 <none> (D)  
  u_exec1                     biriscv_exec_2877                                                                                                                                                                                                                                         3259    250.966     0.000      250.966 <none> (D)  
    u_alu                     biriscv_alu_2875                                                                                                                                                                                                                                          1606    112.791     0.000      112.791 <none> (D)  
  u_frontend                  biriscv_frontend_SUPPORT_BRANCH_PREDICTION1_SUPPORT_MULDIV1_SUPPORT_MMU0_EXTRA_DECODE_STAGE0_NUM_BTB_ENTRIES32_NUM_BTB_ENTRIES_W5_NUM_BHT_ENTRIES512_NUM_BHT_ENTRIES_W9_RAS_ENABLE1_GSHARE_ENABLE0_BHT_ENABLE1_NUM_RAS_ENTRIES8_NUM_RAS_ENTRIES_W3       16306   1938.163     0.000     1938.163 <none> (D)  
    u_decode                  biriscv_decode_SUPPORT_MULDIV1_EXTRA_DECODE_STAGE0                                                                                                                                                                                                        1390    157.143     0.000      157.143 <none> (D)  
      genblk1.u_dec0          biriscv_decoder                                                                                                                                                                                                                                            211     14.041     0.000       14.041 <none> (D)  
      genblk1.u_dec1          biriscv_decoder_5850                                                                                                                                                                                                                                       218     14.274     0.000       14.274 <none> (D)  
      genblk1.u_fifo          fetch_fifo_OPC_INFO_W2                                                                                                                                                                                                                                     837    119.731     0.000      119.731 <none> (D)  
    u_fetch                   biriscv_fetch_SUPPORT_MMU0                                                                                                                                                                                                                                 727    120.985     0.000      120.985 <none> (D)  
    u_npc                     biriscv_npc_SUPPORT_BRANCH_PREDICTION1_NUM_BTB_ENTRIES32_NUM_BTB_ENTRIES_W5_NUM_BHT_ENTRIES512_NUM_BHT_ENTRIES_W9_RAS_ENABLE1_GSHARE_ENABLE0_BHT_ENABLE1_NUM_RAS_ENTRIES8_NUM_RAS_ENTRIES_W3                                                             14188   1659.977     0.000     1659.977 <none> (D)  
      BRANCH_PREDICTION.u_lru biriscv_npc_lfsr_DEPTH32_ADDR_W5                                                                                                                                                                                                                            36      7.917     0.000        7.917 <none> (D)  
  u_issue                     biriscv_issue_SUPPORT_MULDIV1_SUPPORT_DUAL_ISSUE1_SUPPORT_LOAD_BYPASS1_SUPPORT_MUL_BYPASS1_SUPPORT_REGFILE_XILINX0                                                                                                                                       11996   1413.036     0.000     1413.036 <none> (D)  
    u_pipe0_ctrl              biriscv_pipe_ctrl_SUPPORT_LOAD_BYPASS1_SUPPORT_MUL_BYPASS1                                                                                                                                                                                                 990    181.259     0.000      181.259 <none> (D)  
    u_pipe1_ctrl              biriscv_pipe_ctrl_SUPPORT_LOAD_BYPASS1_SUPPORT_MUL_BYPASS1_1                                                                                                                                                                                               558    109.540     0.000      109.540 <none> (D)  
    u_regfile                 biriscv_regfile_SUPPORT_REGFILE_XILINX0_SUPPORT_DUAL_ISSUE1                                                                                                                                                                                               5614    745.592     0.000      745.592 <none> (D)  
  u_lsu                       biriscv_lsu_MEM_CACHE_ADDR_MIN32h80000000_MEM_CACHE_ADDR_MAX32h8fffffff                                                                                                                                                                                   1423    152.640     0.000      152.640 <none> (D)  
    u_lsu_request             biriscv_lsu_fifo_WIDTH36_DEPTH2_ADDR_W1                                                                                                                                                                                                                    219     42.707     0.000       42.707 <none> (D)  
  u_mul                       biriscv_multiplier                                                                                                                                                                                                                                        5009    450.318     0.000      450.318 <none> (D)  
  u_mule                      biriscv_multiplier_efficient                                                                                                                                                                                                                              1929    194.847     0.000      194.847 <none> (D)  
  (D) = wireload is default in technology library
