============================================================
  Generated by:           Genus(TM) Synthesis Solution 23.13-s073_1
  Generated on:           Dec 10 2025  09:33:44 am
  Module:                 riscv_core
  Technology libraries:   sram_asap7_64x256_1rw 1.0
                          asap7sc7p5t_OA_RVT_FF_nldm_201020 1.0
                          asap7sc7p5t_SEQ_RVT_FF_nldm_201020 1.0
                          sram_asap7_16x256_1rw 1.0
                          sram_asap7_64x64_1rw 1.0
                          asap7sc7p5t_AO_RVT_FF_nldm_201020 1.0
                          asap7sc7p5t_INVBUF_RVT_FF_nldm_201020 1.0
                          asap7sc7p5t_SIMPLE_RVT_FF_nldm_201020 1.0
                          sram_asap7_32x256_1rw 1.0
  Operating conditions:   tt_1.0_25.0 (balanced_tree)
  Wireload mode:          enclosed
  Area mode:              timing library
============================================================

                                               
           Gate            Instances    Area                    Library                 
----------------------------------------------------------------------------------------
A2O1A1Ixp33_ASAP7_75t_R           55     4.811    asap7sc7p5t_AO_RVT_FF_nldm_201020     
A2O1A1O1Ixp25_ASAP7_75t_R         19     2.493    asap7sc7p5t_AO_RVT_FF_nldm_201020     
AND2x2_ASAP7_75t_R              1300   113.724    asap7sc7p5t_SIMPLE_RVT_FF_nldm_201020 
AND2x4_ASAP7_75t_R               214    31.201    asap7sc7p5t_SIMPLE_RVT_FF_nldm_201020 
AND2x6_ASAP7_75t_R                37     6.474    asap7sc7p5t_SIMPLE_RVT_FF_nldm_201020 
AND3x1_ASAP7_75t_R                85     7.436    asap7sc7p5t_SIMPLE_RVT_FF_nldm_201020 
AND3x2_ASAP7_75t_R                25     2.551    asap7sc7p5t_SIMPLE_RVT_FF_nldm_201020 
AND3x4_ASAP7_75t_R                10     2.041    asap7sc7p5t_SIMPLE_RVT_FF_nldm_201020 
AND4x1_ASAP7_75t_R               481    49.091    asap7sc7p5t_SIMPLE_RVT_FF_nldm_201020 
AND4x2_ASAP7_75t_R                 5     0.583    asap7sc7p5t_SIMPLE_RVT_FF_nldm_201020 
AND5x1_ASAP7_75t_R                12     1.400    asap7sc7p5t_SIMPLE_RVT_FF_nldm_201020 
AND5x2_ASAP7_75t_R                 4     1.166    asap7sc7p5t_SIMPLE_RVT_FF_nldm_201020 
AO211x2_ASAP7_75t_R                1     0.233    asap7sc7p5t_AO_RVT_FF_nldm_201020     
AO21x1_ASAP7_75t_R               284    24.844    asap7sc7p5t_AO_RVT_FF_nldm_201020     
AO21x2_ASAP7_75t_R                34     3.470    asap7sc7p5t_AO_RVT_FF_nldm_201020     
AO221x1_ASAP7_75t_R               79    11.518    asap7sc7p5t_AO_RVT_FF_nldm_201020     
AO221x2_ASAP7_75t_R               16     2.566    asap7sc7p5t_AO_RVT_FF_nldm_201020     
AO222x2_ASAP7_75t_R              195    34.117    asap7sc7p5t_AO_RVT_FF_nldm_201020     
AO22x1_ASAP7_75t_R               649    85.162    asap7sc7p5t_AO_RVT_FF_nldm_201020     
AO22x2_ASAP7_75t_R               108    15.746    asap7sc7p5t_AO_RVT_FF_nldm_201020     
AO31x2_ASAP7_75t_R                 2     0.467    asap7sc7p5t_AO_RVT_FF_nldm_201020     
AO32x1_ASAP7_75t_R                12     1.400    asap7sc7p5t_AO_RVT_FF_nldm_201020     
AOI211x1_ASAP7_75t_R               7     1.225    asap7sc7p5t_AO_RVT_FF_nldm_201020     
AOI211xp5_ASAP7_75t_R             79     6.911    asap7sc7p5t_AO_RVT_FF_nldm_201020     
AOI21x1_ASAP7_75t_R               56     6.532    asap7sc7p5t_AO_RVT_FF_nldm_201020     
AOI21xp33_ASAP7_75t_R           1259    91.781    asap7sc7p5t_AO_RVT_FF_nldm_201020     
AOI21xp5_ASAP7_75t_R             770    56.133    asap7sc7p5t_AO_RVT_FF_nldm_201020     
AOI221x1_ASAP7_75t_R              37     7.552    asap7sc7p5t_AO_RVT_FF_nldm_201020     
AOI221xp5_ASAP7_75t_R            756    77.157    asap7sc7p5t_AO_RVT_FF_nldm_201020     
AOI222xp33_ASAP7_75t_R          1225   178.605    asap7sc7p5t_AO_RVT_FF_nldm_201020     
AOI22x1_ASAP7_75t_R               13     1.895    asap7sc7p5t_AO_RVT_FF_nldm_201020     
AOI22xp33_ASAP7_75t_R           2096   183.358    asap7sc7p5t_AO_RVT_FF_nldm_201020     
AOI22xp5_ASAP7_75t_R            5141   449.735    asap7sc7p5t_AO_RVT_FF_nldm_201020     
AOI311xp33_ASAP7_75t_R             3     0.306    asap7sc7p5t_AO_RVT_FF_nldm_201020     
AOI31xp33_ASAP7_75t_R             20     1.750    asap7sc7p5t_AO_RVT_FF_nldm_201020     
AOI321xp33_ASAP7_75t_R             7     0.816    asap7sc7p5t_AO_RVT_FF_nldm_201020     
AOI322xp5_ASAP7_75t_R              5     0.656    asap7sc7p5t_AO_RVT_FF_nldm_201020     
AOI32xp33_ASAP7_75t_R             12     1.225    asap7sc7p5t_AO_RVT_FF_nldm_201020     
AOI331xp33_ASAP7_75t_R             1     0.131    asap7sc7p5t_AO_RVT_FF_nldm_201020     
AOI33xp33_ASAP7_75t_R              2     0.233    asap7sc7p5t_AO_RVT_FF_nldm_201020     
ASYNC_DFFHx1_ASAP7_75t_R        4364  1654.305    asap7sc7p5t_SEQ_RVT_FF_nldm_201020    
BUFx10_ASAP7_75t_R                 6     1.225    asap7sc7p5t_INVBUF_RVT_FF_nldm_201020 
BUFx12f_ASAP7_75t_R                7     1.837    asap7sc7p5t_INVBUF_RVT_FF_nldm_201020 
BUFx2_ASAP7_75t_R                128     9.331    asap7sc7p5t_INVBUF_RVT_FF_nldm_201020 
BUFx3_ASAP7_75t_R                161    14.084    asap7sc7p5t_INVBUF_RVT_FF_nldm_201020 
BUFx4_ASAP7_75t_R                  2     0.204    asap7sc7p5t_INVBUF_RVT_FF_nldm_201020 
BUFx4f_ASAP7_75t_R                15     1.750    asap7sc7p5t_INVBUF_RVT_FF_nldm_201020 
BUFx5_ASAP7_75t_R                  1     0.117    asap7sc7p5t_INVBUF_RVT_FF_nldm_201020 
BUFx6f_ASAP7_75t_R                79    11.518    asap7sc7p5t_INVBUF_RVT_FF_nldm_201020 
BUFx8_ASAP7_75t_R                  1     0.175    asap7sc7p5t_INVBUF_RVT_FF_nldm_201020 
CKINVDCx11_ASAP7_75t_R             2     0.802    asap7sc7p5t_INVBUF_RVT_FF_nldm_201020 
DFFHQNx1_ASAP7_75t_R             992   289.267    asap7sc7p5t_SEQ_RVT_FF_nldm_201020    
FAx1_ASAP7_75t_R                  29     5.919    asap7sc7p5t_SIMPLE_RVT_FF_nldm_201020 
HAxp5_ASAP7_75t_R                  8     1.050    asap7sc7p5t_SIMPLE_RVT_FF_nldm_201020 
HB1xp67_ASAP7_75t_R              392    22.861    asap7sc7p5t_INVBUF_RVT_FF_nldm_201020 
INVx11_ASAP7_75t_R                 4     0.758    asap7sc7p5t_INVBUF_RVT_FF_nldm_201020 
INVx1_ASAP7_75t_R               3264   142.767    asap7sc7p5t_INVBUF_RVT_FF_nldm_201020 
INVx2_ASAP7_75t_R                504    29.393    asap7sc7p5t_INVBUF_RVT_FF_nldm_201020 
INVx3_ASAP7_75t_R                115     8.384    asap7sc7p5t_INVBUF_RVT_FF_nldm_201020 
INVx4_ASAP7_75t_R                102     8.923    asap7sc7p5t_INVBUF_RVT_FF_nldm_201020 
INVx5_ASAP7_75t_R                 64     6.532    asap7sc7p5t_INVBUF_RVT_FF_nldm_201020 
INVx6_ASAP7_75t_R                 19     2.216    asap7sc7p5t_INVBUF_RVT_FF_nldm_201020 
INVx8_ASAP7_75t_R                 17     2.479    asap7sc7p5t_INVBUF_RVT_FF_nldm_201020 
INVxp33_ASAP7_75t_R               31     1.356    asap7sc7p5t_INVBUF_RVT_FF_nldm_201020 
INVxp67_ASAP7_75t_R             3602   157.551    asap7sc7p5t_INVBUF_RVT_FF_nldm_201020 
MAJIxp5_ASAP7_75t_R              385    39.293    asap7sc7p5t_SIMPLE_RVT_FF_nldm_201020 
MAJx2_ASAP7_75t_R                107    14.041    asap7sc7p5t_SIMPLE_RVT_FF_nldm_201020 
NAND2x1_ASAP7_75t_R               59     5.161    asap7sc7p5t_SIMPLE_RVT_FF_nldm_201020 
NAND2x1p5_ASAP7_75t_R             58     6.765    asap7sc7p5t_SIMPLE_RVT_FF_nldm_201020 
NAND2x2_ASAP7_75t_R                4     0.583    asap7sc7p5t_SIMPLE_RVT_FF_nldm_201020 
NAND2xp33_ASAP7_75t_R            199    11.606    asap7sc7p5t_SIMPLE_RVT_FF_nldm_201020 
NAND2xp5_ASAP7_75t_R            2869   167.320    asap7sc7p5t_SIMPLE_RVT_FF_nldm_201020 
NAND2xp67_ASAP7_75t_R              4     0.350    asap7sc7p5t_SIMPLE_RVT_FF_nldm_201020 
NAND3x1_ASAP7_75t_R               23     3.689    asap7sc7p5t_SIMPLE_RVT_FF_nldm_201020 
NAND3x2_ASAP7_75t_R               11     3.208    asap7sc7p5t_SIMPLE_RVT_FF_nldm_201020 
NAND3xp33_ASAP7_75t_R            241    17.569    asap7sc7p5t_SIMPLE_RVT_FF_nldm_201020 
NAND4xp25_ASAP7_75t_R            392    34.292    asap7sc7p5t_SIMPLE_RVT_FF_nldm_201020 
NAND4xp75_ASAP7_75t_R             46     9.390    asap7sc7p5t_SIMPLE_RVT_FF_nldm_201020 
NAND5xp2_ASAP7_75t_R              89     9.083    asap7sc7p5t_SIMPLE_RVT_FF_nldm_201020 
NOR2x1_ASAP7_75t_R               241    21.083    asap7sc7p5t_SIMPLE_RVT_FF_nldm_201020 
NOR2x1p5_ASAP7_75t_R              38     4.432    asap7sc7p5t_SIMPLE_RVT_FF_nldm_201020 
NOR2x2_ASAP7_75t_R                 5     0.729    asap7sc7p5t_SIMPLE_RVT_FF_nldm_201020 
NOR2xp33_ASAP7_75t_R            3272   190.823    asap7sc7p5t_SIMPLE_RVT_FF_nldm_201020 
NOR2xp67_ASAP7_75t_R             114     9.973    asap7sc7p5t_SIMPLE_RVT_FF_nldm_201020 
NOR3x1_ASAP7_75t_R                42     6.736    asap7sc7p5t_SIMPLE_RVT_FF_nldm_201020 
NOR3xp33_ASAP7_75t_R             184    13.414    asap7sc7p5t_SIMPLE_RVT_FF_nldm_201020 
NOR4xp25_ASAP7_75t_R             121    10.585    asap7sc7p5t_SIMPLE_RVT_FF_nldm_201020 
NOR4xp75_ASAP7_75t_R              12     2.449    asap7sc7p5t_SIMPLE_RVT_FF_nldm_201020 
NOR5xp2_ASAP7_75t_R               60     6.124    asap7sc7p5t_SIMPLE_RVT_FF_nldm_201020 
O2A1O1Ixp33_ASAP7_75t_R           55     4.811    asap7sc7p5t_OA_RVT_FF_nldm_201020     
O2A1O1Ixp5_ASAP7_75t_R            18     2.100    asap7sc7p5t_OA_RVT_FF_nldm_201020     
OA211x2_ASAP7_75t_R               16     1.866    asap7sc7p5t_OA_RVT_FF_nldm_201020     
OA21x2_ASAP7_75t_R               255    26.025    asap7sc7p5t_OA_RVT_FF_nldm_201020     
OA221x2_ASAP7_75t_R                1     0.233    asap7sc7p5t_OA_RVT_FF_nldm_201020     
OA22x2_ASAP7_75t_R               123    17.933    asap7sc7p5t_OA_RVT_FF_nldm_201020     
OAI211xp5_ASAP7_75t_R            119    10.410    asap7sc7p5t_OA_RVT_FF_nldm_201020     
OAI21x1_ASAP7_75t_R               25     2.916    asap7sc7p5t_OA_RVT_FF_nldm_201020     
OAI21xp33_ASAP7_75t_R             71     5.176    asap7sc7p5t_OA_RVT_FF_nldm_201020     
OAI21xp5_ASAP7_75t_R            1427   104.028    asap7sc7p5t_OA_RVT_FF_nldm_201020     
OAI221xp5_ASAP7_75t_R            461    47.050    asap7sc7p5t_OA_RVT_FF_nldm_201020     
OAI222xp33_ASAP7_75t_R             8     1.166    asap7sc7p5t_OA_RVT_FF_nldm_201020     
OAI22x1_ASAP7_75t_R               15     2.187    asap7sc7p5t_OA_RVT_FF_nldm_201020     
OAI22xp33_ASAP7_75t_R            224    19.596    asap7sc7p5t_OA_RVT_FF_nldm_201020     
OAI22xp5_ASAP7_75t_R            1714   149.941    asap7sc7p5t_OA_RVT_FF_nldm_201020     
OAI311xp33_ASAP7_75t_R             3     0.306    asap7sc7p5t_OA_RVT_FF_nldm_201020     
OAI31xp33_ASAP7_75t_R             28     2.449    asap7sc7p5t_OA_RVT_FF_nldm_201020     
OAI321xp33_ASAP7_75t_R             6     0.700    asap7sc7p5t_OA_RVT_FF_nldm_201020     
OAI322xp33_ASAP7_75t_R             2     0.262    asap7sc7p5t_OA_RVT_FF_nldm_201020     
OAI32xp33_ASAP7_75t_R             14     1.429    asap7sc7p5t_OA_RVT_FF_nldm_201020     
OAI332xp33_ASAP7_75t_R             2     0.292    asap7sc7p5t_OA_RVT_FF_nldm_201020     
OAI33xp33_ASAP7_75t_R              2     0.233    asap7sc7p5t_OA_RVT_FF_nldm_201020     
OR2x2_ASAP7_75t_R                211    18.458    asap7sc7p5t_SIMPLE_RVT_FF_nldm_201020 
OR2x4_ASAP7_75t_R                 23     2.683    asap7sc7p5t_SIMPLE_RVT_FF_nldm_201020 
OR2x6_ASAP7_75t_R                 39     6.823    asap7sc7p5t_SIMPLE_RVT_FF_nldm_201020 
OR3x1_ASAP7_75t_R                 21     1.837    asap7sc7p5t_SIMPLE_RVT_FF_nldm_201020 
OR3x2_ASAP7_75t_R                  3     0.306    asap7sc7p5t_SIMPLE_RVT_FF_nldm_201020 
OR4x1_ASAP7_75t_R                 34     3.470    asap7sc7p5t_SIMPLE_RVT_FF_nldm_201020 
OR4x2_ASAP7_75t_R                  1     0.117    asap7sc7p5t_SIMPLE_RVT_FF_nldm_201020 
OR5x1_ASAP7_75t_R                 14     1.633    asap7sc7p5t_SIMPLE_RVT_FF_nldm_201020 
XNOR2x1_ASAP7_75t_R               26     4.549    asap7sc7p5t_SIMPLE_RVT_FF_nldm_201020 
XNOR2x2_ASAP7_75t_R                5     0.802    asap7sc7p5t_SIMPLE_RVT_FF_nldm_201020 
XNOR2xp5_ASAP7_75t_R             866   113.637    asap7sc7p5t_SIMPLE_RVT_FF_nldm_201020 
XOR2x1_ASAP7_75t_R                 2     0.350    asap7sc7p5t_SIMPLE_RVT_FF_nldm_201020 
XOR2x2_ASAP7_75t_R                26     4.170    asap7sc7p5t_SIMPLE_RVT_FF_nldm_201020 
XOR2xp5_ASAP7_75t_R              591    77.551    asap7sc7p5t_SIMPLE_RVT_FF_nldm_201020 
----------------------------------------------------------------------------------------
total                          44052  5069.495                                          


               Library                Instances   Area   Instances % 
---------------------------------------------------------------------
asap7sc7p5t_AO_RVT_FF_nldm_201020         12943 1252.830        29.4 
asap7sc7p5t_INVBUF_RVT_FF_nldm_201020      8516  424.263        19.3 
asap7sc7p5t_OA_RVT_FF_nldm_201020          4589  401.110        10.4 
asap7sc7p5t_SEQ_RVT_FF_nldm_201020         5356 1943.572        12.2 
asap7sc7p5t_SIMPLE_RVT_FF_nldm_201020     12648 1047.719        28.7 

                                         
     Type      Instances   Area   Area % 
-----------------------------------------
sequential          5356 1943.572   38.3 
inverter            7724  361.161    7.1 
buffer               792   63.102    1.2 
logic              30180 2701.659   53.3 
physical_cells         0    0.000    0.0 
-----------------------------------------
total              44052 5069.495  100.0 

