env CDS_WORKAREA is set to /home/ykaraagac/cadence-bitirme/Flows/NanGate45/biriscv_2mul_vs_hybrid/scripts/cadence
             0V	    VSS
           1.1V	    VDD
Using Power View WC_VIEW
.
Load RC corner of view WC_VIEW

Begin Power Analysis

             0V	    VSS
           1.1V	    VDD

Begin Processing Timing Library for Power Calculation

Ended Processing Timing Library for Power Calculation: (cpu=0:00:00, real=0:00:00, mem(process/total/peak)=3307.85MB/13012.96MB/10466.65MB)



Begin Processing Power Net/Grid for Power Calculation

Ended Processing Power Net/Grid for Power Calculation: (cpu=0:00:00, real=0:00:00, mem(process/total/peak)=3307.85MB/13012.96MB/10466.65MB)

Begin Processing Timing Window Data for Power Calculation

clk(100MHz) CK: assigning clock clk to net clk_i
Ended Processing Timing Window Data for Power Calculation: (cpu=0:00:00, real=0:00:00, mem(process/total/peak)=3307.85MB/13012.96MB/10466.65MB)

Begin Processing User Attributes

Ended Processing User Attributes: (cpu=0:00:00, real=0:00:00, mem(process/total/peak)=3307.85MB/13012.96MB/10466.65MB)

Begin Processing Signal Activity


Starting Activity Propagation
2026-Jun-23 12:57:31 (2026-Jun-23 12:57:31 GMT)
2026-Jun-23 12:57:32 (2026-Jun-23 12:57:32 GMT): 10%

Finished Activity Propagation
2026-Jun-23 12:57:33 (2026-Jun-23 12:57:33 GMT)

Activity annotation summary:
        Primary Inputs : 180/180 = 100%
          Flop outputs : 3874/14346 = 27.004%
  Memory/Macro outputs : 0/0 = 0%
      Tristate outputs : 0/0 = 0%
            Total Nets : 19975/72373 = 27.6001%

Ended Processing Signal Activity: (cpu=0:00:02, real=0:00:01, mem(process/total/peak)=3307.85MB/13012.96MB/10466.65MB)

Begin Power Computation

      ----------------------------------------------------------
      # of cell(s) missing both power/leakage table: 0
      # of cell(s) missing power table: 0
      # of cell(s) missing leakage table: 0
      ----------------------------------------------------------



Starting Calculating power
2026-Jun-23 12:57:33 (2026-Jun-23 12:57:33 GMT)
 ... Calculating switching power
2026-Jun-23 12:57:33 (2026-Jun-23 12:57:33 GMT): 10%
2026-Jun-23 12:57:33 (2026-Jun-23 12:57:33 GMT): 20%
2026-Jun-23 12:57:33 (2026-Jun-23 12:57:33 GMT): 30%
2026-Jun-23 12:57:33 (2026-Jun-23 12:57:33 GMT): 40%
2026-Jun-23 12:57:33 (2026-Jun-23 12:57:33 GMT): 50%
 ... Calculating internal and leakage power
2026-Jun-23 12:57:34 (2026-Jun-23 12:57:34 GMT): 60%
2026-Jun-23 12:57:36 (2026-Jun-23 12:57:36 GMT): 70%
2026-Jun-23 12:57:37 (2026-Jun-23 12:57:37 GMT): 80%
2026-Jun-23 12:57:37 (2026-Jun-23 12:57:37 GMT): 90%

Finished Calculating power
2026-Jun-23 12:57:38 (2026-Jun-23 12:57:38 GMT)
      # of MSMV cell(s) missing power_level: 0
Ended Power Computation: (cpu=0:00:04, real=0:00:05, mem(process/total/peak)=3307.85MB/13012.96MB/10466.65MB)

Begin Processing User Attributes

Begin Processing set_power
Ended Processing set_power: (cpu=0:00:00, real=0:00:00,
mem(process/total/peak)=3307.85MB/13012.96MB/10466.65MB)
Ended Processing User Attributes: (cpu=0:00:00, real=0:00:00, mem(process/total/peak)=3307.85MB/13012.96MB/10466.65MB)

Ended Power Analysis: (cpu=0:00:07, real=0:00:07, mem(process/total/peak)=3307.85MB/13012.96MB/10466.65MB)

Begin Boundary Leakage Calculation
Ended Boundary Leakage Calculation: (cpu=0:00:00, real=0:00:00,
mem(process/total/peak)=3307.85MB/13012.96MB/10466.65MB)
Begin Static Power Report Generation
*----------------------------------------------------------------------------------------
*	Innovus 25.12-s079_1 (64bit) 11/18/2025 12:56 (Linux 4.18.0-305.el8.x86_64)
*	
*
* 	Date & Time:	2026-Jun-23 12:57:38 (2026-Jun-23 12:57:38 GMT)
*
*----------------------------------------------------------------------------------------
*
*	Design: riscv_core
*
*	Liberty Libraries used:
*	        /home/ykaraagac/cadence-bitirme/Enablements/NanGate45/lib/NangateOpenCellLibrary_typical.lib
*
*	Parasitic Files used:
*
*       Dynamic View: WC_VIEW
*
*       Leakage View: WC_VIEW
*
*       User-Defined Activity : N.A.
*
*	Switching Activity File used:
*	        /home/ykaraagac/cadence-bitirme/Flows/NanGate45/biriscv_2mul_vs_hybrid/scripts/cadence/outputs/mul_update_latency_hiding_power_vcds/extended_estrin_selective_latency_hidden_mule3n/vcd/core_hybrid.vcd
*                  Vcd Window used(Start Time, Stop Time):  
*                Vcd Scale Factor: 1
*
*       Hierarchical Global Activity: N.A.
*
*       Global Activity: N.A.
*
*       Sequential Element Activity: 0.200000
*
*       Primary Input Activity: 0.200000
*
*       Default icg ratio: N.A.
*
*       Global Comb ClockGate Ratio: N.A.
*
*	Power Units = 1mW
*
*	Time Units = 1e-09 secs
*
*       report_power -instances {u_mul}
*
-----------------------------------------------------------------------------------------
*



Total Power
-----------------------------------------------------------------------------------------
Total Internal Power:        6.24932838 	   49.6291%
Total Switching Power:       4.14911474 	   32.9502%
Total Leakage Power:         2.19361728 	   17.4206%
Total Power:                12.59206040
-----------------------------------------------------------------------------------------


Group                           Internal   Switching     Leakage       Total  Percentage 
                                Power      Power         Power         Power  (%)        
-----------------------------------------------------------------------------------------
Sequential                         3.752      0.4733       0.665       4.891       38.84
Macro                                  0           0           0           0           0
IO                                     0           0           0           0           0
Combinational                      1.833        2.32       1.509       5.661       44.96
Clock (Combinational)             0.6642       1.356     0.01956        2.04        16.2
Clock (Sequential)                     0           0           0           0           0
-----------------------------------------------------------------------------------------
Total                              6.249       4.149       2.194       12.59         100
-----------------------------------------------------------------------------------------


Clock                           Internal   Switching     Leakage       Total  Percentage 
                                Power      Power         Power         Power  (%)        
-----------------------------------------------------------------------------------------
clk                               0.6642       1.356     0.01956        2.04        16.2
-----------------------------------------------------------------------------------------
Total                             0.6642       1.356     0.01956        2.04        16.2
-----------------------------------------------------------------------------------------
Clock: clk
Clock Period: 0.010000 usec 
Clock Toggle Rate:   200.0000 Mhz 
Clock Static Probability:  0.5000
  


Rail                  Voltage   Internal   Switching     Leakage       Total  Percentage 
                                Power      Power         Power         Power  (%)        
-----------------------------------------------------------------------------------------
VDD                       1.1      6.249       4.149       2.194       12.59         100


Instance                      Max Toggles   Total Toggles   Internal   Switching     Leakage       Total  Percentage    Cell
                              Input Pins    Output Pins     Power      Power         Power         Power  (%)           Name
----------------------------------------------------------------------------------------------------------------------------
u_mul                                   0               0      1.913         1.1      0.9231       3.936       31.26    
----------------------------------------------------------------------------------------------------------------------------
Total                                                          1.913         1.1      0.9231       3.936       31.26    
 
 
-----------------------------------------------------------------------------------------
*	Power Distribution Summary: 
*              Highest Average Power: u_issue/FE_OFC2820_opcode0_rb_operand_w_5 (INV_X4):         0.006849
*              Highest Leakage Power:           u_issue/g162069 (AND4_X4):        0.0001893
*                Total Cap:      4.36518e-10 F
*                Total instances in design: 58275
*                Total instances in design with no power:     0
*                Total instances in design with no activty:     0

*                Total Fillers and Decap:     0
-----------------------------------------------------------------------------------------
 
** INFO:  (VOLTUS_POWR-3465): There are 0 decaps and 0 fillers in the design

Ended Static Power Report Generation: (cpu=0:00:01, real=0:00:00,
mem(process/total/peak)=3307.85MB/13012.96MB/10466.65MB)

