 ------------------------------------------------------------------------------------------------------------------------------------------------------------------- 
| Snapshot                | WNS                  | TNS                  | Density (%) | Hotspot                   | Resource               | DRVs       | Layer-OPT |
|                         | HEPG (ns) | ALL (ns) | HEPG (ns) | ALL (ns) |             | Max (bins) | Total (bins) | Real (s) | Memory (MB) | Tran | Cap | metal4    |
|-------------------------+-----------+----------+-----------+----------+-------------+------------+--------------+----------+-------------+------+-----+-----------|
| initial_summary         |           |    5.241 |           |        0 |       71.06 |            |              | 0:00:03  |        3665 |    0 |   2 |           |
| route_type_refinement   |           |          |           |          |             |            |              | 0:00:00  |        3666 |      |     |         1 |
| simplify_netlist        |           |          |           |          |             |            |              | 0:00:01  |        3671 |      |     |           |
| excluded_clk_net_fixing |           |          |           |          |             |            |              | 0:00:00  |        3671 |      |     |           |
| drv_fixing              |     0.000 |    5.291 |         0 |        0 |       71.08 |            |              | 0:00:02  |        3861 |    0 |  19 |         1 |
| global_opt              |           |    5.291 |           |        0 |       71.08 |            |              | 0:00:01  |        3876 |      |     |         1 |
| area_reclaiming         |     0.000 |    5.291 |         0 |        0 |       71.07 |            |              | 0:00:02  |        3884 |      |     |           |
| drv_fixing_2            |     5.291 |    5.291 |         0 |        0 |       71.07 |            |              | 0:00:02  |        3903 |    0 |   2 |           |
| area_reclaiming_2       |     5.291 |    5.291 |         0 |        0 |       71.06 |            |              | 0:00:04  |        3922 |      |     |         4 |
| area_reclaiming_3       |     5.291 |    5.291 |         0 |        0 |       71.06 |            |              | 0:00:02  |        3882 |      |     |         4 |
| local_wire_reclaim      |           |          |           |          |             |            |              | 0:00:23  |        3881 |      |     |           |
| global_route            |           |          |           |          |             |       0.00 |         0.00 | 0:00:02  |        3480 |      |     |           |
| route_type_refinement_2 |           |          |           |          |             |            |              | 0:00:01  |        3481 |      |     |         4 |
| drv_eco_fixing          |     5.309 |    5.309 |         0 |        0 |       71.07 |            |              | 0:00:02  |        3880 |    0 |  19 |         2 |
| legalization            |           |          |           |          |             |            |              | 0:00:00  |        3870 |      |     |           |
| final_summary           |     5.309 |    5.309 |           |        0 |       71.07 |            |              | 0:00:03  |        3741 |    0 |   2 |           |
 ------------------------------------------------------------------------------------------------------------------------------------------------------------------- 
