env CDS_WORKAREA is set to /home/ykaraagac/cadence-bitirme/Flows/NanGate45/biriscv_2mul_vs_hybrid/scripts/cadence
             0V	    VSS
           1.1V	    VDD
Using Power View WC_VIEW
.
Load RC corner of view WC_VIEW

Begin Power Analysis

             0V	    VSS
           1.1V	    VDD

Begin Processing Timing Library for Power Calculation

Ended Processing Timing Library for Power Calculation: (cpu=0:00:00, real=0:00:00, mem(process/total/peak)=3156.92MB/8132.78MB/3229.75MB)



Begin Processing Power Net/Grid for Power Calculation

Ended Processing Power Net/Grid for Power Calculation: (cpu=0:00:00, real=0:00:00, mem(process/total/peak)=3156.92MB/8132.78MB/3229.75MB)

Begin Processing Timing Window Data for Power Calculation

clk(100MHz) CK: assigning clock clk to net clk_i
Ended Processing Timing Window Data for Power Calculation: (cpu=0:00:00, real=0:00:00, mem(process/total/peak)=3156.92MB/8132.78MB/3229.75MB)

Begin Processing User Attributes

Ended Processing User Attributes: (cpu=0:00:00, real=0:00:00, mem(process/total/peak)=3156.92MB/8132.78MB/3229.75MB)

Begin Processing Signal Activity


Starting Activity Propagation
2026-Jun-23 18:04:00 (2026-Jun-23 18:04:00 GMT)
2026-Jun-23 18:04:00 (2026-Jun-23 18:04:00 GMT): 10%

Finished Activity Propagation
2026-Jun-23 18:04:01 (2026-Jun-23 18:04:01 GMT)

Activity annotation summary:
        Primary Inputs : 180/180 = 100%
          Flop outputs : 3874/14346 = 27.004%
  Memory/Macro outputs : 0/0 = 0%
      Tristate outputs : 0/0 = 0%
            Total Nets : 19975/72373 = 27.6001%

Ended Processing Signal Activity: (cpu=0:00:01, real=0:00:01, mem(process/total/peak)=3156.92MB/8132.78MB/3229.75MB)

Begin Power Computation

      ----------------------------------------------------------
      # of cell(s) missing both power/leakage table: 0
      # of cell(s) missing power table: 0
      # of cell(s) missing leakage table: 0
      ----------------------------------------------------------



Starting Calculating power
2026-Jun-23 18:04:01 (2026-Jun-23 18:04:01 GMT)
 ... Calculating switching power
2026-Jun-23 18:04:02 (2026-Jun-23 18:04:02 GMT): 10%
2026-Jun-23 18:04:02 (2026-Jun-23 18:04:02 GMT): 20%
2026-Jun-23 18:04:02 (2026-Jun-23 18:04:02 GMT): 30%
2026-Jun-23 18:04:02 (2026-Jun-23 18:04:02 GMT): 40%
2026-Jun-23 18:04:02 (2026-Jun-23 18:04:02 GMT): 50%
 ... Calculating internal and leakage power
2026-Jun-23 18:04:02 (2026-Jun-23 18:04:02 GMT): 60%
2026-Jun-23 18:04:04 (2026-Jun-23 18:04:04 GMT): 70%
2026-Jun-23 18:04:05 (2026-Jun-23 18:04:05 GMT): 80%
2026-Jun-23 18:04:06 (2026-Jun-23 18:04:06 GMT): 90%

Finished Calculating power
2026-Jun-23 18:04:07 (2026-Jun-23 18:04:07 GMT)
      # of MSMV cell(s) missing power_level: 0
Ended Power Computation: (cpu=0:00:05, real=0:00:05, mem(process/total/peak)=3156.92MB/8132.78MB/3229.75MB)

Begin Processing User Attributes

Begin Processing set_power
Ended Processing set_power: (cpu=0:00:00, real=0:00:00,
mem(process/total/peak)=3156.92MB/8132.78MB/3229.75MB)
Ended Processing User Attributes: (cpu=0:00:00, real=0:00:00, mem(process/total/peak)=3156.92MB/8132.78MB/3229.75MB)

Ended Power Analysis: (cpu=0:00:08, real=0:00:07, mem(process/total/peak)=3156.92MB/8132.78MB/3229.75MB)

Begin Boundary Leakage Calculation
Ended Boundary Leakage Calculation: (cpu=0:00:00, real=0:00:00,
mem(process/total/peak)=3156.92MB/8132.78MB/3229.75MB)
Begin Static Power Report Generation
*----------------------------------------------------------------------------------------
*	Innovus 25.12-s079_1 (64bit) 11/18/2025 12:56 (Linux 4.18.0-305.el8.x86_64)
*	
*
* 	Date & Time:	2026-Jun-23 18:04:07 (2026-Jun-23 18:04:07 GMT)
*
*----------------------------------------------------------------------------------------
*
*	Design: riscv_core
*
*	Liberty Libraries used:
*	        /home/ykaraagac/cadence-bitirme/Enablements/NanGate45/lib/NangateOpenCellLibrary_typical.lib
*
*	Parasitic Files used:
*
*       Dynamic View: WC_VIEW
*
*       Leakage View: WC_VIEW
*
*       User-Defined Activity : N.A.
*
*	Switching Activity File used:
*	        /home/ykaraagac/cadence-bitirme/Flows/NanGate45/biriscv_2mul_vs_hybrid/scripts/cadence/outputs/mul_update_latency_hiding_power_vcds/unrolled_dot64/vcd/core_hybrid.vcd
*                  Vcd Window used(Start Time, Stop Time):  
*                Vcd Scale Factor: 1
*
*       Hierarchical Global Activity: N.A.
*
*       Global Activity: N.A.
*
*       Sequential Element Activity: 0.200000
*
*       Primary Input Activity: 0.200000
*
*       Default icg ratio: N.A.
*
*       Global Comb ClockGate Ratio: N.A.
*
*	Power Units = 1mW
*
*	Time Units = 1e-09 secs
*
*       report_power -hierarchy all
*
-----------------------------------------------------------------------------------------
*



Total Power
-----------------------------------------------------------------------------------------
Total Internal Power:        5.88606638 	   50.0466%
Total Switching Power:       3.69403868 	   31.4088%
Total Leakage Power:         2.18105620 	   18.5446%
Total Power:                11.76116126
-----------------------------------------------------------------------------------------


Group                           Internal   Switching     Leakage       Total  Percentage 
                                Power      Power         Power         Power  (%)        
-----------------------------------------------------------------------------------------
Sequential                         3.743       0.458      0.6647       4.865       41.37
Macro                                  0           0           0           0           0
IO                                     0           0           0           0           0
Combinational                      1.479        1.88       1.497       4.856       41.29
Clock (Combinational)             0.6642       1.356     0.01956        2.04       17.34
Clock (Sequential)                     0           0           0           0           0
-----------------------------------------------------------------------------------------
Total                              5.886       3.694       2.181       11.76         100
-----------------------------------------------------------------------------------------


Clock                           Internal   Switching     Leakage       Total  Percentage 
                                Power      Power         Power         Power  (%)        
-----------------------------------------------------------------------------------------
clk                               0.6642       1.356     0.01956        2.04       17.34
-----------------------------------------------------------------------------------------
Total                             0.6642       1.356     0.01956        2.04       17.34
-----------------------------------------------------------------------------------------
Clock: clk
Clock Period: 0.010000 usec 
Clock Toggle Rate:   200.0000 Mhz 
Clock Static Probability:  0.5000
  


Rail                  Voltage   Internal   Switching     Leakage       Total  Percentage 
                                Power      Power         Power         Power  (%)        
-----------------------------------------------------------------------------------------
VDD                       1.1      5.886       3.694       2.181       11.76         100


Hierarchy                       Internal   Switching     Leakage       Total  Percentage 
                                Power      Power         Power         Power  (%)        
-----------------------------------------------------------------------------------------
u_cbm                             0.1264     0.07073     0.04126      0.2384       2.027 
u_csr                             0.1946     0.03112     0.06158      0.2873       2.443 
u_div                             0.1406     0.03553     0.04974      0.2258        1.92 
u_exec0                          0.07957     0.06249     0.04304      0.1851       1.574 
u_exec1                          0.08424     0.06287     0.04357      0.1907       1.621 
u_frontend                         1.837      0.8231      0.4567       3.117        26.5 
u_issue                            1.378       1.092      0.5305       3.001       25.51 
u_lsu                             0.1066     0.05475     0.03201      0.1933       1.644 
u_mul                             0.5019      0.4417     0.08657        1.03       8.759 
u_mul_array                       0.2064      0.1332      0.0457      0.3853       3.276 
u_mul_bw                         0.02942    0.009344      0.0407     0.07947      0.6757 
u_mul_wallace                    0.03034    0.009682     0.04381     0.08383      0.7128 
u_mulc                           0.08385     0.01507     0.02587      0.1248       1.061 
u_mule                           0.06865     0.01147     0.03815      0.1183       1.006 
u_mule2                          0.08595     0.02536     0.07423      0.1855       1.578 
u_mule2n                         0.08528     0.02478     0.07425      0.1843       1.567 
u_mule3                          0.09263     0.03467     0.07368       0.201       1.709 
u_mule3n                         0.09753     0.04364     0.07413      0.2153       1.831 
u_mule5                            0.114     0.04563     0.08115      0.2408       2.048 
u_mule5n                          0.1096     0.03876     0.08087      0.2292       1.949 
u_mulen                          0.06854     0.01384      0.0382      0.1206       1.025 
u_mulp                           0.02935    0.009411     0.04071     0.07947      0.6757 
u_mulr                           0.05549     0.03616      0.0957      0.1873       1.593 
u_cbm/u_cbm_core                  0.1261     0.07061     0.04108      0.2378       2.022 
u_csr/u_csrfile                   0.1366     0.01672     0.04426      0.1976        1.68 
u_frontend/u_decode                0.145     0.05532     0.03286      0.2331       1.982 
u_frontend/u_fetch                0.1023     0.02606     0.02806      0.1564        1.33 
u_frontend/u_npc                   1.572      0.7016       0.395       2.668       22.69 
u_issue/u_pipe0_ctrl              0.1741      0.0359     0.05873      0.2687       2.285 
u_issue/u_pipe1_ctrl              0.1034     0.01438     0.03412       0.152       1.292 
u_issue/u_regfile                 0.8021      0.4762      0.2408       1.519       12.92 
u_lsu/u_lsu_request              0.04037    0.006985    0.009847      0.0572      0.4864 
u_exec0/u_alu                    0.02251     0.03293      0.0215     0.07694      0.6542 
u_exec1/u_alu                    0.02359     0.03347     0.02106     0.07811      0.6642 
u_mul_bw/g_array_reduce[1].u_csa
                               0.0004593   0.0002279    0.001434    0.002122     0.01804 
u_mul_bw/g_array_reduce[2].u_csa
                               0.0005245   0.0003053    0.001488    0.002318     0.01971 
u_mul_bw/g_array_reduce[3].u_csa
                               0.0006459   0.0003987    0.001445     0.00249     0.02117 
u_mul_bw/g_array_reduce[4].u_csa
                               0.0007275   0.0004472    0.001401    0.002575      0.0219 
u_mul_bw/g_array_reduce[5].u_csa
                               0.0008495    0.000528    0.001357    0.002735     0.02325 
u_mul_bw/g_array_reduce[6].u_csa
                               0.0008416   0.0005375    0.001306    0.002685     0.02283 
u_mul_bw/g_array_reduce[7].u_csa
                               0.0008063   0.0005058    0.001256    0.002568     0.02183 
u_mul_bw/g_array_reduce[8].u_csa
                               0.0007287   0.0004499    0.001204    0.002382     0.02025 
u_mul_bw/g_array_reduce[9].u_csa
                               0.0007301    0.000469    0.001156    0.002355     0.02003 
u_mul_bw/g_array_reduce[10].u_csa
                               0.0006889   0.0004493    0.001108    0.002246      0.0191 
u_mul_bw/g_array_reduce[11].u_csa
                                0.000605   0.0003838    0.001055    0.002044     0.01738 
u_mul_bw/g_array_reduce[12].u_csa
                               0.0005685   0.0003829    0.001006    0.001958     0.01665 
u_mul_bw/g_array_reduce[13].u_csa
                               0.0004949   0.0003256   0.0009544    0.001775     0.01509 
u_mul_bw/g_array_reduce[14].u_csa
                                0.000428   0.0003025   0.0009038    0.001634      0.0139 
u_mul_bw/g_array_reduce[15].u_csa
                               0.0003725   0.0002629   0.0008541    0.001489     0.01266 
u_mul_bw/g_array_reduce[16].u_csa
                               0.0003207   0.0002259   0.0008046    0.001351     0.01149 
u_mul_bw/g_array_reduce[17].u_csa
                               0.0002766   0.0001937   0.0007553    0.001226     0.01042 
u_mul_bw/g_array_reduce[18].u_csa
                               0.0002278   0.0001697   0.0007057    0.001103     0.00938 
u_mul_bw/g_array_reduce[19].u_csa
                               0.0001901   0.0001271   0.0006559   0.0009731    0.008273 
u_mul_bw/g_array_reduce[20].u_csa
                                0.000155   0.0001161   0.0006078   0.0008789    0.007473 
u_mul_bw/g_array_reduce[21].u_csa
                               0.0001316   0.0001014   0.0005591   0.0007921    0.006735 
u_mul_bw/g_array_reduce[22].u_csa
                                0.000109   7.995e-05   0.0005105   0.0006995    0.005948 
u_mul_bw/g_array_reduce[23].u_csa
                               8.845e-05   7.034e-05    0.000462   0.0006208    0.005278 
u_mul_bw/g_array_reduce[24].u_csa
                               7.035e-05   5.498e-05   0.0004136   0.0005389    0.004582 
u_mul_bw/g_array_reduce[25].u_csa
                               5.532e-05   4.414e-05   0.0003652   0.0004646     0.00395 
u_mul_bw/g_array_reduce[26].u_csa
                               4.245e-05   4.058e-05   0.0003168   0.0003998      0.0034 
u_mul_bw/g_array_reduce[27].u_csa
                               3.852e-05   3.218e-05   0.0002686   0.0003393    0.002885 
u_mul_bw/g_array_reduce[28].u_csa
                               3.412e-05   3.406e-05   0.0002204   0.0002886    0.002454 
u_mul_bw/g_array_reduce[29].u_csa
                               3.027e-05   3.057e-05   0.0001723   0.0002331    0.001982 
u_mul_bw/g_array_reduce[30].u_csa
                               2.646e-05   3.023e-05   0.0001241   0.0001808    0.001537 
u_mul_bw/g_array_reduce[31].u_csa
                               2.912e-05   1.874e-05   7.618e-05    0.000124    0.001055 
u_mul_wallace/g_w1[0].u_csa
                               0.0005814   0.0004173    0.001536    0.002535     0.02156 
u_mul_wallace/g_w1[1].u_csa
                               0.0007826   0.0004714    0.001402    0.002656     0.02258 
u_mul_wallace/g_w1[2].u_csa
                                0.000448   0.0003031    0.001245    0.001996     0.01698 
u_mul_wallace/g_w1[3].u_csa
                               0.0003793   0.0002901    0.001098    0.001768     0.01503 
u_mul_wallace/g_w1[4].u_csa
                               0.0001616   9.518e-05   0.0009458    0.001203     0.01023 
u_mul_wallace/g_w1[5].u_csa
                               4.072e-05   2.422e-05   0.0007974   0.0008624    0.007332 
u_mul_wallace/g_w1[6].u_csa
                                       0           0   0.0006518   0.0006518    0.005542 
u_mul_wallace/g_w1[7].u_csa
                                       0           0   0.0005075   0.0005075    0.004315 
u_mul_wallace/g_w1[8].u_csa
                                       0           0   0.0003632   0.0003632    0.003088 
u_mul_wallace/g_w1[9].u_csa
                                       0           0   0.0002188   0.0002188    0.001861 
u_mul_wallace/g_w2[0].u_csa
                               0.0009543    0.000707    0.001499    0.003161     0.02687 
u_mul_wallace/g_w2[1].u_csa
                               0.0005261   0.0003255    0.001293    0.002144     0.01823 
u_mul_wallace/g_w2[2].u_csa
                               0.0004166   0.0002636     0.00105    0.001731     0.01472 
u_mul_wallace/g_w2[3].u_csa
                               4.226e-05   2.895e-05   0.0008441   0.0009153    0.007783 
u_mul_wallace/g_w2[4].u_csa
                                       0           0   0.0006037   0.0006037    0.005133 
u_mul_wallace/g_w2[5].u_csa
                                       0           0   0.0004099   0.0004099    0.003485 
u_mul_wallace/g_w2[6].u_csa
                                       0           0   0.0001707   0.0001707    0.001452 
u_mul_wallace/g_w3[0].u_csa
                                  0.0011   0.0007954    0.001455    0.003351     0.02849 
u_mul_wallace/g_w3[1].u_csa
                               0.0004347   0.0002564    0.001143    0.001834     0.01559 
u_mul_wallace/g_w3[2].u_csa
                               3.719e-05   2.171e-05   0.0007958   0.0008547    0.007267 
u_mul_wallace/g_w3[3].u_csa
                                       0           0    0.000458    0.000458    0.003894 
u_mul_wallace/g_w3[4].u_csa
                               1.504e-06   1.414e-06   0.0001227   0.0001256    0.001068 
u_mul_wallace/g_w4[0].u_csa
                                0.001167   0.0008393    0.001405    0.003411       0.029 
u_mul_wallace/g_w4[1].u_csa
                               0.0001115   6.272e-05   0.0008923    0.001067    0.009068 
u_mul_wallace/g_w4[2].u_csa
                                1.29e-06   1.258e-06   0.0004085    0.000411    0.003495 
u_mul_wallace/g_w5[0].u_csa
                                0.001085   0.0007163    0.001344    0.003145     0.02674 
u_mul_wallace/g_w5[1].u_csa
                               8.752e-06    5.32e-06   0.0005515   0.0005656    0.004809 
u_mul_wallace/u_w6_csa          0.001001   0.0006273    0.001277    0.002905      0.0247 
u_mul_wallace/u_w7_csa         0.0009601   0.0005664    0.001212    0.002738     0.02328 
u_mul_wallace/u_w8_csa         0.0009168   0.0005463    0.001148    0.002611      0.0222 
u_mul_wallace/u_wallace_ks
                               0.0006809   0.0003372    0.001159    0.002177     0.01851 
u_mule2/g_ppm_reduce[1].u_ppm_csa
                                       0           0    0.001428    0.001428     0.01214 
u_mule2/g_ppm_reduce[2].u_ppm_csa
                                       0           0    0.001471    0.001471     0.01251 
u_mule2/g_ppm_reduce[3].u_ppm_csa
                                       0           0    0.001423    0.001423      0.0121 
u_mule2/g_ppm_reduce[4].u_ppm_csa
                                       0           0    0.001375    0.001375     0.01169 
u_mule2/g_ppm_reduce[5].u_ppm_csa
                                       0           0    0.001327    0.001327     0.01128 
u_mule2/g_ppm_reduce[6].u_ppm_csa
                                       0           0    0.001279    0.001279     0.01087 
u_mule2/g_ppm_reduce[7].u_ppm_csa
                                       0           0     0.00123     0.00123     0.01046 
u_mule2/g_ppm_reduce[8].u_ppm_csa
                                       0           0    0.001182    0.001182     0.01005 
u_mule2/g_ppm_reduce[9].u_ppm_csa
                                       0           0    0.001134    0.001134    0.009644 
u_mule2/g_ppm_reduce[10].u_ppm_csa
                                       0           0    0.001086    0.001086    0.009235 
u_mule2/g_ppm_reduce[11].u_ppm_csa
                                       0           0    0.001038    0.001038    0.008826 
u_mule2/g_ppm_reduce[12].u_ppm_csa
                                       0           0   0.0009899   0.0009899    0.008417 
u_mule2/g_ppm_reduce[13].u_ppm_csa
                                       0           0   0.0009418   0.0009418    0.008008 
u_mule2/g_ppm_reduce[14].u_ppm_csa
                                       0           0   0.0008937   0.0008937    0.007599 
u_mule2/g_ppm_reduce[15].u_ppm_csa
                                       0           0   0.0008456   0.0008456     0.00719 
u_mule2/u_feedback_csa0                0           0    0.001572    0.001572     0.01337 
u_mule2/u_feedback_csa1                0           0    0.001506    0.001506     0.01281 
u_mule2n/g_ppm_reduce[1].u_ppm_csa
                                       0           0    0.001428    0.001428     0.01214 
u_mule2n/g_ppm_reduce[2].u_ppm_csa
                                       0           0    0.001471    0.001471     0.01251 
u_mule2n/g_ppm_reduce[3].u_ppm_csa
                                       0           0    0.001423    0.001423      0.0121 
u_mule2n/g_ppm_reduce[4].u_ppm_csa
                                       0           0    0.001375    0.001375     0.01169 
u_mule2n/g_ppm_reduce[5].u_ppm_csa
                                       0           0    0.001327    0.001327     0.01128 
u_mule2n/g_ppm_reduce[6].u_ppm_csa
                                       0           0    0.001279    0.001279     0.01087 
u_mule2n/g_ppm_reduce[7].u_ppm_csa
                                       0           0     0.00123     0.00123     0.01046 
u_mule2n/g_ppm_reduce[8].u_ppm_csa
                                       0           0    0.001182    0.001182     0.01005 
u_mule2n/g_ppm_reduce[9].u_ppm_csa
                                       0           0    0.001134    0.001134    0.009644 
u_mule2n/g_ppm_reduce[10].u_ppm_csa
                                       0           0    0.001086    0.001086    0.009235 
u_mule2n/g_ppm_reduce[11].u_ppm_csa
                                       0           0    0.001038    0.001038    0.008826 
u_mule2n/g_ppm_reduce[12].u_ppm_csa
                                       0           0   0.0009899   0.0009899    0.008417 
u_mule2n/g_ppm_reduce[13].u_ppm_csa
                                       0           0   0.0009418   0.0009418    0.008008 
u_mule2n/g_ppm_reduce[14].u_ppm_csa
                                       0           0   0.0008937   0.0008937    0.007599 
u_mule2n/g_ppm_reduce[15].u_ppm_csa
                                       0           0   0.0008456   0.0008456     0.00719 
u_mule2n/u_feedback_csa0               0           0    0.001572    0.001572     0.01337 
u_mule2n/u_feedback_csa1               0           0    0.001506    0.001506     0.01281 
u_mule3/g_ppm_reduce[1].u_ppm_csa
                                       0           0    0.001428    0.001428     0.01214 
u_mule3/g_ppm_reduce[2].u_ppm_csa
                                       0           0    0.001471    0.001471     0.01251 
u_mule3/g_ppm_reduce[3].u_ppm_csa
                                       0           0    0.001423    0.001423      0.0121 
u_mule3/g_ppm_reduce[4].u_ppm_csa
                                       0           0    0.001375    0.001375     0.01169 
u_mule3/g_ppm_reduce[5].u_ppm_csa
                                       0           0    0.001327    0.001327     0.01128 
u_mule3/g_ppm_reduce[6].u_ppm_csa
                                       0           0    0.001279    0.001279     0.01087 
u_mule3/g_ppm_reduce[7].u_ppm_csa
                                       0           0     0.00123     0.00123     0.01046 
u_mule3/g_ppm_reduce[8].u_ppm_csa
                                       0           0    0.001182    0.001182     0.01005 
u_mule3/g_ppm_reduce[9].u_ppm_csa
                                       0           0    0.001134    0.001134    0.009644 
u_mule3/g_ppm_reduce[10].u_ppm_csa
                                       0           0    0.001086    0.001086    0.009235 
u_mule3/u_feedback_csa0                0           0    0.001572    0.001572     0.01337 
u_mule3/u_feedback_csa1                0           0    0.001505    0.001505      0.0128 
u_mule3n/g_ppm_reduce[1].u_ppm_csa
                                       0           0    0.001428    0.001428     0.01214 
u_mule3n/g_ppm_reduce[2].u_ppm_csa
                                       0           0    0.001471    0.001471     0.01251 
u_mule3n/g_ppm_reduce[3].u_ppm_csa
                                       0           0    0.001423    0.001423      0.0121 
u_mule3n/g_ppm_reduce[4].u_ppm_csa
                                       0           0    0.001375    0.001375     0.01169 
u_mule3n/g_ppm_reduce[5].u_ppm_csa
                                       0           0    0.001327    0.001327     0.01128 
u_mule3n/g_ppm_reduce[6].u_ppm_csa
                                       0           0    0.001279    0.001279     0.01087 
u_mule3n/g_ppm_reduce[7].u_ppm_csa
                                       0           0     0.00123     0.00123     0.01046 
u_mule3n/g_ppm_reduce[8].u_ppm_csa
                                       0           0    0.001182    0.001182     0.01005 
u_mule3n/g_ppm_reduce[9].u_ppm_csa
                                       0           0    0.001134    0.001134    0.009644 
u_mule3n/g_ppm_reduce[10].u_ppm_csa
                                       0           0    0.001086    0.001086    0.009235 
u_mule3n/u_feedback_csa0               0           0    0.001572    0.001572     0.01337 
u_mule3n/u_feedback_csa1               0           0    0.001505    0.001505      0.0128 
u_mule5/g_ppm_reduce[1].u_ppm_csa
                                       0           0    0.001428    0.001428     0.01214 
u_mule5/g_ppm_reduce[2].u_ppm_csa
                                       0           0    0.001471    0.001471     0.01251 
u_mule5/g_ppm_reduce[3].u_ppm_csa
                                       0           0    0.001423    0.001423      0.0121 
u_mule5/g_ppm_reduce[4].u_ppm_csa
                                       0           0    0.001375    0.001375     0.01169 
u_mule5/g_ppm_reduce[5].u_ppm_csa
                                       0           0    0.001327    0.001327     0.01128 
u_mule5/g_ppm_reduce[6].u_ppm_csa
                                       0           0    0.001279    0.001279     0.01087 
u_mule5/u_feedback_csa0                0           0    0.001572    0.001572     0.01337 
u_mule5/u_feedback_csa1                0           0    0.001511    0.001511     0.01285 
u_mule5n/g_ppm_reduce[1].u_ppm_csa
                                       0           0    0.001428    0.001428     0.01214 
u_mule5n/g_ppm_reduce[2].u_ppm_csa
                                       0           0    0.001471    0.001471     0.01251 
u_mule5n/g_ppm_reduce[3].u_ppm_csa
                                       0           0    0.001423    0.001423      0.0121 
u_mule5n/g_ppm_reduce[4].u_ppm_csa
                                       0           0    0.001375    0.001375     0.01169 
u_mule5n/g_ppm_reduce[5].u_ppm_csa
                                       0           0    0.001327    0.001327     0.01128 
u_mule5n/g_ppm_reduce[6].u_ppm_csa
                                       0           0    0.001279    0.001279     0.01087 
u_mule5n/u_feedback_csa0               0           0    0.001572    0.001572     0.01337 
u_mule5n/u_feedback_csa1               0           0    0.001511    0.001511     0.01285 
u_mulp/g_rows[1].u_csa         0.0004596    0.000238    0.001434    0.002132     0.01813 
u_mulp/g_rows[2].u_csa         0.0005247   0.0003169    0.001488     0.00233     0.01981 
u_mulp/g_rows[3].u_csa         0.0006456   0.0003938    0.001445    0.002485     0.02113 
u_mulp/g_rows[4].u_csa         0.0007277   0.0004503    0.001401    0.002578     0.02192 
u_mulp/g_rows[5].u_csa         0.0008494   0.0005241    0.001357    0.002731     0.02322 
u_mulp/g_rows[6].u_csa         0.0008415   0.0005325    0.001306     0.00268     0.02279 
u_mulp/g_rows[7].u_csa         0.0008066   0.0005149    0.001256    0.002577     0.02191 
u_mulp/g_rows[8].u_csa         0.0007292   0.0004634    0.001204    0.002396     0.02037 
u_mulp/g_rows[9].u_csa         0.0007302    0.000473    0.001156     0.00236     0.02006 
u_mulp/g_rows[10].u_csa        0.0006889   0.0004506    0.001108    0.002247     0.01911 
u_mulp/g_rows[11].u_csa        0.0006052   0.0003894    0.001055     0.00205     0.01743 
u_mulp/g_rows[12].u_csa        0.0005688   0.0003914    0.001006    0.001967     0.01672 
u_mulp/g_rows[13].u_csa         0.000495   0.0003308   0.0009544     0.00178     0.01514 
u_mulp/g_rows[14].u_csa        0.0004277   0.0002933   0.0009038    0.001625     0.01381 
u_mulp/g_rows[15].u_csa        0.0003727   0.0002674   0.0008541    0.001494      0.0127 
u_mulp/g_rows[16].u_csa        0.0003209    0.000232   0.0008046    0.001357     0.01154 
u_mulp/g_rows[17].u_csa         0.000277   0.0002032   0.0007553    0.001235      0.0105 
u_mulp/g_rows[18].u_csa        0.0002277   0.0001687   0.0007057    0.001102    0.009371 
u_mulp/g_rows[19].u_csa        0.0001905   0.0001358   0.0006559   0.0009822    0.008351 
u_mulp/g_rows[20].u_csa        0.0001553   0.0001217   0.0006078   0.0008847    0.007523 
u_mulp/g_rows[21].u_csa        0.0001317    0.000102   0.0005591   0.0007928    0.006741 
u_mulp/g_rows[22].u_csa        0.0001095    9.03e-05   0.0005105   0.0007103     0.00604 
u_mulp/g_rows[23].u_csa        8.838e-05   6.809e-05    0.000462   0.0006185    0.005259 
u_mulp/g_rows[24].u_csa        7.056e-05   5.798e-05   0.0004136   0.0005421    0.004609 
u_mulp/g_rows[25].u_csa        5.532e-05   4.491e-05   0.0003652   0.0004654    0.003957 
u_mulp/g_rows[26].u_csa        4.243e-05   3.828e-05   0.0003168   0.0003975     0.00338 
u_mulp/g_rows[27].u_csa        3.863e-05   3.809e-05   0.0002686   0.0003453    0.002936 
u_mulp/g_rows[28].u_csa        3.415e-05   3.263e-05   0.0002204   0.0002872    0.002442 
u_mulp/g_rows[29].u_csa        3.025e-05   2.792e-05   0.0001723   0.0002304    0.001959 
u_mulp/g_rows[30].u_csa        2.653e-05   3.448e-05   0.0001241   0.0001851    0.001574 
u_mulp/g_rows[31].u_csa        2.913e-05   1.936e-05   7.618e-05   0.0001247     0.00106 
u_mulr/g_bw[1].u_csa            0.000416   0.0001989    0.001247    0.001861     0.01583 
u_mulr/g_bw[2].u_csa           0.0004973   0.0002907    0.001439    0.002227     0.01894 
u_mulr/g_bw[3].u_csa           0.0006494   0.0003837    0.001445    0.002478     0.02107 
u_mulr/g_bw[4].u_csa           0.0007318   0.0004561    0.001401    0.002588     0.02201 
u_mulr/g_bw[5].u_csa           0.0008537   0.0005272    0.001357    0.002738     0.02328 
u_mulr/g_bw[6].u_csa           0.0008438   0.0005158    0.001306    0.002666     0.02266 
u_mulr/g_bw[7].u_csa           0.0008092   0.0005096    0.001256    0.002574     0.02189 
u_mulr/g_bw[8].u_csa           0.0007299   0.0004492    0.001204    0.002383     0.02026 
u_mulr/g_bw[9].u_csa           0.0007322   0.0004585    0.001156    0.002347     0.01996 
u_mulr/g_bw[10].u_csa          0.0006906   0.0004361    0.001108    0.002234       0.019 
u_mulr/g_bw[11].u_csa          0.0005985   0.0003836    0.001056    0.002038     0.01733 
u_mulr/g_bw[12].u_csa          0.0005691   0.0003538    0.001006    0.001929      0.0164 
u_mulr/g_bw[13].u_csa          0.0004946   0.0003065   0.0009544    0.001755     0.01493 
u_mulr/g_bw[14].u_csa          0.0004335    0.000251   0.0009032    0.001588      0.0135 
u_mulr/g_bw[15].u_csa          0.0003775   0.0002113   0.0008535    0.001442     0.01226 
u_mulr/g_bw[16].u_csa          0.0003257   0.0001885    0.000804    0.001318     0.01121 
u_mulr/g_bw[17].u_csa          0.0002813   0.0001588   0.0007547    0.001195     0.01016 
u_mulr/g_bw[18].u_csa          0.0002265   0.0001328   0.0007057    0.001065    0.009055 
u_mulr/g_bw[19].u_csa          0.0001823   0.0001166   0.0006565   0.0009554    0.008123 
u_mulr/g_bw[20].u_csa          0.0001619   8.757e-05   0.0006071   0.0008566    0.007283 
u_mulr/g_bw[21].u_csa          0.0001385   7.113e-05   0.0005585   0.0007681    0.006531 
u_mulr/g_bw[22].u_csa           0.000109   7.223e-05   0.0005105   0.0006918    0.005882 
u_mulr/g_bw[23].u_csa          8.803e-05   5.764e-05    0.000462   0.0006077    0.005167 
u_mulr/g_bw[24].u_csa          7.019e-05   4.781e-05   0.0004136   0.0005316     0.00452 
u_mulr/g_bw[25].u_csa          5.524e-05   3.896e-05   0.0003652   0.0004594    0.003906 
u_mulr/g_bw[26].u_csa          4.229e-05   3.365e-05   0.0003168   0.0003927    0.003339 
u_mulr/g_bw[27].u_csa          3.847e-05   3.169e-05   0.0002686   0.0003388    0.002881 
u_mulr/g_bw[28].u_csa          3.406e-05    2.88e-05   0.0002204   0.0002833    0.002409 
u_mulr/g_bw[29].u_csa          3.014e-05   2.678e-05   0.0001723   0.0002292    0.001949 
u_mulr/g_bw[30].u_csa          2.646e-05   2.847e-05   0.0001241    0.000179    0.001522 
u_mulr/g_bw[31].u_csa          2.908e-05   2.419e-05   7.618e-05   0.0001295    0.001101 
u_mulr/g_wb1[0].u_csa          0.0005695   0.0003894     0.00149    0.002448     0.02082 
u_mulr/g_wb1[1].u_csa          0.0007996   0.0004589    0.001403    0.002662     0.02263 
u_mulr/g_wb1[2].u_csa          0.0004537   0.0002792    0.001245    0.001978     0.01682 
u_mulr/g_wb1[3].u_csa          0.0003879   0.0002748    0.001099    0.001761     0.01498 
u_mulr/g_wb1[4].u_csa          0.0001633   9.992e-05   0.0009459    0.001209     0.01028 
u_mulr/g_wb1[5].u_csa          4.151e-05   2.598e-05   0.0007974   0.0008649    0.007354 
u_mulr/g_wb1[6].u_csa                  0           0   0.0006518   0.0006518    0.005542 
u_mulr/g_wb1[7].u_csa                  0           0   0.0005075   0.0005075    0.004315 
u_mulr/g_wb1[8].u_csa                  0           0   0.0003266   0.0003266    0.002777 
u_mulr/g_wb1[9].u_csa                  0           0   0.0002188   0.0002188    0.001861 
u_mulr/g_wb2[0].u_csa           0.000952    0.000708    0.001499    0.003159     0.02686 
u_mulr/g_wb2[1].u_csa          0.0005253   0.0003078    0.001293    0.002126     0.01807 
u_mulr/g_wb2[2].u_csa          0.0004161   0.0002681     0.00105    0.001735     0.01475 
u_mulr/g_wb2[3].u_csa          4.245e-05   3.044e-05   0.0008441    0.000917    0.007797 
u_mulr/g_wb2[4].u_csa                  0           0   0.0006037   0.0006037    0.005133 
u_mulr/g_wb2[5].u_csa                  0           0   0.0004099   0.0004099    0.003485 
u_mulr/g_wb2[6].u_csa                  0           0   0.0001707   0.0001707    0.001452 
u_mulr/g_wb3[0].u_csa           0.001098   0.0007701    0.001455    0.003324     0.02826 
u_mulr/g_wb3[1].u_csa          0.0004338   0.0002505    0.001143    0.001827     0.01554 
u_mulr/g_wb3[2].u_csa           3.74e-05    2.45e-05   0.0007959   0.0008578    0.007293 
u_mulr/g_wb3[3].u_csa                  0           0    0.000458    0.000458    0.003894 
u_mulr/g_wb3[4].u_csa          1.509e-06   1.285e-06   0.0001227   0.0001255    0.001067 
u_mulr/g_wb4[0].u_csa           0.001167    0.000795    0.001405    0.003367     0.02863 
u_mulr/g_wb4[1].u_csa          0.0001127   6.236e-05    0.000892    0.001067    0.009073 
u_mulr/g_wb4[2].u_csa          1.295e-06   1.583e-06   0.0004085   0.0004114    0.003498 
u_mulr/g_wb5[0].u_csa            0.00108   0.0006674    0.001345    0.003093      0.0263 
u_mulr/g_wb5[1].u_csa          8.753e-06    5.38e-06   0.0005515   0.0005657     0.00481 
u_mulr/u_w6_csa                 0.000998   0.0005642    0.001278     0.00284     0.02415 
u_mulr/u_w7_csa                0.0009637   0.0005025     0.00122    0.002686     0.02284 
u_mulr/u_w8_csa                0.0009159   0.0004911    0.001148    0.002555     0.02173 
u_mulr/u_wallace_ks            0.0006896   0.0003136     0.00116    0.002163     0.01839 
u_frontend/u_decode/genblk1.u_fifo
                                  0.1387     0.04843     0.02661      0.2138       1.817 
u_frontend/u_npc/BRANCH_PREDICTION.u_lru
                                0.009893    0.001693    0.001869     0.01346      0.1144 
u_frontend/u_decode/genblk1.u_dec0
                                0.001504    0.002018    0.002343    0.005866     0.04988 
u_frontend/u_decode/genblk1.u_dec1
                                0.001828    0.002593    0.002342    0.006763      0.0575 
 
 
-----------------------------------------------------------------------------------------
*	Power Distribution Summary: 
*              Highest Average Power:           u_issue/g109754 (AND3_X2):          0.00642
*              Highest Leakage Power:           u_issue/g162069 (AND4_X4):        0.0001893
*                Total Cap:      4.36518e-10 F
*                Total instances in design: 58275
*                Total instances in design with no power:     0
*                Total instances in design with no activty:     0

*                Total Fillers and Decap:     0
-----------------------------------------------------------------------------------------
 
** INFO:  (VOLTUS_POWR-3465): There are 0 decaps and 0 fillers in the design

Ended Static Power Report Generation: (cpu=0:00:00, real=0:00:00,
mem(process/total/peak)=3156.92MB/8132.78MB/3229.75MB)

