env CDS_WORKAREA is set to /home/ykaraagac/cadence-bitirme/Flows/NanGate45/biriscv_2mul_vs_hybrid/scripts/cadence
             0V	    VSS
           1.1V	    VDD
Using Power View WC_VIEW
.
Load RC corner of view WC_VIEW

Begin Power Analysis

             0V	    VSS
           1.1V	    VDD

Begin Processing Timing Library for Power Calculation

Ended Processing Timing Library for Power Calculation: (cpu=0:00:00, real=0:00:00, mem(process/total/peak)=3160.26MB/8132.77MB/3234.32MB)



Begin Processing Power Net/Grid for Power Calculation

Ended Processing Power Net/Grid for Power Calculation: (cpu=0:00:00, real=0:00:00, mem(process/total/peak)=3160.26MB/8132.77MB/3234.32MB)

Begin Processing Timing Window Data for Power Calculation

clk(100MHz) CK: assigning clock clk to net clk_i
Ended Processing Timing Window Data for Power Calculation: (cpu=0:00:00, real=0:00:00, mem(process/total/peak)=3160.26MB/8132.77MB/3234.32MB)

Begin Processing User Attributes

Ended Processing User Attributes: (cpu=0:00:00, real=0:00:00, mem(process/total/peak)=3160.26MB/8132.77MB/3234.32MB)

Begin Processing Signal Activity


Starting Activity Propagation
2026-Jun-23 18:17:22 (2026-Jun-23 18:17:22 GMT)
2026-Jun-23 18:17:23 (2026-Jun-23 18:17:23 GMT): 10%

Finished Activity Propagation
2026-Jun-23 18:17:24 (2026-Jun-23 18:17:24 GMT)

Activity annotation summary:
        Primary Inputs : 180/180 = 100%
          Flop outputs : 3874/14346 = 27.004%
  Memory/Macro outputs : 0/0 = 0%
      Tristate outputs : 0/0 = 0%
            Total Nets : 19975/72373 = 27.6001%

Ended Processing Signal Activity: (cpu=0:00:01, real=0:00:01, mem(process/total/peak)=3160.26MB/8132.77MB/3234.32MB)

Begin Power Computation

      ----------------------------------------------------------
      # of cell(s) missing both power/leakage table: 0
      # of cell(s) missing power table: 0
      # of cell(s) missing leakage table: 0
      ----------------------------------------------------------



Starting Calculating power
2026-Jun-23 18:17:24 (2026-Jun-23 18:17:24 GMT)
 ... Calculating switching power
2026-Jun-23 18:17:24 (2026-Jun-23 18:17:24 GMT): 10%
2026-Jun-23 18:17:24 (2026-Jun-23 18:17:24 GMT): 20%
2026-Jun-23 18:17:24 (2026-Jun-23 18:17:24 GMT): 30%
2026-Jun-23 18:17:24 (2026-Jun-23 18:17:24 GMT): 40%
2026-Jun-23 18:17:24 (2026-Jun-23 18:17:24 GMT): 50%
 ... Calculating internal and leakage power
2026-Jun-23 18:17:25 (2026-Jun-23 18:17:25 GMT): 60%
2026-Jun-23 18:17:27 (2026-Jun-23 18:17:27 GMT): 70%
2026-Jun-23 18:17:28 (2026-Jun-23 18:17:28 GMT): 80%
2026-Jun-23 18:17:29 (2026-Jun-23 18:17:29 GMT): 90%

Finished Calculating power
2026-Jun-23 18:17:29 (2026-Jun-23 18:17:29 GMT)
      # of MSMV cell(s) missing power_level: 0
Ended Power Computation: (cpu=0:00:05, real=0:00:05, mem(process/total/peak)=3160.26MB/8132.77MB/3234.32MB)

Begin Processing User Attributes

Begin Processing set_power
Ended Processing set_power: (cpu=0:00:00, real=0:00:00,
mem(process/total/peak)=3160.26MB/8132.77MB/3234.32MB)
Ended Processing User Attributes: (cpu=0:00:00, real=0:00:00, mem(process/total/peak)=3160.26MB/8132.77MB/3234.32MB)

Ended Power Analysis: (cpu=0:00:08, real=0:00:07, mem(process/total/peak)=3160.26MB/8132.77MB/3234.32MB)

Begin Boundary Leakage Calculation
Ended Boundary Leakage Calculation: (cpu=0:00:00, real=0:00:00,
mem(process/total/peak)=3160.26MB/8132.77MB/3234.32MB)
Begin Static Power Report Generation
*----------------------------------------------------------------------------------------
*	Innovus 25.12-s079_1 (64bit) 11/18/2025 12:56 (Linux 4.18.0-305.el8.x86_64)
*	
*
* 	Date & Time:	2026-Jun-23 18:17:30 (2026-Jun-23 18:17:30 GMT)
*
*----------------------------------------------------------------------------------------
*
*	Design: riscv_core
*
*	Liberty Libraries used:
*	        /home/ykaraagac/cadence-bitirme/Enablements/NanGate45/lib/NangateOpenCellLibrary_typical.lib
*
*	Parasitic Files used:
*
*       Dynamic View: WC_VIEW
*
*       Leakage View: WC_VIEW
*
*       User-Defined Activity : N.A.
*
*	Switching Activity File used:
*	        /home/ykaraagac/cadence-bitirme/Flows/NanGate45/biriscv_2mul_vs_hybrid/scripts/cadence/outputs/mul_update_latency_hiding_power_vcds/unrolled_dot64_selective_latency_hidden_mule3n/vcd/core_hybrid.vcd
*                  Vcd Window used(Start Time, Stop Time):  
*                Vcd Scale Factor: 1
*
*       Hierarchical Global Activity: N.A.
*
*       Global Activity: N.A.
*
*       Sequential Element Activity: 0.200000
*
*       Primary Input Activity: 0.200000
*
*       Default icg ratio: N.A.
*
*       Global Comb ClockGate Ratio: N.A.
*
*	Power Units = 1mW
*
*	Time Units = 1e-09 secs
*
*       report_power -hierarchy all
*
-----------------------------------------------------------------------------------------
*



Total Power
-----------------------------------------------------------------------------------------
Total Internal Power:        5.88708832 	   50.0188%
Total Switching Power:       3.70083180 	   31.4436%
Total Leakage Power:         2.18184173 	   18.5377%
Total Power:                11.76976185
-----------------------------------------------------------------------------------------


Group                           Internal   Switching     Leakage       Total  Percentage 
                                Power      Power         Power         Power  (%)        
-----------------------------------------------------------------------------------------
Sequential                         3.743      0.4581      0.6648       4.866       41.35
Macro                                  0           0           0           0           0
IO                                     0           0           0           0           0
Combinational                      1.479       1.887       1.498       4.864       41.32
Clock (Combinational)             0.6642       1.356     0.01956        2.04       17.33
Clock (Sequential)                     0           0           0           0           0
-----------------------------------------------------------------------------------------
Total                              5.887       3.701       2.182       11.77         100
-----------------------------------------------------------------------------------------


Clock                           Internal   Switching     Leakage       Total  Percentage 
                                Power      Power         Power         Power  (%)        
-----------------------------------------------------------------------------------------
clk                               0.6642       1.356     0.01956        2.04       17.33
-----------------------------------------------------------------------------------------
Total                             0.6642       1.356     0.01956        2.04       17.33
-----------------------------------------------------------------------------------------
Clock: clk
Clock Period: 0.010000 usec 
Clock Toggle Rate:   200.0000 Mhz 
Clock Static Probability:  0.5000
  


Rail                  Voltage   Internal   Switching     Leakage       Total  Percentage 
                                Power      Power         Power         Power  (%)        
-----------------------------------------------------------------------------------------
VDD                       1.1      5.887       3.701       2.182       11.77         100


Hierarchy                       Internal   Switching     Leakage       Total  Percentage 
                                Power      Power         Power         Power  (%)        
-----------------------------------------------------------------------------------------
u_cbm                             0.1264     0.07073     0.04126      0.2384       2.025 
u_csr                             0.1947     0.03117     0.06158      0.2874       2.442 
u_div                             0.1406     0.03553     0.04974      0.2258       1.919 
u_exec0                          0.07986     0.06285     0.04303      0.1857       1.578 
u_exec1                          0.08424     0.06287     0.04357      0.1907        1.62 
u_frontend                         1.837      0.8235      0.4566       3.117       26.49 
u_issue                            1.382         1.1      0.5311       3.013        25.6 
u_lsu                             0.1068      0.0551     0.03202      0.1939       1.648 
u_mul                             0.4931      0.4337      0.0865       1.013        8.61 
u_mul_array                       0.2065      0.1333      0.0457      0.3855       3.275 
u_mul_bw                         0.02943    0.009345      0.0407     0.07947      0.6752 
u_mul_wallace                    0.03034    0.009683      0.0438     0.08383      0.7123 
u_mulc                           0.08386     0.01508     0.02587      0.1248       1.061 
u_mule                           0.06865     0.01147     0.03815      0.1183       1.005 
u_mule2                          0.08606     0.02558     0.07423      0.1859       1.579 
u_mule2n                          0.0853      0.0248     0.07425      0.1843       1.566 
u_mule3                          0.09268     0.03472     0.07368      0.2011       1.708 
u_mule3n                           0.102     0.04949     0.07436      0.2259       1.919 
u_mule5                           0.1141     0.04564     0.08115      0.2409       2.046 
u_mule5n                          0.1096     0.03877     0.08087      0.2292       1.948 
u_mulen                          0.06855     0.01385      0.0382      0.1206       1.025 
u_mulp                           0.02935    0.009412     0.04071     0.07947      0.6752 
u_mulr                           0.05549     0.03616     0.09569      0.1873       1.592 
u_cbm/u_cbm_core                  0.1261     0.07061     0.04108      0.2378       2.021 
u_csr/u_csrfile                   0.1366     0.01678     0.04426      0.1977       1.679 
u_frontend/u_decode               0.1452     0.05568     0.03285      0.2337       1.986 
u_frontend/u_fetch                0.1024     0.02613     0.02806      0.1566        1.33 
u_frontend/u_npc                   1.572      0.7016       0.395       2.668       22.67 
u_issue/u_pipe0_ctrl              0.1745     0.03543     0.05893      0.2688       2.284 
u_issue/u_pipe1_ctrl              0.1034     0.01438     0.03433      0.1522       1.293 
u_issue/u_regfile                 0.8043      0.4793      0.2408       1.524       12.95 
u_lsu/u_lsu_request              0.04037    0.006985    0.009848     0.05721       0.486 
u_exec0/u_alu                    0.02251     0.03293      0.0215     0.07694      0.6537 
u_exec1/u_alu                    0.02359     0.03347     0.02106     0.07811      0.6637 
u_mul_bw/g_array_reduce[1].u_csa
                               0.0004593   0.0002279    0.001434    0.002122     0.01803 
u_mul_bw/g_array_reduce[2].u_csa
                               0.0005245   0.0003053    0.001488    0.002318     0.01969 
u_mul_bw/g_array_reduce[3].u_csa
                               0.0006459   0.0003987    0.001445     0.00249     0.02115 
u_mul_bw/g_array_reduce[4].u_csa
                               0.0007275   0.0004472    0.001401    0.002575     0.02188 
u_mul_bw/g_array_reduce[5].u_csa
                               0.0008495    0.000528    0.001357    0.002735     0.02324 
u_mul_bw/g_array_reduce[6].u_csa
                               0.0008416   0.0005375    0.001306    0.002685     0.02281 
u_mul_bw/g_array_reduce[7].u_csa
                               0.0008063   0.0005058    0.001256    0.002568     0.02182 
u_mul_bw/g_array_reduce[8].u_csa
                               0.0007287   0.0004499    0.001204    0.002382     0.02024 
u_mul_bw/g_array_reduce[9].u_csa
                               0.0007301    0.000469    0.001156    0.002355     0.02001 
u_mul_bw/g_array_reduce[10].u_csa
                               0.0006889   0.0004493    0.001108    0.002246     0.01908 
u_mul_bw/g_array_reduce[11].u_csa
                                0.000605   0.0003838    0.001055    0.002044     0.01736 
u_mul_bw/g_array_reduce[12].u_csa
                               0.0005685   0.0003829    0.001006    0.001958     0.01663 
u_mul_bw/g_array_reduce[13].u_csa
                               0.0004949   0.0003256   0.0009544    0.001775     0.01508 
u_mul_bw/g_array_reduce[14].u_csa
                                0.000428   0.0003025   0.0009038    0.001634     0.01389 
u_mul_bw/g_array_reduce[15].u_csa
                               0.0003725   0.0002629   0.0008541    0.001489     0.01266 
u_mul_bw/g_array_reduce[16].u_csa
                               0.0003207   0.0002259   0.0008046    0.001351     0.01148 
u_mul_bw/g_array_reduce[17].u_csa
                               0.0002766   0.0001937   0.0007553    0.001226     0.01041 
u_mul_bw/g_array_reduce[18].u_csa
                               0.0002278   0.0001697   0.0007057    0.001103    0.009373 
u_mul_bw/g_array_reduce[19].u_csa
                               0.0001901   0.0001271   0.0006559   0.0009731    0.008267 
u_mul_bw/g_array_reduce[20].u_csa
                                0.000155   0.0001161   0.0006078   0.0008789    0.007467 
u_mul_bw/g_array_reduce[21].u_csa
                               0.0001316   0.0001014   0.0005591   0.0007921     0.00673 
u_mul_bw/g_array_reduce[22].u_csa
                                0.000109   7.995e-05   0.0005105   0.0006995    0.005943 
u_mul_bw/g_array_reduce[23].u_csa
                               8.845e-05   7.034e-05    0.000462   0.0006208    0.005275 
u_mul_bw/g_array_reduce[24].u_csa
                               7.035e-05   5.498e-05   0.0004136   0.0005389    0.004579 
u_mul_bw/g_array_reduce[25].u_csa
                               5.532e-05   4.414e-05   0.0003652   0.0004646    0.003948 
u_mul_bw/g_array_reduce[26].u_csa
                               4.245e-05   4.058e-05   0.0003168   0.0003998    0.003397 
u_mul_bw/g_array_reduce[27].u_csa
                               3.852e-05   3.218e-05   0.0002686   0.0003393    0.002883 
u_mul_bw/g_array_reduce[28].u_csa
                               3.412e-05   3.406e-05   0.0002204   0.0002886    0.002452 
u_mul_bw/g_array_reduce[29].u_csa
                               3.027e-05   3.057e-05   0.0001723   0.0002331     0.00198 
u_mul_bw/g_array_reduce[30].u_csa
                               2.646e-05   3.023e-05   0.0001241   0.0001808    0.001536 
u_mul_bw/g_array_reduce[31].u_csa
                               2.912e-05   1.874e-05   7.618e-05    0.000124    0.001054 
u_mul_wallace/g_w1[0].u_csa
                               0.0005814   0.0004173    0.001536    0.002535     0.02154 
u_mul_wallace/g_w1[1].u_csa
                               0.0007826   0.0004714    0.001402    0.002656     0.02257 
u_mul_wallace/g_w1[2].u_csa
                                0.000448   0.0003031    0.001245    0.001996     0.01696 
u_mul_wallace/g_w1[3].u_csa
                               0.0003793   0.0002901    0.001098    0.001768     0.01502 
u_mul_wallace/g_w1[4].u_csa
                               0.0001616   9.518e-05   0.0009458    0.001203     0.01022 
u_mul_wallace/g_w1[5].u_csa
                               4.072e-05   2.422e-05   0.0007974   0.0008624    0.007327 
u_mul_wallace/g_w1[6].u_csa
                                       0           0   0.0006518   0.0006518    0.005538 
u_mul_wallace/g_w1[7].u_csa
                                       0           0   0.0005075   0.0005075    0.004312 
u_mul_wallace/g_w1[8].u_csa
                                       0           0   0.0003632   0.0003632    0.003086 
u_mul_wallace/g_w1[9].u_csa
                                       0           0   0.0002188   0.0002188    0.001859 
u_mul_wallace/g_w2[0].u_csa
                               0.0009543    0.000707    0.001499    0.003161     0.02685 
u_mul_wallace/g_w2[1].u_csa
                               0.0005261   0.0003255    0.001293    0.002144     0.01822 
u_mul_wallace/g_w2[2].u_csa
                               0.0004166   0.0002636     0.00105    0.001731      0.0147 
u_mul_wallace/g_w2[3].u_csa
                               4.226e-05   2.895e-05   0.0008441   0.0009153    0.007777 
u_mul_wallace/g_w2[4].u_csa
                                       0           0   0.0006037   0.0006037    0.005129 
u_mul_wallace/g_w2[5].u_csa
                                       0           0   0.0004099   0.0004099    0.003483 
u_mul_wallace/g_w2[6].u_csa
                                       0           0   0.0001707   0.0001707    0.001451 
u_mul_wallace/g_w3[0].u_csa
                                  0.0011   0.0007954    0.001455    0.003351     0.02847 
u_mul_wallace/g_w3[1].u_csa
                               0.0004347   0.0002564    0.001143    0.001834     0.01558 
u_mul_wallace/g_w3[2].u_csa
                               3.719e-05   2.171e-05   0.0007958   0.0008547    0.007262 
u_mul_wallace/g_w3[3].u_csa
                                       0           0    0.000458    0.000458    0.003891 
u_mul_wallace/g_w3[4].u_csa
                               1.504e-06   1.414e-06   0.0001227   0.0001256    0.001067 
u_mul_wallace/g_w4[0].u_csa
                                0.001167   0.0008393    0.001405    0.003411     0.02898 
u_mul_wallace/g_w4[1].u_csa
                               0.0001115   6.272e-05   0.0008923    0.001067    0.009062 
u_mul_wallace/g_w4[2].u_csa
                                1.29e-06   1.258e-06   0.0004085    0.000411    0.003492 
u_mul_wallace/g_w5[0].u_csa
                                0.001085   0.0007163    0.001344    0.003145     0.02672 
u_mul_wallace/g_w5[1].u_csa
                               8.752e-06    5.32e-06   0.0005515   0.0005656    0.004806 
u_mul_wallace/u_w6_csa          0.001001   0.0006273    0.001277    0.002905     0.02468 
u_mul_wallace/u_w7_csa         0.0009601   0.0005664    0.001212    0.002738     0.02327 
u_mul_wallace/u_w8_csa         0.0009168   0.0005463    0.001148    0.002611     0.02219 
u_mul_wallace/u_wallace_ks
                               0.0006809   0.0003372    0.001159    0.002177      0.0185 
u_mule2/g_ppm_reduce[1].u_ppm_csa
                                       0           0    0.001428    0.001428     0.01213 
u_mule2/g_ppm_reduce[2].u_ppm_csa
                                       0           0    0.001471    0.001471      0.0125 
u_mule2/g_ppm_reduce[3].u_ppm_csa
                                       0           0    0.001423    0.001423     0.01209 
u_mule2/g_ppm_reduce[4].u_ppm_csa
                                       0           0    0.001375    0.001375     0.01168 
u_mule2/g_ppm_reduce[5].u_ppm_csa
                                       0           0    0.001327    0.001327     0.01127 
u_mule2/g_ppm_reduce[6].u_ppm_csa
                                       0           0    0.001279    0.001279     0.01086 
u_mule2/g_ppm_reduce[7].u_ppm_csa
                                       0           0     0.00123     0.00123     0.01045 
u_mule2/g_ppm_reduce[8].u_ppm_csa
                                       0           0    0.001182    0.001182     0.01005 
u_mule2/g_ppm_reduce[9].u_ppm_csa
                                       0           0    0.001134    0.001134    0.009637 
u_mule2/g_ppm_reduce[10].u_ppm_csa
                                       0           0    0.001086    0.001086    0.009228 
u_mule2/g_ppm_reduce[11].u_ppm_csa
                                       0           0    0.001038    0.001038     0.00882 
u_mule2/g_ppm_reduce[12].u_ppm_csa
                                       0           0   0.0009899   0.0009899    0.008411 
u_mule2/g_ppm_reduce[13].u_ppm_csa
                                       0           0   0.0009418   0.0009418    0.008002 
u_mule2/g_ppm_reduce[14].u_ppm_csa
                                       0           0   0.0008937   0.0008937    0.007593 
u_mule2/g_ppm_reduce[15].u_ppm_csa
                                       0           0   0.0008456   0.0008456    0.007185 
u_mule2/u_feedback_csa0                0           0    0.001572    0.001572     0.01336 
u_mule2/u_feedback_csa1                0           0    0.001506    0.001506      0.0128 
u_mule2n/g_ppm_reduce[1].u_ppm_csa
                                       0           0    0.001428    0.001428     0.01213 
u_mule2n/g_ppm_reduce[2].u_ppm_csa
                                       0           0    0.001471    0.001471      0.0125 
u_mule2n/g_ppm_reduce[3].u_ppm_csa
                                       0           0    0.001423    0.001423     0.01209 
u_mule2n/g_ppm_reduce[4].u_ppm_csa
                                       0           0    0.001375    0.001375     0.01168 
u_mule2n/g_ppm_reduce[5].u_ppm_csa
                                       0           0    0.001327    0.001327     0.01127 
u_mule2n/g_ppm_reduce[6].u_ppm_csa
                                       0           0    0.001279    0.001279     0.01086 
u_mule2n/g_ppm_reduce[7].u_ppm_csa
                                       0           0     0.00123     0.00123     0.01045 
u_mule2n/g_ppm_reduce[8].u_ppm_csa
                                       0           0    0.001182    0.001182     0.01005 
u_mule2n/g_ppm_reduce[9].u_ppm_csa
                                       0           0    0.001134    0.001134    0.009637 
u_mule2n/g_ppm_reduce[10].u_ppm_csa
                                       0           0    0.001086    0.001086    0.009228 
u_mule2n/g_ppm_reduce[11].u_ppm_csa
                                       0           0    0.001038    0.001038     0.00882 
u_mule2n/g_ppm_reduce[12].u_ppm_csa
                                       0           0   0.0009899   0.0009899    0.008411 
u_mule2n/g_ppm_reduce[13].u_ppm_csa
                                       0           0   0.0009418   0.0009418    0.008002 
u_mule2n/g_ppm_reduce[14].u_ppm_csa
                                       0           0   0.0008937   0.0008937    0.007593 
u_mule2n/g_ppm_reduce[15].u_ppm_csa
                                       0           0   0.0008456   0.0008456    0.007185 
u_mule2n/u_feedback_csa0               0           0    0.001572    0.001572     0.01336 
u_mule2n/u_feedback_csa1               0           0    0.001506    0.001506      0.0128 
u_mule3/g_ppm_reduce[1].u_ppm_csa
                                       0           0    0.001428    0.001428     0.01213 
u_mule3/g_ppm_reduce[2].u_ppm_csa
                                       0           0    0.001471    0.001471      0.0125 
u_mule3/g_ppm_reduce[3].u_ppm_csa
                                       0           0    0.001423    0.001423     0.01209 
u_mule3/g_ppm_reduce[4].u_ppm_csa
                                       0           0    0.001375    0.001375     0.01168 
u_mule3/g_ppm_reduce[5].u_ppm_csa
                                       0           0    0.001327    0.001327     0.01127 
u_mule3/g_ppm_reduce[6].u_ppm_csa
                                       0           0    0.001279    0.001279     0.01086 
u_mule3/g_ppm_reduce[7].u_ppm_csa
                                       0           0     0.00123     0.00123     0.01045 
u_mule3/g_ppm_reduce[8].u_ppm_csa
                                       0           0    0.001182    0.001182     0.01005 
u_mule3/g_ppm_reduce[9].u_ppm_csa
                                       0           0    0.001134    0.001134    0.009637 
u_mule3/g_ppm_reduce[10].u_ppm_csa
                                       0           0    0.001086    0.001086    0.009228 
u_mule3/u_feedback_csa0                0           0    0.001572    0.001572     0.01336 
u_mule3/u_feedback_csa1                0           0    0.001505    0.001505     0.01279 
u_mule3n/g_ppm_reduce[1].u_ppm_csa
                               5.239e-05   2.711e-05    0.001429    0.001508     0.01281 
u_mule3n/g_ppm_reduce[2].u_ppm_csa
                                5.83e-05   3.825e-05    0.001473    0.001569     0.01333 
u_mule3n/g_ppm_reduce[3].u_ppm_csa
                               6.703e-05   4.138e-05    0.001425    0.001533     0.01303 
u_mule3n/g_ppm_reduce[4].u_ppm_csa
                               7.646e-05   4.772e-05    0.001377    0.001501     0.01276 
u_mule3n/g_ppm_reduce[5].u_ppm_csa
                               7.596e-05   4.731e-05    0.001329    0.001452     0.01234 
u_mule3n/g_ppm_reduce[6].u_ppm_csa
                               5.228e-05   3.324e-05     0.00128    0.001366      0.0116 
u_mule3n/g_ppm_reduce[7].u_ppm_csa
                               3.731e-05   2.461e-05    0.001231    0.001293     0.01099 
u_mule3n/g_ppm_reduce[8].u_ppm_csa
                               2.577e-05   1.586e-05    0.001183    0.001225      0.0104 
u_mule3n/g_ppm_reduce[9].u_ppm_csa
                               1.741e-05   1.188e-05    0.001135    0.001164    0.009889 
u_mule3n/g_ppm_reduce[10].u_ppm_csa
                                9.02e-06   7.104e-06    0.001086    0.001102    0.009367 
u_mule3n/u_feedback_csa0       0.0001001   6.221e-05    0.001574    0.001736     0.01475 
u_mule3n/u_feedback_csa1       0.0001335   0.0001067    0.001505    0.001745     0.01483 
u_mule5/g_ppm_reduce[1].u_ppm_csa
                                       0           0    0.001428    0.001428     0.01213 
u_mule5/g_ppm_reduce[2].u_ppm_csa
                                       0           0    0.001471    0.001471      0.0125 
u_mule5/g_ppm_reduce[3].u_ppm_csa
                                       0           0    0.001423    0.001423     0.01209 
u_mule5/g_ppm_reduce[4].u_ppm_csa
                                       0           0    0.001375    0.001375     0.01168 
u_mule5/g_ppm_reduce[5].u_ppm_csa
                                       0           0    0.001327    0.001327     0.01127 
u_mule5/g_ppm_reduce[6].u_ppm_csa
                                       0           0    0.001279    0.001279     0.01086 
u_mule5/u_feedback_csa0                0           0    0.001572    0.001572     0.01336 
u_mule5/u_feedback_csa1                0           0    0.001511    0.001511     0.01284 
u_mule5n/g_ppm_reduce[1].u_ppm_csa
                                       0           0    0.001428    0.001428     0.01213 
u_mule5n/g_ppm_reduce[2].u_ppm_csa
                                       0           0    0.001471    0.001471      0.0125 
u_mule5n/g_ppm_reduce[3].u_ppm_csa
                                       0           0    0.001423    0.001423     0.01209 
u_mule5n/g_ppm_reduce[4].u_ppm_csa
                                       0           0    0.001375    0.001375     0.01168 
u_mule5n/g_ppm_reduce[5].u_ppm_csa
                                       0           0    0.001327    0.001327     0.01127 
u_mule5n/g_ppm_reduce[6].u_ppm_csa
                                       0           0    0.001279    0.001279     0.01086 
u_mule5n/u_feedback_csa0               0           0    0.001572    0.001572     0.01336 
u_mule5n/u_feedback_csa1               0           0    0.001511    0.001511     0.01284 
u_mulp/g_rows[1].u_csa         0.0004596    0.000238    0.001434    0.002132     0.01811 
u_mulp/g_rows[2].u_csa         0.0005247   0.0003169    0.001488     0.00233     0.01979 
u_mulp/g_rows[3].u_csa         0.0006456   0.0003938    0.001445    0.002485     0.02111 
u_mulp/g_rows[4].u_csa         0.0007277   0.0004503    0.001401    0.002578     0.02191 
u_mulp/g_rows[5].u_csa         0.0008494   0.0005241    0.001357    0.002731      0.0232 
u_mulp/g_rows[6].u_csa         0.0008415   0.0005325    0.001306     0.00268     0.02277 
u_mulp/g_rows[7].u_csa         0.0008066   0.0005149    0.001256    0.002577      0.0219 
u_mulp/g_rows[8].u_csa         0.0007292   0.0004634    0.001204    0.002396     0.02036 
u_mulp/g_rows[9].u_csa         0.0007302    0.000473    0.001156     0.00236     0.02005 
u_mulp/g_rows[10].u_csa        0.0006889   0.0004506    0.001108    0.002247     0.01909 
u_mulp/g_rows[11].u_csa        0.0006052   0.0003894    0.001055     0.00205     0.01741 
u_mulp/g_rows[12].u_csa        0.0005688   0.0003914    0.001006    0.001967     0.01671 
u_mulp/g_rows[13].u_csa         0.000495   0.0003308   0.0009544     0.00178     0.01513 
u_mulp/g_rows[14].u_csa        0.0004277   0.0002933   0.0009038    0.001625      0.0138 
u_mulp/g_rows[15].u_csa        0.0003727   0.0002674   0.0008541    0.001494     0.01269 
u_mulp/g_rows[16].u_csa        0.0003209    0.000232   0.0008046    0.001357     0.01153 
u_mulp/g_rows[17].u_csa         0.000277   0.0002032   0.0007553    0.001235      0.0105 
u_mulp/g_rows[18].u_csa        0.0002277   0.0001687   0.0007057    0.001102    0.009364 
u_mulp/g_rows[19].u_csa        0.0001905   0.0001358   0.0006559   0.0009822    0.008345 
u_mulp/g_rows[20].u_csa        0.0001553   0.0001217   0.0006078   0.0008847    0.007517 
u_mulp/g_rows[21].u_csa        0.0001317    0.000102   0.0005591   0.0007928    0.006736 
u_mulp/g_rows[22].u_csa        0.0001095    9.03e-05   0.0005105   0.0007103    0.006035 
u_mulp/g_rows[23].u_csa        8.838e-05   6.809e-05    0.000462   0.0006185    0.005255 
u_mulp/g_rows[24].u_csa        7.056e-05   5.798e-05   0.0004136   0.0005421    0.004606 
u_mulp/g_rows[25].u_csa        5.532e-05   4.491e-05   0.0003652   0.0004654    0.003954 
u_mulp/g_rows[26].u_csa        4.243e-05   3.828e-05   0.0003168   0.0003975    0.003377 
u_mulp/g_rows[27].u_csa        3.863e-05   3.809e-05   0.0002686   0.0003453    0.002934 
u_mulp/g_rows[28].u_csa        3.415e-05   3.263e-05   0.0002204   0.0002872     0.00244 
u_mulp/g_rows[29].u_csa        3.025e-05   2.792e-05   0.0001723   0.0002304    0.001958 
u_mulp/g_rows[30].u_csa        2.653e-05   3.448e-05   0.0001241   0.0001851    0.001573 
u_mulp/g_rows[31].u_csa        2.913e-05   1.936e-05   7.618e-05   0.0001247    0.001059 
u_mulr/g_bw[1].u_csa            0.000416   0.0001989    0.001247    0.001861     0.01582 
u_mulr/g_bw[2].u_csa           0.0004973   0.0002907    0.001439    0.002227     0.01892 
u_mulr/g_bw[3].u_csa           0.0006494   0.0003837    0.001445    0.002478     0.02106 
u_mulr/g_bw[4].u_csa           0.0007318   0.0004561    0.001401    0.002588     0.02199 
u_mulr/g_bw[5].u_csa           0.0008537   0.0005272    0.001357    0.002738     0.02327 
u_mulr/g_bw[6].u_csa           0.0008438   0.0005158    0.001306    0.002666     0.02265 
u_mulr/g_bw[7].u_csa           0.0008092   0.0005096    0.001256    0.002574     0.02187 
u_mulr/g_bw[8].u_csa           0.0007299   0.0004492    0.001204    0.002383     0.02024 
u_mulr/g_bw[9].u_csa           0.0007322   0.0004585    0.001156    0.002347     0.01994 
u_mulr/g_bw[10].u_csa          0.0006906   0.0004361    0.001108    0.002234     0.01898 
u_mulr/g_bw[11].u_csa          0.0005985   0.0003836    0.001056    0.002038     0.01731 
u_mulr/g_bw[12].u_csa          0.0005691   0.0003538    0.001006    0.001929     0.01639 
u_mulr/g_bw[13].u_csa          0.0004946   0.0003065   0.0009544    0.001755     0.01492 
u_mulr/g_bw[14].u_csa          0.0004335    0.000251   0.0009032    0.001588     0.01349 
u_mulr/g_bw[15].u_csa          0.0003775   0.0002113   0.0008535    0.001442     0.01225 
u_mulr/g_bw[16].u_csa          0.0003257   0.0001885    0.000804    0.001318      0.0112 
u_mulr/g_bw[17].u_csa          0.0002813   0.0001588   0.0007547    0.001195     0.01015 
u_mulr/g_bw[18].u_csa          0.0002265   0.0001328   0.0007057    0.001065    0.009048 
u_mulr/g_bw[19].u_csa          0.0001823   0.0001166   0.0006565   0.0009554    0.008117 
u_mulr/g_bw[20].u_csa          0.0001619   8.757e-05   0.0006071   0.0008566    0.007278 
u_mulr/g_bw[21].u_csa          0.0001385   7.113e-05   0.0005585   0.0007681    0.006526 
u_mulr/g_bw[22].u_csa           0.000109   7.223e-05   0.0005105   0.0006918    0.005877 
u_mulr/g_bw[23].u_csa          8.803e-05   5.764e-05    0.000462   0.0006077    0.005163 
u_mulr/g_bw[24].u_csa          7.019e-05   4.781e-05   0.0004136   0.0005316    0.004516 
u_mulr/g_bw[25].u_csa          5.524e-05   3.896e-05   0.0003652   0.0004594    0.003903 
u_mulr/g_bw[26].u_csa          4.229e-05   3.365e-05   0.0003168   0.0003927    0.003337 
u_mulr/g_bw[27].u_csa          3.847e-05   3.169e-05   0.0002686   0.0003388    0.002878 
u_mulr/g_bw[28].u_csa          3.406e-05    2.88e-05   0.0002204   0.0002833    0.002407 
u_mulr/g_bw[29].u_csa          3.014e-05   2.678e-05   0.0001723   0.0002292    0.001947 
u_mulr/g_bw[30].u_csa          2.646e-05   2.847e-05   0.0001241    0.000179    0.001521 
u_mulr/g_bw[31].u_csa          2.908e-05   2.419e-05   7.618e-05   0.0001295      0.0011 
u_mulr/g_wb1[0].u_csa          0.0005695   0.0003894     0.00149    0.002448      0.0208 
u_mulr/g_wb1[1].u_csa          0.0007996   0.0004589    0.001403    0.002662     0.02261 
u_mulr/g_wb1[2].u_csa          0.0004537   0.0002792    0.001245    0.001978     0.01681 
u_mulr/g_wb1[3].u_csa          0.0003879   0.0002748    0.001099    0.001761     0.01496 
u_mulr/g_wb1[4].u_csa          0.0001633   9.992e-05   0.0009459    0.001209     0.01027 
u_mulr/g_wb1[5].u_csa          4.151e-05   2.598e-05   0.0007974   0.0008649    0.007349 
u_mulr/g_wb1[6].u_csa                  0           0   0.0006518   0.0006518    0.005538 
u_mulr/g_wb1[7].u_csa                  0           0   0.0005075   0.0005075    0.004312 
u_mulr/g_wb1[8].u_csa                  0           0   0.0003266   0.0003266    0.002775 
u_mulr/g_wb1[9].u_csa                  0           0   0.0002188   0.0002188    0.001859 
u_mulr/g_wb2[0].u_csa           0.000952    0.000708    0.001499    0.003159     0.02684 
u_mulr/g_wb2[1].u_csa          0.0005253   0.0003078    0.001293    0.002126     0.01806 
u_mulr/g_wb2[2].u_csa          0.0004161   0.0002681     0.00105    0.001735     0.01474 
u_mulr/g_wb2[3].u_csa          4.245e-05   3.044e-05   0.0008441    0.000917    0.007791 
u_mulr/g_wb2[4].u_csa                  0           0   0.0006037   0.0006037    0.005129 
u_mulr/g_wb2[5].u_csa                  0           0   0.0004099   0.0004099    0.003483 
u_mulr/g_wb2[6].u_csa                  0           0   0.0001707   0.0001707    0.001451 
u_mulr/g_wb3[0].u_csa           0.001098   0.0007701    0.001455    0.003324     0.02824 
u_mulr/g_wb3[1].u_csa          0.0004338   0.0002505    0.001143    0.001827     0.01552 
u_mulr/g_wb3[2].u_csa           3.74e-05    2.45e-05   0.0007959   0.0008578    0.007288 
u_mulr/g_wb3[3].u_csa                  0           0    0.000458    0.000458    0.003891 
u_mulr/g_wb3[4].u_csa          1.509e-06   1.285e-06   0.0001227   0.0001255    0.001066 
u_mulr/g_wb4[0].u_csa           0.001167    0.000795    0.001405    0.003367     0.02861 
u_mulr/g_wb4[1].u_csa          0.0001127   6.236e-05    0.000892    0.001067    0.009066 
u_mulr/g_wb4[2].u_csa          1.295e-06   1.583e-06   0.0004085   0.0004114    0.003495 
u_mulr/g_wb5[0].u_csa            0.00108   0.0006674    0.001345    0.003093     0.02628 
u_mulr/g_wb5[1].u_csa          8.753e-06    5.38e-06   0.0005515   0.0005657    0.004806 
u_mulr/u_w6_csa                 0.000998   0.0005642    0.001278     0.00284     0.02413 
u_mulr/u_w7_csa                0.0009637   0.0005025     0.00122    0.002686     0.02282 
u_mulr/u_w8_csa                0.0009159   0.0004911    0.001148    0.002555     0.02171 
u_mulr/u_wallace_ks            0.0006896   0.0003136     0.00116    0.002163     0.01838 
u_frontend/u_decode/genblk1.u_fifo
                                  0.1388      0.0486     0.02661       0.214       1.818 
u_frontend/u_npc/BRANCH_PREDICTION.u_lru
                                0.009893    0.001693    0.001869     0.01346      0.1143 
u_frontend/u_decode/genblk1.u_dec0
                                0.001593    0.002175    0.002338    0.006107     0.05189 
u_frontend/u_decode/genblk1.u_dec1
                                0.001828    0.002593    0.002342    0.006763     0.05746 
 
 
-----------------------------------------------------------------------------------------
*	Power Distribution Summary: 
*              Highest Average Power:           u_issue/g109754 (AND3_X2):         0.006346
*              Highest Leakage Power:           u_issue/g162069 (AND4_X4):        0.0001893
*                Total Cap:      4.36518e-10 F
*                Total instances in design: 58275
*                Total instances in design with no power:     0
*                Total instances in design with no activty:     0

*                Total Fillers and Decap:     0
-----------------------------------------------------------------------------------------
 
** INFO:  (VOLTUS_POWR-3465): There are 0 decaps and 0 fillers in the design

Ended Static Power Report Generation: (cpu=0:00:00, real=0:00:00,
mem(process/total/peak)=3160.26MB/8132.77MB/3234.32MB)

