env CDS_WORKAREA is set to /home/ykaraagac/cadence-bitirme/Flows/NanGate45/biriscv_2mul_vs_hybrid/scripts/cadence
             0V	    VSS
           1.1V	    VDD
Using Power View WC_VIEW
.
Load RC corner of view WC_VIEW

Begin Power Analysis

             0V	    VSS
           1.1V	    VDD

Begin Processing Timing Library for Power Calculation

Ended Processing Timing Library for Power Calculation: (cpu=0:00:00, real=0:00:00, mem(process/total/peak)=2788.51MB/5984.67MB/2806.38MB)



Begin Processing Power Net/Grid for Power Calculation

Ended Processing Power Net/Grid for Power Calculation: (cpu=0:00:00, real=0:00:00, mem(process/total/peak)=2788.51MB/5984.67MB/2806.38MB)

Begin Processing Timing Window Data for Power Calculation

clk(100MHz) CK: assigning clock clk to net clk_i
Ended Processing Timing Window Data for Power Calculation: (cpu=0:00:00, real=0:00:00, mem(process/total/peak)=2788.51MB/5984.67MB/2806.38MB)

Begin Processing User Attributes

Ended Processing User Attributes: (cpu=0:00:00, real=0:00:00, mem(process/total/peak)=2788.51MB/5984.67MB/2806.38MB)

Begin Processing Signal Activity


Starting Activity Propagation
2026-Jun-08 22:07:01 (2026-Jun-08 22:07:01 GMT)
2026-Jun-08 22:07:01 (2026-Jun-08 22:07:01 GMT): 10%
2026-Jun-08 22:07:01 (2026-Jun-08 22:07:01 GMT): 20%

Finished Activity Propagation
2026-Jun-08 22:07:01 (2026-Jun-08 22:07:01 GMT)

Activity annotation summary:
        Primary Inputs : 180/180 = 100%
          Flop outputs : 1909/10414 = 18.3311%
  Memory/Macro outputs : 0/0 = 0%
      Tristate outputs : 0/0 = 0%
            Total Nets : 3867/35059 = 11.03%

Ended Processing Signal Activity: (cpu=0:00:00, real=0:00:00, mem(process/total/peak)=2788.51MB/5984.67MB/2806.38MB)

Begin Power Computation

      ----------------------------------------------------------
      # of cell(s) missing both power/leakage table: 0
      # of cell(s) missing power table: 0
      # of cell(s) missing leakage table: 0
      ----------------------------------------------------------



Starting Calculating power
2026-Jun-08 22:07:01 (2026-Jun-08 22:07:01 GMT)
 ... Calculating switching power
2026-Jun-08 22:07:01 (2026-Jun-08 22:07:01 GMT): 10%
2026-Jun-08 22:07:01 (2026-Jun-08 22:07:01 GMT): 20%
2026-Jun-08 22:07:01 (2026-Jun-08 22:07:01 GMT): 30%
2026-Jun-08 22:07:01 (2026-Jun-08 22:07:01 GMT): 40%
2026-Jun-08 22:07:02 (2026-Jun-08 22:07:02 GMT): 50%
 ... Calculating internal and leakage power
2026-Jun-08 22:07:02 (2026-Jun-08 22:07:02 GMT): 60%
2026-Jun-08 22:07:02 (2026-Jun-08 22:07:02 GMT): 70%
2026-Jun-08 22:07:04 (2026-Jun-08 22:07:04 GMT): 80%
2026-Jun-08 22:07:04 (2026-Jun-08 22:07:04 GMT): 90%

Finished Calculating power
2026-Jun-08 22:07:05 (2026-Jun-08 22:07:05 GMT)
      # of MSMV cell(s) missing power_level: 0
Ended Power Computation: (cpu=0:00:03, real=0:00:03, mem(process/total/peak)=2788.51MB/5984.67MB/2806.38MB)

Begin Processing User Attributes

Begin Processing set_power
Ended Processing set_power: (cpu=0:00:00, real=0:00:00,
mem(process/total/peak)=2788.51MB/5984.67MB/2806.38MB)
Ended Processing User Attributes: (cpu=0:00:00, real=0:00:00, mem(process/total/peak)=2788.51MB/5984.67MB/2806.38MB)

Ended Power Analysis: (cpu=0:00:04, real=0:00:04, mem(process/total/peak)=2788.51MB/5984.67MB/2806.38MB)

Begin Boundary Leakage Calculation
Ended Boundary Leakage Calculation: (cpu=0:00:00, real=0:00:00,
mem(process/total/peak)=2788.51MB/5984.67MB/2806.38MB)
Begin Static Power Report Generation
*----------------------------------------------------------------------------------------
*	Innovus 25.12-s079_1 (64bit) 11/18/2025 12:56 (Linux 4.18.0-305.el8.x86_64)
*	
*
* 	Date & Time:	2026-Jun-08 22:07:05 (2026-Jun-08 22:07:05 GMT)
*
*----------------------------------------------------------------------------------------
*
*	Design: riscv_core
*
*	Liberty Libraries used:
*	        /home/ykaraagac/cadence-bitirme/Enablements/NanGate45/lib/NangateOpenCellLibrary_typical.lib
*
*	Parasitic Files used:
*
*       Dynamic View: WC_VIEW
*
*       Leakage View: WC_VIEW
*
*       User-Defined Activity : N.A.
*
*	Switching Activity File used:
*	        /home/ykaraagac/cadence-bitirme/Flows/NanGate45/biriscv_2mul_vs_hybrid/scripts/cadence/outputs/job6_selective_runs/unrolled_dot64_selective_latency_hidden_mule/vcd/core_hybrid.vcd
*                  Vcd Window used(Start Time, Stop Time):  
*                Vcd Scale Factor: 1
*
*       Hierarchical Global Activity: N.A.
*
*       Global Activity: N.A.
*
*       Sequential Element Activity: 0.200000
*
*       Primary Input Activity: 0.200000
*
*       Default icg ratio: N.A.
*
*       Global Comb ClockGate Ratio: N.A.
*
*	Power Units = 1mW
*
*	Time Units = 1e-09 secs
*
*       report_power -hierarchy all
*
-----------------------------------------------------------------------------------------
*



Total Power
-----------------------------------------------------------------------------------------
Total Internal Power:        4.39073040 	   53.4156%
Total Switching Power:       2.64531566 	   32.1817%
Total Leakage Power:         1.18388689 	   14.4026%
Total Power:                 8.21993295
-----------------------------------------------------------------------------------------


Group                           Internal   Switching     Leakage       Total  Percentage 
                                Power      Power         Power         Power  (%)        
-----------------------------------------------------------------------------------------
Sequential                         2.871       0.379      0.4993        3.75       45.62
Macro                                  0           0           0           0           0
IO                                     0           0           0           0           0
Combinational                      1.043       1.286      0.6706       2.999       36.49
Clock (Combinational)             0.4766      0.9803     0.01403       1.471        17.9
Clock (Sequential)                     0           0           0           0           0
-----------------------------------------------------------------------------------------
Total                              4.391       2.645       1.184        8.22         100
-----------------------------------------------------------------------------------------


Clock                           Internal   Switching     Leakage       Total  Percentage 
                                Power      Power         Power         Power  (%)        
-----------------------------------------------------------------------------------------
clk                               0.4766      0.9803     0.01403       1.471        17.9
-----------------------------------------------------------------------------------------
Total                             0.4766      0.9803     0.01403       1.471        17.9
-----------------------------------------------------------------------------------------
Clock: clk
Clock Period: 0.010000 usec 
Clock Toggle Rate:   200.0000 Mhz 
Clock Static Probability:  0.5000
  


Rail                  Voltage   Internal   Switching     Leakage       Total  Percentage 
                                Power      Power         Power         Power  (%)        
-----------------------------------------------------------------------------------------
VDD                       1.1      4.391       2.645       1.184        8.22         100


Hierarchy                       Internal   Switching     Leakage       Total  Percentage 
                                Power      Power         Power         Power  (%)        
-----------------------------------------------------------------------------------------
u_csr                             0.1939     0.02688     0.06063      0.2815       3.424 
u_div                              0.138     0.02876     0.04571      0.2125       2.585 
u_exec0                          0.08389     0.06872     0.04243       0.195       2.373 
u_exec1                          0.07436     0.05587     0.04129      0.1715       2.087 
u_frontend                         1.851      0.8246      0.4619       3.137       38.17 
u_issue                            1.234      0.8317       0.375       2.441        29.7 
u_lsu                            0.09918      0.0431     0.02779      0.1701       2.069 
u_mul                              0.482      0.4258     0.08577      0.9936       12.09 
u_mule                           0.07794     0.02122     0.03846      0.1376       1.674 
u_csr/u_csrfile                   0.1338     0.01074     0.04428      0.1888       2.297 
u_frontend/u_decode               0.1412     0.05012     0.03018      0.2215       2.695 
u_frontend/u_fetch                0.1073     0.02543     0.02773      0.1604       1.952 
u_frontend/u_npc                   1.567      0.6799      0.4027       2.649       32.23 
u_issue/u_pipe0_ctrl              0.1763     0.03909     0.04219      0.2576       3.134 
u_issue/u_pipe1_ctrl              0.1017     0.01979     0.02763      0.1491       1.814 
u_issue/u_regfile                 0.8361      0.5121      0.2373       1.585       19.29 
u_lsu/u_lsu_request              0.03986    0.006291    0.009369     0.05552      0.6755 
u_exec0/u_alu                    0.03234     0.04295     0.02063     0.09592       1.167 
u_exec1/u_alu                    0.01859     0.02643     0.02019     0.06521      0.7934 
u_frontend/u_decode/genblk1.u_fifo
                                   0.136     0.04507     0.02532      0.2064       2.511 
u_frontend/u_npc/BRANCH_PREDICTION.u_lru
                                 0.01098    0.001685    0.001927     0.01459      0.1776 
u_frontend/u_decode/genblk1.u_dec0
                                0.001254    0.001348    0.001642    0.004244     0.05163 
u_frontend/u_decode/genblk1.u_dec1
                                0.001559    0.002051    0.001662    0.005272     0.06413 
 
 
-----------------------------------------------------------------------------------------
*	Power Distribution Summary: 
*              Highest Average Power:            u_issue/g31226 (AND2_X2):         0.004687
*              Highest Leakage Power:            u_issue/g33248 (AND4_X4):        0.0001893
*                Total Cap:      2.19821e-10 F
*                Total instances in design: 28954
*                Total instances in design with no power:     0
*                Total instances in design with no activty:     0

*                Total Fillers and Decap:     0
-----------------------------------------------------------------------------------------
 
** INFO:  (VOLTUS_POWR-3465): There are 0 decaps and 0 fillers in the design

Ended Static Power Report Generation: (cpu=0:00:00, real=0:00:00,
mem(process/total/peak)=2788.51MB/5984.67MB/2806.38MB)

