env CDS_WORKAREA is set to /home/ykaraagac/cadence-bitirme/Flows/NanGate45/biriscv_2mul_vs_hybrid/scripts/cadence
             0V	    VSS
           1.1V	    VDD
Using Power View WC_VIEW
.
Load RC corner of view WC_VIEW

Begin Power Analysis

             0V	    VSS
           1.1V	    VDD

Begin Processing Timing Library for Power Calculation

Ended Processing Timing Library for Power Calculation: (cpu=0:00:00, real=0:00:00, mem(process/total/peak)=2799.09MB/8681.79MB/2799.09MB)



Begin Processing Power Net/Grid for Power Calculation

Ended Processing Power Net/Grid for Power Calculation: (cpu=0:00:00, real=0:00:00, mem(process/total/peak)=2799.09MB/8681.79MB/2799.09MB)

Begin Processing Timing Window Data for Power Calculation

clk(100MHz) CK: assigning clock clk to net clk_i
Ended Processing Timing Window Data for Power Calculation: (cpu=0:00:00, real=0:00:00, mem(process/total/peak)=2799.09MB/8681.79MB/2799.09MB)

Begin Processing User Attributes

Ended Processing User Attributes: (cpu=0:00:00, real=0:00:00, mem(process/total/peak)=2799.09MB/8681.79MB/2799.09MB)

Begin Processing Signal Activity


Starting Activity Propagation
2026-Jun-08 22:07:09 (2026-Jun-08 22:07:09 GMT)
2026-Jun-08 22:07:10 (2026-Jun-08 22:07:10 GMT): 10%
2026-Jun-08 22:07:10 (2026-Jun-08 22:07:10 GMT): 20%

Finished Activity Propagation
2026-Jun-08 22:07:10 (2026-Jun-08 22:07:10 GMT)

Activity annotation summary:
        Primary Inputs : 180/180 = 100%
          Flop outputs : 1909/10414 = 18.3311%
  Memory/Macro outputs : 0/0 = 0%
      Tristate outputs : 0/0 = 0%
            Total Nets : 3867/35059 = 11.03%

Ended Processing Signal Activity: (cpu=0:00:00, real=0:00:00, mem(process/total/peak)=2799.09MB/8681.79MB/2799.09MB)

Begin Power Computation

      ----------------------------------------------------------
      # of cell(s) missing both power/leakage table: 0
      # of cell(s) missing power table: 0
      # of cell(s) missing leakage table: 0
      ----------------------------------------------------------



Starting Calculating power
2026-Jun-08 22:07:10 (2026-Jun-08 22:07:10 GMT)
 ... Calculating switching power
2026-Jun-08 22:07:10 (2026-Jun-08 22:07:10 GMT): 10%
2026-Jun-08 22:07:10 (2026-Jun-08 22:07:10 GMT): 20%
2026-Jun-08 22:07:10 (2026-Jun-08 22:07:10 GMT): 30%
2026-Jun-08 22:07:10 (2026-Jun-08 22:07:10 GMT): 40%
2026-Jun-08 22:07:10 (2026-Jun-08 22:07:10 GMT): 50%
 ... Calculating internal and leakage power
2026-Jun-08 22:07:11 (2026-Jun-08 22:07:11 GMT): 60%
2026-Jun-08 22:07:11 (2026-Jun-08 22:07:11 GMT): 70%
2026-Jun-08 22:07:12 (2026-Jun-08 22:07:12 GMT): 80%
2026-Jun-08 22:07:13 (2026-Jun-08 22:07:13 GMT): 90%

Finished Calculating power
2026-Jun-08 22:07:13 (2026-Jun-08 22:07:13 GMT)
      # of MSMV cell(s) missing power_level: 0
Ended Power Computation: (cpu=0:00:03, real=0:00:03, mem(process/total/peak)=2799.09MB/8681.79MB/2799.09MB)

Begin Processing User Attributes

Begin Processing set_power
Ended Processing set_power: (cpu=0:00:00, real=0:00:00,
mem(process/total/peak)=2799.09MB/8681.79MB/2799.09MB)
Ended Processing User Attributes: (cpu=0:00:00, real=0:00:00, mem(process/total/peak)=2799.09MB/8681.79MB/2799.09MB)

Ended Power Analysis: (cpu=0:00:04, real=0:00:04, mem(process/total/peak)=2799.09MB/8681.79MB/2799.09MB)

Begin Boundary Leakage Calculation
Ended Boundary Leakage Calculation: (cpu=0:00:00, real=0:00:00,
mem(process/total/peak)=2799.09MB/8681.79MB/2799.09MB)
Begin Static Power Report Generation
*----------------------------------------------------------------------------------------
*	Innovus 25.12-s079_1 (64bit) 11/18/2025 12:56 (Linux 4.18.0-305.el8.x86_64)
*	
*
* 	Date & Time:	2026-Jun-08 22:07:13 (2026-Jun-08 22:07:13 GMT)
*
*----------------------------------------------------------------------------------------
*
*	Design: riscv_core
*
*	Liberty Libraries used:
*	        /home/ykaraagac/cadence-bitirme/Enablements/NanGate45/lib/NangateOpenCellLibrary_typical.lib
*
*	Parasitic Files used:
*
*       Dynamic View: WC_VIEW
*
*       Leakage View: WC_VIEW
*
*       User-Defined Activity : N.A.
*
*	Switching Activity File used:
*	        /home/ykaraagac/cadence-bitirme/Flows/NanGate45/biriscv_2mul_vs_hybrid/scripts/cadence/outputs/job6_selective_runs/multi_accumulator/vcd/core_hybrid.vcd
*                  Vcd Window used(Start Time, Stop Time):  
*                Vcd Scale Factor: 1
*
*       Hierarchical Global Activity: N.A.
*
*       Global Activity: N.A.
*
*       Sequential Element Activity: 0.200000
*
*       Primary Input Activity: 0.200000
*
*       Default icg ratio: N.A.
*
*       Global Comb ClockGate Ratio: N.A.
*
*	Power Units = 1mW
*
*	Time Units = 1e-09 secs
*
*       report_power -hierarchy all
*
-----------------------------------------------------------------------------------------
*



Total Power
-----------------------------------------------------------------------------------------
Total Internal Power:        4.44363286 	   53.2081%
Total Switching Power:       2.72328284 	   32.6086%
Total Leakage Power:         1.18450017 	   14.1832%
Total Power:                 8.35141587
-----------------------------------------------------------------------------------------


Group                           Internal   Switching     Leakage       Total  Percentage 
                                Power      Power         Power         Power  (%)        
-----------------------------------------------------------------------------------------
Sequential                         2.863      0.3871      0.4993       3.749       44.89
Macro                                  0           0           0           0           0
IO                                     0           0           0           0           0
Combinational                      1.104       1.356      0.6712       3.131        37.5
Clock (Combinational)             0.4766      0.9803     0.01403       1.471       17.61
Clock (Sequential)                     0           0           0           0           0
-----------------------------------------------------------------------------------------
Total                              4.444       2.723       1.185       8.351         100
-----------------------------------------------------------------------------------------


Clock                           Internal   Switching     Leakage       Total  Percentage 
                                Power      Power         Power         Power  (%)        
-----------------------------------------------------------------------------------------
clk                               0.4766      0.9803     0.01403       1.471       17.61
-----------------------------------------------------------------------------------------
Total                             0.4766      0.9803     0.01403       1.471       17.61
-----------------------------------------------------------------------------------------
Clock: clk
Clock Period: 0.010000 usec 
Clock Toggle Rate:   200.0000 Mhz 
Clock Static Probability:  0.5000
  


Rail                  Voltage   Internal   Switching     Leakage       Total  Percentage 
                                Power      Power         Power         Power  (%)        
-----------------------------------------------------------------------------------------
VDD                       1.1      4.444       2.723       1.185       8.351         100


Hierarchy                       Internal   Switching     Leakage       Total  Percentage 
                                Power      Power         Power         Power  (%)        
-----------------------------------------------------------------------------------------
u_csr                              0.193     0.02509     0.06058      0.2786       3.336 
u_div                              0.139      0.0289     0.04568      0.2135       2.557 
u_exec0                          0.09146     0.07484     0.04264      0.2089       2.502 
u_exec1                          0.09539     0.08411     0.04135      0.2208       2.644 
u_frontend                          1.84      0.8098      0.4618       3.111       37.26 
u_issue                            1.257      0.8862      0.3756       2.519       30.16 
u_lsu                            0.09797     0.04094     0.02791      0.1668       1.998 
u_mul                              0.505      0.4459     0.08604       1.037       12.42 
u_mule                           0.06897    0.008983     0.03798      0.1159       1.388 
u_csr/u_csrfile                   0.1334     0.01061     0.04429      0.1883       2.255 
u_frontend/u_decode               0.1355     0.04273     0.03022      0.2084       2.496 
u_frontend/u_fetch                0.1027     0.02055     0.02763      0.1509       1.807 
u_frontend/u_npc                   1.566      0.6775      0.4026       2.646       31.69 
u_issue/u_pipe0_ctrl              0.1742     0.03683     0.04265      0.2537       3.037 
u_issue/u_pipe1_ctrl             0.09918      0.0202     0.02762       0.147        1.76 
u_issue/u_regfile                 0.8554      0.5481      0.2372       1.641       19.65 
u_lsu/u_lsu_request              0.03845    0.004911    0.009329     0.05269       0.631 
u_exec0/u_alu                    0.03676     0.04617     0.02067      0.1036        1.24 
u_exec1/u_alu                    0.03173     0.04445     0.02021     0.09639       1.154 
u_frontend/u_decode/genblk1.u_fifo
                                  0.1322     0.03989     0.02531      0.1974       2.364 
u_frontend/u_npc/BRANCH_PREDICTION.u_lru
                                 0.01049    0.001538    0.001929     0.01395      0.1671 
u_frontend/u_decode/genblk1.u_dec0
                               0.0007651   0.0007638    0.001685    0.003214     0.03848 
u_frontend/u_decode/genblk1.u_dec1
                               0.0007712    0.000872    0.001683    0.003326     0.03983 
 
 
-----------------------------------------------------------------------------------------
*	Power Distribution Summary: 
*              Highest Average Power: u_frontend/u_npc/FE_OFC1066_branch_info_source_w_2 (CLKBUF_X3):         0.006027
*              Highest Leakage Power:            u_issue/g33248 (AND4_X4):        0.0001893
*                Total Cap:      2.19821e-10 F
*                Total instances in design: 28954
*                Total instances in design with no power:     0
*                Total instances in design with no activty:     0

*                Total Fillers and Decap:     0
-----------------------------------------------------------------------------------------
 
** INFO:  (VOLTUS_POWR-3465): There are 0 decaps and 0 fillers in the design

Ended Static Power Report Generation: (cpu=0:00:00, real=0:00:00,
mem(process/total/peak)=2799.09MB/8681.79MB/2799.09MB)

