

Working Directory = /home/ziyx/cadence-bitirme/Flows/ASAP7/biriscv-2alts/scripts/cadence
QoS Summary for riscv_core
================================================================================
Metric                          final          
================================================================================
Slack (ps):                 1,997,410
  R2R (ps):                 1,997,410
  I2R (ps):                  no_value
  R2O (ps):                  no_value
  I2O (ps):                  no_value
  CG  (ps):                  no_value
TNS (ps):                           0
  R2R (ps):                         0
  I2R (ps):                  no_value
  R2O (ps):                  no_value
  I2O (ps):                  no_value
  CG  (ps):                  no_value
Failing Paths:                      0
Cell Area:                      4,124
Total Cell Area:                4,124
Leaf Instances:                29,856
Total Instances:               29,856
Utilization (%):                 0.00
Tot. Net Length (um):        no_value
Avg. Net Length (um):        no_value
Route Overflow H (%):        no_value
Route Overflow V (%):        no_value
MBCI(%) (bits/gate) :            0.00
Norm Cong Hotspot Area:
  Max Cong:                  no_value
  Tot Cong:                  no_value
================================================================================
CPU  Runtime (h:m:s):        00:12:46
Real Runtime (h:m:s):        00:09:25
CPU  Elapsed (h:m:s):        00:12:48
Real Elapsed (h:m:s):        00:09:25
Memory (MB):                  2384.25
================================================================================
================================================================================
Flow Settings:
================================================================================
Total Runtime (h:m:s): 00:09:25
Total Memory (MB):     2384.25
Executable Version:    23.13-s073_1
================================================================================
Total Cell Area =  Cell Area + Physical Cell Area
Total Instances =  Leaf Instances + Physical Instances


