env CDS_WORKAREA is set to /home/ykaraagac/cadence-bitirme/Flows/NanGate45/biriscv_2mul_vs_hybrid/scripts/cadence
             0V	    VSS
           1.1V	    VDD
Using Power View WC_VIEW
.
Load RC corner of view WC_VIEW

Begin Power Analysis

             0V	    VSS
           1.1V	    VDD

Begin Processing Timing Library for Power Calculation

Ended Processing Timing Library for Power Calculation: (cpu=0:00:00, real=0:00:00, mem(process/total/peak)=2794.12MB/8680.51MB/5956.34MB)



Begin Processing Power Net/Grid for Power Calculation

Ended Processing Power Net/Grid for Power Calculation: (cpu=0:00:00, real=0:00:00, mem(process/total/peak)=2794.12MB/8680.51MB/5956.34MB)

Begin Processing Timing Window Data for Power Calculation

clk(100MHz) CK: assigning clock clk to net clk_i
Ended Processing Timing Window Data for Power Calculation: (cpu=0:00:00, real=0:00:00, mem(process/total/peak)=2794.12MB/8680.51MB/5956.34MB)

Begin Processing User Attributes

Ended Processing User Attributes: (cpu=0:00:00, real=0:00:00, mem(process/total/peak)=2794.12MB/8680.51MB/5956.34MB)

Begin Processing Signal Activity


Starting Activity Propagation
2026-Jun-08 14:34:15 (2026-Jun-08 14:34:15 GMT)
2026-Jun-08 14:34:15 (2026-Jun-08 14:34:15 GMT): 10%
2026-Jun-08 14:34:15 (2026-Jun-08 14:34:15 GMT): 20%

Finished Activity Propagation
2026-Jun-08 14:34:16 (2026-Jun-08 14:34:16 GMT)

Activity annotation summary:
        Primary Inputs : 180/180 = 100%
          Flop outputs : 1909/10414 = 18.3311%
  Memory/Macro outputs : 0/0 = 0%
      Tristate outputs : 0/0 = 0%
            Total Nets : 3867/35059 = 11.03%

Ended Processing Signal Activity: (cpu=0:00:00, real=0:00:00, mem(process/total/peak)=2794.12MB/8680.51MB/5956.34MB)

Begin Power Computation

      ----------------------------------------------------------
      # of cell(s) missing both power/leakage table: 0
      # of cell(s) missing power table: 0
      # of cell(s) missing leakage table: 0
      ----------------------------------------------------------



Starting Calculating power
2026-Jun-08 14:34:16 (2026-Jun-08 14:34:16 GMT)
 ... Calculating switching power
2026-Jun-08 14:34:16 (2026-Jun-08 14:34:16 GMT): 10%
2026-Jun-08 14:34:16 (2026-Jun-08 14:34:16 GMT): 20%
2026-Jun-08 14:34:16 (2026-Jun-08 14:34:16 GMT): 30%
2026-Jun-08 14:34:16 (2026-Jun-08 14:34:16 GMT): 40%
2026-Jun-08 14:34:16 (2026-Jun-08 14:34:16 GMT): 50%
 ... Calculating internal and leakage power
2026-Jun-08 14:34:16 (2026-Jun-08 14:34:16 GMT): 60%
2026-Jun-08 14:34:17 (2026-Jun-08 14:34:17 GMT): 70%
2026-Jun-08 14:34:18 (2026-Jun-08 14:34:18 GMT): 80%
2026-Jun-08 14:34:18 (2026-Jun-08 14:34:18 GMT): 90%

Finished Calculating power
2026-Jun-08 14:34:19 (2026-Jun-08 14:34:19 GMT)
      # of MSMV cell(s) missing power_level: 0
Ended Power Computation: (cpu=0:00:03, real=0:00:03, mem(process/total/peak)=2794.12MB/8680.51MB/5956.34MB)

Begin Processing User Attributes

Begin Processing set_power
Ended Processing set_power: (cpu=0:00:00, real=0:00:00,
mem(process/total/peak)=2794.12MB/8680.51MB/5956.34MB)
Ended Processing User Attributes: (cpu=0:00:00, real=0:00:00, mem(process/total/peak)=2794.12MB/8680.51MB/5956.34MB)

Ended Power Analysis: (cpu=0:00:03, real=0:00:04, mem(process/total/peak)=2794.12MB/8680.51MB/5956.34MB)

Begin Boundary Leakage Calculation
Ended Boundary Leakage Calculation: (cpu=0:00:00, real=0:00:00,
mem(process/total/peak)=2794.12MB/8680.51MB/5956.34MB)
Begin Static Power Report Generation
*----------------------------------------------------------------------------------------
*	Innovus 25.12-s079_1 (64bit) 11/18/2025 12:56 (Linux 4.18.0-305.el8.x86_64)
*	
*
* 	Date & Time:	2026-Jun-08 14:34:19 (2026-Jun-08 14:34:19 GMT)
*
*----------------------------------------------------------------------------------------
*
*	Design: riscv_core
*
*	Liberty Libraries used:
*	        /home/ykaraagac/cadence-bitirme/Enablements/NanGate45/lib/NangateOpenCellLibrary_typical.lib
*
*	Parasitic Files used:
*
*       Dynamic View: WC_VIEW
*
*       Leakage View: WC_VIEW
*
*       User-Defined Activity : N.A.
*
*	Switching Activity File used:
*	        /home/ykaraagac/cadence-bitirme/Flows/NanGate45/biriscv_2mul_vs_hybrid/scripts/cadence/outputs/benchmark_runs/fir_direct/vcd/core_hybrid.vcd
*                  Vcd Window used(Start Time, Stop Time):  
*                Vcd Scale Factor: 1
*
*       Hierarchical Global Activity: N.A.
*
*       Global Activity: N.A.
*
*       Sequential Element Activity: 0.200000
*
*       Primary Input Activity: 0.200000
*
*       Default icg ratio: N.A.
*
*       Global Comb ClockGate Ratio: N.A.
*
*	Power Units = 1mW
*
*	Time Units = 1e-09 secs
*
*       report_power -hierarchy all
*
-----------------------------------------------------------------------------------------
*



Total Power
-----------------------------------------------------------------------------------------
Total Internal Power:        4.30313814 	   53.8672%
Total Switching Power:       2.50172304 	   31.3169%
Total Leakage Power:         1.18356231 	   14.8160%
Total Power:                 7.98842349
-----------------------------------------------------------------------------------------


Group                           Internal   Switching     Leakage       Total  Percentage 
                                Power      Power         Power         Power  (%)        
-----------------------------------------------------------------------------------------
Sequential                         2.861      0.3705      0.4992       3.731        46.7
Macro                                  0           0           0           0           0
IO                                     0           0           0           0           0
Combinational                     0.9657       1.151      0.6703       2.787       34.89
Clock (Combinational)             0.4766      0.9803     0.01403       1.471       18.41
Clock (Sequential)                     0           0           0           0           0
-----------------------------------------------------------------------------------------
Total                              4.303       2.502       1.184       7.988         100
-----------------------------------------------------------------------------------------


Clock                           Internal   Switching     Leakage       Total  Percentage 
                                Power      Power         Power         Power  (%)        
-----------------------------------------------------------------------------------------
clk                               0.4766      0.9803     0.01403       1.471       18.41
-----------------------------------------------------------------------------------------
Total                             0.4766      0.9803     0.01403       1.471       18.41
-----------------------------------------------------------------------------------------
Clock: clk
Clock Period: 0.010000 usec 
Clock Toggle Rate:   200.0000 Mhz 
Clock Static Probability:  0.5000
  


Rail                  Voltage   Internal   Switching     Leakage       Total  Percentage 
                                Power      Power         Power         Power  (%)        
-----------------------------------------------------------------------------------------
VDD                       1.1      4.303       2.502       1.184       7.988         100


Hierarchy                       Internal   Switching     Leakage       Total  Percentage 
                                Power      Power         Power         Power  (%)        
-----------------------------------------------------------------------------------------
u_csr                             0.1934     0.02727     0.06079      0.2814       3.523 
u_div                             0.1381     0.02994     0.04655      0.2146       2.686 
u_exec0                          0.06155     0.03915     0.04232       0.143        1.79 
u_exec1                          0.07046     0.04937     0.04137      0.1612       2.018 
u_frontend                         1.839       0.808      0.4619       3.109       38.91 
u_issue                             1.19      0.7522       0.374       2.316       28.99 
u_lsu                            0.09273     0.03403     0.02781      0.1546       1.935 
u_mul                             0.4933      0.4345     0.08584       1.014       12.69 
u_mule                           0.06898    0.008983     0.03796      0.1159       1.451 
u_csr/u_csrfile                   0.1336     0.01071     0.04435      0.1887       2.362 
u_frontend/u_decode               0.1368     0.04361     0.03019      0.2106       2.636 
u_frontend/u_fetch                0.1098     0.02951      0.0278      0.1671       2.092 
u_frontend/u_npc                   1.557      0.6661      0.4026       2.625       32.87 
u_issue/u_pipe0_ctrl              0.1708     0.03482      0.0418      0.2474       3.097 
u_issue/u_pipe1_ctrl             0.09863     0.01581     0.02756       0.142       1.778 
u_issue/u_regfile                 0.8146      0.4732      0.2372       1.525       19.09 
u_lsu/u_lsu_request               0.0377    0.004295    0.009376     0.05137       0.643 
u_exec0/u_alu                    0.01426      0.0199     0.02063      0.0548      0.6859 
u_exec1/u_alu                    0.01654     0.02125      0.0203      0.0581      0.7273 
u_frontend/u_decode/genblk1.u_fifo
                                  0.1332     0.04013      0.0253      0.1986       2.486 
u_frontend/u_npc/BRANCH_PREDICTION.u_lru
                                 0.01106    0.001706    0.001927     0.01469      0.1839 
u_frontend/u_decode/genblk1.u_dec0
                                0.001105    0.001164     0.00167    0.003939     0.04931 
u_frontend/u_decode/genblk1.u_dec1
                                0.001033    0.001324    0.001647    0.004004     0.05012 
 
 
-----------------------------------------------------------------------------------------
*	Power Distribution Summary: 
*              Highest Average Power:            u_issue/g33021 (AND3_X2):         0.004056
*              Highest Leakage Power:            u_issue/g33248 (AND4_X4):        0.0001893
*                Total Cap:      2.19821e-10 F
*                Total instances in design: 28954
*                Total instances in design with no power:     0
*                Total instances in design with no activty:     0

*                Total Fillers and Decap:     0
-----------------------------------------------------------------------------------------
 
** INFO:  (VOLTUS_POWR-3465): There are 0 decaps and 0 fillers in the design

Ended Static Power Report Generation: (cpu=0:00:00, real=0:00:00,
mem(process/total/peak)=2794.12MB/8680.51MB/5956.34MB)

