============================================================
  Generated by:           Genus(TM) Synthesis Solution 25.12-s067_1
  Generated on:           Mar 23 2026  05:58:26 pm
  Technology library:     NangateOpenCellLibrary revision 1.0
  Operating conditions:   typical (balanced_tree)
  Wireload mode:          enclosed
  Area mode:              timing library
============================================================

                                                      
   Gate    Instances    Area           Library        
------------------------------------------------------
AND2_X1          467   496.888 NangateOpenCellLibrary 
AND2_X2          250   332.500 NangateOpenCellLibrary 
AND2_X4           11    26.334 NangateOpenCellLibrary 
AND3_X1           36    47.880 NangateOpenCellLibrary 
AND3_X2           80   127.680 NangateOpenCellLibrary 
AND3_X4            2     5.852 NangateOpenCellLibrary 
AND4_X1           22    35.112 NangateOpenCellLibrary 
AND4_X2            6    11.172 NangateOpenCellLibrary 
AND4_X4            2     6.916 NangateOpenCellLibrary 
AOI211_X1         55    73.150 NangateOpenCellLibrary 
AOI211_X4          1     2.926 NangateOpenCellLibrary 
AOI21_X1         337   358.568 NangateOpenCellLibrary 
AOI221_X1       1060  1691.760 NangateOpenCellLibrary 
AOI222_X1        783  1666.224 NangateOpenCellLibrary 
AOI22_X1        5399  7180.670 NangateOpenCellLibrary 
BUF_X2             4     4.256 NangateOpenCellLibrary 
BUF_X4             2     3.724 NangateOpenCellLibrary 
CLKBUF_X1          1     0.798 NangateOpenCellLibrary 
CLKBUF_X2          1     1.064 NangateOpenCellLibrary 
CLKBUF_X3          4     5.320 NangateOpenCellLibrary 
DFFR_X1         1250  6650.000 NangateOpenCellLibrary 
DFFR_X2           41   239.932 NangateOpenCellLibrary 
DFFS_X1            8    42.560 NangateOpenCellLibrary 
DFFS_X2            1     5.586 NangateOpenCellLibrary 
DFF_X1           992  4485.824 NangateOpenCellLibrary 
FA_X1            652  2774.912 NangateOpenCellLibrary 
HA_X1             33    87.780 NangateOpenCellLibrary 
INV_X1          2724  1449.168 NangateOpenCellLibrary 
INV_X16            1     4.522 NangateOpenCellLibrary 
INV_X2           110    87.780 NangateOpenCellLibrary 
INV_X32            1     8.778 NangateOpenCellLibrary 
INV_X4            12    15.960 NangateOpenCellLibrary 
INV_X8             3     7.182 NangateOpenCellLibrary 
MUX2_X1          842  1567.804 NangateOpenCellLibrary 
MUX2_X2           39    93.366 NangateOpenCellLibrary 
NAND2_X1        1791  1429.218 NangateOpenCellLibrary 
NAND2_X2          64    85.120 NangateOpenCellLibrary 
NAND2_X4           7    16.758 NangateOpenCellLibrary 
NAND3_X1         322   342.608 NangateOpenCellLibrary 
NAND3_X2           4     7.448 NangateOpenCellLibrary 
NAND4_X1         905  1203.650 NangateOpenCellLibrary 
NOR2_X1         1266  1010.268 NangateOpenCellLibrary 
NOR2_X2            7     9.310 NangateOpenCellLibrary 
NOR2_X4            4     9.576 NangateOpenCellLibrary 
NOR3_X1          137   145.768 NangateOpenCellLibrary 
NOR3_X2            1     1.862 NangateOpenCellLibrary 
NOR4_X1          320   425.600 NangateOpenCellLibrary 
OAI211_X1        185   246.050 NangateOpenCellLibrary 
OAI21_X1        1438  1530.032 NangateOpenCellLibrary 
OAI21_X2           1     1.862 NangateOpenCellLibrary 
OAI221_X1        667  1064.532 NangateOpenCellLibrary 
OAI221_X4          1     3.458 NangateOpenCellLibrary 
OAI222_X1         29    61.712 NangateOpenCellLibrary 
OAI22_X1        1133  1506.890 NangateOpenCellLibrary 
OAI33_X1          24    44.688 NangateOpenCellLibrary 
OR2_X1           121   128.744 NangateOpenCellLibrary 
OR2_X2            31    41.230 NangateOpenCellLibrary 
OR2_X4             3     7.182 NangateOpenCellLibrary 
OR3_X1            22    29.260 NangateOpenCellLibrary 
OR3_X2             5     7.980 NangateOpenCellLibrary 
OR4_X1           177   282.492 NangateOpenCellLibrary 
OR4_X2             4     7.448 NangateOpenCellLibrary 
OR4_X4             1     3.458 NangateOpenCellLibrary 
SDFFR_X1        1888 12555.200 NangateOpenCellLibrary 
SDFFR_X2           2    13.832 NangateOpenCellLibrary 
SDFFS_X1        1025  6816.250 NangateOpenCellLibrary 
XNOR2_X1        1187  1894.452 NangateOpenCellLibrary 
XOR2_X1          298   475.608 NangateOpenCellLibrary 
------------------------------------------------------
total          28302 61009.494                        
                                          
     Type      Instances    Area   Area % 
------------------------------------------
sequential          5207 30809.184   50.5 
inverter            2851  1573.390    2.6 
buffer                12    15.162    0.0 
logic              20232 28611.758   46.9 
physical_cells         0     0.000    0.0 
------------------------------------------
total              28302 61009.494  100.0 
