============================================================
  Generated by:           Genus(TM) Synthesis Solution 25.12-s067_1
  Generated on:           Mar 23 2026  05:58:24 pm
  Technology library:     NangateOpenCellLibrary revision 1.0
  Operating conditions:   typical (balanced_tree)
  Wireload mode:          enclosed
  Area mode:              timing library
============================================================

                                  Leakage                          
   Gate    Instances    Area    Power (nW)          Library        
-------------------------------------------------------------------
AND2_X1          467   496.888    11486.571 NangateOpenCellLibrary 
AND2_X2          250   332.500    12264.741 NangateOpenCellLibrary 
AND2_X4           11    26.334     1055.452 NangateOpenCellLibrary 
AND3_X1           36    47.880      915.310 NangateOpenCellLibrary 
AND3_X2           80   127.680     4789.909 NangateOpenCellLibrary 
AND3_X4            2     5.852      222.898 NangateOpenCellLibrary 
AND4_X1           22    35.112      633.338 NangateOpenCellLibrary 
AND4_X2            6    11.172      277.446 NangateOpenCellLibrary 
AND4_X4            2     6.916      234.092 NangateOpenCellLibrary 
AOI211_X1         55    73.150     1763.466 NangateOpenCellLibrary 
AOI211_X4          1     2.926      134.945 NangateOpenCellLibrary 
AOI21_X1         337   358.568     8900.555 NangateOpenCellLibrary 
AOI221_X1       1060  1691.760    32270.386 NangateOpenCellLibrary 
AOI222_X1        783  1666.224    21564.897 NangateOpenCellLibrary 
AOI22_X1        5399  7180.670   133602.366 NangateOpenCellLibrary 
BUF_X2             4     4.256      179.062 NangateOpenCellLibrary 
BUF_X4             2     3.724      167.127 NangateOpenCellLibrary 
CLKBUF_X1          1     0.798       12.467 NangateOpenCellLibrary 
CLKBUF_X2          1     1.064       22.918 NangateOpenCellLibrary 
CLKBUF_X3          4     5.320      121.235 NangateOpenCellLibrary 
DFFR_X1         1250  6650.000   108827.578 NangateOpenCellLibrary 
DFFR_X2           41   239.932     5238.188 NangateOpenCellLibrary 
DFFS_X1            8    42.560      698.732 NangateOpenCellLibrary 
DFFS_X2            1     5.586      122.099 NangateOpenCellLibrary 
DFF_X1           992  4485.824    78482.712 NangateOpenCellLibrary 
FA_X1            652  2774.912    41471.696 NangateOpenCellLibrary 
HA_X1             33    87.780     1858.031 NangateOpenCellLibrary 
INV_X1          2724  1449.168    40885.819 NangateOpenCellLibrary 
INV_X16            1     4.522      214.443 NangateOpenCellLibrary 
INV_X2           110    87.780     2886.951 NangateOpenCellLibrary 
INV_X32            1     8.778      461.262 NangateOpenCellLibrary 
INV_X4            12    15.960      741.343 NangateOpenCellLibrary 
INV_X8             3     7.182      403.984 NangateOpenCellLibrary 
MUX2_X1          842  1567.804    27489.000 NangateOpenCellLibrary 
MUX2_X2           39    93.366     2550.001 NangateOpenCellLibrary 
NAND2_X1        1791  1429.218    23930.540 NangateOpenCellLibrary 
NAND2_X2          64    85.120     2552.770 NangateOpenCellLibrary 
NAND2_X4           7    16.758      647.796 NangateOpenCellLibrary 
NAND3_X1         322   342.608    12812.927 NangateOpenCellLibrary 
NAND3_X2           4     7.448      138.149 NangateOpenCellLibrary 
NAND4_X1         905  1203.650    51151.563 NangateOpenCellLibrary 
NOR2_X1         1266  1010.268    31320.433 NangateOpenCellLibrary 
NOR2_X2            7     9.310      312.643 NangateOpenCellLibrary 
NOR2_X4            4     9.576      326.571 NangateOpenCellLibrary 
NOR3_X1          137   145.768     3677.002 NangateOpenCellLibrary 
NOR3_X2            1     1.862       60.200 NangateOpenCellLibrary 
NOR4_X1          320   425.600    12202.130 NangateOpenCellLibrary 
OAI211_X1        185   246.050     9730.049 NangateOpenCellLibrary 
OAI21_X1        1438  1530.032    39759.690 NangateOpenCellLibrary 
OAI21_X2           1     1.862       65.144 NangateOpenCellLibrary 
OAI221_X1        667  1064.532    27444.416 NangateOpenCellLibrary 
OAI221_X4          1     3.458      172.397 NangateOpenCellLibrary 
OAI222_X1         29    61.712     2111.481 NangateOpenCellLibrary 
OAI22_X1        1133  1506.890    49047.140 NangateOpenCellLibrary 
OAI33_X1          24    44.688     1147.594 NangateOpenCellLibrary 
OR2_X1           121   128.744     2906.197 NangateOpenCellLibrary 
OR2_X2            31    41.230     1561.772 NangateOpenCellLibrary 
OR2_X4             3     7.182      254.605 NangateOpenCellLibrary 
OR3_X1            22    29.260      550.574 NangateOpenCellLibrary 
OR3_X2             5     7.980      221.641 NangateOpenCellLibrary 
OR4_X1           177   282.492     6499.115 NangateOpenCellLibrary 
OR4_X2             4     7.448      263.583 NangateOpenCellLibrary 
OR4_X4             1     3.458      158.174 NangateOpenCellLibrary 
SDFFR_X1        1888 12555.200   201636.561 NangateOpenCellLibrary 
SDFFR_X2           2    13.832      286.488 NangateOpenCellLibrary 
SDFFS_X1        1025  6816.250   113536.774 NangateOpenCellLibrary 
XNOR2_X1        1187  1894.452    44229.766 NangateOpenCellLibrary 
XOR2_X1          298   475.608     9677.602 NangateOpenCellLibrary 
-------------------------------------------------------------------
total          28302 61009.494  1193344.508                        
                                            Leakage   Leakage 
     Type      Instances    Area   Area %  Power (nW) Power % 
--------------------------------------------------------------
sequential          5207 30809.184   50.5  508829.134    42.6 
inverter            2851  1573.390    2.6   45593.802     3.8 
buffer                12    15.162    0.0     502.808     0.0 
logic              20232 28611.758   46.9  638418.764    53.5 
physical_cells         0     0.000    0.0       0.000     0.0 
--------------------------------------------------------------
total              28302 61009.494  100.0 1193344.508   100.0 
