============================================================
  Generated by:           Genus(TM) Synthesis Solution 25.12-s067_1
  Generated on:           Mar 23 2026  05:58:22 pm
  Module:                 riscv_core
  Technology library:     NangateOpenCellLibrary revision 1.0
  Operating conditions:   typical (balanced_tree)
  Wireload mode:          enclosed
  Area mode:              timing library
============================================================

           Instance                                                                                                                                 Module                                                                                                                        Cell-Count  Cell-Area  Net-Area   Total-Area       Wireload      
---------------------------------------------------------------------------------------------------------------------------------------------------------------------------------------------------------------------------------------------------------------------------------------------------------------------------------------------------
riscv_core                    NA                                                                                                                                                                                                                                                       28302  61009.494     0.000    61009.494 5K_hvratio_1_1 (D)  
  u_csr                       biriscv_csr_SUPPORT_MULDIV1_SUPPORT_SUPER0                                                                                                                                                                                                                1477   3625.048     0.000     3625.048 5K_hvratio_1_1 (D)  
    u_csrfile                 biriscv_csr_regfile_SUPPORT_MTIMECMP1_SUPPORT_SUPER0                                                                                                                                                                                                      1123   2753.366     0.000     2753.366 5K_hvratio_1_1 (D)  
  u_div                       biriscv_divider                                                                                                                                                                                                                                           1270   2724.904     0.000     2724.904 5K_hvratio_1_1 (D)  
  u_exec0                     biriscv_exec                                                                                                                                                                                                                                              1478   2241.050     0.000     2241.050 5K_hvratio_1_1 (D)  
    u_alu                     biriscv_alu                                                                                                                                                                                                                                                809   1036.602     0.000     1036.602 5K_hvratio_1_1 (D)  
  u_exec1                     biriscv_exec_2827                                                                                                                                                                                                                                         1493   2274.832     0.000     2274.832 5K_hvratio_1_1 (D)  
    u_alu                     biriscv_alu_2825                                                                                                                                                                                                                                           832   1073.044     0.000     1073.044 5K_hvratio_1_1 (D)  
  u_frontend                  biriscv_frontend_SUPPORT_BRANCH_PREDICTION1_SUPPORT_MULDIV1_SUPPORT_MMU0_EXTRA_DECODE_STAGE0_NUM_BTB_ENTRIES32_NUM_BTB_ENTRIES_W5_NUM_BHT_ENTRIES512_NUM_BHT_ENTRIES_W9_RAS_ENABLE1_GSHARE_ENABLE0_BHT_ENABLE1_NUM_RAS_ENTRIES8_NUM_RAS_ENTRIES_W3        8435  23620.268     0.000    23620.268 5K_hvratio_1_1 (D)  
    u_decode                  biriscv_decode_SUPPORT_MULDIV1_EXTRA_DECODE_STAGE0                                                                                                                                                                                                         555   1727.138     0.000     1727.138 5K_hvratio_1_1 (D)  
      genblk1.u_dec0          biriscv_decoder                                                                                                                                                                                                                                             75     69.426     0.000       69.426 5K_hvratio_1_1 (D)  
      genblk1.u_dec1          biriscv_decoder_5243                                                                                                                                                                                                                                        74     69.692     0.000       69.692 5K_hvratio_1_1 (D)  
      genblk1.u_fifo          fetch_fifo_OPC_INFO_W2                                                                                                                                                                                                                                     341   1519.126     0.000     1519.126 5K_hvratio_1_1 (D)  
    u_fetch                   biriscv_fetch_SUPPORT_MMU0                                                                                                                                                                                                                                 606   1653.456     0.000     1653.456 5K_hvratio_1_1 (D)  
    u_npc                     biriscv_npc_SUPPORT_BRANCH_PREDICTION1_NUM_BTB_ENTRIES32_NUM_BTB_ENTRIES_W5_NUM_BHT_ENTRIES512_NUM_BHT_ENTRIES_W9_RAS_ENABLE1_GSHARE_ENABLE0_BHT_ENABLE1_NUM_RAS_ENTRIES8_NUM_RAS_ENTRIES_W3                                                              7274  20239.674     0.000    20239.674 5K_hvratio_1_1 (D)  
      BRANCH_PREDICTION.u_lru biriscv_npc_lfsr_DEPTH32_ADDR_W5                                                                                                                                                                                                                            27    111.986     0.000      111.986 5K_hvratio_1_1 (D)  
  u_issue                     biriscv_issue_SUPPORT_MULDIV1_SUPPORT_DUAL_ISSUE1_SUPPORT_LOAD_BYPASS1_SUPPORT_MUL_BYPASS1_SUPPORT_REGFILE_XILINX0                                                                                                                                       10362  18306.918     0.000    18306.918 5K_hvratio_1_1 (D)  
    u_pipe0_ctrl              biriscv_pipe_ctrl_SUPPORT_LOAD_BYPASS1_SUPPORT_MUL_BYPASS1                                                                                                                                                                                                1153   2598.022     0.000     2598.022 5K_hvratio_1_1 (D)  
    u_pipe1_ctrl              biriscv_pipe_ctrl_SUPPORT_LOAD_BYPASS1_SUPPORT_MUL_BYPASS1_1                                                                                                                                                                                               753   1678.992     0.000     1678.992 5K_hvratio_1_1 (D)  
    u_regfile                 biriscv_regfile_SUPPORT_REGFILE_XILINX0_SUPPORT_DUAL_ISSUE1                                                                                                                                                                                               6012  10867.430     0.000    10867.430 5K_hvratio_1_1 (D)  
  u_lsu                       biriscv_lsu_MEM_CACHE_ADDR_MIN32h80000000_MEM_CACHE_ADDR_MAX32h8fffffff                                                                                                                                                                                    663   1565.410     0.000     1565.410 5K_hvratio_1_1 (D)  
    u_lsu_request             biriscv_lsu_fifo_WIDTH36_DEPTH2_ADDR_W1                                                                                                                                                                                                                    132    585.466     0.000      585.466 5K_hvratio_1_1 (D)  
  u_mul                       biriscv_multiplier                                                                                                                                                                                                                                        2303   4515.882     0.000     4515.882 5K_hvratio_1_1 (D)  
  u_mule                      biriscv_multiplier_efficient                                                                                                                                                                                                                               820   2133.852     0.000     2133.852 5K_hvratio_1_1 (D)  
  (D) = wireload is default in technology library
