============================================================
  Generated by:           Genus(TM) Synthesis Solution 25.12-s067_1
  Generated on:           Mar 23 2026  05:54:18 pm
  Module:                 riscv_core
  Technology library:     NangateOpenCellLibrary revision 1.0
  Operating conditions:   typical (balanced_tree)
  Wireload mode:          enclosed
  Area mode:              timing library
============================================================

Timing
--------

Clock  Period 
--------------
clk   10000.0 


  Cost    Critical         Violating 
 Group   Path Slack  TNS     Paths   
-------------------------------------
clk          2021.3   0.0          0 
default    No paths   0.0            
-------------------------------------
Total                 0.0          0 

Instance Count
--------------
Leaf Instance Count             69886 
Physical Instance count             0 
Sequential Instance Count        5207 
Combinational Instance Count    64679 
Hierarchical Instance Count        60 

Area
----
Cell Area                          135076.063
Physical Cell Area                 0.000
Total Cell Area (Cell+Physical)    135076.063
Net Area                           0.000
Total Area (Cell+Physical+Net)     135076.063

Runtime                            2.0 seconds
Elapsed Runtime                    698 seconds
Genus peak memory usage            2520.18 
Innovus peak memory usage          no_value 
Hostname                           dockereda-rocky8
