============================================================
  Generated by:           Genus(TM) Synthesis Solution 25.12-s067_1
  Generated on:           Mar 23 2026  05:57:45 pm
  Module:                 riscv_core
  Technology library:     NangateOpenCellLibrary revision 1.0
  Operating conditions:   typical (balanced_tree)
  Wireload mode:          enclosed
  Area mode:              timing library
============================================================

           Instance                                                                                                                                 Module                                                                                                                        Cell-Count  Cell-Area  Net-Area   Total-Area       Wireload      
---------------------------------------------------------------------------------------------------------------------------------------------------------------------------------------------------------------------------------------------------------------------------------------------------------------------------------------------------
riscv_core                    NA                                                                                                                                                                                                                                                       29860  61967.626     0.000    61967.626 5K_hvratio_1_1 (D)  
  u_csr                       biriscv_csr_SUPPORT_MULDIV1_SUPPORT_SUPER0                                                                                                                                                                                                                1488   3632.230     0.000     3632.230 5K_hvratio_1_1 (D)  
    u_csrfile                 biriscv_csr_regfile_SUPPORT_MTIMECMP1_SUPPORT_SUPER0                                                                                                                                                                                                      1130   2757.090     0.000     2757.090 5K_hvratio_1_1 (D)  
  u_div                       biriscv_divider                                                                                                                                                                                                                                           1326   2756.026     0.000     2756.026 5K_hvratio_1_1 (D)  
  u_exec0                     biriscv_exec                                                                                                                                                                                                                                              1684   2352.770     0.000     2352.770 5K_hvratio_1_1 (D)  
    u_alu                     biriscv_alu                                                                                                                                                                                                                                                855   1062.138     0.000     1062.138 5K_hvratio_1_1 (D)  
  u_exec1                     biriscv_exec_2827                                                                                                                                                                                                                                         1677   2375.380     0.000     2375.380 5K_hvratio_1_1 (D)  
    u_alu                     biriscv_alu_2825                                                                                                                                                                                                                                           898   1109.752     0.000     1109.752 5K_hvratio_1_1 (D)  
  u_frontend                  biriscv_frontend_SUPPORT_BRANCH_PREDICTION1_SUPPORT_MULDIV1_SUPPORT_MMU0_EXTRA_DECODE_STAGE0_NUM_BTB_ENTRIES32_NUM_BTB_ENTRIES_W5_NUM_BHT_ENTRIES512_NUM_BHT_ENTRIES_W9_RAS_ENABLE1_GSHARE_ENABLE0_BHT_ENABLE1_NUM_RAS_ENTRIES8_NUM_RAS_ENTRIES_W3        9136  24012.884     0.000    24012.884 5K_hvratio_1_1 (D)  
    u_decode                  biriscv_decode_SUPPORT_MULDIV1_EXTRA_DECODE_STAGE0                                                                                                                                                                                                         567   1734.586     0.000     1734.586 5K_hvratio_1_1 (D)  
      genblk1.u_dec0          biriscv_decoder                                                                                                                                                                                                                                             75     69.426     0.000       69.426 5K_hvratio_1_1 (D)  
      genblk1.u_dec1          biriscv_decoder_5243                                                                                                                                                                                                                                        74     69.692     0.000       69.692 5K_hvratio_1_1 (D)  
      genblk1.u_fifo          fetch_fifo_OPC_INFO_W2                                                                                                                                                                                                                                     353   1526.574     0.000     1526.574 5K_hvratio_1_1 (D)  
    u_fetch                   biriscv_fetch_SUPPORT_MMU0                                                                                                                                                                                                                                 612   1657.712     0.000     1657.712 5K_hvratio_1_1 (D)  
    u_npc                     biriscv_npc_SUPPORT_BRANCH_PREDICTION1_NUM_BTB_ENTRIES32_NUM_BTB_ENTRIES_W5_NUM_BHT_ENTRIES512_NUM_BHT_ENTRIES_W9_RAS_ENABLE1_GSHARE_ENABLE0_BHT_ENABLE1_NUM_RAS_ENTRIES8_NUM_RAS_ENTRIES_W3                                                              7957  20620.586     0.000    20620.586 5K_hvratio_1_1 (D)  
      BRANCH_PREDICTION.u_lru biriscv_npc_lfsr_DEPTH32_ADDR_W5                                                                                                                                                                                                                            27    111.986     0.000      111.986 5K_hvratio_1_1 (D)  
  u_issue                     biriscv_issue_SUPPORT_MULDIV1_SUPPORT_DUAL_ISSUE1_SUPPORT_LOAD_BYPASS1_SUPPORT_MUL_BYPASS1_SUPPORT_REGFILE_XILINX0                                                                                                                                       10661  18525.836     0.000    18525.836 5K_hvratio_1_1 (D)  
    u_pipe0_ctrl              biriscv_pipe_ctrl_SUPPORT_LOAD_BYPASS1_SUPPORT_MUL_BYPASS1                                                                                                                                                                                                1231   2680.748     0.000     2680.748 5K_hvratio_1_1 (D)  
    u_pipe1_ctrl              biriscv_pipe_ctrl_SUPPORT_LOAD_BYPASS1_SUPPORT_MUL_BYPASS1_1                                                                                                                                                                                               762   1685.908     0.000     1685.908 5K_hvratio_1_1 (D)  
    u_regfile                 biriscv_regfile_SUPPORT_REGFILE_XILINX0_SUPPORT_DUAL_ISSUE1                                                                                                                                                                                               6077  10910.522     0.000    10910.522 5K_hvratio_1_1 (D)  
  u_lsu                       biriscv_lsu_MEM_CACHE_ADDR_MIN32h80000000_MEM_CACHE_ADDR_MAX32h8fffffff                                                                                                                                                                                    666   1568.070     0.000     1568.070 5K_hvratio_1_1 (D)  
    u_lsu_request             biriscv_lsu_fifo_WIDTH36_DEPTH2_ADDR_W1                                                                                                                                                                                                                    133    586.264     0.000      586.264 5K_hvratio_1_1 (D)  
  u_mul                       biriscv_multiplier                                                                                                                                                                                                                                        2398   4607.652     0.000     4607.652 5K_hvratio_1_1 (D)  
  u_mule                      biriscv_multiplier_efficient                                                                                                                                                                                                                               823   2135.448     0.000     2135.448 5K_hvratio_1_1 (D)  
  (D) = wireload is default in technology library
