env CDS_WORKAREA is set to /home/ykaraagac/cadence-bitirme/Flows/NanGate45/biriscv_2mul_vs_hybrid/scripts/cadence
             0V	    VSS
           1.1V	    VDD
Using Power View WC_VIEW
.
Load RC corner of view WC_VIEW

Begin Power Analysis

             0V	    VSS
           1.1V	    VDD

Begin Processing Timing Library for Power Calculation

Ended Processing Timing Library for Power Calculation: (cpu=0:00:00, real=0:00:00, mem(process/total/peak)=2806.55MB/9712.79MB/2806.55MB)



Begin Processing Power Net/Grid for Power Calculation

Ended Processing Power Net/Grid for Power Calculation: (cpu=0:00:00, real=0:00:00, mem(process/total/peak)=2806.55MB/9712.79MB/2806.55MB)

Begin Processing Timing Window Data for Power Calculation

clk(100MHz) CK: assigning clock clk to net clk_i
Ended Processing Timing Window Data for Power Calculation: (cpu=0:00:00, real=0:00:00, mem(process/total/peak)=2806.55MB/9712.79MB/2806.55MB)

Begin Processing User Attributes

Ended Processing User Attributes: (cpu=0:00:00, real=0:00:00, mem(process/total/peak)=2806.55MB/9712.79MB/2806.55MB)

Begin Processing Signal Activity


Starting Activity Propagation
2026-Jun-08 21:56:48 (2026-Jun-08 21:56:48 GMT)
2026-Jun-08 21:56:48 (2026-Jun-08 21:56:48 GMT): 10%
2026-Jun-08 21:56:49 (2026-Jun-08 21:56:49 GMT): 20%

Finished Activity Propagation
2026-Jun-08 21:56:49 (2026-Jun-08 21:56:49 GMT)

Activity annotation summary:
        Primary Inputs : 180/180 = 100%
          Flop outputs : 1909/10414 = 18.3311%
  Memory/Macro outputs : 0/0 = 0%
      Tristate outputs : 0/0 = 0%
            Total Nets : 3867/35059 = 11.03%

Ended Processing Signal Activity: (cpu=0:00:00, real=0:00:00, mem(process/total/peak)=2806.55MB/9712.79MB/2806.55MB)

Begin Power Computation

      ----------------------------------------------------------
      # of cell(s) missing both power/leakage table: 0
      # of cell(s) missing power table: 0
      # of cell(s) missing leakage table: 0
      ----------------------------------------------------------



Starting Calculating power
2026-Jun-08 21:56:49 (2026-Jun-08 21:56:49 GMT)
 ... Calculating switching power
2026-Jun-08 21:56:49 (2026-Jun-08 21:56:49 GMT): 10%
2026-Jun-08 21:56:49 (2026-Jun-08 21:56:49 GMT): 20%
2026-Jun-08 21:56:49 (2026-Jun-08 21:56:49 GMT): 30%
2026-Jun-08 21:56:49 (2026-Jun-08 21:56:49 GMT): 40%
2026-Jun-08 21:56:49 (2026-Jun-08 21:56:49 GMT): 50%
 ... Calculating internal and leakage power
2026-Jun-08 21:56:50 (2026-Jun-08 21:56:50 GMT): 60%
2026-Jun-08 21:56:50 (2026-Jun-08 21:56:50 GMT): 70%
2026-Jun-08 21:56:51 (2026-Jun-08 21:56:51 GMT): 80%
2026-Jun-08 21:56:52 (2026-Jun-08 21:56:52 GMT): 90%

Finished Calculating power
2026-Jun-08 21:56:52 (2026-Jun-08 21:56:52 GMT)
      # of MSMV cell(s) missing power_level: 0
Ended Power Computation: (cpu=0:00:03, real=0:00:03, mem(process/total/peak)=2806.55MB/9712.79MB/2806.55MB)

Begin Processing User Attributes

Begin Processing set_power
Ended Processing set_power: (cpu=0:00:00, real=0:00:00,
mem(process/total/peak)=2806.55MB/9712.79MB/2806.55MB)
Ended Processing User Attributes: (cpu=0:00:00, real=0:00:00, mem(process/total/peak)=2806.55MB/9712.79MB/2806.55MB)

Ended Power Analysis: (cpu=0:00:04, real=0:00:04, mem(process/total/peak)=2806.55MB/9712.79MB/2806.55MB)

Begin Boundary Leakage Calculation
Ended Boundary Leakage Calculation: (cpu=0:00:00, real=0:00:00,
mem(process/total/peak)=2806.55MB/9712.79MB/2806.55MB)
Begin Static Power Report Generation
*----------------------------------------------------------------------------------------
*	Innovus 25.12-s079_1 (64bit) 11/18/2025 12:56 (Linux 4.18.0-305.el8.x86_64)
*	
*
* 	Date & Time:	2026-Jun-08 21:56:52 (2026-Jun-08 21:56:52 GMT)
*
*----------------------------------------------------------------------------------------
*
*	Design: riscv_core
*
*	Liberty Libraries used:
*	        /home/ykaraagac/cadence-bitirme/Enablements/NanGate45/lib/NangateOpenCellLibrary_typical.lib
*
*	Parasitic Files used:
*
*       Dynamic View: WC_VIEW
*
*       Leakage View: WC_VIEW
*
*       User-Defined Activity : N.A.
*
*	Switching Activity File used:
*	        /home/ykaraagac/cadence-bitirme/Flows/NanGate45/biriscv_2mul_vs_hybrid/scripts/cadence/outputs/job6_selective_runs/estrin_poly_selective_latency_hidden_mule/vcd/core_hybrid.vcd
*                  Vcd Window used(Start Time, Stop Time):  
*                Vcd Scale Factor: 1
*
*       Hierarchical Global Activity: N.A.
*
*       Global Activity: N.A.
*
*       Sequential Element Activity: 0.200000
*
*       Primary Input Activity: 0.200000
*
*       Default icg ratio: N.A.
*
*       Global Comb ClockGate Ratio: N.A.
*
*	Power Units = 1mW
*
*	Time Units = 1e-09 secs
*
*       report_power -hierarchy all
*
-----------------------------------------------------------------------------------------
*



Total Power
-----------------------------------------------------------------------------------------
Total Internal Power:        4.52971628 	   52.8898%
Total Switching Power:       2.84775560 	   33.2509%
Total Leakage Power:         1.18697541 	   13.8593%
Total Power:                 8.56444729
-----------------------------------------------------------------------------------------


Group                           Internal   Switching     Leakage       Total  Percentage 
                                Power      Power         Power         Power  (%)        
-----------------------------------------------------------------------------------------
Sequential                         2.878      0.3935      0.4996       3.771       44.04
Macro                                  0           0           0           0           0
IO                                     0           0           0           0           0
Combinational                      1.175       1.474      0.6733       3.322       38.79
Clock (Combinational)             0.4766      0.9803     0.01403       1.471       17.18
Clock (Sequential)                     0           0           0           0           0
-----------------------------------------------------------------------------------------
Total                               4.53       2.848       1.187       8.564         100
-----------------------------------------------------------------------------------------


Clock                           Internal   Switching     Leakage       Total  Percentage 
                                Power      Power         Power         Power  (%)        
-----------------------------------------------------------------------------------------
clk                               0.4766      0.9803     0.01403       1.471       17.18
-----------------------------------------------------------------------------------------
Total                             0.4766      0.9803     0.01403       1.471       17.18
-----------------------------------------------------------------------------------------
Clock: clk
Clock Period: 0.010000 usec 
Clock Toggle Rate:   200.0000 Mhz 
Clock Static Probability:  0.5000
  


Rail                  Voltage   Internal   Switching     Leakage       Total  Percentage 
                                Power      Power         Power         Power  (%)        
-----------------------------------------------------------------------------------------
VDD                       1.1       4.53       2.848       1.187       8.564         100


Hierarchy                       Internal   Switching     Leakage       Total  Percentage 
                                Power      Power         Power         Power  (%)        
-----------------------------------------------------------------------------------------
u_csr                             0.1936     0.02662     0.06067      0.2809        3.28 
u_div                             0.1405     0.03001      0.0456      0.2161       2.523 
u_exec0                           0.1189      0.1112     0.04259      0.2727       3.184 
u_exec1                          0.09498     0.08284     0.04153      0.2194       2.561 
u_frontend                         1.844      0.8121       0.462       3.118       36.41 
u_issue                            1.289      0.9456      0.3761        2.61       30.48 
u_lsu                            0.09613     0.03707     0.02802      0.1612       1.882 
u_mul                             0.4951      0.4374     0.08595       1.018       11.89 
u_mule                            0.1019     0.04682     0.03957      0.1883       2.198 
u_csr/u_csrfile                   0.1337     0.01079     0.04433      0.1888       2.205 
u_frontend/u_decode               0.1387     0.04601     0.03028       0.215        2.51 
u_frontend/u_fetch                0.1064     0.02476     0.02776      0.1589       1.856 
u_frontend/u_npc                   1.563      0.6725      0.4027       2.638       30.81 
u_issue/u_pipe0_ctrl              0.1802     0.04329     0.04233      0.2659       3.104 
u_issue/u_pipe1_ctrl              0.1028     0.02589     0.02773      0.1564       1.827 
u_issue/u_regfile                 0.8646      0.5705      0.2375       1.673       19.53 
u_lsu/u_lsu_request              0.03679    0.003045    0.009405     0.04924       0.575 
u_exec0/u_alu                    0.05556     0.07192     0.02073      0.1482       1.731 
u_exec1/u_alu                     0.0326      0.0442     0.02037     0.09718       1.135 
u_frontend/u_decode/genblk1.u_fifo
                                  0.1349     0.04245     0.02532      0.2027       2.367 
u_frontend/u_npc/BRANCH_PREDICTION.u_lru
                                 0.01099    0.001687    0.001927     0.01461      0.1705 
u_frontend/u_decode/genblk1.u_dec0
                               0.0008041   0.0008241    0.001692     0.00332     0.03876 
u_frontend/u_decode/genblk1.u_dec1
                                0.001229    0.001524    0.001695    0.004448     0.05194 
 
 
-----------------------------------------------------------------------------------------
*	Power Distribution Summary: 
*              Highest Average Power:            u_issue/g31226 (AND2_X2):         0.005268
*              Highest Leakage Power:            u_issue/g33248 (AND4_X4):        0.0001893
*                Total Cap:      2.19821e-10 F
*                Total instances in design: 28954
*                Total instances in design with no power:     0
*                Total instances in design with no activty:     0

*                Total Fillers and Decap:     0
-----------------------------------------------------------------------------------------
 
** INFO:  (VOLTUS_POWR-3465): There are 0 decaps and 0 fillers in the design

Ended Static Power Report Generation: (cpu=0:00:00, real=0:00:00,
mem(process/total/peak)=2806.55MB/9712.79MB/2806.55MB)

