env CDS_WORKAREA is set to /home/ykaraagac/cadence-bitirme/Flows/NanGate45/biriscv_mul_mule_power/scripts/cadence
             0V	    VSS
           1.1V	    VDD
Using Power View WC_VIEW
.
Load RC corner of view WC_VIEW

Begin Power Analysis

             0V	    VSS
           1.1V	    VDD

Begin Processing Timing Library for Power Calculation

Ended Processing Timing Library for Power Calculation: (cpu=0:00:00, real=0:00:00, mem(process/total/peak)=4152.93MB/16297.51MB/5854.69MB)



Begin Processing Power Net/Grid for Power Calculation

Ended Processing Power Net/Grid for Power Calculation: (cpu=0:00:00, real=0:00:00, mem(process/total/peak)=4152.93MB/16297.51MB/5854.69MB)

Begin Processing Timing Window Data for Power Calculation

clk(100MHz) CK: assigning clock clk to net clk_i
Ended Processing Timing Window Data for Power Calculation: (cpu=0:00:00, real=0:00:00, mem(process/total/peak)=4152.93MB/16297.51MB/5854.69MB)

Begin Processing User Attributes

Ended Processing User Attributes: (cpu=0:00:00, real=0:00:00, mem(process/total/peak)=4152.93MB/16297.51MB/5854.69MB)

Begin Processing Signal Activity


Starting Activity Propagation
2026-Mar-23 21:43:12 (2026-Mar-23 21:43:12 GMT)
2026-Mar-23 21:43:12 (2026-Mar-23 21:43:12 GMT): 10%
2026-Mar-23 21:43:12 (2026-Mar-23 21:43:12 GMT): 20%

Finished Activity Propagation
2026-Mar-23 21:43:12 (2026-Mar-23 21:43:12 GMT)

Activity annotation summary:
        Primary Inputs : 180/180 = 100%
          Flop outputs : 1909/10414 = 18.3311%
  Memory/Macro outputs : 0/0 = 0%
      Tristate outputs : 0/0 = 0%
            Total Nets : 3909/35288 = 11.0774%

Ended Processing Signal Activity: (cpu=0:00:00, real=0:00:00, mem(process/total/peak)=4152.93MB/16297.51MB/5854.69MB)

Begin Power Computation

      ----------------------------------------------------------
      # of cell(s) missing both power/leakage table: 0
      # of cell(s) missing power table: 0
      # of cell(s) missing leakage table: 0
      ----------------------------------------------------------



Starting Calculating power
2026-Mar-23 21:43:12 (2026-Mar-23 21:43:12 GMT)
2026-Mar-23 21:43:13 (2026-Mar-23 21:43:13 GMT): 10%
2026-Mar-23 21:43:13 (2026-Mar-23 21:43:13 GMT): 20%
2026-Mar-23 21:43:13 (2026-Mar-23 21:43:13 GMT): 30%
2026-Mar-23 21:43:13 (2026-Mar-23 21:43:13 GMT): 40%
2026-Mar-23 21:43:13 (2026-Mar-23 21:43:13 GMT): 50%
2026-Mar-23 21:43:13 (2026-Mar-23 21:43:13 GMT): 60%
2026-Mar-23 21:43:13 (2026-Mar-23 21:43:13 GMT): 70%
2026-Mar-23 21:43:13 (2026-Mar-23 21:43:13 GMT): 80%
2026-Mar-23 21:43:13 (2026-Mar-23 21:43:13 GMT): 90%

Finished Calculating power
2026-Mar-23 21:43:13 (2026-Mar-23 21:43:13 GMT)
      # of MSMV cell(s) missing power_level: 0
Ended Power Computation: (cpu=0:00:02, real=0:00:00, mem(process/total/peak)=4157.93MB/16297.52MB/5854.69MB)

Begin Processing User Attributes

Begin Processing set_power
Ended Processing set_power: (cpu=0:00:00, real=0:00:00,
mem(process/total/peak)=4157.93MB/16297.52MB/5854.69MB)
Ended Processing User Attributes: (cpu=0:00:00, real=0:00:00, mem(process/total/peak)=4157.93MB/16297.52MB/5854.69MB)

Ended Power Analysis: (cpu=0:00:03, real=0:00:01, mem(process/total/peak)=4157.93MB/16297.52MB/5854.69MB)

Begin Boundary Leakage Calculation
Ended Boundary Leakage Calculation: (cpu=0:00:00, real=0:00:00,
mem(process/total/peak)=4157.93MB/16297.52MB/5854.69MB)
Begin Static Power Report Generation
*----------------------------------------------------------------------------------------
*	Innovus 25.12-s079_1 (64bit) 11/18/2025 12:56 (Linux 4.18.0-305.el8.x86_64)
*	
*
* 	Date & Time:	2026-Mar-23 21:43:13 (2026-Mar-23 21:43:13 GMT)
*
*----------------------------------------------------------------------------------------
*
*	Design: riscv_core
*
*	Liberty Libraries used:
*	        /home/ykaraagac/cadence-bitirme/Enablements/NanGate45/lib/NangateOpenCellLibrary_typical.lib
*
*	Parasitic Files used:
*
*       Dynamic View: WC_VIEW
*
*       Leakage View: WC_VIEW
*
*       User-Defined Activity : N.A.
*
*	Switching Activity File used:
*	        /home/ykaraagac/cadence-bitirme/Flows/NanGate45/biriscv_mul_mule_power/scripts/cadence/outputs/vcd/core_tb_mul_compare.vcd
*                  Vcd Window used(Start Time, Stop Time):  
*                Vcd Scale Factor: 1
*
*       Hierarchical Global Activity: N.A.
*
*       Global Activity: N.A.
*
*       Sequential Element Activity: 0.200000
*
*       Primary Input Activity: 0.200000
*
*       Default icg ratio: N.A.
*
*       Global Comb ClockGate Ratio: N.A.
*
*	Power Units = 1mW
*
*	Time Units = 1e-09 secs
*
*       report_power -hierarchy all
*
-----------------------------------------------------------------------------------------
*



Total Power
-----------------------------------------------------------------------------------------
Total Internal Power:        4.42986318 	   53.5663%
Total Switching Power:       2.64968782 	   32.0403%
Total Leakage Power:         1.19031284 	   14.3934%
Total Power:                 8.26986384
-----------------------------------------------------------------------------------------


Group                           Internal   Switching     Leakage       Total  Percentage 
                                Power      Power         Power         Power  (%)        
-----------------------------------------------------------------------------------------
Sequential                         2.869      0.3779       0.503        3.75       45.34
Macro                                  0           0           0           0           0
IO                                     0           0           0           0           0
Combinational                      1.089       1.299      0.6734       3.061       37.01
Clock (Combinational)              0.472      0.9731      0.0139       1.459       17.64
Clock (Sequential)                     0           0           0           0           0
-----------------------------------------------------------------------------------------
Total                               4.43        2.65        1.19        8.27         100
-----------------------------------------------------------------------------------------


Clock                           Internal   Switching     Leakage       Total  Percentage 
                                Power      Power         Power         Power  (%)        
-----------------------------------------------------------------------------------------
clk                                0.472      0.9731      0.0139       1.459       17.64
-----------------------------------------------------------------------------------------
Total                              0.472      0.9731      0.0139       1.459       17.64
-----------------------------------------------------------------------------------------
Clock: clk
Clock Period: 0.010000 usec 
Clock Toggle Rate:   200.0000 Mhz 
Clock Static Probability:  0.5000
  


Rail                  Voltage   Internal   Switching     Leakage       Total  Percentage 
                                Power      Power         Power         Power  (%)        
-----------------------------------------------------------------------------------------
VDD                       1.1       4.43        2.65        1.19        8.27         100


Hierarchy                       Internal   Switching     Leakage       Total  Percentage 
                                Power      Power         Power         Power  (%)        
-----------------------------------------------------------------------------------------
u_csr                             0.1976     0.04633     0.06384      0.3078       3.722 
u_div                              0.143       0.036     0.04764      0.2266        2.74 
u_exec0                          0.09402     0.07387     0.04431      0.2122       2.566 
u_exec1                           0.1019     0.08374     0.04389      0.2295       2.776 
u_frontend                         1.841      0.7966      0.4531       3.091       37.38 
u_issue                              1.2      0.7986      0.3792       2.378       28.75 
u_lsu                            0.09478     0.02665     0.02711      0.1485       1.796 
u_mul                             0.5083      0.4383     0.08642       1.033       12.49 
u_mule                           0.08705       0.028     0.03985      0.1549       1.873 
u_csr/u_csrfile                   0.1473     0.04145     0.04508      0.2338       2.828 
u_frontend/u_decode               0.1381     0.03746     0.03008      0.2056       2.486 
u_frontend/u_fetch                0.1043     0.02597     0.02881      0.1591       1.924 
u_frontend/u_npc                   1.576      0.6845      0.3936       2.654        32.1 
u_issue/u_pipe0_ctrl              0.1717     0.04125     0.04292      0.2559       3.094 
u_issue/u_pipe1_ctrl              0.1028     0.02956     0.02796      0.1603       1.938 
u_issue/u_regfile                 0.8125      0.4885      0.2371       1.538        18.6 
u_lsu/u_lsu_request              0.03521   4.893e-05    0.009059     0.04431      0.5359 
u_exec0/u_alu                    0.03225     0.03939     0.02205     0.09369       1.133 
u_exec1/u_alu                    0.03776     0.03979     0.02201     0.09956       1.204 
u_frontend/u_decode/genblk1.u_fifo
                                   0.134     0.03344     0.02527      0.1927        2.33 
u_frontend/u_npc/BRANCH_PREDICTION.u_lru
                                 0.01079    0.001683    0.001928      0.0144      0.1742 
u_frontend/u_decode/genblk1.u_dec0
                                0.001236    0.001647    0.001652    0.004536     0.05485 
u_frontend/u_decode/genblk1.u_dec1
                                0.001085     0.00125    0.001638    0.003974     0.04805 
 
 
-----------------------------------------------------------------------------------------
*	Power Distribution Summary: 
*              Highest Average Power: u_frontend/u_npc/FE_OFC1278_branch_info_source_w_2 (CLKBUF_X3):         0.004639
*              Highest Leakage Power:            u_issue/g34851 (AND4_X4):        0.0001893
*                Total Cap:      2.16931e-10 F
*                Total instances in design: 29216
*                Total instances in design with no power:     0
*                Total instances in design with no activty:     0

*                Total Fillers and Decap:     0
-----------------------------------------------------------------------------------------
 
** INFO:  (VOLTUS_POWR-3465): There are 0 decaps and 0 fillers in the design

Ended Static Power Report Generation: (cpu=0:00:00, real=0:00:00,
mem(process/total/peak)=4157.93MB/16297.52MB/5854.69MB)

