============================================================
  Generated by:           Genus(TM) Synthesis Solution 25.12-s067_1
  Generated on:           Mar 03 2026  09:55:52 am
  Module:                 riscv_core
  Operating conditions:   tt_1.0_25.0 (balanced_tree)
  Wireload mode:          enclosed
  Area mode:              timing library
============================================================

Timing
--------

Clock  Period 
--------------
clk   10000.0 


  Cost    Critical         Violating 
 Group   Path Slack  TNS     Paths   
-------------------------------------
clk          4936.4   0.0          0 
default    No paths   0.0            
-------------------------------------
Total                 0.0          0 

Instance Count
--------------
Leaf Instance Count             46404 
Physical Instance count             0 
Sequential Instance Count        5711 
Combinational Instance Count    40693 
Hierarchical Instance Count        26 

Area
----
Cell Area                          5166.379
Physical Cell Area                 0.000
Total Cell Area (Cell+Physical)    5166.379
Net Area                           0.000
Total Area (Cell+Physical+Net)     5166.379

Runtime                            1.0 seconds
Elapsed Runtime                    1085 seconds
Genus peak memory usage            3028.91 
Innovus peak memory usage          no_value 
Hostname                           dockereda-rocky8
