============================================================
  Generated by:           Genus(TM) Synthesis Solution 25.12-s067_1
  Generated on:           Mar 03 2026  09:55:21 am
  Technology libraries:   sram_asap7_64x256_1rw 1.0
                          asap7sc7p5t_OA_RVT_FF_nldm_201020 1.0
                          asap7sc7p5t_SEQ_RVT_FF_nldm_201020 1.0
                          sram_asap7_16x256_1rw 1.0
                          sram_asap7_64x64_1rw 1.0
                          asap7sc7p5t_AO_RVT_FF_nldm_201020 1.0
                          asap7sc7p5t_INVBUF_RVT_FF_nldm_201020 1.0
                          asap7sc7p5t_SIMPLE_RVT_FF_nldm_201020 1.0
                          sram_asap7_32x256_1rw 1.0
  Operating conditions:   tt_1.0_25.0 (balanced_tree)
  Wireload mode:          enclosed
  Area mode:              timing library
============================================================

                                                Leakage                                        
           Gate            Instances   Area   Power (nW)                Library                
-----------------------------------------------------------------------------------------------
A2O1A1Ixp33_ASAP7_75t_R          222   19.421     11.100     asap7sc7p5t_AO_RVT_FF_nldm_201020 
A2O1A1O1Ixp25_ASAP7_75t_R          6    0.787      0.442     asap7sc7p5t_AO_RVT_FF_nldm_201020 
AND2x2_ASAP7_75t_R                 6    0.525      1.150 asap7sc7p5t_SIMPLE_RVT_FF_nldm_201020 
AND3x1_ASAP7_75t_R                13    1.137      1.718 asap7sc7p5t_SIMPLE_RVT_FF_nldm_201020 
AND4x1_ASAP7_75t_R               197   20.106     64.248 asap7sc7p5t_SIMPLE_RVT_FF_nldm_201020 
AND5x1_ASAP7_75t_R                11    1.283      1.491 asap7sc7p5t_SIMPLE_RVT_FF_nldm_201020 
AO21x1_ASAP7_75t_R                40    3.499      3.185     asap7sc7p5t_AO_RVT_FF_nldm_201020 
AO221x1_ASAP7_75t_R              184   26.827     17.902     asap7sc7p5t_AO_RVT_FF_nldm_201020 
AO222x2_ASAP7_75t_R                1    0.175      0.152     asap7sc7p5t_AO_RVT_FF_nldm_201020 
AO22x1_ASAP7_75t_R               798  104.714     56.038     asap7sc7p5t_AO_RVT_FF_nldm_201020 
AO32x1_ASAP7_75t_R                 7    0.816      0.548     asap7sc7p5t_AO_RVT_FF_nldm_201020 
AOI211xp5_ASAP7_75t_R            209   18.283      6.507     asap7sc7p5t_AO_RVT_FF_nldm_201020 
AOI21xp33_ASAP7_75t_R           1893  138.000     73.512     asap7sc7p5t_AO_RVT_FF_nldm_201020 
AOI21xp5_ASAP7_75t_R               1    0.073      0.019     asap7sc7p5t_AO_RVT_FF_nldm_201020 
AOI221xp5_ASAP7_75t_R            882   90.017     47.825     asap7sc7p5t_AO_RVT_FF_nldm_201020 
AOI222xp33_ASAP7_75t_R          1539  224.386     93.724     asap7sc7p5t_AO_RVT_FF_nldm_201020 
AOI22xp33_ASAP7_75t_R           9464  827.911    423.924     asap7sc7p5t_AO_RVT_FF_nldm_201020 
AOI311xp33_ASAP7_75t_R             4    0.408      0.298     asap7sc7p5t_AO_RVT_FF_nldm_201020 
AOI31xp33_ASAP7_75t_R              8    0.700      0.309     asap7sc7p5t_AO_RVT_FF_nldm_201020 
AOI321xp33_ASAP7_75t_R            11    1.283      0.817     asap7sc7p5t_AO_RVT_FF_nldm_201020 
AOI322xp5_ASAP7_75t_R             50    6.561      3.819     asap7sc7p5t_AO_RVT_FF_nldm_201020 
AOI32xp33_ASAP7_75t_R             74    7.552      4.118     asap7sc7p5t_AO_RVT_FF_nldm_201020 
AOI331xp33_ASAP7_75t_R             2    0.262      0.219     asap7sc7p5t_AO_RVT_FF_nldm_201020 
AOI333xp33_ASAP7_75t_R             1    0.160      0.106     asap7sc7p5t_AO_RVT_FF_nldm_201020 
AOI33xp33_ASAP7_75t_R              3    0.350      0.192     asap7sc7p5t_AO_RVT_FF_nldm_201020 
ASYNC_DFFHx1_ASAP7_75t_R        4719 1788.879    947.227    asap7sc7p5t_SEQ_RVT_FF_nldm_201020 
BUFx3_ASAP7_75t_R                 26    2.274      3.080 asap7sc7p5t_INVBUF_RVT_FF_nldm_201020 
BUFx4f_ASAP7_75t_R                 2    0.233      0.399 asap7sc7p5t_INVBUF_RVT_FF_nldm_201020 
DFFHQNx1_ASAP7_75t_R             992  289.267    149.426    asap7sc7p5t_SEQ_RVT_FF_nldm_201020 
HB1xp67_ASAP7_75t_R               12    0.700      0.406 asap7sc7p5t_INVBUF_RVT_FF_nldm_201020 
HB3xp67_ASAP7_75t_R                7    0.612      0.194 asap7sc7p5t_INVBUF_RVT_FF_nldm_201020 
INVx1_ASAP7_75t_R                 90    3.937      3.131 asap7sc7p5t_INVBUF_RVT_FF_nldm_201020 
INVx2_ASAP7_75t_R                 16    0.933      1.200 asap7sc7p5t_INVBUF_RVT_FF_nldm_201020 
INVx3_ASAP7_75t_R                  8    0.583      0.803 asap7sc7p5t_INVBUF_RVT_FF_nldm_201020 
INVxp33_ASAP7_75t_R             8075  353.201     94.171 asap7sc7p5t_INVBUF_RVT_FF_nldm_201020 
INVxp67_ASAP7_75t_R               90    3.937      1.863 asap7sc7p5t_INVBUF_RVT_FF_nldm_201020 
MAJIxp5_ASAP7_75t_R              864   88.180     94.286 asap7sc7p5t_SIMPLE_RVT_FF_nldm_201020 
NAND2x1_ASAP7_75t_R                2    0.175      0.214 asap7sc7p5t_SIMPLE_RVT_FF_nldm_201020 
NAND2xp33_ASAP7_75t_R           4091  238.587    169.358 asap7sc7p5t_SIMPLE_RVT_FF_nldm_201020 
NAND2xp5_ASAP7_75t_R               5    0.292      0.318 asap7sc7p5t_SIMPLE_RVT_FF_nldm_201020 
NAND2xp67_ASAP7_75t_R              1    0.087      0.110 asap7sc7p5t_SIMPLE_RVT_FF_nldm_201020 
NAND3xp33_ASAP7_75t_R            133    9.696      8.789 asap7sc7p5t_SIMPLE_RVT_FF_nldm_201020 
NAND4xp25_ASAP7_75t_R            603   52.750    103.521 asap7sc7p5t_SIMPLE_RVT_FF_nldm_201020 
NAND5xp2_ASAP7_75t_R             288   29.393     45.023 asap7sc7p5t_SIMPLE_RVT_FF_nldm_201020 
NOR2x1_ASAP7_75t_R                 5    0.437      0.624 asap7sc7p5t_SIMPLE_RVT_FF_nldm_201020 
NOR2xp33_ASAP7_75t_R            4448  259.407    159.473 asap7sc7p5t_SIMPLE_RVT_FF_nldm_201020 
NOR2xp67_ASAP7_75t_R               8    0.700      0.354 asap7sc7p5t_SIMPLE_RVT_FF_nldm_201020 
NOR3x1_ASAP7_75t_R                 1    0.160      0.042 asap7sc7p5t_SIMPLE_RVT_FF_nldm_201020 
NOR3xp33_ASAP7_75t_R              88    6.415      3.612 asap7sc7p5t_SIMPLE_RVT_FF_nldm_201020 
NOR4xp25_ASAP7_75t_R             125   10.935     15.767 asap7sc7p5t_SIMPLE_RVT_FF_nldm_201020 
NOR5xp2_ASAP7_75t_R              164   16.738     12.090 asap7sc7p5t_SIMPLE_RVT_FF_nldm_201020 
O2A1O1Ixp33_ASAP7_75t_R          129   11.285      5.632     asap7sc7p5t_OA_RVT_FF_nldm_201020 
OA211x2_ASAP7_75t_R                5    0.583      0.559     asap7sc7p5t_OA_RVT_FF_nldm_201020 
OA21x2_ASAP7_75t_R                 7    0.714      0.806     asap7sc7p5t_OA_RVT_FF_nldm_201020 
OAI211xp5_ASAP7_75t_R            187   16.359      9.990     asap7sc7p5t_OA_RVT_FF_nldm_201020 
OAI21xp33_ASAP7_75t_R           1884  137.344     61.492     asap7sc7p5t_OA_RVT_FF_nldm_201020 
OAI221xp5_ASAP7_75t_R            451   46.029     25.356     asap7sc7p5t_OA_RVT_FF_nldm_201020 
OAI222xp33_ASAP7_75t_R            96   13.997      7.055     asap7sc7p5t_OA_RVT_FF_nldm_201020 
OAI22xp33_ASAP7_75t_R           2828  247.393     87.830     asap7sc7p5t_OA_RVT_FF_nldm_201020 
OAI311xp33_ASAP7_75t_R             7    0.714      0.282     asap7sc7p5t_OA_RVT_FF_nldm_201020 
OAI31xp33_ASAP7_75t_R             22    1.925      0.681     asap7sc7p5t_OA_RVT_FF_nldm_201020 
OAI321xp33_ASAP7_75t_R            16    1.866      1.322     asap7sc7p5t_OA_RVT_FF_nldm_201020 
OAI322xp33_ASAP7_75t_R            24    3.149      1.009     asap7sc7p5t_OA_RVT_FF_nldm_201020 
OAI32xp33_ASAP7_75t_R             89    9.083      2.945     asap7sc7p5t_OA_RVT_FF_nldm_201020 
OAI331xp33_ASAP7_75t_R             1    0.131      0.187     asap7sc7p5t_OA_RVT_FF_nldm_201020 
OAI33xp33_ASAP7_75t_R            197   22.978      9.348     asap7sc7p5t_OA_RVT_FF_nldm_201020 
OR2x2_ASAP7_75t_R                  5    0.437      1.007 asap7sc7p5t_SIMPLE_RVT_FF_nldm_201020 
OR3x1_ASAP7_75t_R                  1    0.087      0.144 asap7sc7p5t_SIMPLE_RVT_FF_nldm_201020 
OR4x1_ASAP7_75t_R                  3    0.306      0.729 asap7sc7p5t_SIMPLE_RVT_FF_nldm_201020 
OR5x1_ASAP7_75t_R                  1    0.117      0.096 asap7sc7p5t_SIMPLE_RVT_FF_nldm_201020 
-----------------------------------------------------------------------------------------------
total                          46442 5168.246   2845.314                                       
                                                                       Leakage  Leakage 
               Library                Instances   Area   Instances % Power (nW) Power % 
----------------------------------------------------------------------------------------
asap7sc7p5t_AO_RVT_FF_nldm_201020         15399 1472.186        33.2    744.757    26.2 
asap7sc7p5t_INVBUF_RVT_FF_nldm_201020      8326  366.410        17.9    105.245     3.7 
asap7sc7p5t_OA_RVT_FF_nldm_201020          5943  513.551        12.8    214.494     7.5 
asap7sc7p5t_SEQ_RVT_FF_nldm_201020         5711 2078.146        12.3   1096.653    38.5 
asap7sc7p5t_SIMPLE_RVT_FF_nldm_201020     11063  737.952        23.8    684.166    24.0 
                                           Leakage  Leakage 
     Type      Instances   Area   Area % Power (nW) Power % 
------------------------------------------------------------
sequential          5711 2078.146   40.2   1096.653    38.5 
inverter            8279  362.590    7.0    101.166     3.6 
buffer                47    3.820    0.1      4.079     0.1 
logic              32405 2723.690   52.7   1643.417    57.8 
physical_cells         0    0.000    0.0      0.000     0.0 
------------------------------------------------------------
total              46442 5168.246  100.0   2845.314   100.0 
