============================================================
  Generated by:           Genus(TM) Synthesis Solution 25.12-s067_1
  Generated on:           Mar 03 2026  09:55:16 am
  Module:                 riscv_core
  Technology libraries:   sram_asap7_64x256_1rw 1.0
                          asap7sc7p5t_OA_RVT_FF_nldm_201020 1.0
                          asap7sc7p5t_SEQ_RVT_FF_nldm_201020 1.0
                          sram_asap7_16x256_1rw 1.0
                          sram_asap7_64x64_1rw 1.0
                          asap7sc7p5t_AO_RVT_FF_nldm_201020 1.0
                          asap7sc7p5t_INVBUF_RVT_FF_nldm_201020 1.0
                          asap7sc7p5t_SIMPLE_RVT_FF_nldm_201020 1.0
                          sram_asap7_32x256_1rw 1.0
  Operating conditions:   tt_1.0_25.0 (balanced_tree)
  Wireload mode:          enclosed
  Area mode:              timing library
============================================================

           Instance                                                                                                                                 Module                                                                                                                        Cell-Count  Cell-Area  Net-Area   Total-Area   Wireload  
-------------------------------------------------------------------------------------------------------------------------------------------------------------------------------------------------------------------------------------------------------------------------------------------------------------------------------------------
riscv_core                    NA                                                                                                                                                                                                                                                       46442   5168.245     0.000     5168.245 <none> (D)  
  u_cbm                       column_bypass_multiplier                                                                                                                                                                                                                                  1779    170.542     0.000      170.542 <none> (D)  
  u_csr                       biriscv_csr_SUPPORT_MULDIV1_SUPPORT_SUPER0                                                                                                                                                                                                                1781    252.467     0.000      252.467 <none> (D)  
    u_csrfile                 biriscv_csr_regfile_SUPPORT_MTIMECMP1_SUPPORT_SUPER0                                                                                                                                                                                                      1425    193.404     0.000      193.404 <none> (D)  
  u_div                       biriscv_divider                                                                                                                                                                                                                                           1510    194.439     0.000      194.439 <none> (D)  
  u_exec0                     biriscv_exec                                                                                                                                                                                                                                              2134    172.831     0.000      172.831 <none> (D)  
    u_alu                     biriscv_alu                                                                                                                                                                                                                                               1114     78.032     0.000       78.032 <none> (D)  
  u_exec1                     biriscv_exec_5169                                                                                                                                                                                                                                         2140    173.196     0.000      173.196 <none> (D)  
    u_alu                     biriscv_alu_5167                                                                                                                                                                                                                                          1114     78.120     0.000       78.120 <none> (D)  
  u_frontend                  biriscv_frontend_SUPPORT_BRANCH_PREDICTION1_SUPPORT_MULDIV1_SUPPORT_MMU0_EXTRA_DECODE_STAGE0_NUM_BTB_ENTRIES32_NUM_BTB_ENTRIES_W5_NUM_BHT_ENTRIES512_NUM_BHT_ENTRIES_W9_RAS_ENABLE1_GSHARE_ENABLE0_BHT_ENABLE1_NUM_RAS_ENTRIES8_NUM_RAS_ENTRIES_W3       12145   1695.975     0.000     1695.975 <none> (D)  
    u_decode                  biriscv_decode_SUPPORT_MULDIV1_EXTRA_DECODE_STAGE0                                                                                                                                                                                                         820    124.353     0.000      124.353 <none> (D)  
      genblk1.u_dec0          biriscv_decoder                                                                                                                                                                                                                                             79      5.176     0.000        5.176 <none> (D)  
      genblk1.u_dec1          biriscv_decoder_9040                                                                                                                                                                                                                                        80      5.205     0.000        5.205 <none> (D)  
      genblk1.u_fifo          fetch_fifo_OPC_INFO_W2                                                                                                                                                                                                                                     533    107.440     0.000      107.440 <none> (D)  
    u_fetch                   biriscv_fetch_SUPPORT_MMU0                                                                                                                                                                                                                                 641    112.281     0.000      112.281 <none> (D)  
    u_npc                     biriscv_npc_SUPPORT_BRANCH_PREDICTION1_NUM_BTB_ENTRIES32_NUM_BTB_ENTRIES_W5_NUM_BHT_ENTRIES512_NUM_BHT_ENTRIES_W9_RAS_ENABLE1_GSHARE_ENABLE0_BHT_ENABLE1_NUM_RAS_ENTRIES8_NUM_RAS_ENTRIES_W3                                                             10684   1459.341     0.000     1459.341 <none> (D)  
      BRANCH_PREDICTION.u_lru biriscv_npc_lfsr_DEPTH32_ADDR_W5                                                                                                                                                                                                                            39      7.873     0.000        7.873 <none> (D)  
  u_issue                     biriscv_issue_SUPPORT_MULDIV1_SUPPORT_DUAL_ISSUE1_SUPPORT_LOAD_BYPASS1_SUPPORT_MUL_BYPASS1_SUPPORT_REGFILE_XILINX0                                                                                                                                        9906   1249.185     0.000     1249.185 <none> (D)  
    u_pipe0_ctrl              biriscv_pipe_ctrl_SUPPORT_LOAD_BYPASS1_SUPPORT_MUL_BYPASS1                                                                                                                                                                                                1112    185.239     0.000      185.239 <none> (D)  
    u_pipe1_ctrl              biriscv_pipe_ctrl_SUPPORT_LOAD_BYPASS1_SUPPORT_MUL_BYPASS1_1                                                                                                                                                                                               614    108.519     0.000      108.519 <none> (D)  
    u_regfile                 biriscv_regfile_SUPPORT_REGFILE_XILINX0_SUPPORT_DUAL_ISSUE1                                                                                                                                                                                               5059    693.629     0.000      693.629 <none> (D)  
  u_lsu                       biriscv_lsu_MEM_CACHE_ADDR_MIN32h80000000_MEM_CACHE_ADDR_MAX32h8fffffff                                                                                                                                                                                    839    113.316     0.000      113.316 <none> (D)  
    u_lsu_request             biriscv_lsu_fifo_WIDTH36_DEPTH2_ADDR_W1                                                                                                                                                                                                                    228     41.611     0.000       41.611 <none> (D)  
  u_mul                       biriscv_multiplier                                                                                                                                                                                                                                        5976    441.934     0.000      441.934 <none> (D)  
  u_mule                      biriscv_multiplier_efficient                                                                                                                                                                                                                              2105    189.307     0.000      189.307 <none> (D)  
  u_mulp                      biriscv_multiplier_pipelined_MULT_STAGES6                                                                                                                                                                                                                 3186    283.304     0.000      283.304 <none> (D)  
  u_muls                      biriscv_multiplier_s                                                                                                                                                                                                                                      2941    231.749     0.000      231.749 <none> (D)  
  (D) = wireload is default in technology library
