Power Unit: W
Area Unit: Um^2
PDB Frame : /stim#0/frame#0
----------------------------------------------------------------------------------------------------
Cells Pct_cells     Leakage    Internal   Switching       Total Lvl Instance                        
----------------------------------------------------------------------------------------------------
46404   100.00% 2.79406e-06 1.51248e-03 1.10726e-04 1.62600e-03   0 /riscv_core                     
12145    26.17% 8.83594e-07 6.79296e-04 4.57065e-05 7.25886e-04   1 /riscv_core/u_frontend          
10684    23.02% 7.59567e-07 5.49885e-04 3.10084e-05 5.81653e-04   2 /riscv_core/u_frontend/u_npc    
  820     1.77% 6.76669e-08 7.73713e-05 1.06563e-05 8.80952e-05   2 /riscv_core/u_frontend/u_decode 
  641     1.38% 5.63600e-08 5.20401e-05 4.04185e-06 5.61383e-05   2 /riscv_core/u_frontend/u_fetch  
 9906    21.35% 7.48636e-07 3.91553e-04 2.79636e-05 4.20265e-04   1 /riscv_core/u_issue             
 5059    10.90% 4.32718e-07 2.36296e-04 4.93994e-06 2.41668e-04   2 /riscv_core/u_issue/u_regfile   
 1112     2.40% 1.11480e-07 8.36965e-05 3.19376e-06 8.70018e-05   2 /riscv_core/u_issue/u_pipe0_ctrl
  614     1.32% 5.40254e-08 5.17523e-05 1.97566e-06 5.37820e-05   2 /riscv_core/u_issue/u_pipe1_ctrl
 1781     3.84% 1.33260e-07 9.86823e-05 1.26950e-06 1.00085e-04   1 /riscv_core/u_csr               
 1425     3.07% 1.03096e-07 7.10694e-05 4.46819e-07 7.16193e-05   2 /riscv_core/u_csr/u_csrfile     
 1510     3.25% 1.07589e-07 6.80779e-05 1.22679e-06 6.94122e-05   1 /riscv_core/u_div               
 3179     6.85% 1.35469e-07 5.95337e-05 5.49764e-07 6.02190e-05   1 /riscv_core/u_mulp              
 1773     3.82% 9.78186e-08 3.93145e-05 1.12488e-05 5.06611e-05   1 /riscv_core/u_cbm               
  839     1.81% 6.01625e-08 4.14996e-05 1.94044e-06 4.35002e-05   1 /riscv_core/u_lsu               
  228     0.49% 2.16513e-08 1.93698e-05 3.86334e-07 1.97778e-05   2 /riscv_core/u_lsu/u_lsu_request 
 2102     4.53% 1.04175e-07 3.56029e-05 2.61811e-06 3.83252e-05   1 /riscv_core/u_mule              
 2134     4.60% 9.31386e-08 2.39014e-05 1.04229e-05 3.44175e-05   1 /riscv_core/u_exec0             
 1114     2.40% 4.58220e-08 3.18720e-06 5.25736e-06 8.49039e-06   2 /riscv_core/u_exec0/u_alu       
 2934     6.32% 1.11633e-07 2.80164e-05 5.49314e-07 2.86774e-05   1 /riscv_core/u_muls              
 2140     4.61% 9.32852e-08 2.12346e-05 6.16040e-06 2.74883e-05   1 /riscv_core/u_exec1             
 1114     2.40% 4.54942e-08 1.60327e-06 2.97943e-06 4.62820e-06   2 /riscv_core/u_exec1/u_alu       
 5961    12.85% 2.25299e-07 2.57664e-05 8.98068e-07 2.68897e-05   1 /riscv_core/u_mul               
----------------------------------------------------------------------------------------------------
