============================================================
  Generated by:           Genus(TM) Synthesis Solution 25.12-s067_1
  Generated on:           Mar 03 2026  09:55:47 am
  Technology libraries:   sram_asap7_64x256_1rw 1.0
                          asap7sc7p5t_OA_RVT_FF_nldm_201020 1.0
                          asap7sc7p5t_SEQ_RVT_FF_nldm_201020 1.0
                          sram_asap7_16x256_1rw 1.0
                          sram_asap7_64x64_1rw 1.0
                          asap7sc7p5t_AO_RVT_FF_nldm_201020 1.0
                          asap7sc7p5t_INVBUF_RVT_FF_nldm_201020 1.0
                          asap7sc7p5t_SIMPLE_RVT_FF_nldm_201020 1.0
                          sram_asap7_32x256_1rw 1.0
  Operating conditions:   tt_1.0_25.0 (balanced_tree)
  Wireload mode:          enclosed
  Area mode:              timing library
============================================================

                                                                                    
           Gate            Instances   Area                  Library                
------------------------------------------------------------------------------------
A2O1A1Ixp33_ASAP7_75t_R          229   20.033     asap7sc7p5t_AO_RVT_FF_nldm_201020 
A2O1A1O1Ixp25_ASAP7_75t_R          6    0.787     asap7sc7p5t_AO_RVT_FF_nldm_201020 
AND2x2_ASAP7_75t_R                 6    0.525 asap7sc7p5t_SIMPLE_RVT_FF_nldm_201020 
AND3x1_ASAP7_75t_R                13    1.137 asap7sc7p5t_SIMPLE_RVT_FF_nldm_201020 
AND4x1_ASAP7_75t_R               197   20.106 asap7sc7p5t_SIMPLE_RVT_FF_nldm_201020 
AND5x1_ASAP7_75t_R                11    1.283 asap7sc7p5t_SIMPLE_RVT_FF_nldm_201020 
AO21x1_ASAP7_75t_R                32    2.799     asap7sc7p5t_AO_RVT_FF_nldm_201020 
AO221x1_ASAP7_75t_R              184   26.827     asap7sc7p5t_AO_RVT_FF_nldm_201020 
AO222x2_ASAP7_75t_R                1    0.175     asap7sc7p5t_AO_RVT_FF_nldm_201020 
AO22x1_ASAP7_75t_R               798  104.714     asap7sc7p5t_AO_RVT_FF_nldm_201020 
AO32x1_ASAP7_75t_R                 7    0.816     asap7sc7p5t_AO_RVT_FF_nldm_201020 
AOI211xp5_ASAP7_75t_R            208   18.196     asap7sc7p5t_AO_RVT_FF_nldm_201020 
AOI21xp33_ASAP7_75t_R           1893  138.000     asap7sc7p5t_AO_RVT_FF_nldm_201020 
AOI21xp5_ASAP7_75t_R               1    0.073     asap7sc7p5t_AO_RVT_FF_nldm_201020 
AOI221xp5_ASAP7_75t_R            882   90.017     asap7sc7p5t_AO_RVT_FF_nldm_201020 
AOI222xp33_ASAP7_75t_R          1539  224.386     asap7sc7p5t_AO_RVT_FF_nldm_201020 
AOI22xp33_ASAP7_75t_R           9461  827.648     asap7sc7p5t_AO_RVT_FF_nldm_201020 
AOI311xp33_ASAP7_75t_R             4    0.408     asap7sc7p5t_AO_RVT_FF_nldm_201020 
AOI31xp33_ASAP7_75t_R              8    0.700     asap7sc7p5t_AO_RVT_FF_nldm_201020 
AOI321xp33_ASAP7_75t_R            11    1.283     asap7sc7p5t_AO_RVT_FF_nldm_201020 
AOI322xp5_ASAP7_75t_R             50    6.561     asap7sc7p5t_AO_RVT_FF_nldm_201020 
AOI32xp33_ASAP7_75t_R             70    7.144     asap7sc7p5t_AO_RVT_FF_nldm_201020 
AOI331xp33_ASAP7_75t_R             2    0.262     asap7sc7p5t_AO_RVT_FF_nldm_201020 
AOI333xp33_ASAP7_75t_R             1    0.160     asap7sc7p5t_AO_RVT_FF_nldm_201020 
AOI33xp33_ASAP7_75t_R              3    0.350     asap7sc7p5t_AO_RVT_FF_nldm_201020 
ASYNC_DFFHx1_ASAP7_75t_R        4719 1788.879    asap7sc7p5t_SEQ_RVT_FF_nldm_201020 
BUFx3_ASAP7_75t_R                 26    2.274 asap7sc7p5t_INVBUF_RVT_FF_nldm_201020 
BUFx4f_ASAP7_75t_R                 2    0.233 asap7sc7p5t_INVBUF_RVT_FF_nldm_201020 
DFFHQNx1_ASAP7_75t_R             992  289.267    asap7sc7p5t_SEQ_RVT_FF_nldm_201020 
FAx1_ASAP7_75t_R                   5    1.021 asap7sc7p5t_SIMPLE_RVT_FF_nldm_201020 
HB1xp67_ASAP7_75t_R               12    0.700 asap7sc7p5t_INVBUF_RVT_FF_nldm_201020 
HB3xp67_ASAP7_75t_R                7    0.612 asap7sc7p5t_INVBUF_RVT_FF_nldm_201020 
INVx1_ASAP7_75t_R                 90    3.937 asap7sc7p5t_INVBUF_RVT_FF_nldm_201020 
INVx2_ASAP7_75t_R                 16    0.933 asap7sc7p5t_INVBUF_RVT_FF_nldm_201020 
INVx3_ASAP7_75t_R                  8    0.583 asap7sc7p5t_INVBUF_RVT_FF_nldm_201020 
INVxp33_ASAP7_75t_R             8060  352.544 asap7sc7p5t_INVBUF_RVT_FF_nldm_201020 
INVxp67_ASAP7_75t_R               90    3.937 asap7sc7p5t_INVBUF_RVT_FF_nldm_201020 
MAJIxp5_ASAP7_75t_R              872   88.996 asap7sc7p5t_SIMPLE_RVT_FF_nldm_201020 
NAND2x1_ASAP7_75t_R                2    0.175 asap7sc7p5t_SIMPLE_RVT_FF_nldm_201020 
NAND2xp33_ASAP7_75t_R           4088  238.412 asap7sc7p5t_SIMPLE_RVT_FF_nldm_201020 
NAND2xp5_ASAP7_75t_R               5    0.292 asap7sc7p5t_SIMPLE_RVT_FF_nldm_201020 
NAND2xp67_ASAP7_75t_R              1    0.087 asap7sc7p5t_SIMPLE_RVT_FF_nldm_201020 
NAND3xp33_ASAP7_75t_R            133    9.696 asap7sc7p5t_SIMPLE_RVT_FF_nldm_201020 
NAND4xp25_ASAP7_75t_R            603   52.750 asap7sc7p5t_SIMPLE_RVT_FF_nldm_201020 
NAND5xp2_ASAP7_75t_R             288   29.393 asap7sc7p5t_SIMPLE_RVT_FF_nldm_201020 
NOR2x1_ASAP7_75t_R                 5    0.437 asap7sc7p5t_SIMPLE_RVT_FF_nldm_201020 
NOR2xp33_ASAP7_75t_R            4446  259.291 asap7sc7p5t_SIMPLE_RVT_FF_nldm_201020 
NOR2xp67_ASAP7_75t_R               8    0.700 asap7sc7p5t_SIMPLE_RVT_FF_nldm_201020 
NOR3x1_ASAP7_75t_R                 1    0.160 asap7sc7p5t_SIMPLE_RVT_FF_nldm_201020 
NOR3xp33_ASAP7_75t_R              87    6.342 asap7sc7p5t_SIMPLE_RVT_FF_nldm_201020 
NOR4xp25_ASAP7_75t_R             125   10.935 asap7sc7p5t_SIMPLE_RVT_FF_nldm_201020 
NOR5xp2_ASAP7_75t_R              164   16.738 asap7sc7p5t_SIMPLE_RVT_FF_nldm_201020 
O2A1O1Ixp33_ASAP7_75t_R          128   11.197     asap7sc7p5t_OA_RVT_FF_nldm_201020 
OA211x2_ASAP7_75t_R                5    0.583     asap7sc7p5t_OA_RVT_FF_nldm_201020 
OA21x2_ASAP7_75t_R                 7    0.714     asap7sc7p5t_OA_RVT_FF_nldm_201020 
OAI211xp5_ASAP7_75t_R            187   16.359     asap7sc7p5t_OA_RVT_FF_nldm_201020 
OAI21xp33_ASAP7_75t_R           1875  136.688     asap7sc7p5t_OA_RVT_FF_nldm_201020 
OAI221xp5_ASAP7_75t_R            446   45.519     asap7sc7p5t_OA_RVT_FF_nldm_201020 
OAI222xp33_ASAP7_75t_R            96   13.997     asap7sc7p5t_OA_RVT_FF_nldm_201020 
OAI22xp33_ASAP7_75t_R           2826  247.218     asap7sc7p5t_OA_RVT_FF_nldm_201020 
OAI311xp33_ASAP7_75t_R             7    0.714     asap7sc7p5t_OA_RVT_FF_nldm_201020 
OAI31xp33_ASAP7_75t_R             22    1.925     asap7sc7p5t_OA_RVT_FF_nldm_201020 
OAI321xp33_ASAP7_75t_R            16    1.866     asap7sc7p5t_OA_RVT_FF_nldm_201020 
OAI322xp33_ASAP7_75t_R            24    3.149     asap7sc7p5t_OA_RVT_FF_nldm_201020 
OAI32xp33_ASAP7_75t_R             85    8.675     asap7sc7p5t_OA_RVT_FF_nldm_201020 
OAI331xp33_ASAP7_75t_R             1    0.131     asap7sc7p5t_OA_RVT_FF_nldm_201020 
OAI33xp33_ASAP7_75t_R            197   22.978     asap7sc7p5t_OA_RVT_FF_nldm_201020 
OR2x2_ASAP7_75t_R                  5    0.437 asap7sc7p5t_SIMPLE_RVT_FF_nldm_201020 
OR3x1_ASAP7_75t_R                  1    0.087 asap7sc7p5t_SIMPLE_RVT_FF_nldm_201020 
OR4x1_ASAP7_75t_R                  3    0.306 asap7sc7p5t_SIMPLE_RVT_FF_nldm_201020 
OR5x1_ASAP7_75t_R                  1    0.117 asap7sc7p5t_SIMPLE_RVT_FF_nldm_201020 
------------------------------------------------------------------------------------
total                          46404 5166.379                                       
                                                                     
               Library                Instances   Area   Instances % 
---------------------------------------------------------------------
asap7sc7p5t_AO_RVT_FF_nldm_201020         15390 1471.341        33.2 
asap7sc7p5t_INVBUF_RVT_FF_nldm_201020      8311  365.754        17.9 
asap7sc7p5t_OA_RVT_FF_nldm_201020          5922  511.714        12.8 
asap7sc7p5t_SEQ_RVT_FF_nldm_201020         5711 2078.146        12.3 
asap7sc7p5t_SIMPLE_RVT_FF_nldm_201020     11070  739.425        23.9 
                                         
     Type      Instances   Area   Area % 
-----------------------------------------
sequential          5711 2078.146   40.2 
inverter            8264  361.934    7.0 
buffer                47    3.820    0.1 
logic              32382 2722.480   52.7 
physical_cells         0    0.000    0.0 
-----------------------------------------
total              46404 5166.379  100.0 
