============================================================
  Generated by:           Genus(TM) Synthesis Solution 25.12-s067_1
  Generated on:           Mar 03 2026  09:55:50 am
  Module:                 riscv_core
  Operating conditions:   tt_1.0_25.0 (balanced_tree)
  Wireload mode:          enclosed
  Area mode:              timing library
============================================================


Path 1: MET (4936 ps) Setup Check with Pin u_cbm/state_q_reg[1]/CLK->D
          Group: clk
     Startpoint: (F) mem_d_ack_i
          Clock: (R) clk
       Endpoint: (F) u_cbm/state_q_reg[1]/D
          Clock: (R) clk

                     Capture       Launch     
        Clock Edge:+   10000            0     
        Drv Adjust:+       0            0     
       Src Latency:+       0            0     
       Net Latency:+       0 (I)        0 (I) 
           Arrival:=   10000            0     
                                              
             Setup:-      12                  
       Uncertainty:-    1000                  
     Required Time:=    8988                  
      Launch Clock:-       0                  
       Input Delay:-    1500                  
         Data Path:-    2552                  
             Slack:=    4936                  

Exceptions/Constraints:
  input_delay             1500            riscv_core.sdc_1_line_31_1220_1   

#-------------------------------------------------------------------------------------------------------------------------------------
#                 Timing Point                  Flags   Arc   Edge           Cell            Fanout Load Trans Delay Arrival Instance 
#                                                                                                   (fF)  (ps)  (ps)   (ps)  Location 
#-------------------------------------------------------------------------------------------------------------------------------------
  mem_d_ack_i                                   -       -     F     (arrival)                     4  1.7     0     0    1500    (-,-) 
  u_lsu/g7382/Y                                 -       A->Y  R     NOR2xp33_ASAP7_75t_R          1  0.5    18     9    1509    (-,-) 
  u_lsu/g7223/Y                                 -       A->Y  F     INVxp67_ASAP7_75t_R           6  2.9    24    18    1526    (-,-) 
  u_issue/u_pipe0_ctrl/g8583/Y                  -       A->Y  R     NAND3xp33_ASAP7_75t_R         7  3.1    38    26    1553    (-,-) 
  u_issue/u_pipe0_ctrl/g8582/Y                  -       A->Y  F     INVxp33_ASAP7_75t_R           5  2.4    42    30    1583    (-,-) 
  u_issue/u_pipe0_ctrl/g8580/Y                  -       B->Y  R     NAND2xp33_ASAP7_75t_R         2  1.0    31    27    1610    (-,-) 
  u_issue/u_pipe0_ctrl/g8574/Y                  -       B->Y  F     OAI21xp33_ASAP7_75t_R         3  1.6    34    20    1630    (-,-) 
  u_issue/u_pipe0_ctrl/g8571/Y                  -       D->Y  R     NOR5xp2_ASAP7_75t_R           2  0.7    47    34    1664    (-,-) 
  u_issue/u_pipe0_ctrl/g8569/Y                  -       B->Y  F     NAND2xp33_ASAP7_75t_R         4  2.5    47    34    1698    (-,-) 
  u_issue/g27923/Y                              -       B->Y  R     NOR2xp33_ASAP7_75t_R          2  0.9    31    25    1723    (-,-) 
  u_issue/g27897/Y                              -       B->Y  F     NAND2xp33_ASAP7_75t_R         4  2.2    39    28    1751    (-,-) 
  u_issue/g27866/Y                              -       A->Y  F     OR2x2_ASAP7_75t_R            52 23.0    67    58    1809    (-,-) 
  u_issue/g27865/Y                              -       A->Y  R     INVxp33_ASAP7_75t_R          12  5.2   101    66    1875    (-,-) 
  u_issue/g27850/Y                              -       A2->Y R     AO22x1_ASAP7_75t_R           42 19.7   120    84    1959    (-,-) 
  u_issue/g40488/Y                              -       A->Y  F     INVxp33_ASAP7_75t_R          22  9.5   154   106    2064    (-,-) 
  u_issue/g40020/Y                              -       A2->Y R     AOI22xp33_ASAP7_75t_R         1  0.5    35    28    2092    (-,-) 
  u_issue/g39749/Y                              -       D->Y  F     NOR5xp2_ASAP7_75t_R           3  1.2    24    21    2113    (-,-) 
  u_issue/g39671/Y                              -       B->Y  R     NOR2xp33_ASAP7_75t_R          1  0.4    18    14    2127    (-,-) 
  u_issue/g39619/Y                              -       B->Y  F     NAND2xp33_ASAP7_75t_R         2  0.8    18    14    2141    (-,-) 
  u_issue/g39593/Y                              -       B->Y  R     NOR2xp33_ASAP7_75t_R          2  0.7    20    16    2156    (-,-) 
  u_issue/g39571/Y                              -       B->Y  F     NAND2xp33_ASAP7_75t_R         2  0.8    18    14    2171    (-,-) 
  u_issue/g39564/Y                              -       B->Y  R     NOR2xp33_ASAP7_75t_R          2  0.7    21    16    2186    (-,-) 
  u_issue/g39454/Y                              -       B->Y  F     NAND2xp33_ASAP7_75t_R         2  0.8    18    14    2201    (-,-) 
  u_issue/g39416/Y                              -       B->Y  R     NOR2xp33_ASAP7_75t_R          2  0.7    20    16    2216    (-,-) 
  u_issue/g39380/Y                              -       A->Y  F     INVxp33_ASAP7_75t_R           1  0.4    12    10    2226    (-,-) 
  u_issue/g39309/Y                              -       B->Y  R     NOR2xp33_ASAP7_75t_R         32 16.0   319   152    2378    (-,-) 
  u_issue/g39128/Y                              -       B2->Y F     AOI22xp33_ASAP7_75t_R         1  0.5    53    27    2405    (-,-) 
  u_issue/g39049/Y                              -       D->Y  R     NAND4xp25_ASAP7_75t_R         1  0.5    25    24    2429    (-,-) 
  u_issue/g38966/Y                              -       C->Y  R     AO221x1_ASAP7_75t_R          24  9.8    64    44    2473    (-,-) 
  u_cbm/SUB_UNS_OP308_g838__3680/Y              -       A->Y  F     NOR2xp33_ASAP7_75t_R          2  0.8    30    27    2500    (-,-) 
  u_cbm/SUB_UNS_OP308_g837/Y                    -       A->Y  R     INVxp33_ASAP7_75t_R           2  0.8    22    18    2517    (-,-) 
  u_cbm/SUB_UNS_OP308_g836__6783/Y              -       B->Y  F     NOR2xp33_ASAP7_75t_R          2  0.8    30    16    2534    (-,-) 
  u_cbm/SUB_UNS_OP308_g835/Y                    -       A->Y  R     INVxp33_ASAP7_75t_R           2  0.8    22    18    2551    (-,-) 
  u_cbm/SUB_UNS_OP308_g832__4319/Y              -       B->Y  F     NOR2xp33_ASAP7_75t_R          2  0.8    29    16    2568    (-,-) 
  u_cbm/SUB_UNS_OP308_g831/Y                    -       A->Y  R     INVxp33_ASAP7_75t_R           2  0.8    22    17    2585    (-,-) 
  u_cbm/SUB_UNS_OP308_g829__5107/Y              -       B->Y  F     NOR2xp33_ASAP7_75t_R          2  0.8    30    16    2602    (-,-) 
  u_cbm/SUB_UNS_OP308_g828/Y                    -       A->Y  R     INVxp33_ASAP7_75t_R           2  0.8    22    18    2619    (-,-) 
  u_cbm/SUB_UNS_OP308_g827__2398/Y              -       B->Y  F     NOR2xp33_ASAP7_75t_R          2  0.8    30    16    2636    (-,-) 
  u_cbm/SUB_UNS_OP308_g826/Y                    -       A->Y  R     INVxp33_ASAP7_75t_R           2  0.8    22    18    2654    (-,-) 
  u_cbm/SUB_UNS_OP308_g823__7410/Y              -       B->Y  F     NOR2xp33_ASAP7_75t_R          2  0.8    30    16    2670    (-,-) 
  u_cbm/SUB_UNS_OP308_g822/Y                    -       A->Y  R     INVxp33_ASAP7_75t_R           2  0.8    22    18    2688    (-,-) 
  u_cbm/SUB_UNS_OP308_g820__2346/Y              -       B->Y  F     NOR2xp33_ASAP7_75t_R          2  0.8    30    16    2704    (-,-) 
  u_cbm/SUB_UNS_OP308_g819/Y                    -       A->Y  R     INVxp33_ASAP7_75t_R           2  0.8    22    18    2722    (-,-) 
  u_cbm/SUB_UNS_OP308_g817__9945/Y              -       B->Y  F     NOR2xp33_ASAP7_75t_R          2  0.8    29    16    2738    (-,-) 
  u_cbm/SUB_UNS_OP308_g816/Y                    -       A->Y  R     INVxp33_ASAP7_75t_R           2  0.8    22    17    2756    (-,-) 
  u_cbm/SUB_UNS_OP308_g814__6161/Y              -       B->Y  F     NOR2xp33_ASAP7_75t_R          2  0.8    30    16    2772    (-,-) 
  u_cbm/SUB_UNS_OP308_g813/Y                    -       A->Y  R     INVxp33_ASAP7_75t_R           2  0.8    22    18    2790    (-,-) 
  u_cbm/SUB_UNS_OP308_g811__7482/Y              -       B->Y  F     NOR2xp33_ASAP7_75t_R          2  0.8    30    16    2806    (-,-) 
  u_cbm/SUB_UNS_OP308_g810/Y                    -       A->Y  R     INVxp33_ASAP7_75t_R           2  0.8    22    18    2824    (-,-) 
  u_cbm/SUB_UNS_OP308_g808__1881/Y              -       B->Y  F     NOR2xp33_ASAP7_75t_R          2  0.8    30    16    2840    (-,-) 
  u_cbm/SUB_UNS_OP308_g807/Y                    -       A->Y  R     INVxp33_ASAP7_75t_R           2  0.8    22    18    2858    (-,-) 
  u_cbm/SUB_UNS_OP308_g805__7098/Y              -       B->Y  F     NOR2xp33_ASAP7_75t_R          2  0.8    30    16    2874    (-,-) 
  u_cbm/SUB_UNS_OP308_g804/Y                    -       A->Y  R     INVxp33_ASAP7_75t_R           2  0.8    22    18    2892    (-,-) 
  u_cbm/SUB_UNS_OP308_g802__5122/Y              -       B->Y  F     NOR2xp33_ASAP7_75t_R          2  0.8    30    16    2909    (-,-) 
  u_cbm/SUB_UNS_OP308_g801/Y                    -       A->Y  R     INVxp33_ASAP7_75t_R           2  0.8    22    18    2926    (-,-) 
  u_cbm/SUB_UNS_OP308_g799__2802/Y              -       B->Y  F     NOR2xp33_ASAP7_75t_R          2  0.8    31    16    2943    (-,-) 
  u_cbm/SUB_UNS_OP308_g798/Y                    -       A->Y  R     INVxp33_ASAP7_75t_R           2  0.8    22    18    2960    (-,-) 
  u_cbm/SUB_UNS_OP308_g796__3680/Y              -       B->Y  F     NOR2xp33_ASAP7_75t_R          2  0.8    30    17    2977    (-,-) 
  u_cbm/SUB_UNS_OP308_g795/Y                    -       A->Y  R     INVxp33_ASAP7_75t_R           2  0.8    22    18    2994    (-,-) 
  u_cbm/SUB_UNS_OP308_g793__5526/Y              -       B->Y  F     NOR2xp33_ASAP7_75t_R          2  0.8    31    16    3011    (-,-) 
  u_cbm/SUB_UNS_OP308_g792/Y                    -       A->Y  R     INVxp33_ASAP7_75t_R           2  0.8    22    18    3029    (-,-) 
  u_cbm/SUB_UNS_OP308_g791__8428/Y              -       B->Y  F     NOR2xp33_ASAP7_75t_R          2  0.8    30    17    3045    (-,-) 
  u_cbm/SUB_UNS_OP308_g790/Y                    -       A->Y  R     INVxp33_ASAP7_75t_R           2  0.8    22    18    3063    (-,-) 
  u_cbm/SUB_UNS_OP308_g788__6260/Y              -       B->Y  F     NOR2xp33_ASAP7_75t_R          2  0.8    30    16    3080    (-,-) 
  u_cbm/SUB_UNS_OP308_g787/Y                    -       A->Y  R     INVxp33_ASAP7_75t_R           2  0.8    22    18    3097    (-,-) 
  u_cbm/SUB_UNS_OP308_g784__5477/Y              -       B->Y  F     NOR2xp33_ASAP7_75t_R          2  0.8    30    16    3114    (-,-) 
  u_cbm/SUB_UNS_OP308_g783/Y                    -       A->Y  R     INVxp33_ASAP7_75t_R           2  0.8    22    18    3131    (-,-) 
  u_cbm/SUB_UNS_OP308_g782__6417/Y              -       B->Y  F     NOR2xp33_ASAP7_75t_R          2  0.8    30    16    3148    (-,-) 
  u_cbm/SUB_UNS_OP308_g781/Y                    -       A->Y  R     INVxp33_ASAP7_75t_R           2  0.8    22    18    3165    (-,-) 
  u_cbm/SUB_UNS_OP308_g779__1666/Y              -       B->Y  F     NOR2xp33_ASAP7_75t_R          2  0.8    30    16    3182    (-,-) 
  u_cbm/SUB_UNS_OP308_g778/Y                    -       A->Y  R     INVxp33_ASAP7_75t_R           2  0.8    22    18    3199    (-,-) 
  u_cbm/SUB_UNS_OP308_g775__9945/Y              -       B->Y  F     NOR2xp33_ASAP7_75t_R          2  0.8    30    16    3216    (-,-) 
  u_cbm/SUB_UNS_OP308_g774/Y                    -       A->Y  R     INVxp33_ASAP7_75t_R           2  0.8    22    18    3233    (-,-) 
  u_cbm/SUB_UNS_OP308_g772__6161/Y              -       B->Y  F     NOR2xp33_ASAP7_75t_R          2  0.8    30    16    3250    (-,-) 
  u_cbm/SUB_UNS_OP308_g771/Y                    -       A->Y  R     INVxp33_ASAP7_75t_R           2  0.8    22    18    3267    (-,-) 
  u_cbm/SUB_UNS_OP308_g769__7482/Y              -       B->Y  F     NOR2xp33_ASAP7_75t_R          2  0.8    30    16    3284    (-,-) 
  u_cbm/SUB_UNS_OP308_g768/Y                    -       A->Y  R     INVxp33_ASAP7_75t_R           2  0.8    22    18    3302    (-,-) 
  u_cbm/SUB_UNS_OP308_g767__5115/Y              -       B->Y  F     NOR2xp33_ASAP7_75t_R          2  0.8    30    16    3318    (-,-) 
  u_cbm/SUB_UNS_OP308_g766/Y                    -       A->Y  R     INVxp33_ASAP7_75t_R           2  0.8    22    18    3336    (-,-) 
  u_cbm/SUB_UNS_OP308_g764__6131/Y              -       B->Y  F     NOR2xp33_ASAP7_75t_R          2  0.8    30    16    3352    (-,-) 
  u_cbm/SUB_UNS_OP308_g763/Y                    -       A->Y  R     INVxp33_ASAP7_75t_R           2  0.8    22    18    3370    (-,-) 
  u_cbm/SUB_UNS_OP308_g761__8246/Y              -       B->Y  F     NOR2xp33_ASAP7_75t_R          2  0.8    30    16    3386    (-,-) 
  u_cbm/SUB_UNS_OP308_g760/Y                    -       A->Y  R     INVxp33_ASAP7_75t_R           2  0.8    22    18    3404    (-,-) 
  u_cbm/SUB_UNS_OP308_g757__2802/Y              -       B->Y  F     NOR2xp33_ASAP7_75t_R          2  0.8    30    16    3420    (-,-) 
  u_cbm/SUB_UNS_OP308_g756/Y                    -       A->Y  R     INVxp33_ASAP7_75t_R           2  0.8    22    18    3438    (-,-) 
  u_cbm/SUB_UNS_OP308_g754__3680/Y              -       B->Y  F     NOR2xp33_ASAP7_75t_R          2  0.8    30    16    3454    (-,-) 
  u_cbm/SUB_UNS_OP308_g752__6783/Y              -       B->Y  R     AOI21xp33_ASAP7_75t_R         1  0.5    21    16    3471    (-,-) 
  u_cbm/g5985__2346/Y                           -       B2->Y R     AO22x1_ASAP7_75t_R            5  2.0    20    24    3495    (-,-) 
  u_cbm/csa_tree_lte_82_43_groupi_g2740__8428/Y -       A->Y  F     NAND2xp33_ASAP7_75t_R         1  0.5    17    11    3505    (-,-) 
  u_cbm/csa_tree_lte_82_43_groupi_g2722__9315/Y -       B->Y  R     OAI21xp33_ASAP7_75t_R         2  0.8    23    12    3517    (-,-) 
  u_cbm/csa_tree_lte_82_43_groupi_g2715__5115/Y -       B->Y  F     NOR2xp33_ASAP7_75t_R          1  0.5    16    14    3531    (-,-) 
  u_cbm/csa_tree_lte_82_43_groupi_g2702__5526/Y -       B->Y  R     AOI21xp33_ASAP7_75t_R         3  1.2    28    19    3550    (-,-) 
  u_cbm/csa_tree_lte_82_43_groupi_g2694__7410/Y -       B->Y  F     NOR2xp33_ASAP7_75t_R          1  0.5    16    15    3565    (-,-) 
  u_cbm/csa_tree_lte_82_43_groupi_g2682__7482/Y -       B->Y  R     AOI21xp33_ASAP7_75t_R         3  2.0    42    25    3589    (-,-) 
  u_cbm/csa_tree_lte_82_43_groupi_g2612__2346/Y -       A1->Y F     OAI22xp33_ASAP7_75t_R         2  0.8    24    20    3609    (-,-) 
  u_cbm/csa_tree_lte_82_43_groupi_g2588__4319/Y -       A->Y  R     NAND2xp33_ASAP7_75t_R         1  0.5    20    18    3627    (-,-) 
  u_cbm/csa_tree_lte_82_43_groupi_g2582__7410/Y -       B->Y  F     OAI21xp33_ASAP7_75t_R         2  0.8    20    13    3640    (-,-) 
  u_cbm/csa_tree_lte_82_43_groupi_g2578__9945/Y -       B->Y  R     NOR2xp33_ASAP7_75t_R          1  0.5    18    14    3654    (-,-) 
  u_cbm/csa_tree_lte_82_43_groupi_g2571__6131/Y -       C->Y  F     AOI211xp5_ASAP7_75t_R         1  0.5    17    11    3665    (-,-) 
  u_cbm/csa_tree_lte_82_43_groupi_g2569__8246/Y -       B->Y  R     AOI21xp33_ASAP7_75t_R         1  0.5    17    13    3678    (-,-) 
  u_cbm/csa_tree_lte_82_43_groupi_g2568__5122/Y -       C->Y  F     AOI211xp5_ASAP7_75t_R         1  0.5    17    11    3690    (-,-) 
  u_cbm/csa_tree_lte_82_43_groupi_g2567__1705/Y -       B->Y  R     AOI21xp33_ASAP7_75t_R         1  0.6    18    14    3704    (-,-) 
  u_cbm/csa_tree_lte_82_43_groupi_g2566__2802/Y -       C->Y  F     OAI321xp33_ASAP7_75t_R        1  0.3    19    13    3717    (-,-) 
  u_cbm/csa_tree_lte_82_43_groupi_g2565/Y       -       A->Y  R     INVxp33_ASAP7_75t_R           1  0.6    16    13    3730    (-,-) 
  u_cbm/csa_tree_lte_82_43_groupi_g2564__1617/Y -       B->Y  R     AO21x1_ASAP7_75t_R           65 26.7   160    82    3812    (-,-) 
  u_cbm/g9767/Y                                 -       A->Y  F     INVx1_ASAP7_75t_R            64 25.9   151   111    3923    (-,-) 
  u_cbm/g9669__6131/Y                           -       A2->Y F     AO22x1_ASAP7_75t_R            2  0.9    12    37    3960    (-,-) 
  u_cbm/g9567__9315/Y                           -       C->Y  R     NOR4xp25_ASAP7_75t_R          1  0.3    27    18    3979    (-,-) 
  u_cbm/g9556/Y                                 -       A->Y  F     INVxp33_ASAP7_75t_R           1  0.5    14    12    3991    (-,-) 
  u_cbm/g9342__1881/Y                           -       D->Y  R     NOR4xp25_ASAP7_75t_R          1  0.5    33    22    4012    (-,-) 
  u_cbm/g9302__9315/Y                           -       B2->Y F     AOI22xp33_ASAP7_75t_R         2  0.7    22    16    4028    (-,-) 
  u_cbm/g9290/Y                                 -       A->Y  R     INVxp33_ASAP7_75t_R           1  0.4    14    12    4040    (-,-) 
  u_cbm/g9264__2398/Y                           -       A2->Y F     AOI22xp33_ASAP7_75t_R         1  0.6    48    12    4052    (-,-) 
  u_cbm/state_q_reg[1]/D                        <<<     -     F     ASYNC_DFFHx1_ASAP7_75t_R      1    -     -     0    4052    (-,-) 
#-------------------------------------------------------------------------------------------------------------------------------------

