============================================================
  Generated by:           Genus(TM) Synthesis Solution 25.12-s067_1
  Generated on:           Mar 24 2026  04:13:51 pm
  Technology library:     NangateOpenCellLibrary revision 1.0
  Operating conditions:   typical (balanced_tree)
  Wireload mode:          enclosed
  Area mode:              timing library
============================================================

                                  Leakage                          
   Gate    Instances    Area    Power (nW)          Library        
-------------------------------------------------------------------
AND2_X1          468   497.952    11514.929 NangateOpenCellLibrary 
AND2_X2          251   333.830    12320.930 NangateOpenCellLibrary 
AND2_X4           11    26.334     1056.947 NangateOpenCellLibrary 
AND3_X1           34    45.220      874.874 NangateOpenCellLibrary 
AND3_X2           79   126.084     4735.453 NangateOpenCellLibrary 
AND3_X4            2     5.852      222.795 NangateOpenCellLibrary 
AND4_X1           22    35.112      633.348 NangateOpenCellLibrary 
AND4_X2            6    11.172      277.464 NangateOpenCellLibrary 
AND4_X4            2     6.916      233.967 NangateOpenCellLibrary 
AOI211_X1         55    73.150     1763.478 NangateOpenCellLibrary 
AOI211_X4          1     2.926      134.957 NangateOpenCellLibrary 
AOI21_X1         333   354.312     8787.182 NangateOpenCellLibrary 
AOI221_X1       1061  1693.356    32311.829 NangateOpenCellLibrary 
AOI222_X1        780  1659.840    21528.010 NangateOpenCellLibrary 
AOI22_X1        5404  7187.320   133714.496 NangateOpenCellLibrary 
BUF_X1             4     3.192       92.725 NangateOpenCellLibrary 
BUF_X2            90    95.760     4001.358 NangateOpenCellLibrary 
BUF_X4            16    29.792     1392.938 NangateOpenCellLibrary 
CLKBUF_X1          8     6.384       95.241 NangateOpenCellLibrary 
CLKBUF_X3          1     1.330       35.523 NangateOpenCellLibrary 
DFFR_X1         1246  6628.720   108484.713 NangateOpenCellLibrary 
DFFR_X2           45   263.340     5748.745 NangateOpenCellLibrary 
DFFS_X1            8    42.560      698.735 NangateOpenCellLibrary 
DFFS_X2            1     5.586      122.099 NangateOpenCellLibrary 
DFF_X1           992  4485.824    78482.775 NangateOpenCellLibrary 
FA_X1            661  2813.216    42041.985 NangateOpenCellLibrary 
HA_X1             33    87.780     1858.228 NangateOpenCellLibrary 
INV_X1          4100  2181.200    58483.990 NangateOpenCellLibrary 
INV_X16            2     9.044      470.879 NangateOpenCellLibrary 
INV_X2           163   130.074     4740.520 NangateOpenCellLibrary 
INV_X32            1     8.778      461.234 NangateOpenCellLibrary 
INV_X4            11    14.630      670.782 NangateOpenCellLibrary 
INV_X8             3     7.182      382.703 NangateOpenCellLibrary 
MUX2_X1          840  1564.080    27430.657 NangateOpenCellLibrary 
MUX2_X2           40    95.760     2618.801 NangateOpenCellLibrary 
NAND2_X1        1796  1433.208    23907.518 NangateOpenCellLibrary 
NAND2_X2          65    86.450     2627.153 NangateOpenCellLibrary 
NAND2_X4           7    16.758      647.837 NangateOpenCellLibrary 
NAND3_X1         322   342.608    12812.948 NangateOpenCellLibrary 
NAND3_X2           4     7.448      138.157 NangateOpenCellLibrary 
NAND4_X1         905  1203.650    51153.655 NangateOpenCellLibrary 
NOR2_X1         1266  1010.268    31318.440 NangateOpenCellLibrary 
NOR2_X2            8    10.640      355.559 NangateOpenCellLibrary 
NOR2_X4            4     9.576      326.578 NangateOpenCellLibrary 
NOR3_X1          137   145.768     3676.395 NangateOpenCellLibrary 
NOR3_X2            1     1.862       60.200 NangateOpenCellLibrary 
NOR4_X1          320   425.600    12201.655 NangateOpenCellLibrary 
OAI211_X1        185   246.050     9729.590 NangateOpenCellLibrary 
OAI21_X1        1437  1528.968    39707.147 NangateOpenCellLibrary 
OAI21_X2           2     3.724      108.013 NangateOpenCellLibrary 
OAI221_X1        667  1064.532    27443.199 NangateOpenCellLibrary 
OAI221_X4          1     3.458      172.397 NangateOpenCellLibrary 
OAI222_X1         29    61.712     2111.431 NangateOpenCellLibrary 
OAI22_X1        1136  1510.880    49186.495 NangateOpenCellLibrary 
OAI33_X1          24    44.688     1147.636 NangateOpenCellLibrary 
OR2_X1           119   126.616     2862.059 NangateOpenCellLibrary 
OR2_X2            32    42.560     1591.700 NangateOpenCellLibrary 
OR2_X4             6    14.364      566.595 NangateOpenCellLibrary 
OR3_X1            21    27.930      524.064 NangateOpenCellLibrary 
OR3_X2             6     9.576      275.045 NangateOpenCellLibrary 
OR4_X1           177   282.492     6499.055 NangateOpenCellLibrary 
OR4_X2             4     7.448      263.573 NangateOpenCellLibrary 
OR4_X4             1     3.458      158.174 NangateOpenCellLibrary 
SDFFR_X1        1888 12555.200   201636.779 NangateOpenCellLibrary 
SDFFR_X2           2    13.832      286.484 NangateOpenCellLibrary 
SDFFS_X1        1025  6816.250   113537.040 NangateOpenCellLibrary 
XNOR2_X1        1181  1884.876    43976.090 NangateOpenCellLibrary 
XOR2_X1          308   491.568     9994.807 NangateOpenCellLibrary 
-------------------------------------------------------------------
total          29860 61967.626  1219428.757                        
                                            Leakage   Leakage 
     Type      Instances    Area   Area %  Power (nW) Power % 
--------------------------------------------------------------
sequential          5207 30811.312   49.7  508997.370    41.7 
inverter            4280  2350.908    3.8   65210.109     5.3 
buffer               119   136.458    0.2    5617.784     0.5 
logic              20254 28668.948   46.3  639603.494    52.5 
physical_cells         0     0.000    0.0       0.000     0.0 
--------------------------------------------------------------
total              29860 61967.626  100.0 1219428.757   100.0 
