env CDS_WORKAREA is set to /home/ykaraagac/cadence-bitirme/Flows/NanGate45/biriscv_2mul_vs_hybrid/scripts/cadence
             0V	    VSS
           1.1V	    VDD
Using Power View WC_VIEW
.
Load RC corner of view WC_VIEW

Begin Power Analysis

             0V	    VSS
           1.1V	    VDD

Begin Processing Timing Library for Power Calculation

Ended Processing Timing Library for Power Calculation: (cpu=0:00:00, real=0:00:00, mem(process/total/peak)=2801.93MB/8680.54MB/2801.93MB)



Begin Processing Power Net/Grid for Power Calculation

Ended Processing Power Net/Grid for Power Calculation: (cpu=0:00:00, real=0:00:00, mem(process/total/peak)=2801.93MB/8680.54MB/2801.93MB)

Begin Processing Timing Window Data for Power Calculation

clk(100MHz) CK: assigning clock clk to net clk_i
Ended Processing Timing Window Data for Power Calculation: (cpu=0:00:00, real=0:00:00, mem(process/total/peak)=2802.93MB/8680.54MB/2802.93MB)

Begin Processing User Attributes

Ended Processing User Attributes: (cpu=0:00:00, real=0:00:00, mem(process/total/peak)=2802.93MB/8680.54MB/2802.93MB)

Begin Processing Signal Activity


Starting Activity Propagation
2026-Jun-08 21:48:06 (2026-Jun-08 21:48:06 GMT)
2026-Jun-08 21:48:06 (2026-Jun-08 21:48:06 GMT): 10%
2026-Jun-08 21:48:06 (2026-Jun-08 21:48:06 GMT): 20%

Finished Activity Propagation
2026-Jun-08 21:48:07 (2026-Jun-08 21:48:07 GMT)

Activity annotation summary:
        Primary Inputs : 180/180 = 100%
          Flop outputs : 1909/10414 = 18.3311%
  Memory/Macro outputs : 0/0 = 0%
      Tristate outputs : 0/0 = 0%
            Total Nets : 3867/35059 = 11.03%

Ended Processing Signal Activity: (cpu=0:00:00, real=0:00:00, mem(process/total/peak)=2802.93MB/8680.54MB/2802.93MB)

Begin Power Computation

      ----------------------------------------------------------
      # of cell(s) missing both power/leakage table: 0
      # of cell(s) missing power table: 0
      # of cell(s) missing leakage table: 0
      ----------------------------------------------------------



Starting Calculating power
2026-Jun-08 21:48:07 (2026-Jun-08 21:48:07 GMT)
 ... Calculating switching power
2026-Jun-08 21:48:07 (2026-Jun-08 21:48:07 GMT): 10%
2026-Jun-08 21:48:07 (2026-Jun-08 21:48:07 GMT): 20%
2026-Jun-08 21:48:07 (2026-Jun-08 21:48:07 GMT): 30%
2026-Jun-08 21:48:07 (2026-Jun-08 21:48:07 GMT): 40%
2026-Jun-08 21:48:07 (2026-Jun-08 21:48:07 GMT): 50%
 ... Calculating internal and leakage power
2026-Jun-08 21:48:07 (2026-Jun-08 21:48:07 GMT): 60%
2026-Jun-08 21:48:08 (2026-Jun-08 21:48:08 GMT): 70%
2026-Jun-08 21:48:09 (2026-Jun-08 21:48:09 GMT): 80%
2026-Jun-08 21:48:10 (2026-Jun-08 21:48:10 GMT): 90%

Finished Calculating power
2026-Jun-08 21:48:10 (2026-Jun-08 21:48:10 GMT)
      # of MSMV cell(s) missing power_level: 0
Ended Power Computation: (cpu=0:00:03, real=0:00:03, mem(process/total/peak)=2802.93MB/8680.54MB/2802.93MB)

Begin Processing User Attributes

Begin Processing set_power
Ended Processing set_power: (cpu=0:00:00, real=0:00:00,
mem(process/total/peak)=2802.93MB/8680.54MB/2802.93MB)
Ended Processing User Attributes: (cpu=0:00:00, real=0:00:00, mem(process/total/peak)=2802.93MB/8680.54MB/2802.93MB)

Ended Power Analysis: (cpu=0:00:04, real=0:00:04, mem(process/total/peak)=2802.93MB/8680.54MB/2802.93MB)

Begin Boundary Leakage Calculation
Ended Boundary Leakage Calculation: (cpu=0:00:00, real=0:00:00,
mem(process/total/peak)=2802.93MB/8680.54MB/2802.93MB)
Begin Static Power Report Generation
*----------------------------------------------------------------------------------------
*	Innovus 25.12-s079_1 (64bit) 11/18/2025 12:56 (Linux 4.18.0-305.el8.x86_64)
*	
*
* 	Date & Time:	2026-Jun-08 21:48:10 (2026-Jun-08 21:48:10 GMT)
*
*----------------------------------------------------------------------------------------
*
*	Design: riscv_core
*
*	Liberty Libraries used:
*	        /home/ykaraagac/cadence-bitirme/Enablements/NanGate45/lib/NangateOpenCellLibrary_typical.lib
*
*	Parasitic Files used:
*
*       Dynamic View: WC_VIEW
*
*       Leakage View: WC_VIEW
*
*       User-Defined Activity : N.A.
*
*	Switching Activity File used:
*	        /home/ykaraagac/cadence-bitirme/Flows/NanGate45/biriscv_2mul_vs_hybrid/scripts/cadence/outputs/job6_selective_runs/outer_product_selective_latency_hidden_mule/vcd/core_hybrid.vcd
*                  Vcd Window used(Start Time, Stop Time):  
*                Vcd Scale Factor: 1
*
*       Hierarchical Global Activity: N.A.
*
*       Global Activity: N.A.
*
*       Sequential Element Activity: 0.200000
*
*       Primary Input Activity: 0.200000
*
*       Default icg ratio: N.A.
*
*       Global Comb ClockGate Ratio: N.A.
*
*	Power Units = 1mW
*
*	Time Units = 1e-09 secs
*
*       report_power -hierarchy all
*
-----------------------------------------------------------------------------------------
*



Total Power
-----------------------------------------------------------------------------------------
Total Internal Power:        4.43047491 	   53.1889%
Total Switching Power:       2.71513404 	   32.5958%
Total Leakage Power:         1.18409004 	   14.2153%
Total Power:                 8.32969899
-----------------------------------------------------------------------------------------


Group                           Internal   Switching     Leakage       Total  Percentage 
                                Power      Power         Power         Power  (%)        
-----------------------------------------------------------------------------------------
Sequential                         2.863      0.3755      0.4992       3.738       44.87
Macro                                  0           0           0           0           0
IO                                     0           0           0           0           0
Combinational                      1.091       1.359      0.6708       3.121       37.47
Clock (Combinational)             0.4766      0.9803     0.01403       1.471       17.66
Clock (Sequential)                     0           0           0           0           0
-----------------------------------------------------------------------------------------
Total                               4.43       2.715       1.184        8.33         100
-----------------------------------------------------------------------------------------


Clock                           Internal   Switching     Leakage       Total  Percentage 
                                Power      Power         Power         Power  (%)        
-----------------------------------------------------------------------------------------
clk                               0.4766      0.9803     0.01403       1.471       17.66
-----------------------------------------------------------------------------------------
Total                             0.4766      0.9803     0.01403       1.471       17.66
-----------------------------------------------------------------------------------------
Clock: clk
Clock Period: 0.010000 usec 
Clock Toggle Rate:   200.0000 Mhz 
Clock Static Probability:  0.5000
  


Rail                  Voltage   Internal   Switching     Leakage       Total  Percentage 
                                Power      Power         Power         Power  (%)        
-----------------------------------------------------------------------------------------
VDD                       1.1       4.43       2.715       1.184        8.33         100


Hierarchy                       Internal   Switching     Leakage       Total  Percentage 
                                Power      Power         Power         Power  (%)        
-----------------------------------------------------------------------------------------
u_csr                             0.1937     0.02619      0.0607      0.2806       3.369 
u_div                             0.1394     0.03108     0.04665      0.2171       2.607 
u_exec0                          0.09383     0.08114     0.04256      0.2175       2.612 
u_exec1                          0.08161     0.06141     0.04134      0.1844       2.213 
u_frontend                         1.848       0.828      0.4619       3.138       37.67 
u_issue                            1.258      0.8831      0.3743       2.515        30.2 
u_lsu                             0.1018      0.0453     0.02786      0.1749         2.1 
u_mul                             0.4886      0.4311     0.08584       1.006       12.07 
u_mule                           0.06897    0.008983     0.03797      0.1159       1.392 
u_csr/u_csrfile                   0.1339     0.01092     0.04436      0.1892       2.271 
u_frontend/u_decode                 0.14     0.04962     0.03022      0.2198       2.639 
u_frontend/u_fetch                0.1026     0.01928     0.02764      0.1495       1.795 
u_frontend/u_npc                    1.57      0.6896      0.4027       2.663       31.97 
u_issue/u_pipe0_ctrl              0.1751     0.03723     0.04228      0.2546       3.056 
u_issue/u_pipe1_ctrl             0.09962     0.01564     0.02759      0.1428       1.715 
u_issue/u_regfile                 0.8575      0.5445      0.2368       1.639       19.67 
u_lsu/u_lsu_request              0.03981    0.005997    0.009405     0.05521      0.6628 
u_exec0/u_alu                    0.03827     0.05064      0.0207      0.1096       1.316 
u_exec1/u_alu                    0.01963     0.02935     0.02019     0.06916      0.8303 
u_frontend/u_decode/genblk1.u_fifo
                                  0.1337     0.04339     0.02532      0.2024       2.429 
u_frontend/u_npc/BRANCH_PREDICTION.u_lru
                                 0.01071    0.001604    0.001928     0.01424       0.171 
u_frontend/u_decode/genblk1.u_dec0
                                0.001524    0.001639     0.00166    0.004823      0.0579 
u_frontend/u_decode/genblk1.u_dec1
                                 0.00191    0.002566    0.001677    0.006153     0.07387 
 
 
-----------------------------------------------------------------------------------------
*	Power Distribution Summary: 
*              Highest Average Power:            u_issue/g31226 (AND2_X2):         0.005061
*              Highest Leakage Power:            u_issue/g33248 (AND4_X4):        0.0001893
*                Total Cap:      2.19821e-10 F
*                Total instances in design: 28954
*                Total instances in design with no power:     0
*                Total instances in design with no activty:     0

*                Total Fillers and Decap:     0
-----------------------------------------------------------------------------------------
 
** INFO:  (VOLTUS_POWR-3465): There are 0 decaps and 0 fillers in the design

Ended Static Power Report Generation: (cpu=0:00:00, real=0:00:00,
mem(process/total/peak)=2802.93MB/8680.54MB/2802.93MB)

