============================================================
  Generated by:           Genus(TM) Synthesis Solution 23.13-s073_1
  Generated on:           Jan 10 2026  09:13:40 am
  Module:                 riscv_core
  Technology libraries:   sram_asap7_64x256_1rw 1.0
                          asap7sc7p5t_OA_RVT_FF_nldm_201020 1.0
                          asap7sc7p5t_SEQ_RVT_FF_nldm_201020 1.0
                          sram_asap7_16x256_1rw 1.0
                          sram_asap7_64x64_1rw 1.0
                          asap7sc7p5t_AO_RVT_FF_nldm_201020 1.0
                          asap7sc7p5t_INVBUF_RVT_FF_nldm_201020 1.0
                          asap7sc7p5t_SIMPLE_RVT_FF_nldm_201020 1.0
                          sram_asap7_32x256_1rw 1.0
  Operating conditions:   tt_1.0_25.0 (balanced_tree)
  Wireload mode:          enclosed
  Area mode:              timing library
============================================================

Timing
--------

   Clock     Period  
---------------------
core_clock 2000000.0 


   Cost      Critical         Violating 
   Group    Path Slack  TNS     Paths   
----------------------------------------
core_clock   1997402.8   0.0          0 
default       No paths   0.0            
----------------------------------------
Total                    0.0          0 

Instance Count
--------------
Leaf Instance Count             26733 
Physical Instance count             0 
Sequential Instance Count        5043 
Combinational Instance Count    21690 
Hierarchical Instance Count        22 

Area
----
Cell Area                          3772.021
Physical Cell Area                 0.000
Total Cell Area (Cell+Physical)    3772.021
Net Area                           0.000
Total Area (Cell+Physical+Net)     3772.021

Runtime                            65.71776 seconds
Elapsed Runtime                    508 seconds
Genus peak memory usage            2346.48 
Innovus peak memory usage          no_value 
Hostname                           eda-bitirme
